extracting Germany-test median beats...
extracting US (Georgia) median beats...
  CLBBB [cond] Complete LBBB              US n= 231 | tmatch 0.928 | feature 0.892 | model 0.959
  CRBBB [cond] Complete RBBB              US n=  28 | tmatch 0.927 | feature 0.823 | model 0.959
  LAFB  [cond] Left ant. fascicular block US n= 180 | tmatch 0.934 | feature 0.795 | model 0.954
  1AVB  [cond] First-degree AV block      US n= 769 | tmatch 0.615 | feature 0.581 | model 0.847
  LVH   [ampl] LV hypertrophy             US n=1232 | tmatch 0.646 | feature 0.591 | model 0.871
  INJAS [morp] ST elevation (injury)      US n= 134 | tmatch 0.446 | feature 0.558 | model 0.563
  ISC_  [morp] ST depression (ischemia)   US n=  38 | tmatch 0.44 | feature 0.543 | model 0.605
  ISCIN [morp] T inversion (ischemia)     US n= 812 | tmatch 0.636 | feature 0.548 | model 0.634
  NDT   [morp] T-wave abnormal            US n=2306 | tmatch 0.795 | feature 0.513 | model 0.554
  AMI   [morp] Q-wave abnormal (prior MI) US n= 464 | tmatch 0.579 | feature 0.568 | model 0.578
{
 "n_diagnoses": 10,
 "by_category": {
  "conduction": {
   "mean_tmatch": 0.851,
   "mean_feature": 0.773,
   "mean_model": 0.93
  },
  "amplitude": {
   "mean_tmatch": 0.646,
   "mean_feature": 0.591,
   "mean_model": 0.871
  },
  "morphology": {
   "mean_tmatch": 0.579,
   "mean_feature": 0.546,
   "mean_model": 0.587
  }
 },
 "mean_feature_minus_template": -0.053
}
ECG REFWAVE2 DONE
