{
 "CRBBB": {
  "auc_DE": 0.996,
  "n_DE": 54,
  "auc_US": 0.959,
  "n_US": 28,
  "auc_CN": 0.5,
  "n_CN": 0
 },
 "CLBBB": {
  "auc_DE": 0.995,
  "n_DE": 54,
  "auc_US": 0.959,
  "n_US": 231,
  "auc_CN": 0.913,
  "n_CN": 205
 },
 "IRBBB": {
  "auc_DE": 0.933,
  "n_DE": 112,
  "auc_US": 0.885,
  "n_US": 407,
  "auc_CN": 0.5,
  "n_CN": 0
 },
 "LAFB": {
  "auc_DE": 0.975,
  "n_DE": 162,
  "auc_US": 0.954,
  "n_US": 180,
  "auc_CN": 0.5,
  "n_CN": 0
 },
 "LPFB": {
  "auc_DE": 0.962,
  "n_DE": 18,
  "auc_US": 0.927,
  "n_US": 25,
  "auc_CN": 0.5,
  "n_CN": 0
 },
 "1AVB": {
  "auc_DE": 0.918,
  "n_DE": 79,
  "auc_US": 0.847,
  "n_US": 769,
  "auc_CN": 0.801,
  "n_CN": 247
 },
 "IMI": {
  "auc_DE": 0.895,
  "n_DE": 267,
  "auc_US": 0.674,
  "n_US": 7,
  "auc_CN": 0.802,
  "n_CN": 40
 },
 "AMI": {
  "auc_DE": 0.885,
  "n_DE": 35,
  "auc_US": 0.634,
  "n_US": 7,
  "auc_CN": 0.628,
  "n_CN": 40
 }
}
ECG CODE CROSSCOHORT DONE
