{
 "n_features": 64,
 "mean_rank1_frac": 0.82,
 "features_serving_a_code": 21,
 "mean_shape_cosine_posneg_servingfeats": 0.606,
 "shape_cosine_by_feature": {
  "1": 0.892,
  "2": 0.868,
  "7": 0.881,
  "8": 0.383,
  "11": 0.958,
  "12": 0.686,
  "18": 0.215,
  "20": 0.789,
  "23": 0.807,
  "29": 0.369,
  "33": 0.373,
  "34": 0.127,
  "35": 0.743,
  "42": 0.364,
  "44": 0.342,
  "48": 0.104,
  "50": 0.963,
  "52": 0.951,
  "53": 0.798,
  "61": 0.361,
  "63": 0.742
 },
 "examples": {
  "CLBBB": {
   "ecg_id": 4893,
   "model_logit": 8.73,
   "participation_ratio": 21.6,
   "n_features": 64,
   "top_activated_features": [
    [
     52,
     21.21
    ],
    [
     25,
     10.82
    ],
    [
     1,
     10.55
    ],
    [
     38,
     9.33
    ],
    [
     8,
     9.01
    ],
    [
     14,
     6.49
    ]
   ],
   "top_logit_contributors": [
    [
     52,
     "CLBBB",
     1.79,
     "CLBBB"
    ],
    [
     35,
     "CLBBB",
     0.42,
     "CLBBB"
    ],
    [
     7,
     "CLBBB",
     0.39,
     "CLBBB"
    ],
    [
     8,
     "CLBBB",
     0.36,
     "CLBBB"
    ],
    [
     25,
     "CLBBB",
     0.28,
     "CLBBB"
    ],
    [
     29,
     "CLBBB",
     0.24,
     "CLBBB"
    ]
   ]
  },
  "AMI": {
   "ecg_id": 18421,
   "model_logit": -0.11,
   "participation_ratio": 50.3,
   "n_features": 64,
   "top_activated_features": [
    [
     0,
     5.66
    ],
    [
     36,
     5.31
    ],
    [
     39,
     4.37
    ],
    [
     8,
     4.14
    ],
    [
     
ECG SHAPE DECOMP DONE
