28 capable codes; INN (2198, 192)
  steered 0/28 (NDT): remove drop 0.014, insert neg 0.071->0.137
  steered 5/28 (ASMI): remove drop 0.014, insert neg 0.043->0.272
  steered 10/28 (1AVB): remove drop 0.016, insert neg 0.036->0.098
  steered 15/28 (AMI): remove drop 0.040, insert neg 0.010->0.028
  steered 20/28 (ISCIL): remove drop 0.024, insert neg 0.006->0.023
  steered 25/28 (RVH): remove drop 0.016, insert neg 0.006->0.020
{
 "n_capable": 28,
 "mean_auc_drop_remove": 0.019,
 "codes_remove_collapses_auc>=0.1": [],
 "mean_insert_neg_rise": 0.05
}
TOP SHARED-FEATURE PAIRS: [
 [
  "CLBBB",
  "ANEUR",
  0.029
 ],
 [
  "ASMI",
  "ILMI",
  0.027
 ],
 [
  "ALMI",
  "RAO/RAE",
  0.026
 ],
 [
  "NORM",
  "ILMI",
  0.021
 ],
 [
  "CRBBB",
  "RAO/RAE",
  0.021
 ]
]
ECG FEATURE CAUSAL DONE
