{
 "linear_macro_capable": 0.5112,
 "model_macro_capable": 0.9254,
 "mean_model_minus_linear": 0.4142,
 "codes_model_beats_linear_by>=0.05": 28,
 "biggest_gaps": [
  {
   "code": "ISCLA",
   "model": 0.902,
   "linear": 0.336,
   "gap": 0.566
  },
  {
   "code": "CRBBB",
   "model": 0.996,
   "linear": 0.479,
   "gap": 0.517
  },
  {
   "code": "ISCIN",
   "model": 0.898,
   "linear": 0.413,
   "gap": 0.485
  },
  {
   "code": "ALMI",
   "model": 0.915,
   "linear": 0.431,
   "gap": 0.484
  },
  {
   "code": "DIG",
   "model": 0.931,
   "linear": 0.454,
   "gap": 0.477
  },
  {
   "code": "ISC_",
   "model": 0.954,
   "linear": 0.484,
   "gap": 0.47
  },
  {
   "code": "ISCIL",
   "model": 0.953,
   "linear": 0.489,
   "gap": 0.464
  },
  {
   "code": "LAFB",
   "model": 0.975,
   "linear": 0.512,
   "gap": 0.463
  }
 ],
 "smallest_gaps": [
  {
   "code": "ILMI",
   "model": 0.919,
   "linear": 0.573,
   "gap": 0.346
  },
  {
   "code": "NDT",
   "model": 0.89,
   "linear": 0.56,
   "gap": 0.33
  },
  {
   "code": "NST_",
   "model": 0.8,
   "linear": 0.474,
   "gap": 0.326
  },
  {
   "code": "RAO/RAE",
   "model": 0.851,
   "linear": 0.529,
   "gap": 0.322
  },
  {
   "code": "RVH",
   "model": 0.935,
   "linear": 0.699,
   "gap": 0.236
  }
 ]
}
ECG LINEAR BASELINE DONE
