44 diagnostic codes -> 35 with >=40 train positives
params 1.453M, 35 codes
step 2000: loss 0.055 val macro-AUC 0.9027 (best 0.9027)
step 4000: loss 0.073 val macro-AUC 0.9064 (best 0.9064)
step 6000: loss 0.023 val macro-AUC 0.9063 (best 0.9064)
step 8000: loss 0.043 val macro-AUC 0.9041 (best 0.9064)
step 10000: loss 0.034 val macro-AUC 0.9000 (best 0.9064)
step 12000: loss 0.003 val macro-AUC 0.8989 (best 0.9064)
{
 "macro": 0.8936,
 "n_capable": 28,
 "top": [
  {
   "code": "CRBBB",
   "auc": 0.996,
   "test_pos": 54
  },
  {
   "code": "CLBBB",
   "auc": 0.992,
   "test_pos": 54
  },
  {
   "code": "LAFB",
   "auc": 0.982,
   "test_pos": 162
  },
  {
   "code": "LPFB",
   "auc": 0.981,
   "test_pos": 18
  },
  {
   "code": "INJAS",
   "auc": 0.976,
   "test_pos": 22
  },
  {
   "code": "RAO/RAE",
   "auc": 0.966,
   "test_pos": 10
  },
  {
   "code": "ISC_",
   "auc": 0.963,
   "test_pos": 128
  },
  {
   "code": "ANEUR",
   "auc": 0.961,
   "test_pos": 10
  }
 ],
 "bottom": [
  {
   "code": "NST_",
   "auc": 0.816,
   "test_pos": 77
  },
  {
   "code": "EL",
   "auc": 0.776,
   "test_pos": 9
  },
  {
   "code": "IPLMI",
   "auc": 0.736,
   "test_pos": 5
  },
  {
   "code": "LNGQT",
   "auc": 0.684,
   "test_pos": 11
  },
  {
   "code": "LAO/LAE",
   "auc": 0.679,
   "test_pos": 42
  },
  {
   "code": "IVCD",
   "auc": 0.667,
   "test_pos": 79
  }
 ]
}
ECG CODES BIG DONE
