28 capable; base macro 0.925
  NDT: base 0.890 -> remove1 0.886 -> minK None (traj [0.886, 0.88, 0.881, 0.874, 0.869, 0.86, 0.854, 0.835, 0.837, 0.835])
  NST_: base 0.800 -> remove1 0.797 -> minK None (traj [0.797, 0.806, 0.807, 0.802, 0.801, 0.791, 0.792, 0.792, 0.791, 0.783])
  DIG: base 0.931 -> remove1 0.910 -> minK None (traj [0.91, 0.913, 0.919, 0.902, 0.903, 0.904, 0.891, 0.875, 0.873, 0.88])
  NORM: base 0.928 -> remove1 0.919 -> minK None (traj [0.919, 0.908, 0.899, 0.898, 0.887, 0.885, 0.88, 0.874, 0.867, 0.844])
  IMI: base 0.895 -> remove1 0.884 -> minK None (traj [0.884, 0.88, 0.869, 0.857, 0.843, 0.832, 0.816, 0.806, 0.797, 0.774])
  ASMI: base 0.946 -> remove1 0.936 -> minK None (traj [0.936, 0.928, 0.927, 0.917, 0.915, 0.909, 0.902, 0.894, 0.882, 0.879])
  LVH: base 0.932 -> remove1 0.924 -> minK None (traj [0.924, 0.917, 0.91, 0.908, 0.906, 0.902, 0.891, 0.884, 0.883, 0.878])
  LAFB: base 0.975 -> remove1 0.978 -> minK None (traj [0.978, 0.975, 0.972, 0.973, 0.972, 0.974, 0.972, 0.974, 0.973, 0.97])
  ISC_: base 0.954 -> remove1 0.948 -> minK None (traj [0.948, 0.947, 0.936, 0.937, 0.931, 0.929, 0.928, 0.93, 0.93, 0.928])
  IRBBB: base 0.933 -> remove1 0.932 -> minK None (traj [0.932, 0.926, 0.918, 0.916, 0.906, 0.913, 0.911, 0.908, 0.895, 0.892])
  1AVB: base 0.918 -> remove1 0.923 -> minK None (traj [0.923, 0.917, 0.918, 0.916, 0.912, 0.903, 0.893, 0.89, 0.878, 0.869])
  ISCAL: base 0.923 -> remove1 0.919 -> minK None (traj [0.919, 0.909, 0.899, 0.883, 0.882, 0.87, 0.867, 0.844, 0.856, 0.824])
  CRBBB: base 0.996 -> remove1 0.996 -> minK None (traj [0.996, 0.995, 0.993, 0.992, 0.993, 0.992, 0.992, 0.991, 0.99, 0.987])
  CLBBB: base 0.995 -> remove1 0.992 -> minK None (traj [0.992, 0.986, 0.974, 0.969, 0.967, 0.971, 0.97, 0.967, 0.966, 0.948])
  ILMI: base 0.919 -> remove1 0.910 -> minK None (traj [0.91, 0.907, 0.911, 0.89, 0.887, 0.877, 0.881, 0.883, 0.874, 0.864])
  AMI: base 0.885 -> remove1 0.884 -> minK None (traj [0.884, 0.875, 0.862, 0.85, 0.843, 0.809, 0.791, 0.769, 0.772, 0.725])
  ALMI: base 0.915 -> remove1 0.910 -> minK None (traj [0.91, 0.902, 0.909, 0.914, 0.908, 0.92, 0.905, 0.895, 0.884, 0.869])
  ISCIN: base 0.898 -> remove1 0.885 -> minK None (traj [0.885, 0.873, 0.887, 0.867, 0.854, 0.828, 0.827, 0.835, 0.846, 0.859])
  INJAS: base 0.978 -> remove1 0.976 -> minK None (traj [0.976, 0.957, 0.958, 0.953, 0.925, 0.888, 0.89, 0.885, 0.887, 0.904])
  LMI: base 0.869 -> remove1 0.869 -> minK None (traj [0.869, 0.871, 0.863, 0.868, 0.862, 0.87, 0.865, 0.819, 0.8, 0.806])
  ISCIL: base 0.953 -> remove1 0.932 -> minK None (traj [0.932, 0.921, 0.907, 0.885, 0.885, 0.883, 0.88, 0.895, 0.893, 0.896])
  LPFB: base 0.962 -> remove1 0.960 -> minK None (traj [0.96, 0.965, 0.967, 0.974, 0.971, 0.965, 0.967, 0.968, 0.97, 0.958])
  ISCAS: base 0.914 -> remove1 0.889 -> minK None (traj [0.889, 0.879, 0.874, 0.849, 0.842, 0.838, 0.833, 0.815, 0.82, 0.82])
  INJAL: base 0.971 -> remove1 0.976 -> minK None (traj [0.976, 0.972, 0.955, 0.933, 0.916, 0.913, 0.894, 0.85, 0.83, 0.788])
  ISCLA: base 0.902 -> remove1 0.891 -> minK None (traj [0.891, 0.885, 0.881, 0.863, 0.86, 0.858, 0.812, 0.788, 0.791, 0.815])
  RVH: base 0.935 -> remove1 0.926 -> minK None (traj [0.926, 0.91, 0.909, 0.901, 0.902, 0.881, 0.902, 0.89, 0.878, 0.878])
  ANEUR: base 0.943 -> remove1 0.889 -> minK None (traj [0.889, 0.863, 0.866, 0.826, 0.824, 0.82, 0.81, 0.822, 0.823, 0.816])
  RAO/RAE: base 0.851 -> remove1 0.870 -> minK None (traj [0.87, 0.881, 0.899, 0.898, 0.896, 0.89, 0.873, 0.878, 0.895, 0.886])
{
 "base_macro": 0.925,
 "mean_auc_drop_remove1": 0.007,
 "codes_that_collapse_within_10": 0,
 "mean_min_necessary_features": null,
 "median_min_necessary_features": null
}
ECG RESIDUAL ABLATE DONE
