  NDT: neg 0.071 -> [0.074, 0.077, 0.122, 0.264] (mono True); remove pos 0.452->0.447
  NST_: neg 0.036 -> [0.05, 0.041, 0.062, 0.033] (mono False); remove pos 0.135->0.132
  DIG: neg 0.008 -> [0.006, 0.007, 0.095, 0.076] (mono False); remove pos 0.074->0.08
  NORM: neg 0.19 -> [0.177, 0.176, 0.23, 0.462] (mono False); remove pos 0.85->0.81
  IMI: neg 0.047 -> [0.089, 0.219, 0.39, 0.372] (mono False); remove pos 0.392->0.306
  ASMI: neg 0.043 -> [0.515, 0.813, 0.906, 0.773] (mono False); remove pos 0.587->0.484
  LVH: neg 0.042 -> [0.138, 0.489, 0.811, 0.415] (mono False); remove pos 0.531->0.414
  LAFB: neg 0.028 -> [0.025, 0.016, 0.013, 0.029] (mono False); remove pos 0.696->0.631
  ISC_: neg 0.021 -> [0.07, 0.358, 0.803, 0.833] (mono True); remove pos 0.494->0.305
  IRBBB: neg 0.03 -> [0.029, 0.033, 0.059, 0.137] (mono True); remove pos 0.451->0.509
  1AVB: neg 0.036 -> [0.05, 0.103, 0.332, 0.388] (mono True); remove pos 0.316->0.247
  ISCAL: neg 0.017 -> [0.019, 0.034, 0.049, 0.03] (mono False); remove pos 0.158->0.156
  CRBBB: neg 0.007 -> [0.005, 0.002, 0.001, 0.002] (mono False); remove pos 0.819->0.752
  CLBBB: neg 0.005 -> [0.011, 0.081, 0.635, 0.962] (mono True); remove pos 0.814->0.676
  ILMI: neg 0.008 -> [0.01, 0.011, 0.011, 0.025] (mono True); remove pos 0.328->0.349
  AMI: neg 0.01 -> [0.026, 0.096, 0.275, 0.09] (mono False); remove pos 0.068->0.062
  ALMI: neg 0.006 -> [0.019, 0.031, 0.011, 0.02] (mono False); remove pos 0.31->0.297
  ISCIN: neg 0.007 -> [0.007, 0.005, 0.007, 0.037] (mono False); remove pos 0.103->0.089
  INJAS: neg 0.004 -> [0.005, 0.006, 0.009, 0.01] (mono True); remove pos 0.31->0.299
  LMI: neg 0.011 -> [0.037, 0.023, 0.002, 0.005] (mono False); remove pos 0.054->0.054
  ISCIL: neg 0.006 -> [0.012, 0.018, 0.01, 0.148] (mono False); remove pos 0.123->0.099
  LPFB: neg 0.005 -> [0.005, 0.008, 0.015, 0.003] (mono False); remove pos 0.348->0.345
  ISCAS: neg 0.007 -> [0.022, 0.002, 0.0, 0.002] (mono False); remove pos 0.103->0.114
  INJAL: neg 0.002 -> [0.003, 0.003, 0.003, 0.005] (mono True); remove pos 0.343->0.34
  ISCLA: neg 0.004 -> [0.012, 0.02, 0.018, 0.223] (mono False); remove pos 0.043->0.042
  RVH: neg 0.006 -> [0.002, 0.001, 0.001, 0.001] (mono False); remove pos 0.17->0.157
  ANEUR: neg 0.004 -> [0.027, 0.063, 0.111, 0.092] (mono False); remove pos 0.048->0.032
  RAO/RAE: neg 0.003 -> [0.003, 0.003, 0.003, 0.002] (mono False); remove pos 0.032->0.012
{
 "mean_insert_rise_maxdose": 0.171,
 "frac_insert_monotone": 0.286,
 "mean_remove_drop": 0.033,
 "codes_insert_rise>=0.1": [
  "NDT",
  "NORM",
  "IMI",
  "ASMI",
  "LVH",
  "ISC_",
  "IRBBB",
  "1AVB",
  "CLBBB",
  "ISCIL",
  "ISCLA"
 ],
 "mean_spillover_concordance": 0.571
}
ECG INPUT INJECT DONE
