{
 "model_CD_auc_ptbxl": 0.8836,
 "model_CD_auc_georgia": 0.8275,
 "georgia_n": 10344,
 "georgia_CD_prev": 0.173,
 "feature_CDstrength_corr_ptbxl_vs_georgia": 0.791,
 "georgia_detector_from_ptbxl_strong_features": 0.6651,
 "georgia_detector_from_generalizing_features": 0.6767,
 "feature_overlap": 11,
 "stage1_units_ptbxl_CDstrength": [
  0.188,
  0.188,
  0.18,
  0.169,
  0.168,
  0.164,
  0.161,
  0.16
 ],
 "stage1_units_georgia_CDstrength": [
  0.159,
  0.155,
  0.169,
  0.142,
  0.148,
  0.097,
  0.075,
  0.138
 ]
}
ECG CROSSCOHORT DONE
