GPU guard: 15841 MiB free -- proceeding.
Warning: You are sending unauthenticated requests to the HF Hub. Please set a HF_TOKEN to enable higher rate limits and faster downloads.
bilin18 NL=18 D=1152 NH=9 held 152x128
BASE: full-model cross-entropy on held slice ...
base CE mean 3.4946
L 0 GATE recon global 5.69e-07 maxpos 9.39e-07 groupsum 0.00e+00 meancons 1.47e-07 | group msq shares {'E': 0.5855, 'Ae': 0.0, 'Ar': 0.5154, 'Me': 0.0, 'Mr': 0.0}
L0 energy rank: [('ExE', 0.657), ('ExAr', 0.5442), ('ArxAr', 0.2495)]
  L0 mean_only        [ 0] dCE +1.2341 +- 0.01267
  L0 all_terms        [15] dCE -0.0000 +- 0.00000
  L0 only_ExE         [ 1] dCE +0.1271 +- 0.00417
  L0 only_ExAr        [ 1] dCE +0.2825 +- 0.00596
  L0 only_ArxAr       [ 1] dCE +0.5505 +- 0.00824
  L0 top2_energy      [ 2] dCE +0.0260 +- 0.00183
  L0 top3_energy      [ 3] dCE -0.0000 +- 0.00000
  L0 allbut_ExE       [14] dCE +0.1115 +- 0.00374
  L0 allbut_ExAr      [14] dCE +0.0771 +- 0.00319
  L0 allbut_ArxAr     [14] dCE +0.0260 +- 0.00183
  L0 diagonal         [ 2] dCE +0.0771 +- 0.00319
  L0 cross            [ 1] dCE +0.2825 +- 0.00596
L0 DONE floor +1.2341 (prior 1.23409) terms_to_95 2 (20s)
L 1 GATE recon global 9.83e-07 maxpos 1.54e-06 groupsum 6.10e-08 meancons 2.73e-07 | group msq shares {'E': 0.0156, 'Ae': 0.0, 'Ar': 0.5931, 'Me': 0.0, 'Mr': 0.0838}
L1 energy rank: [('ArxMr', 0.2212), ('ArxAr', 0.1233), ('MrxMr', 0.1091), ('ExMr', 0.1026), ('ExAr', 0.073), ('ExE', 0.0217)]
  L1 mean_only        [ 0] dCE +5.5744 +- 0.03230
  L1 all_terms        [15] dCE -0.0000 +- 0.00000
  L1 only_ArxMr       [ 1] dCE +0.8778 +- 0.01062
  L1 only_ArxAr       [ 1] dCE +4.1753 +- 0.02730
  L1 only_MrxMr       [ 1] dCE +2.3507 +- 0.02026
  L1 only_ExMr        [ 1] dCE +1.7918 +- 0.01695
  L1 only_ExAr        [ 1] dCE +3.2105 +- 0.02384
  L1 only_ExE         [ 1] dCE +4.9557 +- 0.03101
  L1 top2_energy      [ 2] dCE +0.5436 +- 0.00815
  L1 top3_energy      [ 3] dCE +0.0930 +- 0.00344
  L1 top4_energy      [ 4] dCE +0.0167 +- 0.00149
  L1 top5_energy      [ 5] dCE +0.0019 +- 0.00059
  L1 top6_energy      [ 6] dCE -0.0000 +- 0.00002
  L1 allbut_ArxMr     [14] dCE +0.0430 +- 0.00229
  L1 allbut_ArxAr     [14] dCE +0.0130 +- 0.00141
  L1 allbut_MrxMr     [14] dCE +0.0127 +- 0.00132
  L1 diagonal         [ 4] dCE +0.5254 +- 0.00806
  L1 cross            [ 6] dCE +0.0442 +- 0.00245
L1 DONE floor +5.5744 (prior 5.57437) terms_to_95 3 (28s)
L 2 GATE recon global 7.33e-07 maxpos 1.04e-06 groupsum 7.29e-08 meancons 2.30e-07 | group msq shares {'E': 0.0035, 'Ae': 0.0586, 'Ar': 0.1973, 'Me': 0.0083, 'Mr': 0.3628}
L2 energy rank: [('MrxMr', 0.2727), ('ArxMr', 0.2308), ('ArxAr', 0.0717), ('AexMr', 0.0091), ('MexMr', 0.0068), ('AexAr', 0.0062)]
  L2 mean_only        [ 0] dCE +0.7390 +- 0.00934
  L2 all_terms        [15] dCE -0.0000 +- 0.00000
  L2 only_MrxMr       [ 1] dCE +0.0925 +- 0.00333
  L2 only_ArxMr       [ 1] dCE +0.1193 +- 0.00384
  L2 only_ArxAr       [ 1] dCE +0.4977 +- 0.00766
  L2 only_AexMr       [ 1] dCE +0.5823 +- 0.00829
  L2 only_MexMr       [ 1] dCE +0.5470 +- 0.00805
  L2 only_AexAr       [ 1] dCE +0.6782 +- 0.00895
  L2 top2_energy      [ 2] dCE +0.0114 +- 0.00125
  L2 top3_energy      [ 3] dCE +0.0044 +- 0.00086
  L2 top4_energy      [ 4] dCE +0.0026 +- 0.00069
  L2 top5_energy      [ 5] dCE +0.0010 +- 0.00051
  L2 top6_energy      [ 6] dCE +0.0007 +- 0.00046
  L2 allbut_MrxMr     [14] dCE +0.0288 +- 0.00192
  L2 allbut_ArxMr     [14] dCE +0.0203 +- 0.00163
  L2 allbut_ArxAr     [14] dCE +0.0050 +- 0.00078
  L2 diagonal         [ 5] dCE +0.0602 +- 0.00271
  L2 cross            [10] dCE +0.0388 +- 0.00221
L2 DONE floor +0.7390 (prior 0.73902) terms_to_95 2 (28s)
L 3 GATE recon global 6.34e-07 maxpos 8.91e-07 groupsum 8.83e-08 meancons 1.61e-07 | group msq shares {'E': 0.0019, 'Ae': 0.0775, 'Ar': 0.1446, 'Me': 0.0911, 'Mr': 0.2705}
L3 energy rank: [('MrxMr', 0.0986), ('ArxMr', 0.0978), ('MexMr', 0.0688), ('ArxAr', 0.0418), ('ArxMe', 0.0259), ('AexMr', 0.0239)]
  L3 mean_only        [ 0] dCE +0.6163 +- 0.00842
  L3 all_terms        [15] dCE -0.0000 +- 0.00000
  L3 only_MrxMr       [ 1] dCE +0.2483 +- 0.00537
  L3 only_ArxMr       [ 1] dCE +0.2564 +- 0.00542
  L3 only_MexMr       [ 1] dCE +0.2661 +- 0.00558
  L3 only_ArxAr       [ 1] dCE +0.4983 +- 0.00761
  L3 only_ArxMe       [ 1] dCE +0.4003 +- 0.00679
  L3 only_AexMr       [ 1] dCE +0.4125 +- 0.00688
  L3 top2_energy      [ 2] dCE +0.0806 +- 0.00308
  L3 top3_energy      [ 3] dCE +0.0310 +- 0.00192
  L3 top4_energy      [ 4] dCE +0.0178 +- 0.00155
  L3 top5_energy      [ 5] dCE +0.0084 +- 0.00111
  L3 top6_energy      [ 6] dCE +0.0036 +- 0.00076
  L3 allbut_MrxMr     [14] dCE +0.0062 +- 0.00098
  L3 allbut_ArxMr     [14] dCE +0.0077 +- 0.00102
  L3 allbut_MexMr     [14] dCE +0.0048 +- 0.00082
  L3 diagonal         [ 5] dCE +0.1337 +- 0.00401
  L3 cross            [10] dCE +0.0170 +- 0.00145
  L3 drop_E_involving dCE -0.0000 +- 0.00021
L3 DONE floor +0.6163 (prior 0.61627) terms_to_95 4 (30s)
L 4 GATE recon global 6.09e-07 maxpos 9.73e-07 groupsum 9.39e-08 meancons 1.36e-07 | group msq shares {'E': 0.0009, 'Ae': 0.0441, 'Ar': 0.2232, 'Me': 0.0715, 'Mr': 0.2083}
L4 energy rank: [('ArxMr', 0.1107), ('MrxMr', 0.0758), ('ArxAr', 0.0697), ('MexMr', 0.0552), ('ArxMe', 0.0356), ('AexAr', 0.0208)]
  L4 mean_only        [ 0] dCE +0.1481 +- 0.00414
  L4 all_terms        [15] dCE -0.0000 +- 0.00000
  L4 only_ArxMr       [ 1] dCE +0.0674 +- 0.00283
  L4 only_MrxMr       [ 1] dCE +0.1040 +- 0.00349
  L4 only_ArxAr       [ 1] dCE +0.1006 +- 0.00345
  L4 only_MexMr       [ 1] dCE +0.1028 +- 0.00345
  L4 only_ArxMe       [ 1] dCE +0.0971 +- 0.00339
  L4 only_AexAr       [ 1] dCE +0.1179 +- 0.00371
  L4 top2_energy      [ 2] dCE +0.0433 +- 0.00229
  L4 top3_energy      [ 3] dCE +0.0247 +- 0.00177
  L4 top4_energy      [ 4] dCE +0.0137 +- 0.00128
  L4 top5_energy      [ 5] dCE +0.0062 +- 0.00087
  L4 top6_energy      [ 6] dCE +0.0033 +- 0.00067
  L4 allbut_ArxMr     [14] dCE +0.0084 +- 0.00097
  L4 allbut_MrxMr     [14] dCE +0.0031 +- 0.00064
  L4 allbut_ArxAr     [14] dCE +0.0051 +- 0.00075
  L4 diagonal         [ 5] dCE +0.0573 +- 0.00262
  L4 cross            [10] dCE +0.0113 +- 0.00116
  L4 drop_E_involving dCE +0.0001 +- 0.00011
L4 DONE floor +0.1481 (prior 0.14808) terms_to_95 5 (30s)
L 5 GATE recon global 1.04e-06 maxpos 2.48e-06 groupsum 8.62e-08 meancons 1.52e-07 | group msq shares {'E': 0.0006, 'Ae': 0.0083, 'Ar': 0.7259, 'Me': 0.009, 'Mr': 0.0219}
L5 energy rank: [('ArxMr', 0.0911), ('ArxMe', 0.0906), ('ArxAr', 0.0893), ('MexMr', 0.0482), ('AexAr', 0.0367), ('MrxMr', 0.0307)]
  L5 mean_only        [ 0] dCE +0.0928 +- 0.00329
  L5 all_terms        [15] dCE -0.0000 +- 0.00000
  L5 only_ArxMr       [ 1] dCE +0.0580 +- 0.00260
  L5 only_ArxMe       [ 1] dCE +0.0600 +- 0.00263
  L5 only_ArxAr       [ 1] dCE +0.0728 +- 0.00291
  L5 only_MexMr       [ 1] dCE +0.0742 +- 0.00291
  L5 only_AexAr       [ 1] dCE +0.0719 +- 0.00290
  L5 only_MrxMr       [ 1] dCE +0.0817 +- 0.00308
  L5 top2_energy      [ 2] dCE +0.0398 +- 0.00215
  L5 top3_energy      [ 3] dCE +0.0271 +- 0.00179
  L5 top4_energy      [ 4] dCE +0.0157 +- 0.00133
  L5 top5_energy      [ 5] dCE +0.0107 +- 0.00113
  L5 top6_energy      [ 6] dCE +0.0061 +- 0.00091
  L5 allbut_ArxMr     [14] dCE +0.0057 +- 0.00075
  L5 allbut_ArxMe     [14] dCE +0.0054 +- 0.00077
  L5 allbut_ArxAr     [14] dCE +0.0061 +- 0.00076
  L5 diagonal         [ 5] dCE +0.0530 +- 0.00246
  L5 cross            [10] dCE +0.0101 +- 0.00101
  L5 top8_energy      [ 8] dCE +0.0021 +- 0.00052
L5 DONE floor +0.0928 (prior 0.09278) terms_to_95 8 (30s)
L 6 GATE recon global 1.23e-06 maxpos 2.91e-06 groupsum 8.50e-08 meancons 1.80e-07 | group msq shares {'E': 0.0014, 'Ae': 0.2487, 'Ar': 0.1215, 'Me': 0.0129, 'Mr': 0.0255}
L6 energy rank: [('AexMr', 0.0672), ('MrxMr', 0.063), ('MexMr', 0.0627), ('ArxMr', 0.0478), ('AexMe', 0.0469), ('AexAr', 0.0422)]
  L6 mean_only        [ 0] dCE +0.0832 +- 0.00302
  L6 all_terms        [15] dCE -0.0000 +- 0.00000
  L6 only_AexMr       [ 1] dCE +0.0618 +- 0.00260
  L6 only_MrxMr       [ 1] dCE +0.0802 +- 0.00296
  L6 only_MexMr       [ 1] dCE +0.0677 +- 0.00271
  L6 only_ArxMr       [ 1] dCE +0.0697 +- 0.00274
  L6 only_AexMe       [ 1] dCE +0.0584 +- 0.00252
  L6 only_AexAr       [ 1] dCE +0.0664 +- 0.00272
  L6 top2_energy      [ 2] dCE +0.0582 +- 0.00252
  L6 top3_energy      [ 3] dCE +0.0484 +- 0.00229
  L6 top4_energy      [ 4] dCE +0.0397 +- 0.00205
  L6 top5_energy      [ 5] dCE +0.0256 +- 0.00162
  L6 top6_energy      [ 6] dCE +0.0156 +- 0.00125
  L6 allbut_AexMr     [14] dCE +0.0038 +- 0.00060
  L6 allbut_MrxMr     [14] dCE +0.0022 +- 0.00045
  L6 allbut_MexMr     [14] dCE +0.0030 +- 0.00051
  L6 diagonal         [ 5] dCE +0.0479 +- 0.00231
  L6 cross            [10] dCE +0.0089 +- 0.00092
  L6 top8_energy      [ 8] dCE +0.0071 +- 0.00083
  L6 top10_energy     [10] dCE +0.0022 +- 0.00049
L6 DONE floor +0.0832 (prior 0.08319) terms_to_95 10 (31s)
L 7 GATE recon global 1.59e-06 maxpos 3.19e-06 groupsum 9.51e-08 meancons 2.97e-07 | group msq shares {'E': 0.0031, 'Ae': 0.3376, 'Ar': 0.0407, 'Me': 0.0246, 'Mr': 0.0235}
L7 energy rank: [('MexMr', 0.0561), ('AexMe', 0.0466), ('AexMr', 0.0443), ('AexAr', 0.0421), ('ArxMe', 0.0373), ('ArxMr', 0.0358)]
  L7 mean_only        [ 0] dCE +0.0601 +- 0.00256
  L7 all_terms        [15] dCE -0.0000 +- 0.00000
  L7 only_MexMr       [ 1] dCE +0.0495 +- 0.00234
  L7 only_AexMe       [ 1] dCE +0.0432 +- 0.00218
  L7 only_AexMr       [ 1] dCE +0.0467 +- 0.00226
  L7 only_AexAr       [ 1] dCE +0.0485 +- 0.00229
  L7 only_ArxMe       [ 1] dCE +0.0466 +- 0.00225
  L7 only_ArxMr       [ 1] dCE +0.0490 +- 0.00232
  L7 top2_energy      [ 2] dCE +0.0342 +- 0.00195
  L7 top3_energy      [ 3] dCE +0.0259 +- 0.00171
  L7 top4_energy      [ 4] dCE +0.0182 +- 0.00140
  L7 top5_energy      [ 5] dCE +0.0128 +- 0.00116
  L7 top6_energy      [ 6] dCE +0.0100 +- 0.00103
  L7 allbut_MexMr     [14] dCE +0.0021 +- 0.00042
  L7 allbut_AexMe     [14] dCE +0.0025 +- 0.00048
  L7 allbut_AexMr     [14] dCE +0.0020 +- 0.00043
  L7 diagonal         [ 5] dCE +0.0354 +- 0.00197
  L7 cross            [10] dCE +0.0053 +- 0.00072
  L7 top8_energy      [ 8] dCE +0.0062 +- 0.00083
  L7 top10_energy     [10] dCE +0.0033 +- 0.00061
  L7 top12_energy     [12] dCE +0.0012 +- 0.00039
L7 DONE floor +0.0601 (prior 0.06008) terms_to_95 12 (33s)
L 8 GATE recon global 1.44e-06 maxpos 3.05e-06 groupsum 1.19e-07 meancons 3.44e-07 | group msq shares {'E': 0.0048, 'Ae': 0.4814, 'Ar': 0.0061, 'Me': 0.0654, 'Mr': 0.0163}
L8 energy rank: [('AexMe', 0.0769), ('MexMr', 0.0688), ('AexMr', 0.0582), ('MexMe', 0.0416), ('AexAe', 0.0401), ('MrxMr', 0.0277)]
  L8 mean_only        [ 0] dCE +0.0511 +- 0.00242
  L8 all_terms        [15] dCE -0.0000 +- 0.00000
  L8 only_AexMe       [ 1] dCE +0.0326 +- 0.00195
  L8 only_MexMr       [ 1] dCE +0.0376 +- 0.00205
  L8 only_AexMr       [ 1] dCE +0.0397 +- 0.00211
  L8 only_MexMe       [ 1] dCE +0.0410 +- 0.00214
  L8 only_AexAe       [ 1] dCE +0.0429 +- 0.00220
  L8 only_MrxMr       [ 1] dCE +0.0445 +- 0.00227
  L8 top2_energy      [ 2] dCE +0.0224 +- 0.00159
  L8 top3_energy      [ 3] dCE +0.0169 +- 0.00135
  L8 top4_energy      [ 4] dCE +0.0133 +- 0.00116
  L8 top5_energy      [ 5] dCE +0.0103 +- 0.00097
  L8 top6_energy      [ 6] dCE +0.0075 +- 0.00086
  L8 allbut_AexMe     [14] dCE +0.0035 +- 0.00058
  L8 allbut_MexMr     [14] dCE +0.0018 +- 0.00048
  L8 allbut_AexMr     [14] dCE +0.0017 +- 0.00048
  L8 diagonal         [ 5] dCE +0.0260 +- 0.00171
  L8 cross            [10] dCE +0.0058 +- 0.00079
  L8 top8_energy      [ 8] dCE +0.0041 +- 0.00062
  L8 top10_energy     [10] dCE +0.0021 +- 0.00040
L8 DONE floor +0.0511 (prior 0.05114) terms_to_95 10 (31s)
L 9 GATE recon global 1.17e-06 maxpos 2.48e-06 groupsum 1.34e-07 meancons 1.99e-07 | group msq shares {'E': 0.0053, 'Ae': 0.3364, 'Ar': 0.0359, 'Me': 0.0732, 'Mr': 0.0136}
L9 energy rank: [('AexMe', 0.0594), ('MexMr', 0.0542), ('MexMe', 0.0521), ('ArxMe', 0.039), ('AexAr', 0.0285), ('AexMr', 0.0275)]
  L9 mean_only        [ 0] dCE +0.0563 +- 0.00248
  L9 all_terms        [15] dCE -0.0000 +- 0.00000
  L9 only_AexMe       [ 1] dCE +0.0388 +- 0.00205
  L9 only_MexMr       [ 1] dCE +0.0433 +- 0.00216
  L9 only_MexMe       [ 1] dCE +0.0431 +- 0.00214
  L9 only_ArxMe       [ 1] dCE +0.0443 +- 0.00219
  L9 only_AexAr       [ 1] dCE +0.0492 +- 0.00232
  L9 only_AexMr       [ 1] dCE +0.0470 +- 0.00228
  L9 top2_energy      [ 2] dCE +0.0283 +- 0.00174
  L9 top3_energy      [ 3] dCE +0.0213 +- 0.00149
  L9 top4_energy      [ 4] dCE +0.0154 +- 0.00124
  L9 top5_energy      [ 5] dCE +0.0113 +- 0.00107
  L9 top6_energy      [ 6] dCE +0.0079 +- 0.00091
  L9 allbut_AexMe     [14] dCE +0.0024 +- 0.00050
  L9 allbut_MexMr     [14] dCE +0.0019 +- 0.00043
  L9 allbut_MexMe     [14] dCE +0.0016 +- 0.00044
  L9 diagonal         [ 5] dCE +0.0311 +- 0.00179
  L9 cross            [10] dCE +0.0044 +- 0.00072
  L9 top8_energy      [ 8] dCE +0.0037 +- 0.00064
  L9 top10_energy     [10] dCE +0.0021 +- 0.00048
L9 DONE floor +0.0563 (prior 0.05627) terms_to_95 10 (31s)
L10 GATE recon global 1.33e-06 maxpos 3.19e-06 groupsum 1.51e-07 meancons 3.79e-07 | group msq shares {'E': 0.0057, 'Ae': 0.3728, 'Ar': 0.0143, 'Me': 0.0751, 'Mr': 0.0194}
L10 energy rank: [('AexMe', 0.0949), ('MexMe', 0.0707), ('MexMr', 0.0675), ('AexMr', 0.0396), ('AexAe', 0.037), ('ExMe', 0.0211)]
  L10 mean_only        [ 0] dCE +0.0465 +- 0.00228
  L10 all_terms        [15] dCE -0.0000 +- 0.00000
  L10 only_AexMe       [ 1] dCE +0.0316 +- 0.00184
  L10 only_MexMe       [ 1] dCE +0.0335 +- 0.00193
  L10 only_MexMr       [ 1] dCE +0.0331 +- 0.00192
  L10 only_AexMr       [ 1] dCE +0.0374 +- 0.00205
  L10 only_AexAe       [ 1] dCE +0.0409 +- 0.00214
  L10 only_ExMe        [ 1] dCE +0.0396 +- 0.00209
  L10 top2_energy      [ 2] dCE +0.0215 +- 0.00150
  L10 top3_energy      [ 3] dCE +0.0145 +- 0.00122
  L10 top4_energy      [ 4] dCE +0.0105 +- 0.00105
  L10 top5_energy      [ 5] dCE +0.0078 +- 0.00090
  L10 top6_energy      [ 6] dCE +0.0053 +- 0.00072
  L10 allbut_AexMe     [14] dCE +0.0023 +- 0.00059
  L10 allbut_MexMe     [14] dCE +0.0024 +- 0.00049
  L10 allbut_MexMr     [14] dCE +0.0024 +- 0.00048
  L10 diagonal         [ 5] dCE +0.0244 +- 0.00162
  L10 cross            [10] dCE +0.0051 +- 0.00074
  L10 top8_energy      [ 8] dCE +0.0028 +- 0.00056
  L10 top10_energy     [10] dCE +0.0012 +- 0.00034
L10 DONE floor +0.0465 (prior 0.04652) terms_to_95 10 (31s)
L11 GATE recon global 9.39e-07 maxpos 1.98e-06 groupsum 1.71e-07 meancons 1.49e-07 | group msq shares {'E': 0.0061, 'Ae': 0.3935, 'Ar': 0.0142, 'Me': 0.1071, 'Mr': 0.0149}
L11 energy rank: [('AexMe', 0.0915), ('MexMe', 0.0753), ('MexMr', 0.0509), ('AexAe', 0.0297), ('AexMr', 0.0257), ('ArxMe', 0.0239)]
  L11 mean_only        [ 0] dCE +0.0466 +- 0.00237
  L11 all_terms        [15] dCE +0.0000 +- 0.00000
  L11 only_AexMe       [ 1] dCE +0.0297 +- 0.00192
  L11 only_MexMe       [ 1] dCE +0.0339 +- 0.00200
  L11 only_MexMr       [ 1] dCE +0.0350 +- 0.00206
  L11 only_AexAe       [ 1] dCE +0.0407 +- 0.00222
  L11 only_AexMr       [ 1] dCE +0.0389 +- 0.00218
  L11 only_ArxMe       [ 1] dCE +0.0393 +- 0.00217
  L11 top2_energy      [ 2] dCE +0.0202 +- 0.00157
  L11 top3_energy      [ 3] dCE +0.0144 +- 0.00133
  L11 top4_energy      [ 4] dCE +0.0109 +- 0.00117
  L11 top5_energy      [ 5] dCE +0.0080 +- 0.00102
  L11 top6_energy      [ 6] dCE +0.0058 +- 0.00086
  L11 allbut_AexMe     [14] dCE +0.0030 +- 0.00056
  L11 allbut_MexMe     [14] dCE +0.0014 +- 0.00050
  L11 allbut_MexMr     [14] dCE +0.0013 +- 0.00041
  L11 diagonal         [ 5] dCE +0.0234 +- 0.00168
  L11 cross            [10] dCE +0.0041 +- 0.00073
  L11 top8_energy      [ 8] dCE +0.0026 +- 0.00054
  L11 top10_energy     [10] dCE +0.0013 +- 0.00038
L11 DONE floor +0.0466 (prior 0.04663) terms_to_95 10 (31s)
L12 GATE recon global 1.03e-06 maxpos 2.63e-06 groupsum 1.83e-07 meancons 1.87e-07 | group msq shares {'E': 0.0059, 'Ae': 0.369, 'Ar': 0.0034, 'Me': 0.1098, 'Mr': 0.0262}
L12 energy rank: [('AexMe', 0.1228), ('MexMe', 0.1021), ('MexMr', 0.0585), ('AexAe', 0.0422), ('AexMr', 0.0317), ('ExMe', 0.0192)]
  L12 mean_only        [ 0] dCE +0.0437 +- 0.00223
  L12 all_terms        [15] dCE +0.0000 +- 0.00000
  L12 only_AexMe       [ 1] dCE +0.0270 +- 0.00175
  L12 only_MexMe       [ 1] dCE +0.0278 +- 0.00179
  L12 only_MexMr       [ 1] dCE +0.0314 +- 0.00190
  L12 only_AexAe       [ 1] dCE +0.0370 +- 0.00205
  L12 only_AexMr       [ 1] dCE +0.0361 +- 0.00203
  L12 only_ExMe        [ 1] dCE +0.0378 +- 0.00205
  L12 top2_energy      [ 2] dCE +0.0149 +- 0.00133
  L12 top3_energy      [ 3] dCE +0.0089 +- 0.00106
  L12 top4_energy      [ 4] dCE +0.0057 +- 0.00087
  L12 top5_energy      [ 5] dCE +0.0035 +- 0.00072
  L12 top6_energy      [ 6] dCE +0.0017 +- 0.00053
  L12 allbut_AexMe     [14] dCE +0.0036 +- 0.00063
  L12 allbut_MexMe     [14] dCE +0.0041 +- 0.00057
  L12 allbut_MexMr     [14] dCE +0.0023 +- 0.00042
  L12 diagonal         [ 5] dCE +0.0195 +- 0.00149
  L12 cross            [10] dCE +0.0067 +- 0.00081
L12 DONE floor +0.0437 (prior 0.04367) terms_to_95 6 (29s)
L13 GATE recon global 1.00e-06 maxpos 2.41e-06 groupsum 2.01e-07 meancons 1.77e-07 | group msq shares {'E': 0.0061, 'Ae': 0.3307, 'Ar': 0.0047, 'Me': 0.1591, 'Mr': 0.0191}
L13 energy rank: [('MexMe', 0.1294), ('AexMe', 0.1287), ('MexMr', 0.0568), ('AexAe', 0.037), ('AexMr', 0.0238), ('ExMe', 0.021)]
  L13 mean_only        [ 0] dCE +0.0396 +- 0.00218
  L13 all_terms        [15] dCE -0.0000 +- 0.00000
  L13 only_MexMe       [ 1] dCE +0.0233 +- 0.00169
  L13 only_AexMe       [ 1] dCE +0.0250 +- 0.00171
  L13 only_MexMr       [ 1] dCE +0.0288 +- 0.00189
  L13 only_AexAe       [ 1] dCE +0.0344 +- 0.00200
  L13 only_AexMr       [ 1] dCE +0.0344 +- 0.00202
  L13 only_ExMe        [ 1] dCE +0.0332 +- 0.00199
  L13 top2_energy      [ 2] dCE +0.0126 +- 0.00123
  L13 top3_energy      [ 3] dCE +0.0074 +- 0.00100
  L13 top4_energy      [ 4] dCE +0.0053 +- 0.00083
  L13 top5_energy      [ 5] dCE +0.0043 +- 0.00071
  L13 top6_energy      [ 6] dCE +0.0022 +- 0.00052
  L13 allbut_MexMe     [14] dCE +0.0043 +- 0.00064
  L13 allbut_AexMe     [14] dCE +0.0029 +- 0.00063
  L13 allbut_MexMr     [14] dCE +0.0024 +- 0.00040
  L13 diagonal         [ 5] dCE +0.0163 +- 0.00140
  L13 cross            [10] dCE +0.0063 +- 0.00084
  L13 top8_energy      [ 8] dCE +0.0010 +- 0.00035
L13 DONE floor +0.0396 (prior 0.03961) terms_to_95 8 (30s)
L14 GATE recon global 1.06e-06 maxpos 1.96e-06 groupsum 2.34e-07 meancons 2.14e-07 | group msq shares {'E': 0.0062, 'Ae': 0.2978, 'Ar': 0.0049, 'Me': 0.1981, 'Mr': 0.0205}
L14 energy rank: [('MexMe', 0.1655), ('AexMe', 0.1366), ('MexMr', 0.0607), ('AexAe', 0.0466), ('AexMr', 0.0254), ('ExMe', 0.022)]
  L14 mean_only        [ 0] dCE +0.0300 +- 0.00194
  L14 all_terms        [15] dCE +0.0000 +- 0.00000
  L14 only_MexMe       [ 1] dCE +0.0169 +- 0.00145
  L14 only_AexMe       [ 1] dCE +0.0194 +- 0.00152
  L14 only_MexMr       [ 1] dCE +0.0221 +- 0.00168
  L14 only_AexAe       [ 1] dCE +0.0263 +- 0.00181
  L14 only_AexMr       [ 1] dCE +0.0263 +- 0.00182
  L14 only_ExMe        [ 1] dCE +0.0250 +- 0.00177
  L14 top2_energy      [ 2] dCE +0.0099 +- 0.00106
  L14 top3_energy      [ 3] dCE +0.0064 +- 0.00086
  L14 top4_energy      [ 4] dCE +0.0048 +- 0.00071
  L14 top5_energy      [ 5] dCE +0.0038 +- 0.00063
  L14 top6_energy      [ 6] dCE +0.0022 +- 0.00046
  L14 allbut_MexMe     [14] dCE +0.0032 +- 0.00064
  L14 allbut_AexMe     [14] dCE +0.0018 +- 0.00059
  L14 allbut_MexMr     [14] dCE +0.0014 +- 0.00038
  L14 diagonal         [ 5] dCE +0.0122 +- 0.00122
  L14 cross            [10] dCE +0.0048 +- 0.00081
  L14 top8_energy      [ 8] dCE +0.0013 +- 0.00034
L14 DONE floor +0.0300 (prior 0.02995) terms_to_95 8 (30s)
L15 GATE recon global 5.77e-07 maxpos 1.10e-06 groupsum 2.53e-07 meancons 1.25e-07 | group msq shares {'E': 0.0071, 'Ae': 0.3012, 'Ar': 0.0021, 'Me': 0.2714, 'Mr': 0.0167}
L15 energy rank: [('MexMe', 0.1994), ('AexMe', 0.1361), ('MexMr', 0.0536), ('AexAe', 0.0523), ('AexMr', 0.0293), ('ExMe', 0.0275)]
  L15 mean_only        [ 0] dCE +0.0394 +- 0.00213
  L15 all_terms        [15] dCE +0.0000 +- 0.00000
  L15 only_MexMe       [ 1] dCE +0.0199 +- 0.00149
  L15 only_AexMe       [ 1] dCE +0.0253 +- 0.00169
  L15 only_MexMr       [ 1] dCE +0.0303 +- 0.00188
  L15 only_AexAe       [ 1] dCE +0.0400 +- 0.00215
  L15 only_AexMr       [ 1] dCE +0.0331 +- 0.00195
  L15 only_ExMe        [ 1] dCE +0.0321 +- 0.00192
  L15 top2_energy      [ 2] dCE +0.0107 +- 0.00109
  L15 top3_energy      [ 3] dCE +0.0064 +- 0.00086
  L15 top4_energy      [ 4] dCE +0.0059 +- 0.00077
  L15 top5_energy      [ 5] dCE +0.0033 +- 0.00059
  L15 top6_energy      [ 6] dCE +0.0011 +- 0.00037
  L15 allbut_MexMe     [14] dCE +0.0057 +- 0.00080
  L15 allbut_AexMe     [14] dCE +0.0046 +- 0.00069
  L15 allbut_MexMr     [14] dCE +0.0021 +- 0.00043
  L15 diagonal         [ 5] dCE +0.0188 +- 0.00141
  L15 cross            [10] dCE +0.0070 +- 0.00094
  L15 drop_Ar_involving dCE +0.0003 +- 0.00019
L15 DONE floor +0.0394 (prior 0.03944) terms_to_95 6 (30s)
L16 GATE recon global 4.80e-07 maxpos 1.54e-06 groupsum 3.24e-07 meancons 1.39e-07 | group msq shares {'E': 0.008, 'Ae': 0.3099, 'Ar': 0.0025, 'Me': 0.3098, 'Mr': 0.0714}
L16 energy rank: [('MexMe', 0.1422), ('AexMe', 0.1377), ('AexMr', 0.061), ('MexMr', 0.0602), ('AexAe', 0.0483), ('MrxMr', 0.0147)]
  L16 mean_only        [ 0] dCE +0.1478 +- 0.00497
  L16 all_terms        [15] dCE -0.0000 +- 0.00000
  L16 only_MexMe       [ 1] dCE +0.0663 +- 0.00305
  L16 only_AexMe       [ 1] dCE +0.0636 +- 0.00290
  L16 only_AexMr       [ 1] dCE +0.0968 +- 0.00365
  L16 only_MexMr       [ 1] dCE +0.1634 +- 0.00554
  L16 only_AexAe       [ 1] dCE +0.1765 +- 0.00594
  L16 only_MrxMr       [ 1] dCE +0.2034 +- 0.00654
  L16 top2_energy      [ 2] dCE +0.0327 +- 0.00197
  L16 top3_energy      [ 3] dCE +0.0365 +- 0.00195
  L16 top4_energy      [ 4] dCE +0.0204 +- 0.00149
  L16 top5_energy      [ 5] dCE +0.0075 +- 0.00084
  L16 top6_energy      [ 6] dCE +0.0045 +- 0.00073
  L16 allbut_MexMe     [14] dCE +0.0199 +- 0.00161
  L16 allbut_AexMe     [14] dCE +0.0301 +- 0.00213
  L16 allbut_AexMr     [14] dCE +0.0203 +- 0.00183
  L16 diagonal         [ 5] dCE +0.1232 +- 0.00526
  L16 cross            [10] dCE +0.0246 +- 0.00178
  L16 drop_Ar_involving dCE +0.0001 +- 0.00019
L16 DONE floor +0.1478 (prior 0.14781) terms_to_95 6 (30s)
L17 GATE recon global 7.05e-07 maxpos 4.18e-06 groupsum 3.32e-07 meancons 2.33e-07 | group msq shares {'E': 0.0068, 'Ae': 0.2413, 'Ar': 0.0131, 'Me': 0.3043, 'Mr': 0.3008}
L17 energy rank: [('AexMr', 0.3489), ('AexMe', 0.311), ('MexMr', 0.2794), ('MrxMr', 0.2239), ('MexMe', 0.1868), ('AexAe', 0.0945)]
  L17 mean_only        [ 0] dCE +0.4206 +- 0.00869
  L17 all_terms        [15] dCE -0.0000 +- 0.00000
  L17 only_AexMr       [ 1] dCE +0.3546 +- 0.00819
  L17 only_AexMe       [ 1] dCE +0.2099 +- 0.00544
  L17 only_MexMr       [ 1] dCE +0.6456 +- 0.01166
  L17 only_MrxMr       [ 1] dCE +0.6201 +- 0.01050
  L17 only_MexMe       [ 1] dCE +0.2327 +- 0.00619
  L17 only_AexAe       [ 1] dCE +0.4850 +- 0.00946
  L17 top2_energy      [ 2] dCE +0.2023 +- 0.00561
  L17 top3_energy      [ 3] dCE +0.1641 +- 0.00499
  L17 top4_energy      [ 4] dCE +0.2493 +- 0.00687
  L17 top5_energy      [ 5] dCE +0.1152 +- 0.00460
  L17 top6_energy      [ 6] dCE +0.0300 +- 0.00189
  L17 allbut_AexMr     [14] dCE +0.1479 +- 0.00483
  L17 allbut_AexMe     [14] dCE +0.1839 +- 0.00527
  L17 allbut_MexMr     [14] dCE +0.0992 +- 0.00337
  L17 diagonal         [ 5] dCE +0.4300 +- 0.00874
  L17 cross            [10] dCE +0.1243 +- 0.00406
  L17 top8_energy      [ 8] dCE +0.0264 +- 0.00177
  L17 top10_energy     [10] dCE +0.0133 +- 0.00113
L17 DONE floor +0.4206 (prior 0.42062) terms_to_95 10 (32s)
QK ALLTERM CENSUS DONE
