GPU guard: 15841 MiB free -- proceeding.
Warning: You are sending unauthenticated requests to the HF Hub. Please set a HF_TOKEN to enable higher rate limits and faster downloads.
bilin18 NL=18 NH=9 HD=128 D=1152 V=50304
353 special token ids masked from selection
classes: ['bracket_close', 'bracket_open', 'capital', 'coordinator', 'determiner', 'digit', 'newline', 'other', 'pronoun', 'punct', 'quote', 'quote_open', 'special', 'subword', 'word']
PART 1: archetype CP factors (heads 8 and 5) ...
  h8 archetype slot 0: [' the', ' The', 'the', 'The', ' THE', 'THE', ' tho', 'ethe']  gate=PASS
  h8 archetype slot 1: [' a', ' A', 'A', 'a', ' an', ' An', 'An', ' sales']  gate=PASS
  h8 archetype slot 2: ['<|endoftext|>', '\\n', ' threw', ' may', '][', ' throw', 'throw', 'Throw']  gate=PASS
  h8 archetype slot 3: [' of', ' Of', 'of', 'Of', ' OF', 'OF', ' thereof', ' example']  gate=PASS
  h8 archetype slot 4: [' and', 'and', ' AND', ' And', 'And', ' &', ' must', ' amd']  gate=PASS
  h5 archetype slot 0: ['\\n', '<|endoftext|>', ' FIG', ' Al', ' atroc', ' The', 'The', ' Eddie']  gate=PASS
  h5 archetype slot 1: ['.', ').', "'.", ',.', '."', '%.', '].', '.).']  gate=PASS
  h5 archetype slot 2: ['-', ' St', 'St', ' -', ' –', ' st', ' —', ' --']  gate=PASS
  h5 archetype slot 3: [',', '%,', '),', '.,', '?,', '!,', '",', '],']  gate=PASS
  h5 archetype slot 4: [':', '):', '.:', '?:', '":', "':", '!:', '.):']  gate=PASS
PASS A: intact collect ...
PASS A done.
ablation pass h.L0.3 ...
ablation pass h.L0.8 ...
ablation pass h.L0.2 ...
WROTE qk_aL0_examples.json
{
 "meta": {
  "model": "bilin18",
  "held_slice": "FW[448:600,:128]",
  "conventions": "forward verbatim from qk_hub_streampairs.py/qk_unsup_classpush.py; mean-ablation = per-position mean of layer-0 yh4 over the 152 held seqs; readout = first-order unembed W_U @ write (ignores final rms/tanh); pattern is bilinear unnormalised s1*s2 (no softmax), shares use |pat|.",
  "h3_fire_threshold_top_decile_norm": 385.575
 },
 "1_hL0_3_prev_token": [
  {
   "seq": 521,
   "pos": 88,
   "snippet": " notified when Target offers are added. Read more to[ pick]>> up<<",
   "attended_prev_token": " pick",
   "prev_attention_share_abs": 0.531,
   "write_norm": 658.683,
   "top5_readout": [
    [
     "orns",
     369.648
    ],
    [
     "otten",
     349.975
    ],
    [
     "kson",
     348.621
    ],
    [
     "urer",
     337.791
    ],
    [
     "CU",
     334.639
    ]
   ],
   "readout_class_sums_top5": {
    "capital": 1076787.25,
    "word": 839845.5,
    "subword": 549134.75,
    "digit": 100503.22,
    "punct": 52426.16
   },
   "actual_next_token": " valuable",
   "local_ablation_dCE": 0.2352,
   "next_logit_delta_intact_minus_ablated": 1.106,
   "p_next_intact": 0.0003,
   "p_next_ablated": 0.0002
  },
  {
   "seq": 549,
   "pos": 41,
   "snippet": " started a thread in General Discussion to work on his[ pick]>> up<<",
   "attended_prev_token": " pick",
   "prev_attention_share_abs": 0.6,
   "write_norm": 651.13,
   "top5_readout": [
    [
     "orns",
     367.728
    ],
    [
     "kson",
     347.838
    ],
    [
     "CU",
     329.895
    ],
    [
     "aiman",
     324.818
    ],
    [
     "urer",
     320.487
    ]
   ],
   "readout_class_sums_top5": {
    "capital": 1001062.62,
    "word": 800370.75,
    "subword": 488480.72,
    "digit": 94730.12,
    "punct": 47462.95
   },
   "actual_next_token": " lines",
   "local_ablation_dCE": 2.6217,
   "next_logit_delta_intact_minus_ablated": 3.697,
   "p_next_intact": 0.0688,
   "p_next_ablated": 0.005
  }
 ],
 "2_hL0_3_capital_push": {
  "capital_due": [
   {
    "seq": 523,
    "pos": 108,
    "snippet": " Off Outdoor Furniture & More\\nFree $20 Gift>> Card<<",
    "write_norm": 612.857,
    "capital_class_sum_firstorder_from_write": 345803.78,
    "capital_class_sum_causal_ablation_deltalogit": -1253.86,
    "top5_readout": [
     [
      " Gift",
      325.963
     ],
     [
      "ospons",
      300.657
     ],
     [
      " bidding",
      299.189
     ],
     [
      " https",
      298.066
     ],
     [
      "Rh",
      295.184
     ]
    ],
    "readout_class_sums_top5": {
     "word": 389780.94,
     "capital": 345803.66,
     "subword": 292867.19,
     "digit": 24727.82,
     "other": 17101.83
    },
    "actual_next_token": " When",
    "next_class": "capital",
    "local_ablation_dCE": 1.3226,
    "next_logit_delta_intact_minus_ablated": 1.623,
    "p_next_intact": 0.0093,
    "p_next_ablated": 0.0025
   },
   {
    "seq": 595,
    "pos": 123,
    "snippet": " Tech in final round at Great Smokies\\nFresh>>man<<",
    "write_norm": 607.112,
    "capital_class_sum_firstorder_from_write": 452257.06,
    "capital_class_sum_causal_ablation_deltalogit": 2083.95,
    "top5_readout": [
     [
      "oard",
      351.723
     ],
     [
      " hitherto",
      304.977
     ],
     [
      "wikipedia",
      299.294
     ],
     [
      "onna",
      290.884
     ],
     [
      " previously",
      283.814
     ]
    ],
    "readout_class_sums_top5": {
     "capital": 452257.25,
     "word": 313119.69,
     "subword": 259902.48,
     "digit": 53217.3,
     "punct": 20042.2
    },
    "actual_next_token": " Mad",
    "next_class": "capital",
    "local_ablation_dCE": 1.1862,
    "next_logit_delta_intact_minus_ablated": 2.432,
    "p_next_intact": 0.0099,
    "p_next_ablated": 0.003
   }
  ],
  "contrast_not_due": [
   {
    "seq": 567,
    "pos": 52,
    "snippet": ". A surface street stretch between San Bernardino and La Ver>>ne<<",
    "write_norm": 640.362,
    "ca
QK AL0 EXAMPLES DONE
