Warning: You are sending unauthenticated requests to the HF Hub. Please set a HF_TOKEN to enable higher rate limits and faster downloads.
h1_k1 m=32: res 0.2260 (7s)
h1_k1 m=64: res 0.1731 (7s)
h1_k1 m=128: res 0.1286 (7s)
h1_k1 m=256: res 0.0934 (7s)
h1_k1 m=512: res 0.0671 (7s)
h1_k1 m=1024: res 0.0482 (7s) PASS
h1_k2 m=32: res 0.2312 (7s)
h1_k2 m=64: res 0.1848 (7s)
h1_k2 m=128: res 0.1151 (7s)
h1_k2 m=256: res 0.0758 (7s)
h1_k2 m=512: res 0.0470 (7s) PASS
h1_k4 m=32: res 0.2468 (7s)
h1_k4 m=64: res 0.1665 (7s)
h1_k4 m=128: res 0.1090 (7s)
h1_k4 m=256: res 0.0700 (7s)
h1_k4 m=512: res 0.0410 (7s) PASS
h1_k8 m=32: res 0.2565 (9s)
h1_k8 m=64: res 0.1614 (8s)
h1_k8 m=128: res 0.1059 (8s)
h1_k8 m=256: res 0.0640 (7s)
h1_k8 m=512: res 0.0442 (8s) PASS
h2_k1 m=32: res 0.0019 (6s) PASS
h2_k2 m=32: res 0.0023 (7s) PASS
h2_k4 m=32: res 0.0024 (8s) PASS
h2_k8 m=32: res 0.0026 (10s) PASS
h3_k1 m=32: res 0.3306 (6s)
h3_k1 m=64: res 0.2429 (7s)
h3_k1 m=128: res 0.1758 (7s)
h3_k1 m=256: res 0.1242 (6s)
h3_k1 m=512: res 0.0710 (6s)
h3_k1 m=1024: res 0.0381 (7s) PASS
h3_k2 m=32: res 0.3619 (7s)
h3_k2 m=64: res 0.2387 (7s)
h3_k2 m=128: res 0.1705 (7s)
h3_k2 m=256: res 0.0951 (6s)
h3_k2 m=512: res 0.0458 (7s) PASS
h3_k4 m=32: res 0.3747 (7s)
h3_k4 m=64: res 0.2603 (7s)
h3_k4 m=128: res 0.1749 (6s)
h3_k4 m=256: res 0.0890 (7s)
h3_k4 m=512: res 0.0387 (7s) PASS
h3_k8 m=32: res 0.3873 (9s)
h3_k8 m=64: res 0.2670 (7s)
h3_k8 m=128: res 0.1434 (7s)
h3_k8 m=256: res 0.0749 (7s)
h3_k8 m=512: res 0.0383 (8s) PASS
h5_k1 m=32: res 0.1975 (6s)
h5_k1 m=64: res 0.1117 (6s)
h5_k1 m=128: res 0.0727 (6s)
h5_k1 m=256: res 0.0513 (7s)
h5_k1 m=512: res 0.0343 (7s) PASS
h5_k2 m=32: res 0.1964 (6s)
h5_k2 m=64: res 0.1095 (7s)
h5_k2 m=128: res 0.0615 (7s)
h5_k2 m=256: res 0.0376 (7s) PASS
h5_k4 m=32: res 0.1937 (7s)
h5_k4 m=64: res 0.1114 (7s)
h5_k4 m=128: res 0.0631 (6s)
h5_k4 m=256: res 0.0330 (7s) PASS
h5_k8 m=32: res 0.2078 (9s)
h5_k8 m=64: res 0.1349 (7s)
h5_k8 m=128: res 0.0550 (7s)
h5_k8 m=256: res 0.0343 (7s) PASS
h6_k1 m=32: res 0.0893 (6s)
h6_k1 m=64: res 0.0650 (7s)
h6_k1 m=128: res 0.0516 (6s)
h6_k1 m=256: res 0.0325 (6s) PASS
h6_k2 m=32: res 0.0895 (7s)
h6_k2 m=64: res 0.0661 (6s)
h6_k2 m=128: res 0.0444 (7s) PASS
h6_k4 m=32: res 0.1041 (7s)
h6_k4 m=64: res 0.0710 (7s)
h6_k4 m=128: res 0.0487 (6s) PASS
h6_k8 m=32: res 0.1185 (9s)
h6_k8 m=64: res 0.0686 (8s)
h6_k8 m=128: res 0.0486 (7s) PASS
h7_k1 m=32: res 0.3226 (6s)
h7_k1 m=64: res 0.2313 (7s)
h7_k1 m=128: res 0.1686 (6s)
h7_k1 m=256: res 0.1232 (6s)
h7_k1 m=512: res 0.0882 (6s)
h7_k1 m=1024: res 0.0529 (6s)
h7_k1 m=2048: res 0.0387 (9s) PASS
h7_k2 m=32: res 0.3017 (7s)
h7_k2 m=64: res 0.2249 (7s)
h7_k2 m=128: res 0.1409 (7s)
h7_k2 m=256: res 0.0956 (6s)
h7_k2 m=512: res 0.0671 (7s)
h7_k2 m=1024: res 0.0411 (7s) PASS
h7_k4 m=32: res 0.3322 (7s)
h7_k4 m=64: res 0.2134 (7s)
h7_k4 m=128: res 0.1323 (7s)
h7_k4 m=256: res 0.0832 (6s)
h7_k4 m=512: res 0.0497 (7s) PASS
h7_k8 m=32: res 0.3496 (9s)
h7_k8 m=64: res 0.1992 (8s)
h7_k8 m=128: res 0.1175 (7s)
h7_k8 m=256: res 0.0692 (8s)
h7_k8 m=512: res 0.0340 (8s) PASS
h8_k1 m=32: res 0.1744 (7s)
h8_k1 m=64: res 0.0848 (7s)
h8_k1 m=128: res 0.0410 (7s) PASS
h8_k2 m=32: res 0.1766 (7s)
h8_k2 m=64: res 0.0817 (7s)
h8_k2 m=128: res 0.0383 (7s) PASS
h8_k4 m=32: res 0.2153 (7s)
h8_k4 m=64: res 0.0948 (7s)
h8_k4 m=128: res 0.0421 (7s) PASS
h8_k8 m=32: res 0.2032 (9s)
h8_k8 m=64: res 0.1038 (8s)
h8_k8 m=128: res 0.0423 (7s) PASS
h0_k1 m=32: res 0.5728 (7s)
h0_k1 m=64: res 0.5045 (7s)
h0_k1 m=128: res 0.4184 (7s)
h0_k1 m=256: res 0.3094 (7s)
h0_k1: projected res@4096 0.093 > 0.075, abandoning
h0_k2 m=32: res 0.5947 (7s)
h0_k2 m=64: res 0.4985 (6s)
h0_k2 m=128: res 0.4182 (7s)
h0_k2 m=256: res 0.2880 (6s)
h0_k2 m=512: res 0.1950 (6s)
h0_k2 m=1024: res 0.1313 (7s)
h0_k2 m=2048: res 0.0726 (9s)
h0_k2 m=4096: res 0.0600 (15s)
h0_k4 m=32: res 0.5988 (7s)
h0_k4 m=64: res 0.4797 (7s)
h0_k4 m=128: res 0.3588 (7s)
h0_k4 m=256: res 0.2891 (6s)
h0_k4: projected res@4096 0.122 > 0.075, abandoning
h0_k8 m=32: res 0.6179 (9s)
h0_k8 m=64: res 0.4726 (7s)
h0_k8 m=128: res 0.3126 (8s)
h0_k8 m=256: res 0.2314 (8s)
h0_k8 m=512: res 0.1602 (8s)
h0_k8 m=1024: res 0.0862 (9s)
h0_k8 m=2048: res 0.0565 (11s)
h0_k8 m=4096: res 0.0277 (17s) PASS
h4_k1 m=32: res 0.6742 (7s)
h4_k1 m=64: res 0.5566 (7s)
h4_k1 m=128: res 0.4944 (6s)
h4_k1 m=256: res 0.3525 (7s)
h4_k1: projected res@4096 0.091 > 0.075, abandoning
h4_k2 m=32: res 0.7124 (6s)
h4_k2 m=64: res 0.5500 (7s)
h4_k2 m=128: res 0.4148 (7s)
h4_k2 m=256: res 0.3270 (6s)
h4_k2: projected res@4096 0.126 > 0.075, abandoning
h4_k4 m=32: res 0.7277 (7s)
h4_k4 m=64: res 0.5843 (7s)
h4_k4 m=128: res 0.4324 (7s)
h4_k4 m=256: res 0.3055 (7s)
h4_k4: projected res@4096 0.076 > 0.075, abandoning
h4_k8 m=32: res 0.7139 (9s)
h4_k8 m=64: res 0.5669 (8s)
h4_k8 m=128: res 0.3799 (7s)
h4_k8 m=256: res 0.2905 (8s)
h4_k8: projected res@4096 0.099 > 0.075, abandoning
h0 prune (fresh_m4096): 16:0.989 32:0.982 64:0.936 128:0.840 256:0.762 512:0.604 1024:0.466 2048:0.220 4096:0.028
h1 prune (fresh_m2048): 16:1.024 32:0.632 64:0.526 128:0.384 256:0.267 512:0.162 1024:0.068 2048:0.010
h2 prune (fresh_m2048): 16:0.007 32:0.006 64:0.005 128:0.004 256:0.002 512:0.001 1024:0.001 2048:0.000
h3 prune (fresh_m2048): 16:0.802 32:0.616 64:0.543 128:0.438 256:0.301 512:0.186 1024:0.081 2048:0.010
h4 prune (fresh_m4096): 16:1.036 32:0.963 64:0.883 128:0.761 256:0.669 512:0.560 1024:0.367 2048:0.192 4096:0.028
h5 prune (fresh_m2048): 16:0.828 32:0.553 64:0.422 128:0.320 256:0.203 512:0.100 1024:0.049 2048:0.006
h6 prune (fresh_m2048): 16:0.820 32:0.560 64:0.410 128:0.193 256:0.125 512:0.073 1024:0.035 2048:0.006
h7 prune (fresh_m2048): 16:1.404 32:0.896 64:0.733 128:0.511 256:0.334 512:0.211 1024:0.089 2048:0.012
h8 prune (fresh_m2048): 16:0.727 32:0.673 64:0.576 128:0.344 256:0.139 512:0.056 1024:0.022 2048:0.002
CAPACITY FRONTIER DONE
