GPU guard: 15841 MiB free -- proceeding.
Warning: You are sending unauthenticated requests to the HF Hub. Please set a HF_TOKEN to enable higher rate limits and faster downloads.
MLP dirs ready.
PASS A ...
PASS A done.
TARGETS: ['h.L0.3', 'mlp.L17.d2', 'mlp.L17.d1', 'h.L8.7', 'h.L11.2', 'h.L8.3', 'mlp.L17.d3', 'h.L13.8', 'h.L0.8', 'h.L4.1']

=== h.L0.3 (kind=head L0) ===
  solo dCE 0.389+-0.082 | trig cur_purity 0.12 classes {'space_pref': 0.39, 'capital': 0.07, 'digit': 0.06, 'punct': 0.01}
  OUTPUT top1 0.00 tok80 24782 entropy 10.49 boostclasses {'capital': 0.42, 'punct': 0.08}
  REDUNDANCY ratio joint/Σsolo = 1.28 (joint 0.519 Σsolo 0.406)

=== mlp.L17.d2 (kind=mlp L17) ===
  solo dCE 0.367+-0.070 | trig cur_purity 0.71 classes {'newline': 0.69, 'space_pref': 0.18, 'punct': 0.1, 'capital': 0.02}
  OUTPUT top1 0.00 tok80 29408 entropy 10.64 boostclasses {'capital': 0.5, 'punct': 0.33, 'space_pref': 0.08}
  COMPOSITION act_retained 1.001 effect_retained_under_upstream_lesion 1.003
  REDUNDANCY ratio joint/Σsolo = 2.03 (joint 1.129 Σsolo 0.557)

=== mlp.L17.d1 (kind=mlp L17) ===
  solo dCE 0.255+-0.057 | trig cur_purity 0.66 classes {'punct': 0.88, 'newline': 0.12, 'space_pref': 0.06}
  OUTPUT top1 0.00 tok80 19886 entropy 10.28 boostclasses {'capital': 0.92, 'space_pref': 0.83, 'punct': 0.08}
  COMPOSITION act_retained 1.001 effect_retained_under_upstream_lesion 1.001
  REDUNDANCY ratio joint/Σsolo = 2.19 (joint 0.978 Σsolo 0.446)

=== h.L8.7 (kind=head L8) ===
  solo dCE 0.243+-0.052 | trig cur_purity 0.39 classes {'space_pref': 0.55, 'punct': 0.44, 'digit': 0.04, 'newline': 0.03, 'capital': 0.02}
  OUTPUT top1 0.00 tok80 11928 entropy 9.79 boostclasses {'punct': 0.5, 'space_pref': 0.33, 'capital': 0.08}
  COMPOSITION act_retained 0.978 effect_retained_under_upstream_lesion 1.053
  REDUNDANCY ratio joint/Σsolo = 1.35 (joint 0.444 Σsolo 0.328)

=== h.L11.2 (kind=head L11) ===
  solo dCE 0.239+-0.042 | trig cur_purity 0.04 classes {'space_pref': 0.74, 'capital': 0.13, 'punct': 0.03, 'digit': 0.03}
  OUTPUT top1 0.00 tok80 13736 entropy 9.93 boostclasses {'space_pref': 0.08}
  COMPOSITION act_retained 0.973 effect_retained_under_upstream_lesion 1.014
  REDUNDANCY ratio joint/Σsolo = 1.09 (joint 0.307 Σsolo 0.280)

=== h.L8.3 (kind=head L8) ===
  solo dCE 0.182+-0.039 | trig cur_purity 0.19 classes {'space_pref': 0.47, 'capital': 0.27, 'punct': 0.26, 'newline': 0.14, 'digit': 0.06}
  OUTPUT top1 0.00 tok80 31467 entropy 10.71 boostclasses {'capital': 0.42}
  COMPOSITION act_retained 0.944 effect_retained_under_upstream_lesion 1.538
  REDUNDANCY ratio joint/Σsolo = 1.83 (joint 0.469 Σsolo 0.256)

=== mlp.L17.d3 (kind=mlp L17) ===
  solo dCE 0.167+-0.043 | trig cur_purity 0.27 classes {'space_pref': 0.42, 'punct': 0.33, 'newline': 0.14, 'capital': 0.1, 'digit': 0.1}
  OUTPUT top1 0.00 tok80 25867 entropy 10.54 boostclasses {'space_pref': 0.92, 'capital': 0.5, 'punct': 0.17}
  COMPOSITION act_retained 0.995 effect_retained_under_upstream_lesion 0.964
  REDUNDANCY ratio joint/Σsolo = 1.66 (joint 0.594 Σsolo 0.358)

=== h.L13.8 (kind=head L13) ===
  solo dCE 0.133+-0.044 | trig cur_purity 0.03 classes {'space_pref': 0.67, 'capital': 0.12, 'digit': 0.11, 'punct': 0.03, 'newline': 0.01}
  OUTPUT top1 0.00 tok80 27879 entropy 10.60 boostclasses {'punct': 1.0}
  COMPOSITION act_retained 0.987 effect_retained_under_upstream_lesion 1.119
  REDUNDANCY ratio joint/Σsolo = 1.03 (joint 0.143 Σsolo 0.139)

=== h.L0.8 (kind=head L0) ===
  solo dCE 0.106+-0.029 | trig cur_purity 0.18 classes {'space_pref': 0.95, 'punct': 0.04, 'newline': 0.01}
  OUTPUT top1 0.00 tok80 12711 entropy 9.85 boostclasses {'space_pref': 0.33, 'punct': 0.08, 'capital': 0.08}
  REDUNDANCY ratio joint/Σsolo = 2.13 (joint 0.378 Σsolo 0.177)

=== h.L4.1 (kind=head L4) ===
  solo dCE 0.073+-0.022 | trig cur_purity 0.30 classes {'space_pref': 0.95, 'digit': 0.06, 'capital': 0.04, 'punct': 0.01}
  OUTPUT top1 0.00 tok80 10196 entropy 9.64 boostclasses {'space_pref': 0.42, 'punct': 0.17}
  COMPOSITION act_retained 1.009 effect_retained_under_upstream_lesion 3.323
  REDUNDANCY ratio joint/Σsolo = 2.57 (joint 0.215 Σsolo 0.084)

===== HARDNESS TYPE ASSIGNMENTS =====
  h.L0.3       dCE=0.389 clean=0.022 -> ['impure/multi-class-trigger', 'distributed/multi-class-output']
  mlp.L17.d2   dCE=0.367 clean=0.035 -> ['impure/multi-class-trigger', 'distributed/multi-class-output', 'redundant(joint>>Σsolo)']
  mlp.L17.d1   dCE=0.255 clean=0.044 -> ['distributed/multi-class-output', 'redundant(joint>>Σsolo)']
  h.L8.7       dCE=0.243 clean=0.023 -> ['distributed/multi-class-output']
  h.L11.2      dCE=0.239 clean=0.005 -> ['impure/multi-class-trigger', 'distributed/multi-class-output']
  h.L8.3       dCE=0.182 clean=0.040 -> ['impure/multi-class-trigger', 'distributed/multi-class-output', 'redundant(joint>>Σsolo)']
  mlp.L17.d3   dCE=0.167 clean=0.047 -> ['impure/multi-class-trigger', 'distributed/multi-class-output', 'redundant(joint>>Σsolo)']
  h.L13.8      dCE=0.133 clean=0.025 -> ['impure/multi-class-trigger', 'distributed/multi-class-output']
  h.L0.8       dCE=0.105 clean=0.016 -> ['impure/multi-class-trigger', 'distributed/multi-class-output', 'redundant(joint>>Σsolo)']
  h.L4.1       dCE=0.073 clean=0.028 -> ['distributed/multi-class-output', 'redundant(joint>>Σsolo)']

Saved qk_census_difficulty_2.json
QK CENSUS DIFFICULTY 2 DONE
