Warning: You are sending unauthenticated requests to the HF Hub. Please set a HF_TOKEN to enable higher rate limits and faster downloads.
[transformers] Token indices sequence length is longer than the specified maximum sequence length for this model (1912 > 1024). Running this sequence through the model will result in indexing errors
50000 docs, 6304 seqs
55000 docs, 12887 seqs
60000 docs, 19917 seqs
65000 docs, 26584 seqs
70000 docs, 33186 seqs
75000 docs, 39368 seqs
saved /workspace/tensor_language/basis_aligned/qk_mdl/corpus_fresh/shard00.npy (45000, 513) (total 45000)
80000 docs, 46562 seqs
85000 docs, 53069 seqs
90000 docs, 59931 seqs
95000 docs, 66773 seqs
100000 docs, 73526 seqs
105000 docs, 80644 seqs
110000 docs, 87560 seqs
saved /workspace/tensor_language/basis_aligned/qk_mdl/corpus_fresh/shard01.npy (45000, 513) (total 90000)
115000 docs, 94585 seqs
120000 docs, 101233 seqs
125000 docs, 107909 seqs
130000 docs, 114495 seqs
135000 docs, 121445 seqs
140000 docs, 128173 seqs
saved /workspace/tensor_language/basis_aligned/qk_mdl/corpus_fresh/shard02.npy (45000, 513) (total 135000)
145000 docs, 135054 seqs
150000 docs, 141563 seqs
155000 docs, 148332 seqs
160000 docs, 155113 seqs
165000 docs, 161826 seqs
170000 docs, 168402 seqs
175000 docs, 175281 seqs
saved /workspace/tensor_language/basis_aligned/qk_mdl/corpus_fresh/shard03.npy (45000, 513) (total 180000)
180000 docs, 181658 seqs
185000 docs, 188596 seqs
190000 docs, 194959 seqs
195000 docs, 202200 seqs
200000 docs, 209321 seqs
205000 docs, 216172 seqs
210000 docs, 223113 seqs
saved /workspace/tensor_language/basis_aligned/qk_mdl/corpus_fresh/shard04.npy (45000, 513) (total 225000)
215000 docs, 229703 seqs
220000 docs, 236584 seqs
225000 docs, 243186 seqs
230000 docs, 249915 seqs
235000 docs, 256262 seqs
240000 docs, 262908 seqs
245000 docs, 269529 seqs
saved /workspace/tensor_language/basis_aligned/qk_mdl/corpus_fresh/shard05.npy (45000, 513) (total 270000)
250000 docs, 276330 seqs
255000 docs, 282891 seqs
260000 docs, 290066 seqs
265000 docs, 296471 seqs
saved /workspace/tensor_language/basis_aligned/qk_mdl/corpus_fresh/shard06.npy (30000, 513) (total 300000)
done: 300000 seqs through doc 267574
Fatal Python error: PyGILState_Release: thread state 0x79ec900048a0 must be current when releasing
Python runtime state: finalizing (tstate=0x00006186d6d555d0)

Thread 0x000079ee12124740 (most recent call first):
  <no Python frame>

Extension modules: numpy._core._multiarray_umath, numpy.linalg._umath_linalg, pyarrow.lib, numpy.random._common, numpy.random.bit_generator, numpy.random._bounded_integers, numpy.random._pcg64, numpy.random._generator, numpy.random._mt19937, numpy.random._philox, numpy.random._sfc64, numpy.random.mtrand, _cyutility, pandas._libs._cyutility, pandas._libs.tslibs.ccalendar, pandas._libs.tslibs.np_datetime, pandas._libs.tslibs.dtypes, pandas._libs.tslibs.base, pandas._libs.tslibs.nattype, pandas._libs.tslibs.timezones, pandas._libs.properties, pandas._libs.tslibs.fields, pandas._libs.tslibs.timedeltas, pandas._libs.tslibs.tzconversion, pandas._libs.tslibs.timestamps, pandas._libs.tslibs.offsets, pandas._libs.tslibs.strptime, pandas._libs.tslibs.parsing, pandas._libs.tslibs.conversion, pandas._libs.tslibs.period, pandas._libs.tslibs.vectorized, pandas._libs.ops_dispatch, pandas._libs.missing, pandas._libs.hashtable, pandas._libs.algos, pandas._libs.interval, pandas._libs.lib, pyarrow._compute, pandas._libs.ops, pandas._libs.hashing, pandas._libs.arrays, pandas._libs.tslib, pandas._libs.sparse, pandas._libs.internals, pandas._libs.indexing, pandas._libs.index, pandas._libs.writers, pandas._libs.join, pandas._libs.window.aggregations, pandas._libs.window.indexers, pandas._libs.reshape, pandas._libs.groupby, pandas._libs.json, pandas._libs.parsers, pandas._libs.testing, pyarrow._acero, pyarrow._fs, pyarrow._csv, pyarrow._json, pyarrow._substrait, pyarrow._dataset, pyarrow._dataset_orc, pyarrow._parquet, pyarrow._azurefs, pyarrow._hdfs, pyarrow._gcsfs, pyarrow._s3fs, pyarrow._parquet_encryption, pyarrow._dataset_parquet_encryption, pyarrow._dataset_parquet, yaml._yaml, charset_normalizer.md, charset_normalizer.cd, multidict._multidict, yarl._quoting_c, propcache._helpers_c, aiohttp._http_writer, aiohttp._http_parser, aiohttp._websocket.mask, aiohttp._websocket.reader_c, frozenlist._frozenlist, xxhash._xxhash, regex._regex, markupsafe._speedups, PIL._imaging, torch._C, torch._C._dynamo.autograd_compiler, torch._C._dynamo.eval_frame, torch._C._dynamo.guards, torch._C._dynamo.utils, torch._C._fft, torch._C._linalg, torch._C._nested, torch._C._nn, torch._C._sparse, torch._C._special, cuda.bindings._bindings.cydriver, cuda.bindings.cydriver, cuda.bindings.driver, cuda.bindings._bindings.cyruntime_ptds, cuda.bindings._bindings.cyruntime, cuda.bindings.cyruntime, cuda.bindings.runtime, sklearn.__check_build._check_build, scipy._cyutility, scipy._lib._ccallback_c, scipy.sparse._sparsetools, _csparsetools, scipy.sparse._csparsetools, psutil._psutil_linux, scipy.special._ufuncs_cxx, scipy.linalg._fblas, scipy.linalg._flapack, scipy.linalg._batched_linalg, scipy.linalg._cythonized_array_utils, scipy.linalg._solve_toeplitz, scipy.linalg._internal_matfuncs, scipy.linalg._linalg_pythran, scipy.linalg.cython_blas, scipy.linalg.cython_lapack, scipy.linalg._decomp_update, scipy.special._ellip_harm_2, scipy.special._special_ufuncs, scipy.special._gufuncs, scipy.special._ufuncs, scipy.special._specfun, scipy.special._comb, scipy.sparse.linalg._dsolve._superlu, scipy.sparse.linalg._eigen.arpack._arpacklib, scipy.sparse.linalg._propack, scipy.spatial._ckdtree, scipy.spatial._hausdorff, scipy.spatial._distance_wrap, scipy._lib.messagestream, scipy.spatial._qhull, scipy.spatial._voronoi, scipy.spatial.transform._rotation_cy, scipy.spatial.transform._rigid_transform_cy, scipy.optimize._group_columns, scipy.optimize._trlib._trlib, scipy.optimize._lbfgsb, _moduleTNC, scipy.optimize._moduleTNC, scipy.optimize._slsqplib, scipy.optimize._minpack, scipy.optimize._lsq.givens_elimination, scipy.optimize._zeros, scipy._lib._uarray._uarray, scipy.linalg._decomp_interpolative, scipy.optimize._bglu_dense, scipy.optimize._lsap, scipy.optimize._direct, scipy.integrate._odepack, scipy.integrate._quadpack, scipy.integrate._vode, scipy.integrate._dop, scipy.interpolate._fitpack, scipy.interpolate._dierckx, scipy.interpolate._ppoly, scipy.interpolate._interpnd, scipy.interpolate._rbfinterp_pythran, scipy.interpolate._rgi_cython, scipy.special.cython_special, scipy.stats._stats, scipy.stats._biasedurn, scipy.stats._levy_stable.levyst, scipy.stats._stats_pythran, scipy.stats._ansari_swilk_statistics, scipy.sparse.csgraph._tools, scipy.sparse.csgraph._shortest_path, scipy.sparse.csgraph._traversal, scipy.sparse.csgraph._min_spanning_tree, scipy.sparse.csgraph._flow, scipy.sparse.csgraph._matching, scipy.sparse.csgraph._reordering, scipy.stats._sobol, scipy.stats._qmc_cy, scipy.stats._rcont.rcont, scipy.stats._qmvnt_cy, scipy.ndimage._nd_image, scipy.ndimage._rank_filter_1d, _ni_label, scipy.ndimage._ni_label, sklearn._cyutility, sklearn.utils._isfinite, sklearn.utils.sparsefuncs_fast, sklearn.utils.murmurhash, sklearn.utils._openmp_helpers, sklearn.metrics.cluster._expected_mutual_info_fast, sklearn.metrics._dist_metrics, sklearn.metrics._pairwise_distances_reduction._datasets_pair, sklearn.utils._cython_blas, sklearn.metrics._pairwise_distances_reduction._base, sklearn.metrics._pairwise_distances_reduction._middle_term_computer, sklearn.utils._heap, sklearn.utils._sorting, sklearn.metrics._pairwise_distances_reduction._argkmin, sklearn.metrics._pairwise_distances_reduction._argkmin_classmode, sklearn.utils._vector_sentinel, sklearn.metrics._pairwise_distances_reduction._radius_neighbors, sklearn.metrics._pairwise_distances_reduction._radius_neighbors_classmode, sklearn.metrics._pairwise_fast, sklearn.preprocessing._csr_polynomial_expansion, sklearn.preprocessing._target_encoder_fast, sentencepiece._sentencepiece, scipy.io.matlab._mio_utils, scipy.io.matlab._streams, scipy.io.matlab._mio5_utils (total: 208)
