GPU guard: 15841 MiB free -- proceeding.
Warning: You are sending unauthenticated requests to the HF Hub. Please set a HF_TOKEN to enable higher rate limits and faster downloads.
bilin18 NL=18 D=1152 held 152x128; blocks [4, 5, 6, 7, 8, 10, 12, 14]
PASS 0: per-position mlp-output means for target blocks ...
BASE ...
base CE 3.4946
41 configs x 26 batches ...
  batch 1/26 (2s)
  batch 6/26 (11s)
  batch 11/26 (20s)
  batch 16/26 (30s)
  batch 21/26 (39s)
  batch 26/26 (47s)
forwards done (47s)
  sanity_freeze_all_no_ablate  dCE +0.0000 +- 0.00000
  k4_total_damage              dCE +0.1481 +- 0.00414
  k4_restore_at_5              dCE -0.0000 +- 0.00000
  k4_freeze_next_mlp5          dCE +0.0724 +- 0.00282
  k4_direct_only               dCE +0.0003 +- 0.00028
  k4_restore_at_7              dCE +0.0914 +- 0.00330
  k5_total_damage              dCE +0.0928 +- 0.00329
  k5_restore_at_6              dCE -0.0000 +- 0.00000
  k5_freeze_next_mlp6          dCE +0.0453 +- 0.00227
  k5_direct_only               dCE +0.0018 +- 0.00057
  k5_restore_at_8              dCE +0.0509 +- 0.00234
  k6_total_damage              dCE +0.0832 +- 0.00302
  k6_restore_at_7              dCE -0.0000 +- 0.00000
  k6_freeze_next_mlp7          dCE +0.0410 +- 0.00215
  k6_direct_only               dCE +0.0039 +- 0.00071
  k6_restore_at_9              dCE +0.0357 +- 0.00194
  k7_total_damage              dCE +0.0601 +- 0.00256
  k7_restore_at_8              dCE -0.0000 +- 0.00000
  k7_freeze_next_mlp8          dCE +0.0364 +- 0.00199
  k7_direct_only               dCE +0.0072 +- 0.00088
  k7_restore_at_10             dCE +0.0242 +- 0.00161
  k8_total_damage              dCE +0.0511 +- 0.00242
  k8_restore_at_9              dCE +0.0000 +- 0.00000
  k8_freeze_next_mlp9          dCE +0.0337 +- 0.00199
  k8_direct_only               dCE +0.0132 +- 0.00117
  k8_restore_at_11             dCE +0.0218 +- 0.00155
  k10_total_damage             dCE +0.0465 +- 0.00228
  k10_restore_at_11            dCE -0.0000 +- 0.00000
  k10_freeze_next_mlp11        dCE +0.0331 +- 0.00192
  k10_direct_only              dCE +0.0222 +- 0.00157
  k10_restore_at_13            dCE +0.0165 +- 0.00129
  k12_total_damage             dCE +0.0437 +- 0.00223
  k12_restore_at_13            dCE -0.0000 +- 0.00000
  k12_freeze_next_mlp13        dCE +0.0326 +- 0.00193
  k12_direct_only              dCE +0.0457 +- 0.00227
  k12_restore_at_15            dCE +0.0103 +- 0.00101
  k14_total_damage             dCE +0.0299 +- 0.00194
  k14_restore_at_15            dCE +0.0000 +- 0.00000
  k14_freeze_next_mlp15        dCE +0.0228 +- 0.00173
  k14_direct_only              dCE +0.0273 +- 0.00182
  k14_restore_at_17            dCE +0.0139 +- 0.00119
k= 4 floor +0.1481 (census +0.1481, diff 0.0000, PASS) | next-square frac 0.511 | direct frac 0.002 | first-two-consumers frac 0.617 | exact gate -0.0000
k= 5 floor +0.0928 (census +0.0928, diff 0.0000, PASS) | next-square frac 0.512 | direct frac 0.019 | first-two-consumers frac 0.548 | exact gate -0.0000
k= 6 floor +0.0832 (census +0.0832, diff 0.0000, PASS) | next-square frac 0.507 | direct frac 0.047 | first-two-consumers frac 0.429 | exact gate -0.0000
k= 7 floor +0.0601 (census +0.0601, diff 0.0000, PASS) | next-square frac 0.394 | direct frac 0.120 | first-two-consumers frac 0.403 | exact gate -0.0000
k= 8 floor +0.0511 (census +0.0511, diff 0.0000, PASS) | next-square frac 0.341 | direct frac 0.258 | first-two-consumers frac 0.427 | exact gate +0.0000
k=10 floor +0.0465 (census +0.0465, diff 0.0000, PASS) | next-square frac 0.288 | direct frac 0.477 | first-two-consumers frac 0.355 | exact gate -0.0000
k=12 floor +0.0437 (census +0.0437, diff 0.0000, PASS) | next-square frac 0.254 | direct frac 1.046 | first-two-consumers frac 0.236 | exact gate -0.0000
k=14 floor +0.0299 (census +0.0300, diff 0.0001, PASS) | next-square frac 0.237 | direct frac 0.913 | first-two-consumers frac 0.465 | exact gate +0.0000
ALL GATES PASS: floors reproduce census to three decimals; restore_(k+1) ~ 0
Saved /workspace/tensor_language/basis_aligned/qk_mdl/qk_cascade_end.json
QK CASCADE END (script 1) DONE
