Warning: You are sending unauthenticated requests to the HF Hub. Please set a HF_TOKEN to enable higher rate limits and faster downloads.
baseline CE fineweb 3.0763
=== n1024_k8_R1C0B0 (455.4 Mbit)
  loaded cached seed-0 n=1024 k=8 fits
  dCE +0.0103
=== n1024_k8_R0C1B0 (455.4 Mbit)
  dCE +0.0059
=== n1024_k8_R0C0B1 (455.4 Mbit)
  dCE +0.0051
=== n1024_k8_R1C1B0 (455.4 Mbit)
  dCE +0.0081
=== n1024_k8_R1C1B1 (455.4 Mbit)
  dCE +0.0082
=== n1024_k8_R1C0B1 (455.4 Mbit)
  dCE +0.0088
=== n1024_k8_R0C1B1 (455.4 Mbit)
  dCE +0.0051
=== n1024_k8_R0C0B0 (455.4 Mbit)
  dCE +0.0055
=== n4096_k16_R1C0B0 (1241.6 Mbit)
  fitted 18 head-branches (MSE)
  dCE +0.0085
=== n4096_k16_R0C1B0 (1241.6 Mbit)
  dCE +0.0052
=== n4096_k16_R0C0B1 (1241.6 Mbit)
  dCE +0.0040
=== n4096_k16_R1C1B0 (1241.6 Mbit)
  dCE +0.0089
=== n4096_k16_R1C1B1 (1241.6 Mbit)
  dCE +0.0085
=== n4096_k16_R1C0B1 (1241.6 Mbit)
  dCE +0.0057
=== n4096_k16_R0C1B1 (1241.6 Mbit)
  dCE +0.0040
=== n4096_k16_R0C0B0 (1241.6 Mbit)
  dCE +0.0057

ctx-refine factorial complete
