[20:47:09] === archetype-extraction chain (pid 1108056) ===
[20:47:09] gating: need 0 GPU apps AND >=8000 MiB free AND no other qk_dgp/tf chain, 3 consecutive 60s checks
[20:47:09]   gate: gpu_apps=0 free=15841MiB other_chains=0 ok=1
[20:48:09]   gate: gpu_apps=0 free=15841MiB other_chains=0 ok=2
[20:49:09]   gate: gpu_apps=0 free=15841MiB other_chains=0 ok=3
[20:49:09] gate OPEN
[20:49:09] smoke run (oracle + tiny recovered assembly)
[20:49:15] smoke OK
[20:49:15] committed
[20:49:17] pushed
[20:49:17] running qk_dgp_extract.py --stage oracle
[20:49:24] stage oracle finished OK
[20:49:24] stage oracle numbers: identifiable: gap 4e-06 PASS; overlap: gap -4e-06 PASS; gate PASS
[20:49:24] committed
[20:49:26] pushed
[20:49:26] running qk_dgp_extract.py --stage identifiable
[20:51:04] stage identifiable finished OK
[20:51:04] stage identifiable numbers: learned: machine 5.56947 vs model 5.06407 (gap 0.5054); semi: machine 5.07765 vs model 5.06071 (gap 0.01694); consistency_oracle_components_semi: machine 5.36729 vs model 5.06071 (gap 0.30658)
[20:51:04] committed
[20:51:05] pushed
[20:51:05] running qk_dgp_extract.py --stage overlap
[20:52:40] stage overlap finished OK
[20:52:40] stage overlap numbers: learned: machine 3.99589 vs model 3.71606 (gap 0.27983); semi: machine 4.00469 vs model 3.70666 (gap 0.29803); consistency_oracle_components_semi: machine 4.18511 vs model 3.70666 (gap 0.47844)
