[19:36:57] === planted-modular DGP chain (pid 1090815) ===
[19:36:57] gating: need 0 GPU apps AND >=10000 MiB free AND no tf_* chain, 3 consecutive 60s checks
[19:36:57]   gate: gpu_apps=0 free=15841MiB tf_chains=0 ok=1
[19:37:57]   gate: gpu_apps=0 free=15841MiB tf_chains=0 ok=2
[19:38:57]   gate: gpu_apps=0 free=15841MiB tf_chains=0 ok=3
[19:38:57] gate OPEN
[19:38:57] analytic controls, both variants (hard-stop rules per variant)
[19:39:04] controls: identifiable pass=True overlap pass=True
[19:39:04] committed
[19:39:05] pushed
[19:39:05] running qk_dgp_modular.py --variant identifiable --arm semi
[19:42:10] cell identifiable/semi finished OK
[19:42:10] cell identifiable/semi numbers: held CE 5.03582 paired gap 0.00242 task gate PASS; D1 frac>=0.9 0.6667 (ceiling 1.0); D3 codable 5/121; D4 sel-vs-pca top2 1.268 sel-vs-shrink top2 0.954
[19:42:10] committed
[19:42:12] pushed
[19:42:12] running qk_dgp_modular.py --variant identifiable --arm learned
[19:45:23] cell identifiable/learned finished OK
[19:45:23] cell identifiable/learned numbers: held CE 5.03931 paired gap 0.00591 task gate PASS; D2 frac>=0.9 0.875
[19:45:23] committed
[19:45:24] pushed
[19:45:24] running qk_dgp_modular.py --variant overlap --arm semi
[19:48:29] cell overlap/semi finished OK
[19:48:29] cell overlap/semi numbers: held CE 3.71091 paired gap 0.00548 task gate PASS; D1 frac>=0.9 0.0 (ceiling 0.9583); D3 codable 0/112; D4 sel-vs-pca top2 1.581 sel-vs-shrink top2 0.374
[19:48:29] committed
[19:48:30] pushed
[19:48:30] running qk_dgp_modular.py --variant overlap --arm learned
[19:51:36] cell overlap/learned finished OK
[19:51:36] cell overlap/learned numbers: held CE 3.71999 paired gap 0.01456 task gate PASS; D2 frac>=0.9 0.0
[19:51:36] committed
[19:51:39] pushed
[19:51:39] === chain done ===
