deeproute run: depth 12, 4122 steps (6 epochs), sweep lrs [0.0005, 0.001, 0.002, 0.003] x 400 steps, batch 8
GPU guard: 15571 MiB free -- proceeding.
control V1==A: max |logit diff| 0.00e+00
control V5(identity proj)==A: max |logit diff| 0.00e+00
control V6(full mask)==A: max |logit diff| 0.00e+00
-- V1 sweep lr 0.0005
GPU guard: 15255 MiB free -- proceeding.
  V1 step 0/400 loss 10.9266 (ema 10.9266) 0s mem 5709MiB
  V1 step 100/400 loss 7.6527 (ema 9.2140) 8s mem 6131MiB
  V1 step 200/400 loss 7.3343 (ema 7.4059) 15s mem 6131MiB
  V1 step 300/400 loss 6.8421 (ema 6.7926) 22s mem 6131MiB
  sweep V1 lr 0.0005: held100 CE 6.4883 (0 spikes)
-- V1 sweep lr 0.001
GPU guard: 14155 MiB free -- proceeding.
  V1 step 0/400 loss 10.9266 (ema 10.9266) 0s mem 6131MiB
  V1 step 100/400 loss 7.1472 (ema 8.6267) 7s mem 6131MiB
  V1 step 200/400 loss 7.1816 (ema 7.1321) 15s mem 6131MiB
  V1 step 300/400 loss 6.7538 (ema 6.6501) 22s mem 6131MiB
  sweep V1 lr 0.001: held100 CE 6.3393 (0 spikes)
-- V1 sweep lr 0.002
GPU guard: 14175 MiB free -- proceeding.
  V1 step 0/400 loss 10.9266 (ema 10.9266) 0s mem 6131MiB
  V1 step 100/400 loss 6.8955 (ema 8.2466) 8s mem 6131MiB
  V1 step 200/400 loss 7.1474 (ema 7.0054) 15s mem 6131MiB
  V1 step 300/400 loss 6.7784 (ema 6.6499) 22s mem 6131MiB
  sweep V1 lr 0.002: held100 CE 6.3027 (0 spikes)
-- V1 sweep lr 0.003
GPU guard: 14235 MiB free -- proceeding.
  V1 step 0/400 loss 10.9266 (ema 10.9266) 0s mem 6131MiB
  V1 step 100/400 loss 7.2217 (ema 8.3044) 7s mem 6131MiB
  V1 step 200/400 loss 7.3426 (ema 7.2335) 15s mem 6131MiB
  V1 step 300/400 loss 6.9287 (ema 6.8340) 22s mem 6131MiB
  sweep V1 lr 0.003: held100 CE 6.4322 (0 spikes)
==== training V1 full run (lr 0.002) ====
GPU guard: 14175 MiB free -- proceeding.
  V1 step 0/4122 loss 10.9266 (ema 10.9266) 0s mem 6131MiB
  V1 step 200/4122 loss 7.1474 (ema 7.0054) 15s mem 6131MiB
  V1 step 400/4122 loss 6.7227 (ema 6.5136) 30s mem 6131MiB
  V1 step 600/4122 loss 6.0595 (ema 6.2845) 45s mem 6131MiB
  V1 step 800/4122 loss 5.8773 (ema 5.9701) 60s mem 6131MiB
  V1 step 1000/4122 loss 6.0283 (ema 5.9289) 74s mem 6131MiB
  V1 step 1200/4122 loss 5.8599 (ema 5.8653) 89s mem 6131MiB
  V1 step 1400/4122 loss 5.4840 (ema 5.6403) 104s mem 6131MiB
  V1 step 1600/4122 loss 5.5428 (ema 5.4938) 119s mem 6131MiB
  V1 step 1800/4122 loss 5.6283 (ema 5.5058) 138s mem 6131MiB
  V1 step 2000/4122 loss 5.7002 (ema 5.4746) 153s mem 6131MiB
  V1 step 2000 held100 CE 5.7253
  V1 step 2200/4122 loss 5.2816 (ema 5.1443) 169s mem 6131MiB
  V1 step 2400/4122 loss 5.2778 (ema 5.1261) 183s mem 6131MiB
  V1 step 2600/4122 loss 5.3108 (ema 5.1522) 198s mem 6131MiB
  V1 step 2800/4122 loss 4.6183 (ema 4.8600) 213s mem 6131MiB
  V1 step 3000/4122 loss 4.7069 (ema 4.7378) 228s mem 6131MiB
  V1 step 3200/4122 loss 5.0272 (ema 4.8020) 243s mem 6131MiB
  V1 step 3400/4122 loss 5.0209 (ema 4.7591) 258s mem 6131MiB
  V1 step 3600/4122 loss 4.4254 (ema 4.4538) 273s mem 6131MiB
  V1 step 3800/4122 loss 4.3144 (ema 4.4310) 287s mem 6131MiB
  V1 step 4000/4122 loss 4.1790 (ema 4.4343) 302s mem 6131MiB
  V1 step 4000 held100 CE 5.7389
== V1 FINAL held CE 5.71048  (314s, 0 spikes)
-- V2 sweep lr 0.0005
GPU guard: 14195 MiB free -- proceeding.
  V2 step 0/400 loss 10.9266 (ema 10.9266) 0s mem 6136MiB
  V2 step 100/400 loss 10.2913 (ema 10.6815) 9s mem 6526MiB
  V2 step 200/400 loss 9.4007 (ema 9.5206) 17s mem 6526MiB
  V2 step 300/400 loss 8.8051 (ema 8.7527) 26s mem 6526MiB
  sweep V2 lr 0.0005: held100 CE 8.4274 (0 spikes)
-- V2 sweep lr 0.001
GPU guard: 14207 MiB free -- proceeding.
  V2 step 0/400 loss 10.9266 (ema 10.9266) 0s mem 6526MiB
  V2 step 100/400 loss 9.5647 (ema 10.3885) 9s mem 6526MiB
  V2 step 200/400 loss 9.0728 (ema 9.0695) 17s mem 6526MiB
  V2 step 300/400 loss 8.4378 (ema 8.3871) 26s mem 6526MiB
  sweep V2 lr 0.001: held100 CE 8.0850 (0 spikes)
-- V2 sweep lr 0.002
GPU guard: 14185 MiB free -- proceeding.
  V2 step 0/400 loss 10.9266 (ema 10.9266) 0s mem 6526MiB
  V2 step 100/400 loss 8.9025 (ema 9.9590) 9s mem 6526MiB
  V2 step 200/400 loss 8.7559 (ema 8.7039) 17s mem 6526MiB
  V2 step 300/400 loss 8.1870 (ema 8.1077) 26s mem 6526MiB
  sweep V2 lr 0.002: held100 CE 7.8271 (0 spikes)
-- V2 sweep lr 0.003
GPU guard: 14167 MiB free -- proceeding.
  V2 step 0/400 loss 10.9266 (ema 10.9266) 0s mem 6526MiB
  V2 step 100/400 loss 8.6886 (ema 9.7362) 9s mem 6526MiB
  V2 step 200/400 loss 8.5832 (ema 8.5155) 17s mem 6526MiB
  V2 step 300/400 loss 8.1385 (ema 8.0227) 26s mem 6526MiB
  sweep V2 lr 0.003: held100 CE 7.7345 (0 spikes)
==== training V2 full run (lr 0.003) ====
GPU guard: 14199 MiB free -- proceeding.
  V2 step 0/4122 loss 10.9266 (ema 10.9266) 0s mem 6526MiB
  V2 step 200/4122 loss 8.5832 (ema 8.5155) 17s mem 6526MiB
  V2 step 400/4122 loss 8.0562 (ema 7.8726) 34s mem 6526MiB
  V2 step 600/4122 loss 7.5628 (ema 7.7553) 52s mem 6526MiB
  V2 step 800/4122 loss 7.5712 (ema 7.6162) 69s mem 6526MiB
  V2 step 1000/4122 loss 7.7697 (ema 7.6754) 86s mem 6526MiB
  V2 step 1200/4122 loss 7.7220 (ema 7.6975) 103s mem 6526MiB
  V2 step 1400/4122 loss 7.6435 (ema 7.6144) 121s mem 6526MiB
  V2 step 1600/4122 loss 7.6461 (ema 7.6357) 138s mem 6526MiB
  V2 step 1800/4122 loss 7.7892 (ema 7.6689) 155s mem 6526MiB
  V2 step 2000/4122 loss 7.8243 (ema 7.6768) 172s mem 6526MiB
  V2 step 2000 held100 CE 7.7689
  V2 step 2200/4122 loss 7.6155 (ema 7.6033) 190s mem 6526MiB
  V2 step 2400/4122 loss 7.8085 (ema 7.6124) 207s mem 6526MiB
  V2 step 2600/4122 loss 7.7448 (ema 7.6566) 224s mem 6526MiB
  V2 step 2800/4122 loss 7.4501 (ema 7.5460) 241s mem 6526MiB
  V2 step 3000/4122 loss 7.4852 (ema 7.5359) 259s mem 6526MiB
  V2 step 3200/4122 loss 7.8131 (ema 7.6436) 276s mem 6526MiB
  V2 step 3400/4122 loss 7.9874 (ema 7.6079) 293s mem 6526MiB
  V2 step 3600/4122 loss 7.5026 (ema 7.5112) 310s mem 6526MiB
  V2 step 3800/4122 loss 7.5568 (ema 7.5143) 327s mem 6526MiB
  V2 step 4000/4122 loss 7.4470 (ema 7.5210) 345s mem 6526MiB
  V2 step 4000 held100 CE 7.7730
== V2 FINAL held CE 7.75046  (358s, 0 spikes)
-- V3 sweep lr 0.0005
GPU guard: 14207 MiB free -- proceeding.
  V3 step 0/400 loss 10.9162 (ema 10.9162) 0s mem 6526MiB
  V3 step 100/400 loss 10.4661 (ema 10.7442) 9s mem 6526MiB
  V3 step 200/400 loss 9.5523 (ema 9.7535) 17s mem 6526MiB
  V3 step 300/400 loss 8.9538 (ema 8.9126) 26s mem 6526MiB
  sweep V3 lr 0.0005: held100 CE 8.5326 (0 spikes)
-- V3 sweep lr 0.001
GPU guard: 14211 MiB free -- proceeding.
  V3 step 0/400 loss 10.9162 (ema 10.9162) 0s mem 6526MiB
  V3 step 100/400 loss 9.7830 (ema 10.4933) 9s mem 6526MiB
  V3 step 200/400 loss 9.1832 (ema 9.2476) 17s mem 6526MiB
  V3 step 300/400 loss 8.5565 (ema 8.5158) 26s mem 6526MiB
  sweep V3 lr 0.001: held100 CE 8.1857 (0 spikes)
-- V3 sweep lr 0.002
GPU guard: 14141 MiB free -- proceeding.
  V3 step 0/400 loss 10.9162 (ema 10.9162) 0s mem 6526MiB
  V3 step 100/400 loss 9.1017 (ema 10.0755) 9s mem 6526MiB
  V3 step 200/400 loss 8.8850 (ema 8.8255) 17s mem 6526MiB
  V3 step 300/400 loss 8.4645 (ema 8.2730) 26s mem 6526MiB
  sweep V3 lr 0.002: held100 CE 7.9921 (0 spikes)
-- V3 sweep lr 0.003
GPU guard: 14225 MiB free -- proceeding.
  V3 step 0/400 loss 10.9162 (ema 10.9162) 0s mem 6526MiB
  V3 step 100/400 loss 8.8666 (ema 9.8882) 9s mem 6526MiB
  V3 step 200/400 loss 8.7875 (ema 8.6815) 17s mem 6526MiB
  V3 step 300/400 loss 8.3377 (ema 8.2404) 26s mem 6526MiB
  sweep V3 lr 0.003: held100 CE 7.9148 (0 spikes)
==== training V3 full run (lr 0.003) ====
GPU guard: 14209 MiB free -- proceeding.
  V3 step 0/4122 loss 10.9162 (ema 10.9162) 0s mem 6526MiB
  V3 step 200/4122 loss 8.7875 (ema 8.6815) 17s mem 6526MiB
  V3 step 400/4122 loss 8.2511 (ema 8.0895) 34s mem 6526MiB
  V3 step 600/4122 loss 7.6767 (ema 7.8723) 52s mem 6526MiB
  V3 step 800/4122 loss 7.6397 (ema 7.6762) 69s mem 6526MiB
  V3 step 1000/4122 loss 7.8750 (ema 7.7538) 86s mem 6526MiB
  V3 step 1200/4122 loss 7.8040 (ema 7.7930) 103s mem 6526MiB
  V3 step 1400/4122 loss 7.6656 (ema 7.7075) 120s mem 6526MiB
  V3 step 1600/4122 loss 7.7100 (ema 7.7081) 137s mem 6526MiB
  V3 step 1800/4122 loss 7.8306 (ema 7.7233) 155s mem 6526MiB
  V3 step 2000/4122 loss 7.8811 (ema 7.7517) 172s mem 6526MiB
  V3 step 2000 held100 CE 7.8421
  V3 step 2200/4122 loss 7.6714 (ema 7.6887) 189s mem 6526MiB
  V3 step 2400/4122 loss 7.8607 (ema 7.6548) 206s mem 6526MiB
  V3 step 2600/4122 loss 7.7958 (ema 7.6952) 224s mem 6526MiB
  V3 step 2800/4122 loss 7.5106 (ema 7.6110) 241s mem 6526MiB
  V3 step 3000/4122 loss 7.5533 (ema 7.6116) 258s mem 6526MiB
  V3 step 3200/4122 loss 7.8748 (ema 7.7160) 275s mem 6526MiB
  V3 step 3400/4122 loss 8.0562 (ema 7.6944) 292s mem 6526MiB
  V3 step 3600/4122 loss 7.6588 (ema 7.6081) 309s mem 6526MiB
  V3 step 3800/4122 loss 7.6531 (ema 7.5922) 327s mem 6526MiB
  V3 step 4000/4122 loss 7.5503 (ema 7.5899) 344s mem 6526MiB
  V3 step 4000 held100 CE 7.8392
== V3 FINAL held CE 7.81810  (357s, 0 spikes)
-- V4 sweep lr 0.0005
GPU guard: 14203 MiB free -- proceeding.
  V4 step 0/400 loss 10.8970 (ema 10.8970) 0s mem 6526MiB
  V4 step 100/400 loss 10.4227 (ema 10.7023) 9s mem 6799MiB
  V4 step 200/400 loss 10.0023 (ema 10.0056) 19s mem 6799MiB
  V4 step 300/400 loss 9.2520 (ema 9.3061) 28s mem 6799MiB
  sweep V4 lr 0.0005: held100 CE 8.8331 (0 spikes)
-- V4 sweep lr 0.001
GPU guard: 14141 MiB free -- proceeding.
  V4 step 0/400 loss 10.8970 (ema 10.8970) 0s mem 6799MiB
  V4 step 100/400 loss 9.9315 (ema 10.4911) 9s mem 6799MiB
  V4 step 200/400 loss 9.6302 (ema 9.7196) 19s mem 6799MiB
  V4 step 300/400 loss 8.9269 (ema 8.9912) 28s mem 6799MiB
  sweep V4 lr 0.001: held100 CE 8.5944 (0 spikes)
-- V4 sweep lr 0.002
GPU guard: 14201 MiB free -- proceeding.
  V4 step 0/400 loss 10.8970 (ema 10.8970) 0s mem 6799MiB
  V4 step 100/400 loss 9.5911 (ema 10.2245) 9s mem 6799MiB
  V4 step 200/400 loss 9.1025 (ema 9.3043) 19s mem 6799MiB
  V4 step 300/400 loss 8.5925 (ema 8.7630) 28s mem 6799MiB
  sweep V4 lr 0.002: held100 CE 7.9858 (0 spikes)
-- V4 sweep lr 0.003
GPU guard: 14203 MiB free -- proceeding.
  V4 step 0/400 loss 10.8970 (ema 10.8970) 0s mem 6799MiB
  V4 step 100/400 loss 9.5463 (ema 10.1557) 9s mem 6799MiB
  V4 step 200/400 loss 9.6052 (ema 9.2656) 19s mem 6799MiB
  V4 step 300/400 loss 8.2389 (ema 8.9065) 28s mem 6799MiB
  sweep V4 lr 0.003: held100 CE 7.5881 (0 spikes)
==== training V4 full run (lr 0.003) ====
GPU guard: 14207 MiB free -- proceeding.
  V4 step 0/4122 loss 10.8970 (ema 10.8970) 0s mem 6799MiB
  V4 step 200/4122 loss 9.6052 (ema 9.2656) 19s mem 6799MiB
  V4 step 400/4122 loss 7.6526 (ema 7.8387) 37s mem 6799MiB
  V4 step 600/4122 loss 7.2262 (ema 7.2982) 56s mem 6799MiB
  V4 step 800/4122 loss 7.2232 (ema 7.0650) 74s mem 6799MiB
  V4 step 1000/4122 loss 7.4167 (ema 7.2501) 93s mem 6799MiB
  V4 step 1200/4122 loss 12.4260 (ema 8.8542) 111s mem 6799MiB
  V4 step 1400/4122 loss 8.0214 (ema 8.2823) 130s mem 6799MiB
  V4 step 1600/4122 loss 7.8965 (ema 7.8938) 148s mem 6799MiB
  V4 step 1800/4122 loss 8.0592 (ema 7.8866) 167s mem 6799MiB
  V4 step 2000/4122 loss 8.1356 (ema 7.9527) 185s mem 6799MiB
  V4 step 2000 held100 CE 8.1040
  V4 step 2200/4122 loss 7.8296 (ema 7.7937) 204s mem 6799MiB
  V4 step 2400/4122 loss 9.5398 (ema 9.2942) 223s mem 6799MiB
  V4 step 2600/4122 loss 8.5616 (ema 8.7208) 241s mem 6799MiB
  V4 step 2800/4122 loss 7.5766 (ema 7.8977) 260s mem 6799MiB
  V4 step 3000/4122 loss 7.9910 (ema 8.1045) 278s mem 6799MiB
  V4 step 3200/4122 loss 8.0103 (ema 7.9640) 297s mem 6799MiB
  V4 step 3400/4122 loss 8.0666 (ema 7.8181) 315s mem 6799MiB
  V4 step 3600/4122 loss 8.2197 (ema 8.0478) 334s mem 6799MiB
  V4 step 3800/4122 loss 8.0404 (ema 8.0569) 352s mem 6799MiB
  V4 step 4000/4122 loss 7.8815 (ema 8.0135) 371s mem 6799MiB
  V4 step 4000 held100 CE 8.2117
== V4 FINAL held CE 8.24480  (385s, 68 spikes)
-- V5 sweep lr 0.0005
GPU guard: 14265 MiB free -- proceeding.
  V5 step 0/400 loss 10.9266 (ema 10.9266) 0s mem 6799MiB
  V5 step 100/400 loss 8.2375 (ema 9.9166) 8s mem 6799MiB
  V5 step 200/400 loss 7.5265 (ema 7.7150) 15s mem 6799MiB
  V5 step 300/400 loss 7.0271 (ema 7.0057) 22s mem 6799MiB
  sweep V5 lr 0.0005: held100 CE 6.7035 (0 spikes)
-- V5 sweep lr 0.001
GPU guard: 14245 MiB free -- proceeding.
  V5 step 0/400 loss 10.9266 (ema 10.9266) 0s mem 6799MiB
  V5 step 100/400 loss 7.3969 (ema 9.0939) 8s mem 6799MiB
  V5 step 200/400 loss 7.3137 (ema 7.3755) 15s mem 6799MiB
  V5 step 300/400 loss 6.8523 (ema 6.7972) 22s mem 6799MiB
  sweep V5 lr 0.001: held100 CE 6.4927 (0 spikes)
-- V5 sweep lr 0.002
GPU guard: 14149 MiB free -- proceeding.
  V5 step 0/400 loss 10.9266 (ema 10.9266) 0s mem 6799MiB
  V5 step 100/400 loss 7.1343 (ema 8.5788) 8s mem 6799MiB
  V5 step 200/400 loss 7.2054 (ema 7.1578) 15s mem 6799MiB
  V5 step 300/400 loss 6.7481 (ema 6.6773) 22s mem 6799MiB
  sweep V5 lr 0.002: held100 CE 6.3362 (0 spikes)
-- V5 sweep lr 0.003
GPU guard: 14189 MiB free -- proceeding.
  V5 step 0/400 loss 10.9266 (ema 10.9266) 0s mem 6799MiB
  V5 step 100/400 loss 7.0438 (ema 8.3797) 8s mem 6799MiB
  V5 step 200/400 loss 7.1984 (ema 7.0850) 15s mem 6799MiB
  V5 step 300/400 loss 6.7506 (ema 6.6590) 22s mem 6799MiB
  sweep V5 lr 0.003: held100 CE 6.3036 (0 spikes)
==== training V5 full run (lr 0.003) ====
GPU guard: 14211 MiB free -- proceeding.
  V5 step 0/4122 loss 10.9266 (ema 10.9266) 0s mem 6799MiB
  V5 step 200/4122 loss 7.1984 (ema 7.0850) 15s mem 6799MiB
  V5 step 400/4122 loss 6.7120 (ema 6.4865) 30s mem 6799MiB
  V5 step 600/4122 loss 6.0206 (ema 6.2721) 45s mem 6799MiB
  V5 step 800/4122 loss 5.8295 (ema 5.9363) 60s mem 6799MiB
  V5 step 1000/4122 loss 6.0417 (ema 5.9262) 75s mem 6799MiB
  V5 step 1200/4122 loss 5.8670 (ema 5.8888) 90s mem 6799MiB
  V5 step 1400/4122 loss 5.4744 (ema 5.6510) 105s mem 6799MiB
  V5 step 1600/4122 loss 5.5611 (ema 5.4936) 119s mem 6799MiB
  V5 step 1800/4122 loss 5.6672 (ema 5.5293) 134s mem 6799MiB
  V5 step 2000/4122 loss 5.7571 (ema 5.5190) 149s mem 6799MiB
  V5 step 2000 held100 CE 5.8042
  V5 step 2200/4122 loss 5.2720 (ema 5.1304) 165s mem 6799MiB
  V5 step 2400/4122 loss 5.2802 (ema 5.1320) 180s mem 6799MiB
  V5 step 2600/4122 loss 5.3329 (ema 5.1738) 194s mem 6799MiB
  V5 step 2800/4122 loss 4.5677 (ema 4.8405) 209s mem 6799MiB
  V5 step 3000/4122 loss 4.6984 (ema 4.7139) 224s mem 6799MiB
  V5 step 3200/4122 loss 5.0454 (ema 4.7875) 239s mem 6799MiB
  V5 step 3400/4122 loss 5.0205 (ema 4.7518) 254s mem 6799MiB
  V5 step 3600/4122 loss 4.3573 (ema 4.4124) 269s mem 6799MiB
  V5 step 3800/4122 loss 4.2605 (ema 4.3967) 284s mem 6799MiB
  V5 step 4000/4122 loss 4.1482 (ema 4.3971) 299s mem 6799MiB
  V5 step 4000 held100 CE 5.7811
== V5 FINAL held CE 5.75642  (310s, 0 spikes)
-- V6 sweep lr 0.0005
GPU guard: 14193 MiB free -- proceeding.
  V6 step 0/400 loss 10.8249 (ema 10.8249) 0s mem 6799MiB
  V6 step 100/400 loss 7.2484 (ema 8.7619) 7s mem 6799MiB
  V6 step 200/400 loss 7.2607 (ema 7.2247) 15s mem 6799MiB
  V6 step 300/400 loss 6.8453 (ema 6.7442) 22s mem 6799MiB
  sweep V6 lr 0.0005: held100 CE 6.4657 (0 spikes)
-- V6 sweep lr 0.001
GPU guard: 14229 MiB free -- proceeding.
  V6 step 0/400 loss 10.8249 (ema 10.8249) 0s mem 6799MiB
  V6 step 100/400 loss 6.9335 (ema 8.3007) 7s mem 6799MiB
  V6 step 200/400 loss 7.2097 (ema 7.0504) 15s mem 6799MiB
  V6 step 300/400 loss 6.7733 (ema 6.6707) 22s mem 6799MiB
  sweep V6 lr 0.001: held100 CE 6.3862 (0 spikes)
-- V6 sweep lr 0.002
GPU guard: 14209 MiB free -- proceeding.
  V6 step 0/400 loss 10.8249 (ema 10.8249) 0s mem 6799MiB
  V6 step 100/400 loss 6.8388 (ema 8.1298) 7s mem 6799MiB
  V6 step 200/400 loss 7.2562 (ema 7.0902) 15s mem 6799MiB
  V6 step 300/400 loss 6.8817 (ema 6.7639) 22s mem 6799MiB
  sweep V6 lr 0.002: held100 CE 6.4174 (0 spikes)
-- V6 sweep lr 0.003
GPU guard: 14195 MiB free -- proceeding.
  V6 step 0/400 loss 10.8249 (ema 10.8249) 0s mem 6799MiB
  V6 step 100/400 loss 6.8008 (ema 7.9615) 7s mem 6799MiB
  V6 step 200/400 loss 7.4127 (ema 7.1288) 15s mem 6799MiB
  V6 step 300/400 loss 6.9283 (ema 6.8387) 22s mem 6799MiB
  sweep V6 lr 0.003: held100 CE 6.4861 (0 spikes)
==== training V6 full run (lr 0.001) ====
GPU guard: 14131 MiB free -- proceeding.
  V6 step 0/4122 loss 10.8249 (ema 10.8249) 0s mem 6799MiB
  V6 step 200/4122 loss 7.2097 (ema 7.0504) 15s mem 6799MiB
  V6 step 400/4122 loss 6.7176 (ema 6.5252) 29s mem 6799MiB
  V6 step 600/4122 loss 6.1477 (ema 6.3456) 43s mem 6799MiB
  V6 step 800/4122 loss 5.9812 (ema 6.0817) 58s mem 6799MiB
  V6 step 1000/4122 loss 6.1206 (ema 6.0400) 72s mem 6799MiB
  V6 step 1200/4122 loss 5.9500 (ema 5.9895) 87s mem 6799MiB
  V6 step 1400/4122 loss 5.7003 (ema 5.8092) 101s mem 6799MiB
  V6 step 1600/4122 loss 5.7635 (ema 5.6933) 116s mem 6799MiB
  V6 step 1800/4122 loss 5.7718 (ema 5.6810) 130s mem 6799MiB
  V6 step 2000/4122 loss 5.8347 (ema 5.6517) 145s mem 6799MiB
  V6 step 2000 held100 CE 5.8350
  V6 step 2200/4122 loss 5.5187 (ema 5.4199) 160s mem 6799MiB
  V6 step 2400/4122 loss 5.5396 (ema 5.3801) 174s mem 6799MiB
  V6 step 2600/4122 loss 5.5496 (ema 5.3963) 189s mem 6799MiB
  V6 step 2800/4122 loss 4.9587 (ema 5.1765) 203s mem 6799MiB
  V6 step 3000/4122 loss 4.9938 (ema 5.0577) 217s mem 6799MiB
  V6 step 3200/4122 loss 5.3237 (ema 5.1130) 232s mem 6799MiB
  V6 step 3400/4122 loss 5.3077 (ema 5.0602) 246s mem 6799MiB
  V6 step 3600/4122 loss 4.7800 (ema 4.7809) 261s mem 6799MiB
  V6 step 3800/4122 loss 4.6278 (ema 4.7500) 275s mem 6799MiB
  V6 step 4000/4122 loss 4.5446 (ema 4.7516) 290s mem 6799MiB
  V6 step 4000 held100 CE 5.8601
== V6 FINAL held CE 5.83842  (301s, 0 spikes)
-- V7 sweep lr 0.0005
GPU guard: 14211 MiB free -- proceeding.
  V7 step 0/400 loss 10.8249 (ema 10.8249) 0s mem 6799MiB
  V7 step 100/400 loss 10.8249 (ema 10.8249) 8s mem 6799MiB
  V7 step 200/400 loss 10.8249 (ema 10.8249) 16s mem 6799MiB
  V7 step 300/400 loss 10.8249 (ema 10.8249) 24s mem 6799MiB
  sweep V7 lr 0.0005: held100 CE 10.8249 (0 spikes)
-- V7 sweep lr 0.001
GPU guard: 14229 MiB free -- proceeding.
  V7 step 0/400 loss 10.8249 (ema 10.8249) 0s mem 6799MiB
  V7 step 100/400 loss 10.8249 (ema 10.8249) 8s mem 6799MiB
  V7 step 200/400 loss 10.8249 (ema 10.8249) 16s mem 6799MiB
  V7 step 300/400 loss 10.8249 (ema 10.8249) 24s mem 6799MiB
  sweep V7 lr 0.001: held100 CE 10.8249 (0 spikes)
-- V7 sweep lr 0.002
GPU guard: 14145 MiB free -- proceeding.
  V7 step 0/400 loss 10.8249 (ema 10.8249) 0s mem 6799MiB
  V7 step 100/400 loss 10.8249 (ema 10.8249) 8s mem 6799MiB
  V7 step 200/400 loss 10.8249 (ema 10.8249) 16s mem 6799MiB
  V7 step 300/400 loss 10.8249 (ema 10.8249) 24s mem 6799MiB
  sweep V7 lr 0.002: held100 CE 10.8249 (0 spikes)
-- V7 sweep lr 0.003
GPU guard: 14151 MiB free -- proceeding.
  V7 step 0/400 loss 10.8249 (ema 10.8249) 0s mem 6799MiB
  V7 step 100/400 loss 10.8249 (ema 10.8249) 8s mem 6799MiB
  V7 step 200/400 loss 10.8249 (ema 10.8249) 16s mem 6799MiB
  V7 step 300/400 loss 10.8249 (ema 10.8249) 24s mem 6799MiB
  sweep V7 lr 0.003: held100 CE 10.8249 (0 spikes)
==== training V7 full run (lr 0.0005) ====
GPU guard: 14139 MiB free -- proceeding.
  V7 step 0/4122 loss 10.8249 (ema 10.8249) 0s mem 6799MiB
  V7 step 200/4122 loss 10.8249 (ema 10.8249) 16s mem 6799MiB
  V7 step 400/4122 loss 10.8249 (ema 10.8249) 31s mem 6799MiB
  V7 step 600/4122 loss 10.8249 (ema 10.8249) 47s mem 6799MiB
  V7 step 800/4122 loss 10.8249 (ema 10.8249) 63s mem 6799MiB
  V7 step 1000/4122 loss 10.8249 (ema 10.8249) 78s mem 6799MiB
  V7 step 1200/4122 loss 10.8249 (ema 10.8249) 94s mem 6799MiB
  V7 step 1400/4122 loss 10.8249 (ema 10.8249) 110s mem 6799MiB
  V7 step 1600/4122 loss 10.8249 (ema 10.8249) 125s mem 6799MiB
  V7 step 1800/4122 loss 10.8249 (ema 10.8249) 141s mem 6799MiB
  V7 step 2000/4122 loss 10.8249 (ema 10.8249) 157s mem 6799MiB
  V7 step 2000 held100 CE 10.8249
  V7 step 2200/4122 loss 10.8249 (ema 10.8249) 173s mem 6799MiB
  V7 step 2400/4122 loss 10.8249 (ema 10.8249) 188s mem 6799MiB
  V7 step 2600/4122 loss 10.8249 (ema 10.8249) 204s mem 6799MiB
  V7 step 2800/4122 loss 10.8249 (ema 10.8249) 220s mem 6799MiB
  V7 step 3000/4122 loss 10.8249 (ema 10.8249) 235s mem 6799MiB
  V7 step 3200/4122 loss 10.8249 (ema 10.8249) 251s mem 6799MiB
  V7 step 3400/4122 loss 10.8249 (ema 10.8249) 267s mem 6799MiB
  V7 step 3600/4122 loss 10.8249 (ema 10.8249) 282s mem 6799MiB
  V7 step 3800/4122 loss 10.8249 (ema 10.8249) 298s mem 6799MiB
  V7 step 4000/4122 loss 10.8249 (ema 10.8249) 314s mem 6799MiB
  V7 step 4000 held100 CE 10.8249
== V7 FINAL held CE 10.82491  (326s, 0 spikes)
{
  "V1": {
    "held_ce": 5.710475444793701,
    "lr": 0.002
  },
  "V2": {
    "held_ce": 7.750460624694824,
    "lr": 0.003,
    "minus_V1": 2.039984703063965,
    "minus_V1_se_token": 0.005665978416800499,
    "minus_V1_se_seq": 0.013633140362799168
  },
  "V3": {
    "held_ce": 7.81810188293457,
    "lr": 0.003,
    "minus_V1": 2.107625961303711,
    "minus_V1_se_token": 0.005835311487317085,
    "minus_V1_se_seq": 0.013790159486234188
  },
  "V4": {
    "held_ce": 8.244802474975586,
    "lr": 0.003,
    "minus_V1": 2.5343270301818848,
    "minus_V1_se_token": 0.007246386259794235,
    "minus_V1_se_seq": 0.01520154532045126
  },
  "V5": {
    "held_ce": 5.75642204284668,
    "lr": 0.003,
    "minus_V1": 0.04594632610678673,
    "minus_V1_se_token": 0.0024542980827391148,
    "minus_V1_se_seq": 0.00318915001116693
  },
  "V6": {
    "held_ce": 5.83842134475708,
    "lr": 0.001,
    "minus_V1": 0.12794554233551025,
    "minus_V1_se_token": 0.00244255643337965,
    "minus_V1_se_seq": 0.0032389129046350718
  },
  "V7": {
    "held_ce": 10.824906349182129,
    "lr": 0.0005,
    "minus_V1": 5.114429473876953,
    "minus_V1_se_token": 0.007482890505343676,
    "minus_V1_se_seq": 0.025475898757576942
  }
}
