Warning: You are sending unauthenticated requests to the HF Hub. Please set a HF_TOKEN to enable higher rate limits and faster downloads.
96 positions
94 with strong keys
{
 "mlpL0": {
  "mean": 0.383,
  "median": 0.303,
  "n": 48
 },
 "mlpL1": {
  "mean": 0.542,
  "median": 0.495,
  "n": 48
 },
 "mlpL2": {
  "mean": 0.303,
  "median": 0.244,
  "n": 48
 },
 "mlpL3": {
  "mean": 0.331,
  "median": 0.205,
  "n": 48
 },
 "mlpL4": {
  "mean": 0.159,
  "median": 0.086,
  "n": 48
 },
 "mlpL5": {
  "mean": 0.18,
  "median": 0.107,
  "n": 48
 },
 "mlpL6": {
  "mean": 0.196,
  "median": 0.097,
  "n": 48
 },
 "mlpL7": {
  "mean": 0.176,
  "median": 0.074,
  "n": 48
 },
 "mlpL8": {
  "mean": 0.168,
  "median": 0.079,
  "n": 48
 },
 "mlpL9": {
  "mean": 0.195,
  "median": 0.123,
  "n": 48
 },
 "mlpL10": {
  "mean": 0.187,
  "median": 0.121,
  "n": 48
 },
 "mlpL11": {
  "mean": 0.191,
  "median": 0.112,
  "n": 48
 },
 "mlpL12": {
  "mean": 0.139,
  "median": 0.096,
  "n": 48
 },
 "mlpL13": {
  "mean": 0.152,
  "median": 0.084,
  "n": 48
 },
 "own_restore_13_17": {
  "mean": 0.71,
  "median": 1.0,
  "n": 48
 },
 "synth_transplant": {
  "mean": 0.064,
  "median": 0.038,
  "n": 48
 },
 "neutral_control": {
  "mean": -0.241,
  "median": -0.009,
  "n": 48
 },
 "real_transplant": {
  "mean": -0.332,
  "median": -0.047,
  "n": 37
 }
}
ENRICH PIPELINE DONE
