width patched: D 264, NH 6, HD 44, slot dim 11
gpu: 15571 MiB free -- using cuda
E18 on cuda
loading qk_e9_a.pt ...
GATE 1 (uniform-11 generalization): Spearman 0.7711 vs stored 0.7711, weight_support rel 5.2e-08 -> PASS
  cov pass: 4/300 seqs (0s)
  cov pass: 104/300 seqs (1s)
  cov pass: 204/300 seqs (2s)
GATE 2 (cov-composed E9a): 0.8575 vs stored 0.8575 (diff 0.0) -> PASS
JOB 1: heldloss export mean 5.05466, max diff vs pre-existing file 0.0
  neck probe neck_block0_outputs: top-1 0.1909
  neck probe stream_block3: top-1 0.9755
  neck probe stream_block7: top-1 0.8982
  neck probe stream_block11: top-1 0.5680
JOB 2: neck_info_reference_E9a recorded
loading qk_e15_c.pt (24 slots x 15 dims, stream 360) ...
  consumption row 0: emb +1.3609  (1s)
  consumption row 1: emb +0.7499, mlp0 +0.1997, attn0 +0.0575  (2s)
  consumption row 2: emb +0.8506, attn0 +0.2089, mlp0 +0.0549, attn1 +0.0512  (5s)
  consumption row 3: emb +0.5162, attn1 +0.1050, attn0 +0.0479, mlp2 +0.0368  (10s)
  consumption row 4: emb +0.2612, mlp3 +0.0511, mlp2 +0.0349, mlp1 +0.0281  (15s)
  consumption row 5: emb +0.2365, mlp3 +0.0692, mlp2 +0.0382, mlp4 +0.0371  (22s)
  consumption row 6: emb +0.2311, mlp5 +0.0306, attn5 +0.0255, attn1 +0.0242  (30s)
  consumption row 7: emb +0.1792, mlp6 +0.0331, mlp5 +0.0329, attn5 +0.0248  (39s)
  consumption row 8: emb +0.1226, attn1 +0.0256, attn4 +0.0232, mlp0 +0.0183  (49s)
  consumption row 9: emb +0.2878, attn1 +0.0211, mlp0 +0.0153, attn6 +0.0141  (60s)
  consumption row 10: emb +0.0959, attn1 +0.0223, mlp9 +0.0163, mlp0 +0.0161  (73s)
  consumption row 11: mlp0 +0.0988, emb +0.0804, mlp9 +0.0482, mlp10 +0.0388  (87s)
  consumption row 12: attn2 +0.5720, mlp11 +0.4567, mlp9 +0.1987, mlp10 +0.1604  (102s)
JOB 3: E15c wiring Spearman all 0.6298 effectual(155) 0.6611 top10 0.5
loading qk_e16_a.pt ...
  cov pass: 4/300 seqs (0s)
  cov pass: 104/300 seqs (1s)
  cov pass: 204/300 seqs (2s)
JOB 4 composed_wiring_E16a: plain 0.6663 -> cov 0.6959
loading qk_e16_b.pt ...
  cov pass: 4/300 seqs (0s)
  cov pass: 104/300 seqs (1s)
  cov pass: 204/300 seqs (2s)
JOB 4 composed_wiring_E16b: plain 0.5946 -> cov 0.6617
loading qk_e15_c.pt ...
  cov pass: 4/300 seqs (0s)
  cov pass: 104/300 seqs (1s)
  cov pass: 204/300 seqs (2s)
JOB 4 composed_wiring_E15c: plain 0.6294 -> cov 0.6728
{
  "summary_plain_vs_cov": {
    "E16a": {
      "plain": 0.6663,
      "cov_composed": 0.6959,
      "plain_effectual": 0.7064,
      "cov_effectual": 0.7452,
      "plain_top10": 0.6,
      "cov_top10": 0.6
    },
    "E16b": {
      "plain": 0.5946,
      "cov_composed": 0.6617,
      "plain_effectual": 0.6602,
      "cov_effectual": 0.7251,
      "plain_top10": 0.5,
      "cov_top10": 0.5
    },
    "E15c": {
      "plain": 0.6294,
      "cov_composed": 0.6728,
      "plain_effectual": 0.6609,
      "cov_effectual": 0.7047,
      "plain_top10": 0.5,
      "cov_top10": 0.6
    },
    "E9a_reference": {
      "plain": 0.7711,
      "cov_composed": 0.8575,
      "plain_effectual": 0.7504,
      "cov_effectual": 0.8438,
      "plain_top10": 0.5,
      "cov_top10": 0.7
    }
  }
}
e18 probe upgrades done
