Warning: You are sending unauthenticated requests to the HF Hub. Please set a HF_TOKEN to enable higher rate limits and faster downloads.
128 strong-key positions
128 usable deltas
cum var by rank: [0.148, 0.202, 0.288, 0.397, 0.54, 0.728, 0.947]
{
 "r1": {
  "mean": 0.021,
  "median": -0.001,
  "n": 48
 },
 "r2": {
  "mean": 0.029,
  "median": 0.002,
  "n": 48
 },
 "r4": {
  "mean": 0.075,
  "median": 0.033,
  "n": 48
 },
 "r8": {
  "mean": 0.151,
  "median": 0.087,
  "n": 48
 },
 "r16": {
  "mean": 0.217,
  "median": 0.131,
  "n": 48
 },
 "r32": {
  "mean": 0.3,
  "median": 0.22,
  "n": 48
 },
 "r64": {
  "mean": 0.361,
  "median": 0.292,
  "n": 48
 },
 "r80": {
  "mean": 0.381,
  "median": 0.291,
  "n": 48
 },
 "full": {
  "mean": 0.855,
  "median": 0.977,
  "n": 48
 },
 "rand16": {
  "mean": 0.008,
  "median": 0.0,
  "n": 48
 },
 "cumvar": {
  "1": 0.148,
  "2": 0.202,
  "4": 0.288,
  "8": 0.397,
  "16": 0.54,
  "32": 0.728,
  "64": 0.947,
  "80": 1.0
 }
}
ENRICH RANK DONE
