[32mActivated conda/uv virtual environment at [36m/venv/main[0m
waiting on e5: 0 MiB free at Tue Aug  4 03:52:04 UTC 2026
waiting on e5: 0 MiB free at Tue Aug  4 04:07:04 UTC 2026
waiting on e5: 0 MiB free at Tue Aug  4 04:22:04 UTC 2026
waiting on e5: 0 MiB free at Tue Aug  4 04:37:05 UTC 2026
waiting on e5: 0 MiB free at Tue Aug  4 04:52:05 UTC 2026
waiting on e5: 0 MiB free at Tue Aug  4 05:07:05 UTC 2026
waiting on e5: 0 MiB free at Tue Aug  4 05:22:06 UTC 2026
waiting on e5: 0 MiB free at Tue Aug  4 05:37:06 UTC 2026
waiting on e5: 0 MiB free at Tue Aug  4 05:52:06 UTC 2026
waiting on e5: 0 MiB free at Tue Aug  4 06:07:06 UTC 2026
waiting on e5: 0 MiB free at Tue Aug  4 06:22:07 UTC 2026
waiting on e5: 0 MiB free at Tue Aug  4 06:37:07 UTC 2026
waiting on e5: 0 MiB free at Tue Aug  4 06:52:07 UTC 2026
waiting on e5: 0 MiB free at Tue Aug  4 07:07:08 UTC 2026
waiting on e5: 0 MiB free at Tue Aug  4 07:22:08 UTC 2026
waiting on e5: 0 MiB free at Tue Aug  4 07:37:08 UTC 2026
waiting on e5: 0 MiB free at Tue Aug  4 07:52:08 UTC 2026
waiting on e5: 0 MiB free at Tue Aug  4 08:07:09 UTC 2026
waiting on e5: 0 MiB free at Tue Aug  4 08:22:09 UTC 2026
waiting on e5: 0 MiB free at Tue Aug  4 08:37:09 UTC 2026
waiting on e5: 0 MiB free at Tue Aug  4 08:52:10 UTC 2026
waiting on e5: 0 MiB free at Tue Aug  4 09:07:10 UTC 2026
waiting on e5: 0 MiB free at Tue Aug  4 09:22:10 UTC 2026
waiting on e5: 0 MiB free at Tue Aug  4 09:37:10 UTC 2026
waiting on e5: 0 MiB free at Tue Aug  4 09:52:11 UTC 2026
waiting on e5: 0 MiB free at Tue Aug  4 10:07:11 UTC 2026
waiting on e5: 0 MiB free at Tue Aug  4 10:22:11 UTC 2026
waiting on e5: 0 MiB free at Tue Aug  4 10:37:12 UTC 2026
waiting on e5: 0 MiB free at Tue Aug  4 10:52:12 UTC 2026
waiting on e5: 0 MiB free at Tue Aug  4 11:07:12 UTC 2026
waiting on e5: 0 MiB free at Tue Aug  4 11:22:12 UTC 2026
waiting on e5: 0 MiB free at Tue Aug  4 11:37:13 UTC 2026
waiting on e5: 0 MiB free at Tue Aug  4 11:52:13 UTC 2026
waiting on e5: 0 MiB free at Tue Aug  4 12:07:13 UTC 2026
waiting on e5: 0 MiB free at Tue Aug  4 12:22:14 UTC 2026
waiting on e5: 0 MiB free at Tue Aug  4 12:37:14 UTC 2026
waiting on e5: 0 MiB free at Tue Aug  4 12:52:14 UTC 2026
waiting on e5: 0 MiB free at Tue Aug  4 13:07:14 UTC 2026
waiting on e5: 0 MiB free at Tue Aug  4 13:22:15 UTC 2026
waiting on e5: 0 MiB free at Tue Aug  4 13:37:15 UTC 2026
waiting on e5: 0 MiB free at Tue Aug  4 13:52:15 UTC 2026
waiting on e5: 0 MiB free at Tue Aug  4 14:07:16 UTC 2026
waiting on e5: 0 MiB free at Tue Aug  4 14:22:16 UTC 2026
waiting on e5: 0 MiB free at Tue Aug  4 14:37:16 UTC 2026
waiting on e5: 0 MiB free at Tue Aug  4 14:52:16 UTC 2026
waiting on e5: 0 MiB free at Tue Aug  4 15:07:17 UTC 2026
waiting on e5: 0 MiB free at Tue Aug  4 15:22:17 UTC 2026
waiting on e5: 0 MiB free at Tue Aug  4 15:37:17 UTC 2026
waiting on e5: 0 MiB free at Tue Aug  4 15:52:18 UTC 2026
waiting on e5: 0 MiB free at Tue Aug  4 16:07:18 UTC 2026
waiting on e5: 0 MiB free at Tue Aug  4 16:22:18 UTC 2026
waiting on e5: 0 MiB free at Tue Aug  4 16:37:18 UTC 2026
waiting on e5: 0 MiB free at Tue Aug  4 16:52:19 UTC 2026
waiting on e5: 15841 MiB free at Tue Aug  4 17:07:19 UTC 2026
e5 done + GPU free (15841 MiB) for 3 checks -- launching (Tue Aug  4 17:09:19 UTC 2026)
=== smoke qk_e6_diag_run Tue Aug  4 17:09:19 UTC 2026 ===
=== qk_e6_diag_run real start Tue Aug  4 17:09:20 UTC 2026 ===
=== qk_e6_diag_run done Tue Aug  4 17:27:59 UTC 2026 exit 0 ===
=== smoke qk_e7_evenout_run Tue Aug  4 17:27:59 UTC 2026 ===
=== qk_e7_evenout_run real start Tue Aug  4 17:28:01 UTC 2026 ===
Terminated
=== qk_e7_evenout_run done Tue Aug  4 20:04:29 UTC 2026 exit 0 ===
=== e67 chain done Tue Aug  4 20:04:29 UTC 2026 ===
