GPU guard: 11769 MiB free -- proceeding.
Warning: You are sending unauthenticated requests to the HF Hub. Please set a HF_TOKEN to enable higher rate limits and faster downloads.
bilin18 NL=18 NH=9 HD=128 D=1152 V=50304
held=152  KCAUSAL=200 NRAND=25
Recomputing MLP SVD directions from TRAIN gram ...
MLP directions ready.
PASS A: means + activation magnitudes ...
PASS A done.
TOP-20 causally-important: ['h.L0.3', 'mlp.L17.d2', 'mlp.L17.d1', 'h.L8.7', 'h.L11.2', 'mlp.L16.d0', 'h.L8.3', 'mlp.L16.d2', 'mlp.L17.d3', 'mlp.L17.d0', 'h.L13.8', 'h.L5.5', 'h.L6.7', 'h.L2.5', 'h.L0.8', 'h.L3.3', 'h.L2.0', 'h.L9.6', 'h.L4.1', 'h.L6.5']
fixed eval set: 3129 positions over 152 sequences
base CE precomputed.
SOLOS on fixed eval set ...
  solo h.L0.3      dCE=+0.0688+-0.0088  sig=+capital
  solo mlp.L17.d2  dCE=+0.0873+-0.0082  sig=+word
  solo mlp.L17.d1  dCE=+0.0776+-0.0079  sig=+capital
  solo h.L8.7      dCE=+0.0158+-0.0036  sig=-capital
  solo h.L11.2     dCE=+0.0177+-0.0034  sig=-word
  solo mlp.L16.d0  dCE=+0.0732+-0.0077  sig=-word
  solo h.L8.3      dCE=+0.0172+-0.0033  sig=+word
  solo mlp.L16.d2  dCE=+0.0656+-0.0069  sig=+word
  solo mlp.L17.d3  dCE=+0.0257+-0.0044  sig=+capital
  solo mlp.L17.d0  dCE=+0.0438+-0.0059  sig=+capital
  solo h.L13.8     dCE=+0.0094+-0.0030  sig=+word
  solo h.L5.5      dCE=+0.0158+-0.0039  sig=+word
  solo h.L6.7      dCE=+0.0142+-0.0039  sig=+subword
  solo h.L2.5      dCE=+0.0201+-0.0048  sig=+word
  solo h.L0.8      dCE=+0.0085+-0.0025  sig=+capital
  solo h.L3.3      dCE=+0.0091+-0.0023  sig=+word
  solo h.L2.0      dCE=+0.0080+-0.0028  sig=+subword
  solo h.L9.6      dCE=+0.0077+-0.0019  sig=+word
  solo h.L4.1      dCE=+0.0144+-0.0029  sig=-capital
  solo h.L6.5      dCE=+0.0072+-0.0019  sig=+subword

WHOLE-20 joint dCE=+1.0198+-0.0321  sum(solo+)=0.6071  super-additivity=1.68  multi-path residual=+0.4127

PAIRWISE super-additivity (strongest 10) ...
  top super-additive pairs:
    mlp.L17.d2 +mlp.L17.d1  joint=+0.2755 sumsolo=+0.1649 superadd=+0.1106 ratio=1.67 ['+word', '+capital']
    mlp.L17.d1 +mlp.L17.d3  joint=+0.1105 sumsolo=+0.1033 superadd=+0.0072 ratio=1.07 ['+capital', '+capital']
    mlp.L17.d1 +mlp.L16.d2  joint=+0.1503 sumsolo=+0.1432 superadd=+0.0071 ratio=1.05 ['+capital', '+word']
    h.L8.3     +mlp.L17.d0  joint=+0.0679 sumsolo=+0.0610 superadd=+0.0069 ratio=1.11 ['+word', '+capital']
    h.L8.7     +h.L8.3      joint=+0.0392 sumsolo=+0.0330 superadd=+0.0062 ratio=1.19 ['-capital', '+word']
    mlp.L16.d0 +h.L8.3      joint=+0.0966 sumsolo=+0.0904 superadd=+0.0062 ratio=1.07 ['-word', '+word']
    mlp.L17.d3 +mlp.L17.d0  joint=+0.0755 sumsolo=+0.0695 superadd=+0.0060 ratio=1.09 ['+capital', '+capital']
    h.L0.3     +mlp.L17.d3  joint=+0.1000 sumsolo=+0.0945 superadd=+0.0055 ratio=1.06 ['+capital', '+capital']

GREEDY agglomerative grouping ...
  GROUP ['mlp.L17.d2', 'mlp.L17.d1', 'h.L6.7', 'h.L5.5', 'h.L6.5', 'h.L8.3', 'h.L2.5', 'h.L8.7', 'mlp.L17.d3', 'h.L0.3', 'h.L0.8', 'h.L4.1', 'mlp.L17.d0', 'mlp.L16.d0', 'h.L11.2', 'h.L3.3', 'h.L2.0', 'h.L13.8', 'h.L9.6'] joint=+1.0314 sumsolo=+0.5415 ratio=1.9 sigs=['+word', '+capital', '+subword', '+word', '+subword', '+word', '+word', '-capital', '+capital', '+capital', '+capital', '-capital', '+capital', '-word', '-word', '+word', '+subword', '+word', '+word']

RANDOM control (size 19, same positions): mean=+0.0724 max=+0.1366 | group joint=+1.0314 z=35.06 exceeds_all=True

===== PART B SUMMARY =====
whole-20: joint +1.0198 vs sum-solo +0.6071 -> super-additivity 1.68, multi-path residual +0.4127 nats
discovered 1 super-additive groups; leftover singletons ['mlp.L16.d2']
  ['mlp.L17.d2', 'mlp.L17.d1', 'h.L6.7', 'h.L5.5', 'h.L6.5', 'h.L8.3', 'h.L2.5', 'h.L8.7', 'mlp.L17.d3', 'h.L0.3', 'h.L0.8', 'h.L4.1', 'mlp.L17.d0', 'mlp.L16.d0', 'h.L11.2', 'h.L3.3', 'h.L2.0', 'h.L13.8', 'h.L9.6'] ratio=1.9 residual=+0.4899 (119% of top-20 residual) [7 capital; 12 word/subword; 14 heads/5 feed-forward]
Saved qk_extend_coverage_2.json
QK EXTEND COVERAGE PART B DONE
