GPU guard: 15571 MiB free -- proceeding.
width patched: D 264, NH 6, HD 44, slot dim 11
fresh single-epoch setup: 132000 shard rows loaded, 8250 steps x batch 16 (132000 seqs, single visit each, epoch_order(0) shared across arms); held fresh34k[33000:34500] (1500 seqs)
control E4(tokline off)==V8Route at init: max |logit diff| 0.00e+00
control E4 entries carry the token code in slot 0: max diff 0.00e+00 over 13 entries
==== training qk_e4_tokenslot (lr 0.004, gc 0.0001, 8250 steps x batch 16, single epoch) ====
GPU guard: 14955 MiB free -- proceeding.
  V8[lr 0.004, gc 0.0001] step 0/8250 ce 10.8716 (ema 10.8716) 0s mem 10657MiB
  V8[lr 0.004, gc 0.0001] step 200/8250 ce 6.6680 (ema 6.9682) 27s mem 10905MiB
  V8[lr 0.004, gc 0.0001] step 400/8250 ce 6.3683 (ema 6.4110) 54s mem 10905MiB
  V8[lr 0.004, gc 0.0001] step 600/8250 ce 6.2232 (ema 6.2201) 81s mem 10905MiB
  V8[lr 0.004, gc 0.0001] step 800/8250 ce 6.2908 (ema 6.0901) 107s mem 10905MiB
  V8[lr 0.004, gc 0.0001] step 1000/8250 ce 5.9088 (ema 6.0132) 134s mem 10905MiB
  V8[lr 0.004, gc 0.0001] step 1200/8250 ce 5.5895 (ema 5.9548) 161s mem 10905MiB
  V8[lr 0.004, gc 0.0001] step 1400/8250 ce 5.8565 (ema 5.9279) 188s mem 10905MiB
  V8[lr 0.004, gc 0.0001] step 1600/8250 ce 5.7172 (ema 5.8842) 214s mem 10905MiB
  V8[lr 0.004, gc 0.0001] step 1800/8250 ce 5.6830 (ema 5.8593) 241s mem 10905MiB
  V8[lr 0.004, gc 0.0001] step 2000/8250 ce 5.7966 (ema 5.7925) 268s mem 10905MiB
  V8 step 2000 held100 CE 5.9593
  V8[lr 0.004, gc 0.0001] step 2200/8250 ce 5.6340 (ema 5.7789) 295s mem 10905MiB
  V8[lr 0.004, gc 0.0001] step 2400/8250 ce 5.6329 (ema 5.7697) 322s mem 10905MiB
  V8[lr 0.004, gc 0.0001] step 2600/8250 ce 5.8213 (ema 5.7244) 349s mem 10905MiB
  V8[lr 0.004, gc 0.0001] step 2800/8250 ce 5.5478 (ema 5.7038) 375s mem 10905MiB
  V8[lr 0.004, gc 0.0001] step 3000/8250 ce 5.4951 (ema 5.7087) 402s mem 10905MiB
  V8[lr 0.004, gc 0.0001] step 3200/8250 ce 5.6929 (ema 5.6732) 429s mem 10905MiB
  V8[lr 0.004, gc 0.0001] step 3400/8250 ce 5.5082 (ema 5.6301) 456s mem 10905MiB
  V8[lr 0.004, gc 0.0001] step 3600/8250 ce 5.6008 (ema 5.6566) 483s mem 10905MiB
  V8[lr 0.004, gc 0.0001] step 3800/8250 ce 5.5471 (ema 5.6315) 509s mem 10905MiB
  V8[lr 0.004, gc 0.0001] step 4000/8250 ce 5.6603 (ema 5.5960) 536s mem 10905MiB
  V8 step 4000 held100 CE 5.7780
  V8[lr 0.004, gc 0.0001] step 4200/8250 ce 5.5533 (ema 5.5991) 563s mem 10905MiB
  V8[lr 0.004, gc 0.0001] step 4400/8250 ce 5.6873 (ema 5.5679) 590s mem 10905MiB
  V8[lr 0.004, gc 0.0001] step 4600/8250 ce 5.5909 (ema 5.5219) 617s mem 10905MiB
  V8[lr 0.004, gc 0.0001] step 4800/8250 ce 5.5978 (ema 5.5579) 643s mem 10905MiB
  V8[lr 0.004, gc 0.0001] step 5000/8250 ce 5.4902 (ema 5.5322) 670s mem 10905MiB
  V8[lr 0.004, gc 0.0001] step 5200/8250 ce 5.4204 (ema 5.5160) 697s mem 10905MiB
  V8[lr 0.004, gc 0.0001] step 5400/8250 ce 5.3784 (ema 5.4883) 724s mem 10905MiB
  V8[lr 0.004, gc 0.0001] step 5600/8250 ce 5.4699 (ema 5.4514) 751s mem 10905MiB
  V8[lr 0.004, gc 0.0001] step 5800/8250 ce 5.6934 (ema 5.4434) 777s mem 10905MiB
  V8[lr 0.004, gc 0.0001] step 6000/8250 ce 5.2715 (ema 5.4148) 804s mem 10905MiB
  V8 step 6000 held100 CE 5.6160
  V8[lr 0.004, gc 0.0001] step 6200/8250 ce 5.5855 (ema 5.4368) 831s mem 10905MiB
  V8[lr 0.004, gc 0.0001] step 6400/8250 ce 5.4235 (ema 5.4279) 858s mem 10905MiB
  V8[lr 0.004, gc 0.0001] step 6600/8250 ce 5.2993 (ema 5.4106) 885s mem 10905MiB
  V8[lr 0.004, gc 0.0001] step 6800/8250 ce 5.4979 (ema 5.3746) 912s mem 10905MiB
  V8[lr 0.004, gc 0.0001] step 7000/8250 ce 5.3801 (ema 5.3859) 938s mem 10905MiB
  V8[lr 0.004, gc 0.0001] step 7200/8250 ce 5.2776 (ema 5.3758) 965s mem 10905MiB
  V8[lr 0.004, gc 0.0001] step 7400/8250 ce 5.3372 (ema 5.3788) 992s mem 10905MiB
  V8[lr 0.004, gc 0.0001] step 7600/8250 ce 5.4223 (ema 5.3431) 1019s mem 10905MiB
  V8[lr 0.004, gc 0.0001] step 7800/8250 ce 5.2753 (ema 5.3647) 1045s mem 10905MiB
  V8[lr 0.004, gc 0.0001] step 8000/8250 ce 5.5098 (ema 5.3504) 1072s mem 10905MiB
  V8 step 8000 held100 CE 5.5352
  V8[lr 0.004, gc 0.0001] step 8200/8250 ce 5.3270 (ema 5.3309) 1099s mem 10905MiB
/workspace/tensor_language/basis_aligned/qk_mdl/qk_v8_train.py:276: UserWarning: Converting a tensor with requires_grad=True to a scalar may lead to unexpected behavior.
Consider using tensor.detach() first. (Triggered internally at /pytorch/torch/csrc/autograd/generated/python_variable_methods.cpp:838.)
  log['final_penalty'] = float(group_penalty(model))
== V8 FINAL held CE 5.41441  (1111s, 0 spikes, penalty 1192.03)
  consumption row 0: emb +2.2833  (0s)
  consumption row 1: mlp0 +1.0337, emb +0.8777, attn0 +0.0212  (2s)
  consumption row 2: mlp0 +0.2495, emb +0.2123, mlp1 +0.1473, attn1 +0.0540  (4s)
  consumption row 3: mlp0 +0.0853, emb +0.0698, mlp1 +0.0501, mlp2 +0.0419  (6s)
  consumption row 4: mlp1 +0.1673, attn1 +0.1237, mlp0 +0.1068, emb +0.0604  (10s)
  consumption row 5: attn1 +0.0724, mlp1 +0.0693, mlp0 +0.0667, mlp4 +0.0427  (14s)
  consumption row 6: mlp1 +0.0375, mlp0 +0.0319, mlp5 +0.0260, mlp4 +0.0192  (19s)
  consumption row 7: mlp1 +0.0407, mlp0 +0.0325, mlp6 +0.0303, mlp5 +0.0261  (25s)
  consumption row 8: mlp1 +0.0490, mlp0 +0.0393, attn1 +0.0289, mlp2 +0.0213  (32s)
  consumption row 9: mlp1 +0.0420, attn1 +0.0358, attn8 +0.0257, mlp0 +0.0246  (39s)
  consumption row 10: mlp1 +0.0310, attn1 +0.0243, mlp9 +0.0154, attn9 +0.0141  (48s)
  consumption row 11: mlp1 +0.1735, attn1 +0.0617, mlp9 +0.0478, attn9 +0.0347  (57s)
  consumption row 12: attn1 +0.7126, mlp1 +0.5738, mlp0 +0.1940, mlp9 +0.1886  (67s)
light probe: Spearman all 0.7149 effectual(117) 0.4944 top10 0.5
  L0: tokdet 0.9933 linVE 0.6572 dCEfloor 2.1975 rec 0.8052
  L1: tokdet 0.9773 linVE 0.6454 dCEfloor 0.8418 rec 0.7813
  L2: tokdet 0.9648 linVE 0.6077 dCEfloor 0.3291 rec 0.6725
  L3: tokdet 0.9566 linVE 0.4721 dCEfloor 0.1746 rec 0.5865
  L4: tokdet 0.8909 linVE 0.4856 dCEfloor 0.2033 rec 0.5636
  L5: tokdet 0.8238 linVE 0.5059 dCEfloor 0.1491 rec 0.5239
  L6: tokdet 0.7411 linVE 0.306 dCEfloor 0.0866 rec 0.3729
  L7: tokdet 0.5501 linVE 0.2404 dCEfloor 0.0945 rec 0.2442
  L8: tokdet 0.4649 linVE 0.215 dCEfloor 0.1017 rec 0.1778
  L9: tokdet 0.4523 linVE 0.2381 dCEfloor 0.0965 rec 0.2339
  L10: tokdet 0.3828 linVE 0.1892 dCEfloor 0.0899 rec 0.1923
  L11: tokdet 0.4255 linVE 0.2422 dCEfloor 0.1166 rec 0.2668
e4 tokenslot run done
