GPU guard: 15571 MiB free -- proceeding.
width patched: D 264, NH 6, HD 44, slot dim 11
fresh single-epoch setup: 132000 shard rows loaded, 8250 steps x batch 16 (132000 seqs, single visit each, epoch_order(0) shared across arms); held fresh34k[33000:34500] (1500 seqs)
control E0a(init)==vanilla-A@264: max |logit diff| 0.00e+00
control E0b penalty fast 4962.8906 vs naive 4962.8903 rel 5.63e-08
==== training qk_e0a_vanilla264 (lr 0.004, gc 0.0, 8250 steps x batch 16, single epoch) ====
GPU guard: 14955 MiB free -- proceeding.
  V8[lr 0.004, gc 0.0] step 0/8250 ce 10.8694 (ema 10.8694) 0s mem 10616MiB
  V8[lr 0.004, gc 0.0] step 200/8250 ce 6.5766 (ema 6.8698) 26s mem 10864MiB
  V8[lr 0.004, gc 0.0] step 400/8250 ce 6.1992 (ema 6.2639) 52s mem 10864MiB
  V8[lr 0.004, gc 0.0] step 600/8250 ce 6.0408 (ema 6.0212) 78s mem 10864MiB
  V8[lr 0.004, gc 0.0] step 800/8250 ce 6.0114 (ema 5.8515) 104s mem 10864MiB
  V8[lr 0.004, gc 0.0] step 1000/8250 ce 5.6157 (ema 5.7462) 129s mem 10864MiB
  V8[lr 0.004, gc 0.0] step 1200/8250 ce 5.3048 (ema 5.6659) 155s mem 10864MiB
  V8[lr 0.004, gc 0.0] step 1400/8250 ce 5.5328 (ema 5.6127) 181s mem 10864MiB
  V8[lr 0.004, gc 0.0] step 1600/8250 ce 5.4307 (ema 5.5463) 207s mem 10864MiB
  V8[lr 0.004, gc 0.0] step 1800/8250 ce 5.3505 (ema 5.5116) 233s mem 10864MiB
  V8[lr 0.004, gc 0.0] step 2000/8250 ce 5.4448 (ema 5.4332) 259s mem 10864MiB
  V8 step 2000 held100 CE 5.6212
  V8[lr 0.004, gc 0.0] step 2200/8250 ce 5.2394 (ema 5.4027) 285s mem 10864MiB
  V8[lr 0.004, gc 0.0] step 2400/8250 ce 5.2826 (ema 5.3856) 311s mem 10864MiB
  V8[lr 0.004, gc 0.0] step 2600/8250 ce 5.4352 (ema 5.3247) 336s mem 10864MiB
  V8[lr 0.004, gc 0.0] step 2800/8250 ce 5.1492 (ema 5.2945) 362s mem 10864MiB
  V8[lr 0.004, gc 0.0] step 3000/8250 ce 5.1047 (ema 5.2839) 388s mem 10864MiB
  V8[lr 0.004, gc 0.0] step 3200/8250 ce 5.2260 (ema 5.2434) 414s mem 10864MiB
  V8[lr 0.004, gc 0.0] step 3400/8250 ce 5.0853 (ema 5.1862) 440s mem 10864MiB
  V8[lr 0.004, gc 0.0] step 3600/8250 ce 5.1651 (ema 5.2024) 466s mem 10864MiB
  V8[lr 0.004, gc 0.0] step 3800/8250 ce 5.0970 (ema 5.1689) 492s mem 10864MiB
  V8[lr 0.004, gc 0.0] step 4000/8250 ce 5.1742 (ema 5.1258) 517s mem 10864MiB
  V8 step 4000 held100 CE 5.3444
  V8[lr 0.004, gc 0.0] step 4200/8250 ce 5.0646 (ema 5.1193) 544s mem 10864MiB
  V8[lr 0.004, gc 0.0] step 4400/8250 ce 5.1950 (ema 5.0818) 569s mem 10864MiB
  V8[lr 0.004, gc 0.0] step 4600/8250 ce 5.0814 (ema 5.0315) 595s mem 10864MiB
  V8[lr 0.004, gc 0.0] step 4800/8250 ce 5.0806 (ema 5.0533) 621s mem 10864MiB
  V8[lr 0.004, gc 0.0] step 5000/8250 ce 4.9897 (ema 5.0206) 647s mem 10864MiB
  V8[lr 0.004, gc 0.0] step 5200/8250 ce 4.8885 (ema 4.9953) 673s mem 10864MiB
  V8[lr 0.004, gc 0.0] step 5400/8250 ce 4.8937 (ema 4.9620) 699s mem 10864MiB
  V8[lr 0.004, gc 0.0] step 5600/8250 ce 4.9231 (ema 4.9226) 724s mem 10864MiB
  V8[lr 0.004, gc 0.0] step 5800/8250 ce 5.0940 (ema 4.9038) 750s mem 10864MiB
  V8[lr 0.004, gc 0.0] step 6000/8250 ce 4.7232 (ema 4.8663) 776s mem 10864MiB
  V8 step 6000 held100 CE 5.0981
  V8[lr 0.004, gc 0.0] step 6200/8250 ce 5.0513 (ema 4.8876) 802s mem 10864MiB
  V8[lr 0.004, gc 0.0] step 6400/8250 ce 4.8557 (ema 4.8654) 828s mem 10864MiB
  V8[lr 0.004, gc 0.0] step 6600/8250 ce 4.6891 (ema 4.8529) 854s mem 10864MiB
  V8[lr 0.004, gc 0.0] step 6800/8250 ce 4.9408 (ema 4.8084) 880s mem 10864MiB
  V8[lr 0.004, gc 0.0] step 7000/8250 ce 4.8442 (ema 4.8234) 906s mem 10864MiB
  V8[lr 0.004, gc 0.0] step 7200/8250 ce 4.6626 (ema 4.8068) 931s mem 10864MiB
  V8[lr 0.004, gc 0.0] step 7400/8250 ce 4.8056 (ema 4.8098) 957s mem 10864MiB
  V8[lr 0.004, gc 0.0] step 7600/8250 ce 4.8619 (ema 4.7780) 983s mem 10864MiB
  V8[lr 0.004, gc 0.0] step 7800/8250 ce 4.7099 (ema 4.7950) 1009s mem 10864MiB
  V8[lr 0.004, gc 0.0] step 8000/8250 ce 4.8740 (ema 4.7788) 1035s mem 10864MiB
  V8 step 8000 held100 CE 4.9929
  V8[lr 0.004, gc 0.0] step 8200/8250 ce 4.7638 (ema 4.7624) 1061s mem 10864MiB
/workspace/tensor_language/basis_aligned/qk_mdl/qk_v8_train.py:276: UserWarning: Converting a tensor with requires_grad=True to a scalar may lead to unexpected behavior.
Consider using tensor.detach() first. (Triggered internally at /pytorch/torch/csrc/autograd/generated/python_variable_methods.cpp:838.)
  log['final_penalty'] = float(group_penalty(model))
== V8 FINAL held CE 4.85127  (1072s, 0 spikes, penalty 12947.77)
==== training qk_e0b_v8base264 (lr 0.004, gc 0.0001, 8250 steps x batch 16, single epoch) ====
GPU guard: 14905 MiB free -- proceeding.
  V8[lr 0.004, gc 0.0001] step 0/8250 ce 10.8693 (ema 10.8693) 0s mem 10864MiB
  V8[lr 0.004, gc 0.0001] step 200/8250 ce 6.6356 (ema 6.9440) 27s mem 10905MiB
  V8[lr 0.004, gc 0.0001] step 400/8250 ce 6.2060 (ema 6.2711) 54s mem 10905MiB
  V8[lr 0.004, gc 0.0001] step 600/8250 ce 6.0781 (ema 6.0530) 80s mem 10905MiB
  V8[lr 0.004, gc 0.0001] step 800/8250 ce 6.0893 (ema 5.9147) 107s mem 10905MiB
  V8[lr 0.004, gc 0.0001] step 1000/8250 ce 5.7163 (ema 5.8367) 134s mem 10905MiB
  V8[lr 0.004, gc 0.0001] step 1200/8250 ce 5.4278 (ema 5.7771) 161s mem 10905MiB
  V8[lr 0.004, gc 0.0001] step 1400/8250 ce 5.6737 (ema 5.7419) 188s mem 10905MiB
  V8[lr 0.004, gc 0.0001] step 1600/8250 ce 5.5657 (ema 5.6949) 214s mem 10905MiB
  V8[lr 0.004, gc 0.0001] step 1800/8250 ce 5.5368 (ema 5.6720) 241s mem 10905MiB
  V8[lr 0.004, gc 0.0001] step 2000/8250 ce 5.6339 (ema 5.6074) 268s mem 10905MiB
  V8 step 2000 held100 CE 5.7887
  V8[lr 0.004, gc 0.0001] step 2200/8250 ce 5.4221 (ema 5.5840) 295s mem 10905MiB
  V8[lr 0.004, gc 0.0001] step 2400/8250 ce 5.4503 (ema 5.5804) 322s mem 10905MiB
  V8[lr 0.004, gc 0.0001] step 2600/8250 ce 5.6308 (ema 5.5311) 349s mem 10905MiB
  V8[lr 0.004, gc 0.0001] step 2800/8250 ce 5.3586 (ema 5.5111) 375s mem 10905MiB
  V8[lr 0.004, gc 0.0001] step 3000/8250 ce 5.3132 (ema 5.5072) 402s mem 10905MiB
  V8[lr 0.004, gc 0.0001] step 3200/8250 ce 5.4842 (ema 5.4723) 429s mem 10905MiB
  V8[lr 0.004, gc 0.0001] step 3400/8250 ce 5.3275 (ema 5.4235) 456s mem 10905MiB
  V8[lr 0.004, gc 0.0001] step 3600/8250 ce 5.4261 (ema 5.4468) 482s mem 10905MiB
  V8[lr 0.004, gc 0.0001] step 3800/8250 ce 5.3586 (ema 5.4226) 509s mem 10905MiB
  V8[lr 0.004, gc 0.0001] step 4000/8250 ce 5.4617 (ema 5.3867) 536s mem 10905MiB
  V8 step 4000 held100 CE 5.5770
  V8[lr 0.004, gc 0.0001] step 4200/8250 ce 5.3546 (ema 5.3895) 563s mem 10905MiB
  V8[lr 0.004, gc 0.0001] step 4400/8250 ce 5.4502 (ema 5.3583) 590s mem 10905MiB
  V8[lr 0.004, gc 0.0001] step 4600/8250 ce 5.4095 (ema 5.3212) 617s mem 10905MiB
  V8[lr 0.004, gc 0.0001] step 4800/8250 ce 5.3770 (ema 5.3464) 643s mem 10905MiB
  V8[lr 0.004, gc 0.0001] step 5000/8250 ce 5.2751 (ema 5.3198) 670s mem 10905MiB
  V8[lr 0.004, gc 0.0001] step 5200/8250 ce 5.2085 (ema 5.3072) 697s mem 10905MiB
  V8[lr 0.004, gc 0.0001] step 5400/8250 ce 5.2046 (ema 5.2782) 724s mem 10905MiB
  V8[lr 0.004, gc 0.0001] step 5600/8250 ce 5.2346 (ema 5.2414) 751s mem 10905MiB
  V8[lr 0.004, gc 0.0001] step 5800/8250 ce 5.4477 (ema 5.2304) 777s mem 10905MiB
  V8[lr 0.004, gc 0.0001] step 6000/8250 ce 5.0612 (ema 5.1998) 804s mem 10905MiB
  V8 step 6000 held100 CE 5.4122
  V8[lr 0.004, gc 0.0001] step 6200/8250 ce 5.3808 (ema 5.2228) 831s mem 10905MiB
  V8[lr 0.004, gc 0.0001] step 6400/8250 ce 5.1861 (ema 5.2076) 858s mem 10905MiB
  V8[lr 0.004, gc 0.0001] step 6600/8250 ce 5.0876 (ema 5.1947) 885s mem 10905MiB
  V8[lr 0.004, gc 0.0001] step 6800/8250 ce 5.2755 (ema 5.1515) 911s mem 10905MiB
  V8[lr 0.004, gc 0.0001] step 7000/8250 ce 5.1699 (ema 5.1648) 938s mem 10905MiB
  V8[lr 0.004, gc 0.0001] step 7200/8250 ce 5.0151 (ema 5.1496) 965s mem 10905MiB
  V8[lr 0.004, gc 0.0001] step 7400/8250 ce 5.1333 (ema 5.1541) 992s mem 10905MiB
  V8[lr 0.004, gc 0.0001] step 7600/8250 ce 5.1898 (ema 5.1185) 1019s mem 10905MiB
  V8[lr 0.004, gc 0.0001] step 7800/8250 ce 5.0642 (ema 5.1370) 1045s mem 10905MiB
  V8[lr 0.004, gc 0.0001] step 8000/8250 ce 5.2371 (ema 5.1216) 1072s mem 10905MiB
  V8 step 8000 held100 CE 5.3231
  V8[lr 0.004, gc 0.0001] step 8200/8250 ce 5.1005 (ema 5.1030) 1099s mem 10905MiB
== V8 FINAL held CE 5.19294  (1111s, 0 spikes, penalty 1640.41)
  consumption row 0: emb +3.8127  (0s)
  consumption row 1: emb +6.8083, mlp0 +0.0984, attn0 +0.0455  (2s)
  consumption row 2: emb +7.9750, mlp1 +0.1855, mlp0 +0.1136, attn0 +0.0461  (4s)
  consumption row 3: emb +0.1974, mlp1 +0.0732, mlp0 +0.0515, mlp2 +0.0272  (6s)
  consumption row 4: emb +4.7775, mlp1 +0.2595, mlp2 +0.0826, mlp0 +0.0603  (10s)
  consumption row 5: emb +3.0486, mlp1 +0.5290, mlp0 +0.0790, mlp2 +0.0647  (14s)
  consumption row 6: emb +1.7271, mlp1 +0.1961, mlp2 +0.0552, mlp0 +0.0512  (19s)
  consumption row 7: emb +2.2469, mlp1 +0.2735, mlp2 +0.0718, mlp0 +0.0547  (25s)
  consumption row 8: emb +0.3643, mlp1 +0.0405, mlp2 +0.0170, mlp0 +0.0166  (32s)
  consumption row 9: emb +0.5535, mlp1 +0.0910, mlp0 +0.0333, mlp2 +0.0239  (39s)
  consumption row 10: emb +0.5153, mlp1 +0.1016, mlp0 +0.0438, mlp4 +0.0299  (48s)
  consumption row 11: emb +7.5567, mlp1 +1.9631, mlp2 +0.5233, mlp0 +0.3541  (57s)
  consumption row 12: emb +9.6086, mlp1 +3.1068, mlp2 +1.0445, mlp0 +0.7571  (66s)
light probe: Spearman all 0.7783 effectual(110) 0.5778 top10 0.5
  L0: tokdet 0.9537 linVE 0.8563 dCEfloor 1.1657 rec 0.927
  L1: tokdet 0.9563 linVE 0.8926 dCEfloor 2.0232 rec 0.9627
  L2: tokdet 0.8533 linVE 0.7568 dCEfloor 0.5124 rec 0.8223
  L3: tokdet 0.8206 linVE 0.6452 dCEfloor 0.0970 rec 0.6426
  L4: tokdet 0.7918 linVE 0.6805 dCEfloor 0.2243 rec 0.7056
  L5: tokdet 0.754 linVE 0.5618 dCEfloor 0.0475 rec 0.5457
  L6: tokdet 0.7489 linVE 0.5861 dCEfloor 0.0645 rec 0.5824
  L7: tokdet 0.7051 linVE 0.5786 dCEfloor 0.1751 rec 0.5618
  L8: tokdet 0.5856 linVE 0.418 dCEfloor 0.0857 rec 0.4015
  L9: tokdet 0.5213 linVE 0.3446 dCEfloor 0.0396 rec 0.3438
  L10: tokdet 0.5698 linVE 0.4391 dCEfloor 0.0742 rec 0.4059
  L11: tokdet 0.5092 linVE 0.381 dCEfloor 0.2147 rec 0.4896
e0 controls run done
