Warning: You are sending unauthenticated requests to the HF Hub. Please set a HF_TOKEN to enable higher rate limits and faster downloads.
tables...
capturing...
131072 positions (117964 train)
mining datastore (streamed FineWeb, entity-filtered)...
  0M tokens, 0.0M tri keys
  0M tokens, 0.0M tri keys
  0M tokens, 0.0M tri keys
  0M tokens, 0.0M tri keys
  0M tokens, 0.0M tri keys
[transformers] Token indices sequence length is longer than the specified maximum sequence length for this model (1097 > 1024). Running this sequence through the model will result in indexing errors
  0M tokens, 0.0M tri keys
  0M tokens, 0.0M tri keys
  0M tokens, 0.0M tri keys
  0M tokens, 0.0M tri keys
  3M tokens, 0.6M tri keys
  3M tokens, 0.6M tri keys
  3M tokens, 0.6M tri keys
  3M tokens, 0.6M tri keys
  6M tokens, 1.1M tri keys
  6M tokens, 1.1M tri keys
  6M tokens, 1.1M tri keys
  6M tokens, 1.1M tri keys
  6M tokens, 1.1M tri keys
  6M tokens, 1.1M tri keys
  9M tokens, 1.7M tri keys
  9M tokens, 1.7M tri keys
  9M tokens, 1.7M tri keys
  9M tokens, 1.7M tri keys
  9M tokens, 1.7M tri keys
  9M tokens, 1.7M tri keys
  9M tokens, 1.7M tri keys
  9M tokens, 1.7M tri keys
  9M tokens, 1.7M tri keys
  9M tokens, 1.7M tri keys
  9M tokens, 1.7M tri keys
  12M tokens, 2.2M tri keys
  12M tokens, 2.2M tri keys
  12M tokens, 2.2M tri keys
  12M tokens, 2.2M tri keys
  12M tokens, 2.2M tri keys
  12M tokens, 2.2M tri keys
  12M tokens, 2.2M tri keys
  12M tokens, 2.2M tri keys
  15M tokens, 2.6M tri keys
  15M tokens, 2.6M tri keys
  15M tokens, 2.6M tri keys
  15M tokens, 2.6M tri keys
  18M tokens, 3.1M tri keys
  18M tokens, 3.1M tri keys
  18M tokens, 3.1M tri keys
  21M tokens, 3.6M tri keys
  21M tokens, 3.6M tri keys
  21M tokens, 3.6M tri keys
  21M tokens, 3.6M tri keys
  21M tokens, 3.6M tri keys
  21M tokens, 3.6M tri keys
  21M tokens, 3.6M tri keys
  21M tokens, 3.6M tri keys
  21M tokens, 3.6M tri keys
  24M tokens, 4.0M tri keys
  24M tokens, 4.0M tri keys
  24M tokens, 4.0M tri keys
  24M tokens, 4.0M tri keys
  24M tokens, 4.0M tri keys
  24M tokens, 4.0M tri keys
  24M tokens, 4.0M tri keys
  24M tokens, 4.0M tri keys
  27M tokens, 4.5M tri keys
  27M tokens, 4.5M tri keys
  27M tokens, 4.5M tri keys
  27M tokens, 4.5M tri keys
  30M tokens, 4.9M tri keys
datastore: 804591 trigram keys, 422261 bigram keys
retrieval for training positions...
train hit rate 0.326; feature dim 338
features ready
named_mem_swiglu: 371120 params, val R2 0.5078, top-1% weight mass 0.108
named_mem_swiglu: full-audit dCE +0.03096
CTX GEN ZOO DONE
Exception ignored in: <generator object Parquet._generate_tables at 0x7d1dbf3ad540>
Traceback (most recent call last):
  File "/venv/main/lib/python3.12/site-packages/datasets/packaged_modules/parquet/parquet.py", line 227, in _generate_tables
AttributeError: 'NoneType' object has no attribute 'ArrowInvalid'
terminate called without an active exception
