GPU guard: 15571 MiB free -- proceeding.
width patched: D 264, NH 6, HD 44, slot dim 11
width patched: D 264, NH 6, HD 44, slot dim 11
fresh single-epoch setup: 132000 shard rows loaded, 8250 steps x batch 16 (132000 seqs, single visit each, epoch_order(0) shared across arms); held fresh34k[33000:34500] (1500 seqs)
gpu: 15051 MiB free -- using cuda
Warning: You are sending unauthenticated requests to the HF Hub. Please set a HF_TOKEN to enable higher rate limits and faster downloads.
library: 10 E21 predicates + 4 new + 25 class contingencies = 39
held: fresh34k[33000:33200] on cuda (the fixed E21/E31 audit slice)
control0_library_backcompat: e21 channels 0.0e+00, kernels 0.0e+00/0.0e+00 -> PASS
control(b) exact prev-token pattern: {'MATCH_same': 0.0, 'MATCH_prev': 0.0, 'MATCH_next': 0.2787, 'PREV_token': 1.0, 'FIRST_token': 0.0, 'KEY_newline': 0.0001, 'KEY_punct': 0.0005, 'KEY_func': 0.0008, 'KEY_cap': 0.0004, 'KEY_digit': 0.0001, 'MATCH_prev2': 0.0001, 'KEY_repeat': 0.0021, 'SAME_WORD_PIECE': 0.0033, 'DUPLICATE_pair': 0.0, 'Qnewline_x_Knewline': 0.0, 'Qnewline_x_Kpunct': 0.0004, 'Qnewline_x_Kfunc': 0.0, 'Qnewline_x_Kcap': 0.0, 'Qnewline_x_Kdigit': 0.0, 'Qpunct_x_Knewline': 0.0, 'Qpunct_x_Kpunct': 0.0, 'Qpunct_x_Kfunc': 0.0, 'Qpunct_x_Kcap': 0.0001, 'Qpunct_x_Kdigit': 0.0002, 'Qfunc_x_Knewline': 0.0, 'Qfunc_x_Kpunct': 0.0001, 'Qfunc_x_Kfunc': 0.0001, 'Qfunc_x_Kcap': 0.0, 'Qfunc_x_Kdigit': 0.0, 'Qcap_x_Knewline': 0.0, 'Qcap_x_Kpunct': 0.0003, 'Qcap_x_Kfunc': 0.0001, 'Qcap_x_Kcap': 0.0002, 'Qcap_x_Kdigit': 0.0, 'Qdigit_x_Knewline': -0.0, 'Qdigit_x_Kpunct': 0.0002, 'Qdigit_x_Kfunc': 0.0, 'Qdigit_x_Kcap': -0.0, 'Qdigit_x_Kdigit': 0.0, 'POSITIONAL_decay': 1.0}
          profile concentration at offset 1: 1.000000
control(c) exact same-token pattern: {'MATCH_same': 1.0, 'MATCH_prev': 0.0, 'MATCH_next': 0.0, 'PREV_token': 0.0, 'FIRST_token': 0.0001, 'KEY_newline': 0.0021, 'KEY_punct': 0.0095, 'KEY_func': 0.0055, 'KEY_cap': 0.0005, 'KEY_digit': 0.0001, 'MATCH_prev2': 0.0008, 'KEY_repeat': 0.0171, 'SAME_WORD_PIECE': 0.0234, 'DUPLICATE_pair': 0.7213, 'Qnewline_x_Knewline': 0.06, 'Qnewline_x_Kpunct': 0.0, 'Qnewline_x_Kfunc': 0.0, 'Qnewline_x_Kcap': 0.0, 'Qnewline_x_Kdigit': 0.0, 'Qpunct_x_Knewline': 0.0, 'Qpunct_x_Kpunct': 0.0685, 'Qpunct_x_Kfunc': 0.0, 'Qpunct_x_Kcap': 0.0, 'Qpunct_x_Kdigit': 0.0, 'Qfunc_x_Knewline': 0.0, 'Qfunc_x_Kpunct': 0.0, 'Qfunc_x_Kfunc': 0.0258, 'Qfunc_x_Kcap': 0.0, 'Qfunc_x_Kdigit': 0.0, 'Qcap_x_Knewline': 0.0, 'Qcap_x_Kpunct': 0.0, 'Qcap_x_Kfunc': 0.0, 'Qcap_x_Kcap': 0.004, 'Qcap_x_Kdigit': 0.0, 'Qdigit_x_Knewline': 0.0, 'Qdigit_x_Kpunct': 0.0, 'Qdigit_x_Kfunc': 0.0, 'Qdigit_x_Kcap': 0.0, 'Qdigit_x_Kdigit': 0.0011, 'POSITIONAL_decay': 0.286}
control1_synthetic_e21_through_expanded_library: PASS
  MATCH_prev2: self 1.0 argmax MATCH_prev2 (runner-up SAME_WORD_PIECE 0.0065)
  KEY_repeat: self 1.0 argmax KEY_repeat (runner-up SAME_WORD_PIECE 0.2309)
  SAME_WORD_PIECE: self 1.0 argmax SAME_WORD_PIECE (runner-up KEY_repeat 0.2321)
  DUPLICATE_pair: self 1.0 argmax DUPLICATE_pair (runner-up MATCH_same 0.7212)
  Qpunct_x_Kpunct: self 1.0 argmax Qpunct_x_Kpunct (runner-up KEY_punct 0.1323)
  Qcap_x_Kdigit: self 1.0 argmax Qcap_x_Kdigit (runner-up KEY_digit 0.1318)
  Qfunc_x_Kfunc: self 1.0 argmax Qfunc_x_Kfunc (runner-up KEY_func 0.213)
control2_synthetic_new_predicates: PASS
control4_svd_known_answers: rank1 1.0000; token pattern tok 1.0 vs pos -0.1769; pos pattern pos 1.0 vs tok -0.1708 -> PASS
UNTRAINED_init: half 0 (100 seqs) done
UNTRAINED_init: half 1 (100 seqs) done
UNTRAINED_init: census done (13s, micro-batch 2)
untrained floor: {"n_heads": 72, "best_gt_05": 0, "best_gt_03": 0, "best_selection_gt_05": 0, "best_selection_gt_03": 0, "best_predicate_hist_score_gt_03": {}, "programmatic_gain_ge_005": 0, "programmatic_hist": {}, "programmatic_layers": []}
==== s0 (qk_e22_a) ====
control3_decomposition_s0: pattern 2.38e-07, logits 0.00e+00 -> PASS
residual_s0: half 0 (100 seqs) done
residual_s0: half 1 (100 seqs) done
residual_s0: census done (13s, micro-batch 2)
s0 residual census summary: {"n_heads": 72, "best_gt_05": 0, "best_gt_03": 4, "best_selection_gt_05": 0, "best_selection_gt_03": 0, "best_predicate_hist_score_gt_03": {"POSITIONAL_decay": 4}, "programmatic_gain_ge_005": 0, "programmatic_hist": {}, "programmatic_layers": []}
structure_s0: {"n_heads": 72, "mean_rank1_mass_fraction": 0.1425, "mean_rank2_mass_fraction": 0.2273, "mean_rank4_mass_fraction": 0.3376, "n_heads_rank4_ge_050": 11, "n_heads_rank1_ge_050": 0, "verdict_hist": {"diffuse": 61, "position": 3, "token_identity": 8}, "mean_token_r2_left1": 0.0964, "mean_pos_r2_left1": 0.1676}
causal_weight_s0: dCE residual-zeroed +0.4377 (se 0.00855), named-zeroed +2.7579 (se 0.04184); induction 2.0786 -> 1.7546 (residual zeroed) / 0.3065 (named zeroed)
seed-0 provisional candidates: ['SAME_WORD_PIECE', 'KEY_repeat', 'MATCH_next']
==== s1 (qk_e29_predbasis_s1) ====
control3_decomposition_s1: pattern 4.77e-07, logits 0.00e+00 -> PASS
residual_s1: half 0 (100 seqs) done
residual_s1: half 1 (100 seqs) done
residual_s1: census done (13s, micro-batch 2)
s1 residual census summary: {"n_heads": 72, "best_gt_05": 1, "best_gt_03": 4, "best_selection_gt_05": 0, "best_selection_gt_03": 0, "best_predicate_hist_score_gt_03": {"POSITIONAL_decay": 4}, "programmatic_gain_ge_005": 1, "programmatic_hist": {"Qnewline_x_Kpunct": 1}, "programmatic_layers": [1]}
/workspace/tensor_language/basis_aligned/qk_mdl/qk_e32_residual_mine_run.py:427: UserWarning: torch.linalg.svd: During SVD computation with the selected cusolver driver, batches 0 failed to converge. A more accurate method will be used to compute the SVD as a fallback. Check doc at https://pytorch.org/docs/stable/generated/torch.linalg.svd.html (Triggered internally at /pytorch/aten/src/ATen/native/cuda/linalg/BatchLinearAlgebraLib.cpp:692.)
  U, S, Vh = torch.linalg.svd(pat.double(), full_matrices=False)
structure_s1: {"n_heads": 72, "mean_rank1_mass_fraction": 0.1403, "mean_rank2_mass_fraction": 0.2217, "mean_rank4_mass_fraction": 0.3303, "n_heads_rank4_ge_050": 12, "n_heads_rank1_ge_050": 0, "verdict_hist": {"diffuse": 60, "position": 5, "token_identity": 7}, "mean_token_r2_left1": 0.1136, "mean_pos_r2_left1": 0.1432}
causal_weight_s1: dCE residual-zeroed +0.4087 (se 0.0074), named-zeroed +2.0253 (se 0.03397); induction 2.0287 -> 1.7646 (residual zeroed) / 0.3396 (named zeroed)
==== s2 (qk_e29_predbasis_s2) ====
control3_decomposition_s2: pattern 4.77e-07, logits 0.00e+00 -> PASS
residual_s2: half 0 (100 seqs) done
residual_s2: half 1 (100 seqs) done
residual_s2: census done (13s, micro-batch 2)
s2 residual census summary: {"n_heads": 72, "best_gt_05": 0, "best_gt_03": 4, "best_selection_gt_05": 0, "best_selection_gt_03": 0, "best_predicate_hist_score_gt_03": {"POSITIONAL_decay": 4}, "programmatic_gain_ge_005": 1, "programmatic_hist": {"Qnewline_x_Knewline": 1}, "programmatic_layers": [2]}
structure_s2: {"n_heads": 72, "mean_rank1_mass_fraction": 0.1503, "mean_rank2_mass_fraction": 0.2397, "mean_rank4_mass_fraction": 0.3515, "n_heads_rank4_ge_050": 12, "n_heads_rank1_ge_050": 1, "verdict_hist": {"diffuse": 60, "position": 3, "token_identity": 9}, "mean_token_r2_left1": 0.1149, "mean_pos_r2_left1": 0.1296}
causal_weight_s2: dCE residual-zeroed +0.4516 (se 0.0074), named-zeroed +2.2839 (se 0.04083); induction 2.0697 -> 1.8298 (residual zeroed) / 0.3387 (named zeroed)
{
  "top3_recommendation": [
    {
      "rank": 1,
      "predicate": "Qnewline_x_Kfunc",
      "n_programmatic_heads_per_seed": [
        0,
        1,
        1
      ],
      "total_residual_cos2_mean": 0.1422,
      "over_floor_total_cos2": 0.1379,
      "max_z_per_seed": [
        4573.9,
        2789.5,
        5281.7
      ],
      "replicated_all_seeds": false
    },
    {
      "rank": 2,
      "predicate": "Qnewline_x_Kpunct",
      "n_programmatic_heads_per_seed": [
        0,
        1,
        1
      ],
      "total_residual_cos2_mean": 0.1318,
      "over_floor_total_cos2": 0.1193,
      "max_z_per_seed": [
        101935.8,
        5540.1,
        8548.3
      ],
      "replicated_all_seeds": false
    },
    {
      "rank": 3,
      "predicate": "Qnewline_x_Knewline",
      "n_programmatic_heads_per_seed": [
        0,
        0,
        1
      ],
      "total_residual_cos2_mean": 0.1838,
      "over_floor_total_cos2": 0.1607,
      "max_z_per_seed": [
        27392.3,
        8245.2,
        29216.3
      ],
      "replicated_all_seeds": false
    }
  ],
  "causal_weight_per_seed": {
    "s0": {
      "delta_ce_residual_zeroed": 0.43768,
      "delta_ce_named_zeroed": 2.7579,
      "delta_induction_residual_zeroed": -0.32401,
      "delta_induction_named_zeroed": -1.77214,
      "named_share_of_ce_cost": 0.863
    },
    "s1": {
      "delta_ce_residual_zeroed": 0.40867,
      "delta_ce_named_zeroed": 2.02533,
      "delta_induction_residual_zeroed": -0.26415,
      "delta_induction_named_zeroed": -1.68913,
      "named_share_of_ce_cost": 0.8321
    },
    "s2": {
      "delta_ce_residual_zeroed": 0.4516,
      "delta_ce_named_zeroed": 2.28386,
      "delta_induction_residual_zeroed": -0.23986,
      "delta_induction_named_zeroed": -1.73097,
      "named_share_of_ce_cost": 0.8349
    }
  }
}
e32 residual mine run done (986s)
