GPU guard: 15571 MiB free -- proceeding.
width patched: D 264, NH 6, HD 44, slot dim 11
fresh single-epoch setup: 132000 shard rows loaded, 8250 steps x batch 16 (132000 seqs, single visit each, epoch_order(0) shared across arms); held fresh34k[33000:34500] (1500 seqs)
GPU guard: 15051 MiB free -- proceeding.
  MUON[lr 0.02/0.004] step 0/3 ce 10.8693 (ema 10.8693) 0s mem 10616MiB
  MUON[lr 0.02/0.004] step 1/3 ce 10.8717 (ema 10.8694) 1s mem 10806MiB
  MUON[lr 0.02/0.004] step 2/3 ce 10.8615 (ema 10.8692) 1s mem 10806MiB
  muon sweep lr 0.02: held100 CE 10.8682 (0 spikes)
GPU guard: only 2283 MiB free (<4500); sleeping 60s ...
GPU guard: only 2283 MiB free (<4500); sleeping 60s ...
GPU guard: only 2283 MiB free (<4500); sleeping 60s ...
GPU guard: only 2283 MiB free (<4500); sleeping 60s ...
GPU guard: only 2283 MiB free (<4500); sleeping 60s ...
GPU guard: only 2283 MiB free (<4500); sleeping 60s ...
GPU guard: only 2283 MiB free (<4500); sleeping 60s ...
GPU guard: only 2283 MiB free (<4500); sleeping 60s ...
GPU guard: only 2283 MiB free (<4500); sleeping 60s ...
GPU guard: only 2283 MiB free (<4500); sleeping 60s ...
GPU guard: only 2283 MiB free (<4500); sleeping 60s ...
GPU guard: only 2283 MiB free (<4500); sleeping 60s ...
GPU guard: only 2283 MiB free (<4500); sleeping 60s ...
GPU guard: only 2283 MiB free (<4500); sleeping 60s ...
GPU guard: only 2283 MiB free (<4500); sleeping 60s ...
GPU guard: only 2283 MiB free (<4500); sleeping 60s ...
GPU guard: only 2283 MiB free (<4500); sleeping 60s ...
GPU guard: only 2283 MiB free (<4500); sleeping 60s ...
GPU guard: only 2283 MiB free (<4500); sleeping 60s ...
GPU guard: only 2283 MiB free (<4500); sleeping 60s ...
GPU guard: only 2283 MiB free (<4500); sleeping 60s ...
GPU guard: only 2283 MiB free (<4500); sleeping 60s ...
GPU guard: only 2283 MiB free (<4500); sleeping 60s ...
GPU guard: only 2283 MiB free (<4500); sleeping 60s ...
GPU guard: only 2283 MiB free (<4500); sleeping 60s ...
GPU guard: only 2283 MiB free (<4500); sleeping 60s ...
GPU guard: only 2283 MiB free (<4500); sleeping 60s ...
GPU guard: only 2283 MiB free (<4500); sleeping 60s ...
GPU guard: only 2283 MiB free (<4500); sleeping 60s ...
GPU guard: only 2283 MiB free (<4500); sleeping 60s ...
GPU guard: only 2283 MiB free (<4500); sleeping 60s ...
GPU guard: only 2283 MiB free (<4500); sleeping 60s ...
GPU guard: only 2283 MiB free (<4500); sleeping 60s ...
GPU guard: only 2283 MiB free (<4500); sleeping 60s ...
GPU guard: only 2283 MiB free (<4500); sleeping 60s ...
GPU guard: only 2283 MiB free (<4500); sleeping 60s ...
GPU guard: only 2283 MiB free (<4500); sleeping 60s ...
GPU guard: only 2283 MiB free (<4500); sleeping 60s ...
GPU guard: only 2283 MiB free (<4500); sleeping 60s ...
GPU guard: only 2283 MiB free (<4500); sleeping 60s ...
GPU guard: only 2283 MiB free (<4500); sleeping 60s ...
GPU guard: only 2283 MiB free (<4500); sleeping 60s ...
GPU guard: only 2283 MiB free (<4500); sleeping 60s ...
GPU guard: only 2283 MiB free (<4500); sleeping 60s ...
GPU guard: only 2283 MiB free (<4500); sleeping 60s ...
GPU guard: only 2283 MiB free (<4500); sleeping 60s ...
GPU guard: only 2283 MiB free (<4500); sleeping 60s ...
GPU guard: only 2283 MiB free (<4500); sleeping 60s ...
GPU guard: only 2283 MiB free (<4500); sleeping 60s ...
GPU guard: only 2283 MiB free (<4500); sleeping 60s ...
GPU guard: only 2283 MiB free (<4500); sleeping 60s ...
GPU guard: only 2283 MiB free (<4500); sleeping 60s ...
GPU guard: only 2283 MiB free (<4500); sleeping 60s ...
GPU guard: only 2283 MiB free (<4500); sleeping 60s ...
GPU guard: only 2283 MiB free (<4500); sleeping 60s ...
GPU guard: only 2283 MiB free (<4500); sleeping 60s ...
GPU guard: only 2283 MiB free (<4500); sleeping 60s ...
GPU guard: only 2283 MiB free (<4500); sleeping 60s ...
GPU guard: only 2283 MiB free (<4500); sleeping 60s ...
GPU guard: only 2283 MiB free (<4500); sleeping 60s ...
GPU guard: only 2283 MiB free (<4500); sleeping 60s ...
GPU guard: only 2283 MiB free (<4500); sleeping 60s ...
GPU guard: only 2283 MiB free (<4500); sleeping 60s ...
GPU guard: only 2283 MiB free (<4500); sleeping 60s ...
GPU guard: only 2283 MiB free (<4500); sleeping 60s ...
GPU guard: only 2283 MiB free (<4500); sleeping 60s ...
GPU guard: only 2283 MiB free (<4500); sleeping 60s ...
GPU guard: only 2283 MiB free (<4500); sleeping 60s ...
GPU guard: only 2283 MiB free (<4500); sleeping 60s ...
GPU guard: only 2283 MiB free (<4500); sleeping 60s ...
GPU guard: only 2283 MiB free (<4500); sleeping 60s ...
GPU guard: only 2283 MiB free (<4500); sleeping 60s ...
GPU guard: only 2283 MiB free (<4500); sleeping 60s ...
GPU guard: only 2283 MiB free (<4500); sleeping 60s ...
GPU guard: only 2283 MiB free (<4500); sleeping 60s ...
GPU guard: only 2283 MiB free (<4500); sleeping 60s ...
GPU guard: only 2283 MiB free (<4500); sleeping 60s ...
GPU guard: only 2283 MiB free (<4500); sleeping 60s ...
GPU guard: only 2283 MiB free (<4500); sleeping 60s ...
GPU guard: only 2283 MiB free (<4500); sleeping 60s ...
GPU guard: only 2283 MiB free (<4500); sleeping 60s ...
GPU guard: only 2283 MiB free (<4500); sleeping 60s ...
GPU guard: only 2283 MiB free (<4500); sleeping 60s ...
GPU guard: only 2283 MiB free (<4500); sleeping 60s ...
GPU guard: only 2283 MiB free (<4500); sleeping 60s ...
GPU guard: only 2283 MiB free (<4500); sleeping 60s ...
GPU guard: only 2283 MiB free (<4500); sleeping 60s ...
GPU guard: only 2283 MiB free (<4500); sleeping 60s ...
GPU guard: only 2283 MiB free (<4500); sleeping 60s ...
GPU guard: only 2283 MiB free (<4500); sleeping 60s ...
GPU guard: only 2283 MiB free (<4500); sleeping 60s ...
GPU guard: only 2283 MiB free (<4500); sleeping 60s ...
GPU guard: only 2283 MiB free (<4500); sleeping 60s ...
GPU guard: only 2283 MiB free (<4500); sleeping 60s ...
GPU guard: only 2283 MiB free (<4500); sleeping 60s ...
GPU guard: only 2283 MiB free (<4500); sleeping 60s ...
GPU guard: only 2283 MiB free (<4500); sleeping 60s ...
GPU guard: only 2283 MiB free (<4500); sleeping 60s ...
GPU guard: only 2283 MiB free (<4500); sleeping 60s ...
GPU guard: only 2283 MiB free (<4500); sleeping 60s ...
GPU guard: only 2283 MiB free (<4500); sleeping 60s ...
GPU guard: only 2283 MiB free (<4500); sleeping 60s ...
GPU guard: only 2283 MiB free (<4500); sleeping 60s ...
GPU guard: only 2283 MiB free (<4500); sleeping 60s ...
GPU guard: only 2283 MiB free (<4500); sleeping 60s ...
GPU guard: only 2283 MiB free (<4500); sleeping 60s ...
GPU guard: only 2283 MiB free (<4500); sleeping 60s ...
GPU guard: only 2283 MiB free (<4500); sleeping 60s ...
GPU guard: only 2283 MiB free (<4500); sleeping 60s ...
GPU guard: only 2283 MiB free (<4500); sleeping 60s ...
GPU guard: only 2283 MiB free (<4500); sleeping 60s ...
GPU guard: only 2283 MiB free (<4500); sleeping 60s ...
GPU guard: only 2283 MiB free (<4500); sleeping 60s ...
GPU guard: only 2283 MiB free (<4500); sleeping 60s ...
GPU guard: only 2283 MiB free (<4500); sleeping 60s ...
GPU guard: only 2283 MiB free (<4500); sleeping 60s ...
GPU guard: only 2283 MiB free (<4500); sleeping 60s ...
GPU guard: only 2283 MiB free (<4500); sleeping 60s ...
GPU guard: only 2283 MiB free (<4500); sleeping 60s ...
GPU guard: only 2283 MiB free (<4500); sleeping 60s ...
GPU guard: only 2283 MiB free (<4500); sleeping 60s ...
GPU guard: only 2283 MiB free (<4500); sleeping 60s ...
GPU guard: only 2283 MiB free (<4500); sleeping 60s ...
GPU guard: only 2283 MiB free (<4500); sleeping 60s ...
GPU guard: only 2283 MiB free (<4500); sleeping 60s ...
GPU guard: only 2283 MiB free (<4500); sleeping 60s ...
GPU guard: only 2283 MiB free (<4500); sleeping 60s ...
GPU guard: only 2283 MiB free (<4500); sleeping 60s ...
GPU guard: only 2283 MiB free (<4500); sleeping 60s ...
GPU guard: only 2283 MiB free (<4500); sleeping 60s ...
GPU guard: only 2283 MiB free (<4500); sleeping 60s ...
GPU guard: only 2283 MiB free (<4500); sleeping 60s ...
GPU guard: only 2283 MiB free (<4500); sleeping 60s ...
GPU guard: only 2283 MiB free (<4500); sleeping 60s ...
GPU guard: only 2283 MiB free (<4500); sleeping 60s ...
GPU guard: only 2283 MiB free (<4500); sleeping 60s ...
GPU guard: only 2283 MiB free (<4500); sleeping 60s ...
GPU guard: only 2283 MiB free (<4500); sleeping 60s ...
GPU guard: only 2283 MiB free (<4500); sleeping 60s ...
GPU guard: only 2283 MiB free (<4500); sleeping 60s ...
GPU guard: only 2283 MiB free (<4500); sleeping 60s ...
GPU guard: only 2283 MiB free (<4500); sleeping 60s ...
GPU guard: only 2283 MiB free (<4500); sleeping 60s ...
GPU guard: only 2283 MiB free (<4500); sleeping 60s ...
GPU guard: only 2283 MiB free (<4500); sleeping 60s ...
GPU guard: only 2283 MiB free (<4500); sleeping 60s ...
GPU guard: only 2283 MiB free (<4500); sleeping 60s ...
GPU guard: only 2283 MiB free (<4500); sleeping 60s ...
GPU guard: only 2283 MiB free (<4500); sleeping 60s ...
GPU guard: only 2283 MiB free (<4500); sleeping 60s ...
GPU guard: only 2283 MiB free (<4500); sleeping 60s ...
GPU guard: only 2283 MiB free (<4500); sleeping 60s ...
GPU guard: only 2283 MiB free (<4500); sleeping 60s ...
GPU guard: only 2283 MiB free (<4500); sleeping 60s ...
GPU guard: only 2283 MiB free (<4500); sleeping 60s ...
GPU guard: only 2283 MiB free (<4500); sleeping 60s ...
GPU guard: only 2283 MiB free (<4500); sleeping 60s ...
GPU guard: 15571 MiB free -- proceeding.
width patched: D 264, NH 6, HD 44, slot dim 11
fresh single-epoch setup: 132000 shard rows loaded, 8250 steps x batch 16 (132000 seqs, single visit each, epoch_order(0) shared across arms); held fresh34k[33000:34500] (1500 seqs)
guard(non-blocking): 15051 MiB free after empty_cache -- proceeding
  MUON[lr 0.02/0.004] step 0/50 ce 10.8693 (ema 10.8693) 0s mem 10616MiB
  MUON[lr 0.02/0.004] step 10/50 ce 10.8286 (ema 10.8670) 2s mem 10806MiB
  MUON[lr 0.02/0.004] step 20/50 ce 10.7049 (ema 10.8487) 3s mem 10806MiB
  MUON[lr 0.02/0.004] step 30/50 ce 10.3844 (ema 10.7948) 5s mem 10806MiB
  MUON[lr 0.02/0.004] step 40/50 ce 9.9644 (ema 10.6819) 6s mem 10806MiB
  muon sweep lr 0.02: held100 CE 9.1487 (0 spikes)
guard(non-blocking): 14903 MiB free after empty_cache -- proceeding
  MUON[lr 0.02/0.004] step 0/50 ce 10.8693 (ema 10.8693) 0s mem 10806MiB
  MUON[lr 0.02/0.004] step 10/50 ce 10.8286 (ema 10.8670) 2s mem 10806MiB
  MUON[lr 0.02/0.004] step 20/50 ce 10.7049 (ema 10.8487) 3s mem 10806MiB
  MUON[lr 0.02/0.004] step 30/50 ce 10.3844 (ema 10.7948) 4s mem 10806MiB
  MUON[lr 0.02/0.004] step 40/50 ce 9.9644 (ema 10.6819) 6s mem 10806MiB
  muon sweep lr 0.02: held100 CE 9.1486 (0 spikes)
guard(non-blocking): 14903 MiB free after empty_cache -- proceeding
  V8[lr 0.004, gc 0.0001] step 0/50 ce 10.8693 (ema 10.8693) 0s mem 10806MiB
  V8[lr 0.004, gc 0.0001] step 10/50 ce 10.8138 (ema 10.8659) 1s mem 10905MiB
  V8[lr 0.004, gc 0.0001] step 20/50 ce 10.6221 (ema 10.8398) 3s mem 10905MiB
  V8[lr 0.004, gc 0.0001] step 30/50 ce 9.8464 (ema 10.7410) 4s mem 10905MiB
  V8[lr 0.004, gc 0.0001] step 40/50 ce 8.6115 (ema 10.4447) 5s mem 10905MiB
/workspace/tensor_language/basis_aligned/qk_mdl/qk_v8_train.py:276: UserWarning: Converting a tensor with requires_grad=True to a scalar may lead to unexpected behavior.
Consider using tensor.detach() first. (Triggered internally at /pytorch/torch/csrc/autograd/generated/python_variable_methods.cpp:838.)
  log['final_penalty'] = float(group_penalty(model))
  sweep lr 0.004 gc 0.0001: held100 CE 7.7880 (0 spikes)
control prox 50-step: prox-muon 9.1487 vs plain muon 9.1486 (|diff| 0.0001; must be < 0.05) vs adamw+loss-lasso 7.7880 (info only: muon warmup gap +1.3608); read groups zeroed 0.0000, min group norm 1.8502
guard(non-blocking): 14905 MiB free after empty_cache -- proceeding
  MUON[lr 0.02/0.004] step 0/3 ce 10.8693 (ema 10.8693) 0s mem 10905MiB
  MUON[lr 0.02/0.004] step 1/3 ce 10.8717 (ema 10.8694) 0s mem 10905MiB
  MUON[lr 0.02/0.004] step 2/3 ce 10.8615 (ema 10.8692) 0s mem 10905MiB
  muon sweep lr 0.02: held100 CE 10.8682 (0 spikes)
guard(non-blocking): 14359 MiB free after empty_cache -- proceeding
  MUON[lr 0.02/0.004] step 0/3 ce 10.8693 (ema 10.8693) 0s mem 10905MiB
  MUON[lr 0.02/0.004] step 1/3 ce 10.8717 (ema 10.8694) 0s mem 11023MiB
  MUON[lr 0.02/0.004] step 2/3 ce 10.8615 (ema 10.8692) 0s mem 11023MiB
  muon sweep lr 0.02: held100 CE 10.8682 (0 spikes)
control E7prox(tau=0)==plain lasso-free Muon after 3 steps: max |weight diff| 0.00e+00
control E7decid penalty at init 2.40e-05 (plain V11 penalty would be 79.60)
control E7decid(init)==V11(init): max |logit diff| 0.00e+00
control E7m1(1 group)==V8Route at init: max |logit diff| 0.00e+00
==== training qk_e7_prox (lr 0.02, gc 0.0, 8250 steps x batch 16, single epoch) ====
guard(non-blocking): 14905 MiB free after empty_cache -- proceeding
  MUON[lr 0.02/0.004] step 0/8250 ce 10.8693 (ema 10.8693) 0s mem 11023MiB
  MUON[lr 0.02/0.004] step 200/8250 ce 6.5778 (ema 6.9544) 29s mem 11023MiB
  MUON[lr 0.02/0.004] step 400/8250 ce 6.1730 (ema 6.2217) 58s mem 11023MiB
  MUON[lr 0.02/0.004] step 600/8250 ce 6.0630 (ema 6.0200) 87s mem 11023MiB
  MUON[lr 0.02/0.004] step 800/8250 ce 6.0548 (ema 5.8846) 116s mem 11023MiB
  MUON[lr 0.02/0.004] step 1000/8250 ce 5.7063 (ema 5.8086) 145s mem 11023MiB
  MUON[lr 0.02/0.004] step 1200/8250 ce 5.3902 (ema 5.7512) 174s mem 11023MiB
  MUON[lr 0.02/0.004] step 1400/8250 ce 5.6455 (ema 5.7188) 202s mem 11023MiB
  MUON[lr 0.02/0.004] step 1600/8250 ce 5.5487 (ema 5.6742) 231s mem 11023MiB
  MUON[lr 0.02/0.004] step 1800/8250 ce 5.4721 (ema 5.6519) 260s mem 11023MiB
  MUON[lr 0.02/0.004] step 2000/8250 ce 5.6080 (ema 5.5837) 289s mem 11023MiB
  MUON step 2000 held100 fresh CE 5.7645
  MUON[lr 0.02/0.004] step 2200/8250 ce 5.3953 (ema 5.5631) 318s mem 11023MiB
  MUON[lr 0.02/0.004] step 2400/8250 ce 5.4351 (ema 5.5537) 347s mem 11023MiB
  MUON[lr 0.02/0.004] step 2600/8250 ce 5.6272 (ema 5.5048) 376s mem 11023MiB
  MUON[lr 0.02/0.004] step 2800/8250 ce 5.3202 (ema 5.4799) 405s mem 11023MiB
  MUON[lr 0.02/0.004] step 3000/8250 ce 5.2877 (ema 5.4808) 434s mem 11023MiB
  MUON[lr 0.02/0.004] step 3200/8250 ce 5.4533 (ema 5.4437) 463s mem 11023MiB
  MUON[lr 0.02/0.004] step 3400/8250 ce 5.2939 (ema 5.3948) 492s mem 11023MiB
  MUON[lr 0.02/0.004] step 3600/8250 ce 5.3952 (ema 5.4223) 521s mem 11023MiB
  MUON[lr 0.02/0.004] step 3800/8250 ce 5.3070 (ema 5.3912) 549s mem 11023MiB
  MUON[lr 0.02/0.004] step 4000/8250 ce 5.4052 (ema 5.3581) 578s mem 11023MiB
  MUON step 4000 held100 fresh CE 5.5610
  MUON[lr 0.02/0.004] step 4200/8250 ce 5.3108 (ema 5.3615) 608s mem 11023MiB
  MUON[lr 0.02/0.004] step 4400/8250 ce 5.4411 (ema 5.3293) 636s mem 11023MiB
  MUON[lr 0.02/0.004] step 4600/8250 ce 5.3775 (ema 5.2873) 665s mem 11023MiB
  MUON[lr 0.02/0.004] step 4800/8250 ce 5.3464 (ema 5.3198) 694s mem 11023MiB
  MUON[lr 0.02/0.004] step 5000/8250 ce 5.2612 (ema 5.2950) 723s mem 11023MiB
  MUON[lr 0.02/0.004] step 5200/8250 ce 5.1708 (ema 5.2814) 752s mem 11023MiB
  MUON[lr 0.02/0.004] step 5400/8250 ce 5.1567 (ema 5.2544) 781s mem 11023MiB
  MUON[lr 0.02/0.004] step 5600/8250 ce 5.2438 (ema 5.2222) 810s mem 11023MiB
  MUON[lr 0.02/0.004] step 5800/8250 ce 5.4373 (ema 5.2144) 839s mem 11023MiB
  MUON[lr 0.02/0.004] step 6000/8250 ce 5.0370 (ema 5.1869) 868s mem 11023MiB
  MUON step 6000 held100 fresh CE 5.4008
  MUON[lr 0.02/0.004] step 6200/8250 ce 5.3877 (ema 5.2159) 897s mem 11023MiB
  MUON[lr 0.02/0.004] step 6400/8250 ce 5.1966 (ema 5.2054) 926s mem 11023MiB
  MUON[lr 0.02/0.004] step 6600/8250 ce 5.0930 (ema 5.1991) 955s mem 11023MiB
  MUON[lr 0.02/0.004] step 6800/8250 ce 5.3014 (ema 5.1619) 983s mem 11023MiB
  MUON[lr 0.02/0.004] step 7000/8250 ce 5.1776 (ema 5.1799) 1012s mem 11023MiB
  MUON[lr 0.02/0.004] step 7200/8250 ce 5.0713 (ema 5.1718) 1041s mem 11023MiB
  MUON[lr 0.02/0.004] step 7400/8250 ce 5.1422 (ema 5.1789) 1070s mem 11023MiB
  MUON[lr 0.02/0.004] step 7600/8250 ce 5.2281 (ema 5.1448) 1099s mem 11023MiB
  MUON[lr 0.02/0.004] step 7800/8250 ce 5.0566 (ema 5.1692) 1128s mem 11023MiB
  MUON[lr 0.02/0.004] step 8000/8250 ce 5.2988 (ema 5.1543) 1157s mem 11023MiB
  MUON step 8000 held100 fresh CE 5.3495
  MUON[lr 0.02/0.004] step 8200/8250 ce 5.1253 (ema 5.1365) 1186s mem 11023MiB
== MUON FINAL held CE 5.22218 (1198s, 0 spikes)
-- v11_lrsweep: sweep lr 0.002 x 400 steps
guard(non-blocking): 14905 MiB free after empty_cache -- proceeding
  V8[lr 0.002, gc 0.0001] step 0/400 ce 10.8720 (ema 10.8720) 0s mem 11023MiB
  V8[lr 0.002, gc 0.0001] step 100/400 ce 6.8893 (ema 8.3071) 14s mem 11033MiB
  V8[lr 0.002, gc 0.0001] step 200/400 ce 6.5559 (ema 6.9092) 27s mem 11033MiB
  V8[lr 0.002, gc 0.0001] step 300/400 ce 6.2627 (ema 6.4578) 41s mem 11033MiB
  sweep lr 0.002 gc 0.0001: held100 CE 6.2769 (0 spikes)
-- v11_lrsweep: sweep lr 0.004 x 400 steps
guard(non-blocking): 14905 MiB free after empty_cache -- proceeding
  V8[lr 0.004, gc 0.0001] step 0/400 ce 10.8720 (ema 10.8720) 0s mem 11033MiB
  V8[lr 0.004, gc 0.0001] step 100/400 ce 6.6987 (ema 7.9737) 14s mem 11033MiB
  V8[lr 0.004, gc 0.0001] step 200/400 ce 6.5031 (ema 6.7802) 27s mem 11033MiB
  V8[lr 0.004, gc 0.0001] step 300/400 ce 6.2103 (ema 6.4030) 41s mem 11033MiB
  sweep lr 0.004 gc 0.0001: held100 CE 6.1986 (0 spikes)
-- v11_lrsweep: sweep lr 0.008 x 400 steps
guard(non-blocking): 14905 MiB free after empty_cache -- proceeding
  V8[lr 0.008, gc 0.0001] step 0/400 ce 10.8720 (ema 10.8720) 0s mem 11033MiB
  V8[lr 0.008, gc 0.0001] step 100/400 ce 6.6346 (ema 7.7696) 14s mem 11033MiB
  V8[lr 0.008, gc 0.0001] step 200/400 ce 6.5330 (ema 6.7578) 27s mem 11033MiB
  V8[lr 0.008, gc 0.0001] step 300/400 ce 6.2634 (ema 6.4434) 41s mem 11033MiB
  sweep lr 0.008 gc 0.0001: held100 CE 6.1992 (0 spikes)
v11_lrsweep: chosen 0.004
-- v13r1_lrsweep: sweep lr 0.002 x 400 steps
guard(non-blocking): 14905 MiB free after empty_cache -- proceeding
  V8[lr 0.002, gc 0.0001] step 0/400 ce 10.8690 (ema 10.8690) 0s mem 11033MiB
  V8[lr 0.002, gc 0.0001] step 100/400 ce 7.1271 (ema 8.6965) 15s mem 11193MiB
  V8[lr 0.002, gc 0.0001] step 200/400 ce 6.6680 (ema 7.0524) 30s mem 11193MiB
  V8[lr 0.002, gc 0.0001] step 300/400 ce 6.3488 (ema 6.5331) 44s mem 11193MiB
  sweep lr 0.002 gc 0.0001: held100 CE 6.3417 (0 spikes)
-- v13r1_lrsweep: sweep lr 0.004 x 400 steps
guard(non-blocking): 14905 MiB free after empty_cache -- proceeding
  V8[lr 0.004, gc 0.0001] step 0/400 ce 10.8690 (ema 10.8690) 0s mem 11193MiB
  V8[lr 0.004, gc 0.0001] step 100/400 ce 6.8222 (ema 8.2409) 15s mem 11193MiB
  V8[lr 0.004, gc 0.0001] step 200/400 ce 6.5941 (ema 6.8725) 30s mem 11193MiB
  V8[lr 0.004, gc 0.0001] step 300/400 ce 6.2674 (ema 6.4588) 44s mem 11193MiB
  sweep lr 0.004 gc 0.0001: held100 CE 6.2627 (0 spikes)
-- v13r1_lrsweep: sweep lr 0.008 x 400 steps
guard(non-blocking): 14905 MiB free after empty_cache -- proceeding
  V8[lr 0.008, gc 0.0001] step 0/400 ce 10.8690 (ema 10.8690) 0s mem 11193MiB
  V8[lr 0.008, gc 0.0001] step 100/400 ce 6.6720 (ema 7.9401) 15s mem 11193MiB
  V8[lr 0.008, gc 0.0001] step 200/400 ce 6.5924 (ema 6.8004) 30s mem 11193MiB
  V8[lr 0.008, gc 0.0001] step 300/400 ce 6.2840 (ema 6.4735) 44s mem 11193MiB
  sweep lr 0.008 gc 0.0001: held100 CE 6.2595 (0 spikes)
v13r1_lrsweep: chosen 0.008
==== training qk_e7_v13r1lr (lr 0.008, gc 0.0001, 8250 steps x batch 16, single epoch) ====
guard(non-blocking): 14905 MiB free after empty_cache -- proceeding
  V8[lr 0.008, gc 0.0001] step 0/8250 ce 10.8690 (ema 10.8690) 0s mem 11193MiB
  V8[lr 0.008, gc 0.0001] step 200/8250 ce 6.5924 (ema 6.8004) 30s mem 11193MiB
  V8[lr 0.008, gc 0.0001] step 400/8250 ce 6.2851 (ema 6.3370) 59s mem 11193MiB
  V8[lr 0.008, gc 0.0001] step 600/8250 ce 6.1991 (ema 6.1748) 89s mem 11193MiB
  V8[lr 0.008, gc 0.0001] step 800/8250 ce 6.2712 (ema 6.0677) 118s mem 11193MiB
  V8[lr 0.008, gc 0.0001] step 1000/8250 ce 5.9011 (ema 6.0096) 148s mem 11193MiB
  V8[lr 0.008, gc 0.0001] step 1200/8250 ce 5.5836 (ema 5.9635) 177s mem 11193MiB
  V8[lr 0.008, gc 0.0001] step 1400/8250 ce 5.8474 (ema 5.9410) 207s mem 11193MiB
  V8[lr 0.008, gc 0.0001] step 1600/8250 ce 5.7429 (ema 5.8988) 236s mem 11193MiB
  V8[lr 0.008, gc 0.0001] step 1800/8250 ce 5.7207 (ema 5.8801) 266s mem 11193MiB
  V8[lr 0.008, gc 0.0001] step 2000/8250 ce 5.8264 (ema 5.8179) 295s mem 11193MiB
  V8 step 2000 held100 CE 5.9733
  V8[lr 0.008, gc 0.0001] step 2200/8250 ce 5.6342 (ema 5.7990) 325s mem 11193MiB
  V8[lr 0.008, gc 0.0001] step 2400/8250 ce 5.6673 (ema 5.7944) 355s mem 11193MiB
  V8[lr 0.008, gc 0.0001] step 2600/8250 ce 5.8838 (ema 5.7521) 384s mem 11193MiB
  V8[lr 0.008, gc 0.0001] step 2800/8250 ce 5.5881 (ema 5.7337) 414s mem 11193MiB
  V8[lr 0.008, gc 0.0001] step 3000/8250 ce 5.5264 (ema 5.7384) 443s mem 11193MiB
  V8[lr 0.008, gc 0.0001] step 3200/8250 ce 5.7002 (ema 5.7025) 473s mem 11193MiB
  V8[lr 0.008, gc 0.0001] step 3400/8250 ce 5.5449 (ema 5.6539) 502s mem 11193MiB
  V8[lr 0.008, gc 0.0001] step 3600/8250 ce 5.6278 (ema 5.6804) 532s mem 11193MiB
  V8[lr 0.008, gc 0.0001] step 3800/8250 ce 5.5560 (ema 5.6558) 561s mem 11193MiB
  V8[lr 0.008, gc 0.0001] step 4000/8250 ce 5.6938 (ema 5.6165) 591s mem 11193MiB
  V8 step 4000 held100 CE 5.7918
  V8[lr 0.008, gc 0.0001] step 4200/8250 ce 5.5607 (ema 5.6176) 620s mem 11193MiB
  V8[lr 0.008, gc 0.0001] step 4400/8250 ce 5.6885 (ema 5.5811) 650s mem 11193MiB
  V8[lr 0.008, gc 0.0001] step 4600/8250 ce 5.6126 (ema 5.5335) 679s mem 11193MiB
  V8[lr 0.008, gc 0.0001] step 4800/8250 ce 5.5893 (ema 5.5617) 709s mem 11193MiB
  V8[lr 0.008, gc 0.0001] step 5000/8250 ce 5.4839 (ema 5.5383) 738s mem 11193MiB
  V8[lr 0.008, gc 0.0001] step 5200/8250 ce 5.3968 (ema 5.5170) 768s mem 11193MiB
  V8[lr 0.008, gc 0.0001] step 5400/8250 ce 5.3976 (ema 5.4845) 797s mem 11193MiB
  V8[lr 0.008, gc 0.0001] step 5600/8250 ce 5.4690 (ema 5.4401) 827s mem 11193MiB
  V8[lr 0.008, gc 0.0001] step 5800/8250 ce 5.6698 (ema 5.4259) 856s mem 11193MiB
  V8[lr 0.008, gc 0.0001] step 6000/8250 ce 5.2394 (ema 5.3897) 886s mem 11193MiB
  V8 step 6000 held100 CE 5.5880
  V8[lr 0.008, gc 0.0001] step 6200/8250 ce 5.5662 (ema 5.4106) 916s mem 11193MiB
  V8[lr 0.008, gc 0.0001] step 6400/8250 ce 5.3851 (ema 5.3968) 945s mem 11193MiB
  V8[lr 0.008, gc 0.0001] step 6600/8250 ce 5.2753 (ema 5.3743) 975s mem 11193MiB
  V8[lr 0.008, gc 0.0001] step 6800/8250 ce 5.4410 (ema 5.3307) 1004s mem 11193MiB
  V8[lr 0.008, gc 0.0001] step 7000/8250 ce 5.3329 (ema 5.3393) 1034s mem 11193MiB
  V8[lr 0.008, gc 0.0001] step 7200/8250 ce 5.2232 (ema 5.3266) 1063s mem 11193MiB
  V8[lr 0.008, gc 0.0001] step 7400/8250 ce 5.2861 (ema 5.3253) 1093s mem 11193MiB
  V8[lr 0.008, gc 0.0001] step 7600/8250 ce 5.3739 (ema 5.2868) 1122s mem 11193MiB
  V8[lr 0.008, gc 0.0001] step 7800/8250 ce 5.2128 (ema 5.3064) 1152s mem 11193MiB
  V8[lr 0.008, gc 0.0001] step 8000/8250 ce 5.4461 (ema 5.2917) 1181s mem 11193MiB
  V8 step 8000 held100 CE 5.4740
  V8[lr 0.008, gc 0.0001] step 8200/8250 ce 5.2564 (ema 5.2716) 1211s mem 11193MiB
== V8 FINAL held CE 5.35746  (1223s, 0 spikes, penalty 1042.25)
==== training qk_e7_decid (lr 0.004, gc 0.0001, 8250 steps x batch 16, single epoch) ====
guard(non-blocking): 14905 MiB free after empty_cache -- proceeding
  V8[lr 0.004, gc 0.0001] step 0/8250 ce 10.8720 (ema 10.8720) 0s mem 11193MiB
  V8[lr 0.004, gc 0.0001] step 200/8250 ce 6.5194 (ema 6.7843) 27s mem 11193MiB
  V8[lr 0.004, gc 0.0001] step 400/8250 ce 6.1990 (ema 6.2479) 55s mem 11193MiB
  V8[lr 0.004, gc 0.0001] step 600/8250 ce 6.0856 (ema 6.0557) 82s mem 11193MiB
  V8[lr 0.004, gc 0.0001] step 800/8250 ce 6.0926 (ema 5.9245) 110s mem 11193MiB
  V8[lr 0.004, gc 0.0001] step 1000/8250 ce 5.7452 (ema 5.8504) 137s mem 11193MiB
  V8[lr 0.004, gc 0.0001] step 1200/8250 ce 5.4427 (ema 5.7995) 164s mem 11193MiB
  V8[lr 0.004, gc 0.0001] step 1400/8250 ce 5.7002 (ema 5.7702) 192s mem 11193MiB
  V8[lr 0.004, gc 0.0001] step 1600/8250 ce 5.5827 (ema 5.7222) 219s mem 11193MiB
  V8[lr 0.004, gc 0.0001] step 1800/8250 ce 5.5389 (ema 5.7044) 246s mem 11193MiB
  V8[lr 0.004, gc 0.0001] step 2000/8250 ce 5.6665 (ema 5.6439) 273s mem 11193MiB
  V8 step 2000 held100 CE 5.8177
  V8[lr 0.004, gc 0.0001] step 2200/8250 ce 5.4716 (ema 5.6230) 301s mem 11193MiB
  V8[lr 0.004, gc 0.0001] step 2400/8250 ce 5.4868 (ema 5.6161) 328s mem 11193MiB
  V8[lr 0.004, gc 0.0001] step 2600/8250 ce 5.6597 (ema 5.5713) 356s mem 11193MiB
  V8[lr 0.004, gc 0.0001] step 2800/8250 ce 5.4088 (ema 5.5527) 383s mem 11193MiB
  V8[lr 0.004, gc 0.0001] step 3000/8250 ce 5.3568 (ema 5.5519) 411s mem 11193MiB
  V8[lr 0.004, gc 0.0001] step 3200/8250 ce 5.5120 (ema 5.5198) 438s mem 11193MiB
  V8[lr 0.004, gc 0.0001] step 3400/8250 ce 5.3645 (ema 5.4746) 465s mem 11193MiB
  V8[lr 0.004, gc 0.0001] step 3600/8250 ce 5.4651 (ema 5.5011) 493s mem 11193MiB
  V8[lr 0.004, gc 0.0001] step 3800/8250 ce 5.3913 (ema 5.4773) 520s mem 11193MiB
  V8[lr 0.004, gc 0.0001] step 4000/8250 ce 5.5139 (ema 5.4443) 547s mem 11193MiB
  V8 step 4000 held100 CE 5.6331
  V8[lr 0.004, gc 0.0001] step 4200/8250 ce 5.3933 (ema 5.4473) 575s mem 11193MiB
  V8[lr 0.004, gc 0.0001] step 4400/8250 ce 5.5050 (ema 5.4147) 602s mem 11193MiB
  V8[lr 0.004, gc 0.0001] step 4600/8250 ce 5.4471 (ema 5.3714) 630s mem 11193MiB
  V8[lr 0.004, gc 0.0001] step 4800/8250 ce 5.4112 (ema 5.4028) 657s mem 11193MiB
  V8[lr 0.004, gc 0.0001] step 5000/8250 ce 5.3376 (ema 5.3802) 684s mem 11193MiB
  V8[lr 0.004, gc 0.0001] step 5200/8250 ce 5.2518 (ema 5.3623) 711s mem 11193MiB
  V8[lr 0.004, gc 0.0001] step 5400/8250 ce 5.2405 (ema 5.3362) 739s mem 11193MiB
  V8[lr 0.004, gc 0.0001] step 5600/8250 ce 5.3156 (ema 5.2992) 766s mem 11193MiB
  V8[lr 0.004, gc 0.0001] step 5800/8250 ce 5.5124 (ema 5.2882) 793s mem 11193MiB
  V8[lr 0.004, gc 0.0001] step 6000/8250 ce 5.1095 (ema 5.2572) 821s mem 11193MiB
  V8 step 6000 held100 CE 5.4685
  V8[lr 0.004, gc 0.0001] step 6200/8250 ce 5.4416 (ema 5.2810) 848s mem 11193MiB
  V8[lr 0.004, gc 0.0001] step 6400/8250 ce 5.2565 (ema 5.2697) 876s mem 11193MiB
  V8[lr 0.004, gc 0.0001] step 6600/8250 ce 5.1590 (ema 5.2558) 903s mem 11193MiB
  V8[lr 0.004, gc 0.0001] step 6800/8250 ce 5.3448 (ema 5.2162) 930s mem 11193MiB
  V8[lr 0.004, gc 0.0001] step 7000/8250 ce 5.2250 (ema 5.2305) 958s mem 11193MiB
  V8[lr 0.004, gc 0.0001] step 7200/8250 ce 5.1067 (ema 5.2172) 985s mem 11193MiB
  V8[lr 0.004, gc 0.0001] step 7400/8250 ce 5.1967 (ema 5.2220) 1012s mem 11193MiB
  V8[lr 0.004, gc 0.0001] step 7600/8250 ce 5.2598 (ema 5.1865) 1040s mem 11193MiB
  V8[lr 0.004, gc 0.0001] step 7800/8250 ce 5.1046 (ema 5.2074) 1067s mem 11193MiB
  V8[lr 0.004, gc 0.0001] step 8000/8250 ce 5.3541 (ema 5.1923) 1094s mem 11193MiB
  V8 step 8000 held100 CE 5.3872
  V8[lr 0.004, gc 0.0001] step 8200/8250 ce 5.1583 (ema 5.1743) 1122s mem 11193MiB
== V8 FINAL held CE 5.26024  (1134s, 0 spikes, penalty 1233.62)
==== training qk_e7_m1 (lr 0.02, gc 0.0, 8250 steps x batch 16, single epoch) ====
guard(non-blocking): 14797 MiB free after empty_cache -- proceeding
  MUON[lr 0.02/0.004] step 0/8250 ce 10.8693 (ema 10.8693) 0s mem 11193MiB
  MUON[lr 0.02/0.004] step 200/8250 ce 6.5547 (ema 6.9603) 37s mem 11193MiB
  MUON[lr 0.02/0.004] step 400/8250 ce 6.1356 (ema 6.2037) 74s mem 11193MiB
  MUON[lr 0.02/0.004] step 600/8250 ce 5.9987 (ema 5.9574) 110s mem 11193MiB
  MUON[lr 0.02/0.004] step 800/8250 ce 5.9645 (ema 5.7966) 147s mem 11193MiB
  MUON[lr 0.02/0.004] step 1000/8250 ce 5.6026 (ema 5.7018) 183s mem 11193MiB
  MUON[lr 0.02/0.004] step 1200/8250 ce 5.2772 (ema 5.6320) 220s mem 11193MiB
  MUON[lr 0.02/0.004] step 1400/8250 ce 5.5185 (ema 5.5866) 257s mem 11193MiB
  MUON[lr 0.02/0.004] step 1600/8250 ce 5.4358 (ema 5.5327) 293s mem 11193MiB
  MUON[lr 0.02/0.004] step 1800/8250 ce 5.3542 (ema 5.5009) 330s mem 11193MiB
  MUON[lr 0.02/0.004] step 2000/8250 ce 5.4519 (ema 5.4303) 367s mem 11193MiB
  MUON step 2000 held100 fresh CE 5.6263
  MUON[lr 0.02/0.004] step 2200/8250 ce 5.2499 (ema 5.4037) 404s mem 11193MiB
  MUON[lr 0.02/0.004] step 2400/8250 ce 5.2925 (ema 5.3952) 441s mem 11193MiB
  MUON[lr 0.02/0.004] step 2600/8250 ce 5.4402 (ema 5.3392) 477s mem 11193MiB
  MUON[lr 0.02/0.004] step 2800/8250 ce 5.1810 (ema 5.3169) 514s mem 11193MiB
  MUON[lr 0.02/0.004] step 3000/8250 ce 5.1125 (ema 5.3141) 551s mem 11193MiB
  MUON[lr 0.02/0.004] step 3200/8250 ce 5.2693 (ema 5.2791) 587s mem 11193MiB
  MUON[lr 0.02/0.004] step 3400/8250 ce 5.1543 (ema 5.2353) 624s mem 11193MiB
  MUON[lr 0.02/0.004] step 3600/8250 ce 5.2535 (ema 5.2594) 661s mem 11193MiB
  MUON[lr 0.02/0.004] step 3800/8250 ce 5.1818 (ema 5.2334) 697s mem 11193MiB
  MUON[lr 0.02/0.004] step 4000/8250 ce 5.2455 (ema 5.2001) 734s mem 11193MiB
  MUON step 4000 held100 fresh CE 5.4243
  MUON[lr 0.02/0.004] step 4200/8250 ce 5.1611 (ema 5.2037) 771s mem 11193MiB
  MUON[lr 0.02/0.004] step 4400/8250 ce 5.2817 (ema 5.1778) 808s mem 11193MiB
  MUON[lr 0.02/0.004] step 4600/8250 ce 5.2106 (ema 5.1406) 844s mem 11193MiB
  MUON[lr 0.02/0.004] step 4800/8250 ce 5.2040 (ema 5.1673) 881s mem 11193MiB
  MUON[lr 0.02/0.004] step 5000/8250 ce 5.1277 (ema 5.1445) 918s mem 11193MiB
  MUON[lr 0.02/0.004] step 5200/8250 ce 5.0524 (ema 5.1362) 954s mem 11193MiB
  MUON[lr 0.02/0.004] step 5400/8250 ce 5.0443 (ema 5.1093) 991s mem 11193MiB
  MUON[lr 0.02/0.004] step 5600/8250 ce 5.0922 (ema 5.0838) 1028s mem 11193MiB
  MUON[lr 0.02/0.004] step 5800/8250 ce 5.2673 (ema 5.0775) 1064s mem 11193MiB
  MUON[lr 0.02/0.004] step 6000/8250 ce 4.8766 (ema 5.0481) 1101s mem 11193MiB
  MUON step 6000 held100 fresh CE 5.2893
  MUON[lr 0.02/0.004] step 6200/8250 ce 5.2602 (ema 5.0800) 1138s mem 11193MiB
  MUON[lr 0.02/0.004] step 6400/8250 ce 5.0638 (ema 5.0688) 1175s mem 11193MiB
  MUON[lr 0.02/0.004] step 6600/8250 ce 4.9184 (ema 5.0644) 1212s mem 11193MiB
  MUON[lr 0.02/0.004] step 6800/8250 ce 5.1821 (ema 5.0285) 1248s mem 11193MiB
  MUON[lr 0.02/0.004] step 7000/8250 ce 5.0481 (ema 5.0508) 1285s mem 11193MiB
  MUON[lr 0.02/0.004] step 7200/8250 ce 4.9078 (ema 5.0411) 1322s mem 11193MiB
  MUON[lr 0.02/0.004] step 7400/8250 ce 5.0345 (ema 5.0498) 1358s mem 11193MiB
  MUON[lr 0.02/0.004] step 7600/8250 ce 5.0978 (ema 5.0201) 1395s mem 11193MiB
  MUON[lr 0.02/0.004] step 7800/8250 ce 4.9583 (ema 5.0398) 1431s mem 11193MiB
  MUON[lr 0.02/0.004] step 8000/8250 ce 5.1499 (ema 5.0272) 1468s mem 11193MiB
  MUON step 8000 held100 fresh CE 5.2455
  MUON[lr 0.02/0.004] step 8200/8250 ce 5.0117 (ema 5.0089) 1505s mem 11193MiB
== MUON FINAL held CE 5.09810 (1523s, 0 spikes)
e7 evenout run done
