Warning: You are sending unauthenticated requests to the HF Hub. Please set a HF_TOKEN to enable higher rate limits and faster downloads.
feat174 (conjunctions): 88 vocab tokens
feat28 (determiners/particles): 119 vocab tokens
feat75 (be-verbs/pronouns): 96 vocab tokens
feat184 (linking words): 55 vocab tokens
feat96 (prepositions): 98 vocab tokens
feat156 (det/prep core): 74 vocab tokens
feat205 (pronouns): 87 vocab tokens
feat48 (topical nouns (NEG CONTROL)): 60 vocab tokens
feat28: alpha 1345.7 beta 458.2  code-vs-learned R2 0.391
feat48: alpha 248.8 beta 360.0  code-vs-learned R2 0.002
feat75: alpha 889.5 beta 506.7  code-vs-learned R2 0.235
feat96: alpha 988.9 beta 336.6  code-vs-learned R2 0.347
feat156: alpha 1396.3 beta 234.1  code-vs-learned R2 0.578
feat174: alpha 2685.1 beta 603.7  code-vs-learned R2 0.309
feat184: alpha 691.7 beta 388.3  code-vs-learned R2 0.158
feat205: alpha 1590.5 beta 363.0  code-vs-learned R2 0.235
model {'natural_CE': 3.2808, 'subword': 2.3242, 'punct': 1.4581, 'capital': 4.9823, 'digit': 3.0626, 'funcword': 2.1764, 'induction_adv': 2.768}
learned {'natural_CE': 3.3719, 'subword': 2.4665, 'punct': 1.5021, 'capital': 5.13, 'digit': 3.1389, 'funcword': 2.2291, 'induction_adv': 2.908}
zero8 {'natural_CE': 3.3838, 'subword': 2.4668, 'punct': 1.5146, 'capital': 5.15, 'digit': 3.1448, 'funcword': 2.2428, 'induction_adv': 2.941}
coded8 {'natural_CE': 3.3846, 'subword': 2.4752, 'punct': 1.5111, 'capital': 5.1494, 'digit': 3.1562, 'funcword': 2.2415, 'induction_adv': 2.906}
coded8_tuned {'natural_CE': 3.3845, 'subword': 2.4751, 'punct': 1.5111, 'capital': 5.1493, 'digit': 3.1561, 'funcword': 2.2415, 'induction_adv': 2.906}
QK FEATURE CODE VERIFY DONE
