GPU guard: 11431 MiB free -- proceeding.
Warning: You are sending unauthenticated requests to the HF Hub. Please set a HF_TOKEN to enable higher rate limits and faster downloads.
bilin12: NL=12 NH=6 HD=128 D=768 V=50304; ARCH=sqrd_norm; 72 head-paths + 48 top-mlp-paths
Recomputing MLP SVD directions from TRAIN gram ...
MLP SVD + random-orthonormal directions ready.
PASS A: per-position means over held-out ...
PASS A done.
42 joint configs; 72 single head-paths + 48 single mlp-dirs
PASS B: base + 42 joint + 120 single over held-out (19304 pos) ...
  batch 1/26  elapsed 6s
  batch 3/26  elapsed 19s
  batch 5/26  elapsed 32s
  batch 7/26  elapsed 44s
  batch 9/26  elapsed 57s
  batch 11/26  elapsed 69s
  batch 13/26  elapsed 82s
  batch 15/26  elapsed 95s
  batch 17/26  elapsed 108s
  batch 19/26  elapsed 120s
  batch 21/26  elapsed 127s
  batch 23/26  elapsed 133s
  batch 25/26  elapsed 138s
PASS B done in 139s

===== bilin12 (sqrd_norm) COMPLETENESS (global mean-ablation delta cross-entropy, nats) =====
FULL HEADROOM 4.7821   attn_all 3.1775   mlp_full 4.2464   mlp_top 1.7554   below_top 2.4910
JOINT_ALL 3.5877 +- 0.0250   SUM-of-single 1.7480 +- 0.0154   SUPER-ADDITIVITY joint/sum = 2.052x
non-axis residual frac of headroom 0.2498
K/block | total | SVD frac | RAND frac
    1   |   12 | 0.0774   | 0.0004
    2   |   24 | 0.21   | 0.0009
    4   |   48 | 0.4134   | 0.0017
    8   |   96 | 0.6166   | 0.0046
   16   |  192 | 0.77   | 0.0088
   32   |  384 | 0.8208   | 0.019
   64   |  768 | 0.8496   | 0.0463
effective rank per block for 50/80/90% of full MLP: {'50pct': 5.7, '80pct': 25.45, '90pct': None}
below-top MLP frac of full = 0.5866
top tail-carrying layers: [(0, 2.057, 0.2944), (1, 1.32, 0.189), (2, 1.089, 0.1559), (3, 0.995, 0.1424), (4, 0.43, 0.0616)]
HUB overall=L0  early-half=L0

Saved qk_general_completeness_bilin12.json
QK GENERAL COMPLETENESS DONE
