Warning: You are sending unauthenticated requests to the HF Hub. Please set a HF_TOKEN to enable higher rate limits and faster downloads.
=== h1024_b256 (n=1024 k=8 B=256 seed=0)
  h1024_b256: dCE +0.0023 @ 493.1 Mbit
=== h1024_b1024 (n=1024 k=8 B=1024 seed=0)
  h1024_b1024: dCE +0.0017 @ 606.4 Mbit
=== b1024 (n=1024 k=8 B=0 seed=0)
  b1024: dCE +0.0033 @ 455.4 Mbit
=== h512_b256 (n=512 k=4 B=256 seed=0)
  h512_b256: dCE +0.0034 @ 261.9 Mbit
=== b512 (n=512 k=4 B=0 seed=0)
  b512: dCE +0.0055 @ 224.1 Mbit
=== h4096k8_b1024 (n=4096 k=8 B=1024 seed=0)
  h4096k8_b1024: dCE +0.0011 @ 1073.9 Mbit
=== b4096k8 (n=4096 k=8 B=0 seed=0)
  b4096k8: dCE +0.0023 @ 922.9 Mbit
=== h4096k16_b1024 (n=4096 k=16 B=1024 seed=0)
  h4096k16_b1024: dCE +0.0008 @ 1392.6 Mbit
=== b4096k16 (n=4096 k=16 B=0 seed=0)
  b4096k16: dCE +0.0019 @ 1241.6 Mbit
=== h1024_b256_s1 (n=1024 k=8 B=256 seed=1)
  h1024_b256_s1: dCE +0.0020 @ 493.1 Mbit
hybrid frontier complete
