GPU guard: 15841 MiB free -- proceeding.
Warning: You are sending unauthenticated requests to the HF Hub. Please set a HF_TOKEN to enable higher rate limits and faster downloads.
bilin18 NL=18 D=1152 hidden=4608  lamE=8.1547 lam0=0.0127
PASS 1: term means + reconstruction gate ...
GATE recon: global rel err 9.83e-07 | max per-position rel err 1.54e-06 | mean-consistency 2.71e-07
PASS 2: base + term energies ...
term energy shares (||term-mean||^2 / ||mo1-mean||^2): {'ExE': 0.0217, 'ExA0': 0.0, 'ExM0': 0.1026, 'ExA1': 0.073, 'A0xA0': 0.0, 'A0xM0': 0.0, 'A0xA1': 0.0, 'M0xM0': 0.1091, 'M0xA1': 0.2212, 'A1xA1': 0.1233} sum: 0.651
PASS 3: 32 subset configurations ...
  mean_only        [ 0 terms] dCE +5.5744 ± 0.03230   (1s)
  all_terms        [10 terms] dCE -0.0000 ± 0.00000   (3s)
  only_ExE         [ 1 terms] dCE +4.9557 ± 0.03101   (4s)
  only_ExA0        [ 1 terms] dCE +5.5769 ± 0.03232   (5s)
  only_ExM0        [ 1 terms] dCE +1.7918 ± 0.01695   (7s)
  only_ExA1        [ 1 terms] dCE +3.2105 ± 0.02384   (8s)
  only_A0xA0       [ 1 terms] dCE +5.5744 ± 0.03230   (9s)
  only_A0xM0       [ 1 terms] dCE +5.5741 ± 0.03231   (11s)
  only_A0xA1       [ 1 terms] dCE +5.5737 ± 0.03230   (12s)
  only_M0xM0       [ 1 terms] dCE +2.3507 ± 0.02026   (13s)
  only_M0xA1       [ 1 terms] dCE +0.8778 ± 0.01062   (15s)
  only_A1xA1       [ 1 terms] dCE +4.1753 ± 0.02730   (16s)
  allbut_ExE       [ 9 terms] dCE +0.0020 ± 0.00060   (17s)
  allbut_ExA0      [ 9 terms] dCE -0.0000 ± 0.00001   (19s)
  allbut_ExM0      [ 9 terms] dCE +0.0134 ± 0.00137   (20s)
  allbut_ExA1      [ 9 terms] dCE +0.0108 ± 0.00115   (21s)
  allbut_A0xA0     [ 9 terms] dCE +0.0000 ± 0.00000   (23s)
  allbut_A0xM0     [ 9 terms] dCE +0.0000 ± 0.00001   (24s)
  allbut_A0xA1     [ 9 terms] dCE -0.0000 ± 0.00002   (25s)
  allbut_M0xM0     [ 9 terms] dCE +0.0127 ± 0.00132   (27s)
  allbut_M0xA1     [ 9 terms] dCE +0.0430 ± 0.00229   (28s)
  allbut_A1xA1     [ 9 terms] dCE +0.0130 ± 0.00141   (29s)
  E_involving      [ 4 terms] dCE +0.1351 ± 0.00414   (31s)
  A0_involving     [ 4 terms] dCE +5.5759 ± 0.03232   (32s)
  M0_involving     [ 4 terms] dCE +0.0235 ± 0.00185   (33s)
  A1_involving     [ 4 terms] dCE +0.1482 ± 0.00430   (34s)
  diagonal         [ 4 terms] dCE +0.5254 ± 0.00806   (36s)
  cross            [ 6 terms] dCE +0.0442 ± 0.00245   (37s)
  top2_energy      [ 2 terms] dCE +0.5436 ± 0.00815   (38s)
  top3_energy      [ 3 terms] dCE +0.0930 ± 0.00344   (40s)
  top4_energy      [ 4 terms] dCE +0.0167 ± 0.00149   (41s)
  top5_energy      [ 5 terms] dCE +0.0019 ± 0.00059   (42s)
QK HUB STREAMPAIRS DONE
