Warning: You are sending unauthenticated requests to the HF Hub. Please set a HF_TOKEN to enable higher rate limits and faster downloads.
bases ready
generators fit; R2 {2: 0.411, 3: 0.429, 4: 0.447, 5: 0.455, 6: 0.525, 7: 0.525, 8: 0.513, 9: 0.481, 10: 0.501, 11: 0.508, 12: 0.527, 13: 0.539, 14: 0.534, 15: 0.513, 16: 0.51, 17: 0.6}
L2: sym +0.01763 | tab +0.04208 | rand +0.02097  (R2 0.4115) SYM WINS
L3: sym +0.01880 | tab +0.04245 | rand +0.02405  (R2 0.4293) SYM WINS
L4: sym +0.01927 | tab +0.05369 | rand +0.02454  (R2 0.4472) SYM WINS
L5: sym +0.02978 | tab +0.32229 | rand +0.04569  (R2 0.4551) SYM WINS
L6: sym +0.01187 | tab +0.04586 | rand +0.01565  (R2 0.525) SYM WINS
L7: sym +0.00994 | tab +0.02922 | rand +0.01203  (R2 0.5253) SYM WINS
L8: sym +0.01591 | tab +0.04066 | rand +0.02011  (R2 0.5132) SYM WINS
L9: sym +0.00946 | tab +0.02682 | rand +0.01213  (R2 0.4807) SYM WINS
L10: sym +0.00545 | tab +0.01795 | rand +0.00658  (R2 0.5006) SYM WINS
L11: sym +0.01159 | tab +0.03229 | rand +0.01403  (R2 0.5076) SYM WINS
L12: sym +0.00274 | tab +0.00931 | rand +0.00360  (R2 0.5274) SYM WINS
L13: sym +0.00494 | tab +0.01488 | rand +0.00592  (R2 0.5391) SYM WINS
L14: sym +0.00759 | tab +0.02923 | rand +0.00976  (R2 0.5339) SYM WINS
L15: sym +0.00216 | tab +0.00889 | rand +0.00313  (R2 0.5126) SYM WINS
L16: sym +0.00476 | tab +0.01742 | rand +0.00553  (R2 0.5103) SYM WINS
L17: sym +0.00965 | tab +0.02833 | rand +0.01058  (R2 0.5998) SYM WINS
QK L217 SYMBOLGEN DONE
