Warning: You are sending unauthenticated requests to the HF Hub. Please set a HF_TOKEN to enable higher rate limits and faster downloads.
GATE base CE 3.4946  |  held tokens scored: 152 seqs x 127 = 19304
fitting 18 blocks sequentially (linear map + top-512 feature refit) ...
  layer 0 fitted
  layer 1 fitted
  layer 2 fitted
  layer 3 fitted
  layer 4 fitted
  layer 5 fitted
  layer 6 fitted
  layer 7 fitted
  layer 8 fitted
  layer 9 fitted
  layer 10 fitted
  layer 11 fitted
  layer 12 fitted
  layer 13 fitted
  layer 14 fitted
  layer 15 fitted
  layer 16 fitted
  layer 17 fitted
=== all 18 blocks: linear + k bilinear features ===
  k=   0 ( 0.00% of the 4608 features)   dCE +1.9422 +- 0.0315
  k=   8 ( 0.17% of the 4608 features)   dCE +2.2924 +- 0.0327
  k=  32 ( 0.69% of the 4608 features)   dCE +2.1170 +- 0.0313
  k= 128 ( 2.78% of the 4608 features)   dCE +1.8857 +- 0.0309
  k= 512 (11.11% of the 4608 features)   dCE +1.6341 +- 0.0289
SAVED qk_lin_plus_bilin.json
