GPU guard: 15841 MiB free -- proceeding.
Warning: You are sending unauthenticated requests to the HF Hub. Please set a HF_TOKEN to enable higher rate limits and faster downloads.
classes: 15; special tokens masked: 353
fire masks: A 200 B 200 union 371 (overlap 29)
PASS: 4 ablations x 26 batches ...
  batch 1/26  0s
  batch 6/26  2s
  batch 11/26  3s
  batch 16/26  5s
  batch 21/26  6s
  batch 26/26  7s
drop_AexMr   dCE +0.1479±0.00483 | union-mask push capital -32209.926 L1 74771.3 top8 {'capital': -32209.9258, 'word': -28829.377, 'subword': -6809.2256, 'digit': -4234.5718, 'punct': -1155.3005, 'other': -719.5665, 'special': -604.5914, 'pronoun': -53.6189}
drop_MrxMr   dCE +0.0697±0.00263 | union-mask push capital +11477.270 L1 19497.0 top8 {'capital': 11477.2695, 'word': 5473.6152, 'digit': 1894.1823, 'punct': 212.8801, 'subword': 135.7162, 'special': 100.4572, 'other': -76.4335, 'pronoun': 47.0152}
drop_both    dCE +0.0587±0.00283 | union-mask push capital -14070.476 L1 37272.9 top8 {'capital': -14070.4756, 'word': -13414.5283, 'subword': -6300.3086, 'digit': -2031.7168, 'punct': -604.9371, 'other': -448.0165, 'special': -349.6461, 'bracket_close': -26.4553}
drop_all15   dCE +0.4206±0.00869 | union-mask push subword +27462.428 L1 38482.2 top8 {'subword': 27462.4277, 'word': 5935.2344, 'capital': -2730.1067, 'other': 796.0534, 'special': 614.8872, 'digit': 505.3914, 'punct': 317.814, 'determiner': -47.6453}
H1 [fireU]: cos(sigA,sigB) -0.949; L1 A 74166.7 B 19396.6 pair-sum 36923.2 (ratio 0.789); layer-total 37867.4; additivity relerr 0.583
H1 [all_valid]: cos(sigA,sigB) -0.965; L1 A 9296.5 B 14263.8 pair-sum 3188.6 (ratio 0.271); layer-total 24438.1; additivity relerr 0.656
GATES: drop_AexMr +0.1479 (census allbut_AexMr +0.1479); drop_all15 +0.4206 (floor +0.4206)
VERDICT: H1 SUPPORTED (primary): individual signatures large and opposite (cosine -0.965 over valid positions), pair-sum signature 3.7x smaller yet causally significant; at the pair's own top-firing positions the difference does NOT vanish (ratio 0.79) -- the conditional residue acts exactly where the terms fire; H2 REJECTED; H3 minor (rescue 0.3262)
QK L17 MIXER PART 2 DONE
