Warning: You are sending unauthenticated requests to the HF Hub. Please set a HF_TOKEN to enable higher rate limits and faster downloads.
estimating means (with counts)...
=== rows: p99 norm by count bucket (head-space [k1|k2|v] rows) ===
  h0: p99 by count [0,1)/[1,4)/[4,16)/[16+): [98.17, 91.9, 95.39, 102.31]
  h1: p99 by count [0,1)/[1,4)/[4,16)/[16+): [107.07, 195.71, 196.48, 201.28]
  h2: p99 by count [0,1)/[1,4)/[4,16)/[16+): [79.65, 75.95, 76.7, 82.6]
  h3: p99 by count [0,1)/[1,4)/[4,16)/[16+): [156.7, 133.75, 132.8, 133.02]
  h4: p99 by count [0,1)/[1,4)/[4,16)/[16+): [85.5, 109.47, 104.17, 97.1]
  h5: p99 by count [0,1)/[1,4)/[4,16)/[16+): [117.55, 122.8, 129.66, 143.92]
  h6: p99 by count [0,1)/[1,4)/[4,16)/[16+): [87.8, 79.31, 78.63, 79.15]
  h7: p99 by count [0,1)/[1,4)/[4,16)/[16+): [113.41, 110.53, 113.83, 123.34]
  h8: p99 by count [0,1)/[1,4)/[4,16)/[16+): [123.44, 114.34, 110.43, 110.48]
h1 (raw means) gate restricted to count>=4: 0.0310
h1 (raw means) gate restricted to count>=16: 0.0304
h1 (shrunk tau=8.0) m=1024 k=8 gate: 0.0000 PASS
l1 h0 token-table port cost (alone): +0.00051
l1 h1 token-table port cost (alone): +0.00321
l1 h2 token-table port cost (alone): +0.00071
l1 h3 token-table port cost (alone): +0.00130
l1 h4 token-table port cost (alone): +0.00361
l1 h5 token-table port cost (alone): +0.00076
l1 h6 token-table port cost (alone): +0.00045
l1 h7 token-table port cost (alone): +0.00099
l1 h8 token-table port cost (alone): +0.00451
L1 H1 DIAG DONE
