Warning: You are sending unauthenticated requests to the HF Hub. Please set a HF_TOKEN to enable higher rate limits and faster downloads.
estimating shrunk means...
h0_k1 m=32: res 0.1995
h0_k1 m=64: res 0.1388
h0_k1 m=128: res 0.0876
h0_k1 m=256: res 0.0638
h0_k1 m=512: res 0.0475 PASS
h0_k2 m=32: res 0.1684
h0_k2 m=64: res 0.0978
h0_k2 m=128: res 0.0635
h0_k2 m=256: res 0.0402 PASS
h0_k4 m=32: res 0.1486
h0_k4 m=64: res 0.0917
h0_k4 m=128: res 0.0561
h0_k4 m=256: res 0.0309 PASS
h0_k8 m=32: res 0.1291
h0_k8 m=64: res 0.0823
h0_k8 m=128: res 0.0456 PASS
h1_k1 m=32: res 0.0009 PASS
h1_k2 m=32: res 0.0009 PASS
h1_k4 m=32: res 0.0006 PASS
h1_k8 m=32: res 0.0004 PASS
h2_k1 m=32: res 0.0329 PASS
h2_k2 m=32: res 0.0274 PASS
h2_k4 m=32: res 0.0262 PASS
h2_k8 m=32: res 0.0261 PASS
h3_k1 m=32: res 0.5031
h3_k1 m=64: res 0.4144
h3_k1 m=128: res 0.3213
h3_k1 m=256: res 0.2476
h3_k1: projected 0.087, abandoning
h3_k2 m=32: res 0.5273
h3_k2 m=64: res 0.3932
h3_k2 m=128: res 0.2903
h3_k2 m=256: res 0.1881
h3_k2 m=512: res 0.1255
h3_k2 m=1024: res 0.0821
h3_k2 m=2048: res 0.0488 PASS
h3_k4 m=32: res 0.4834
h3_k4 m=64: res 0.3331
h3_k4 m=128: res 0.2435
h3_k4 m=256: res 0.1609
h3_k4 m=512: res 0.0964
h3_k4 m=1024: res 0.0600
h3_k4 m=2048: res 0.0336 PASS
h3_k8 m=32: res 0.4265
h3_k8 m=64: res 0.2907
h3_k8 m=128: res 0.1845
h3_k8 m=256: res 0.1187
h3_k8 m=512: res 0.0687
h3_k8 m=1024: res 0.0445 PASS
h4_k1 m=32: res 0.0848
h4_k1 m=64: res 0.0653
h4_k1 m=128: res 0.0482 PASS
h4_k2 m=32: res 0.0601
h4_k2 m=64: res 0.0468 PASS
h4_k4 m=32: res 0.0411 PASS
h4_k8 m=32: res 0.0333 PASS
h5_k1 m=32: res 0.0463 PASS
h5_k2 m=32: res 0.0401 PASS
h5_k4 m=32: res 0.0344 PASS
h5_k8 m=32: res 0.0309 PASS
h6_k1 m=32: res 0.1022
h6_k1 m=64: res 0.0927
h6_k1 m=128: res 0.0710
h6_k1 m=256: res 0.0631
h6_k1 m=512: res 0.0486 PASS
h6_k2 m=32: res 0.1020
h6_k2 m=64: res 0.0840
h6_k2 m=128: res 0.0672
h6_k2 m=256: res 0.0551
h6_k2 m=512: res 0.0383 PASS
h6_k4 m=32: res 0.0922
h6_k4 m=64: res 0.0703
h6_k4 m=128: res 0.0568
h6_k4 m=256: res 0.0415 PASS
h6_k8 m=32: res 0.0929
h6_k8 m=64: res 0.0640
h6_k8 m=128: res 0.0433 PASS
h7_k1 m=32: res 0.0601
h7_k1 m=64: res 0.0440 PASS
h7_k2 m=32: res 0.0524
h7_k2 m=64: res 0.0267 PASS
h7_k4 m=32: res 0.0463 PASS
h7_k8 m=32: res 0.0393 PASS
h8_k1 m=32: res 0.0045 PASS
h8_k2 m=32: res 0.0032 PASS
h8_k4 m=32: res 0.0021 PASS
h8_k8 m=32: res 0.0020 PASS
L1 CAPACITY DONE
