Warning: You are sending unauthenticated requests to the HF Hub. Please set a HF_TOKEN to enable higher rate limits and faster downloads.
32768 positions: median eff-rank 10.4 (max 61.9), median r90 57
131072 positions: median eff-rank 10.5 (max 61.5), median r90 58
524288 positions: median eff-rank 10.7 (max 62.1), median r90 58
q1_h0: emb2 0.819 attn2 0.150 cross-total 0.031 (top l0-head 3 0.030)
q1_h1: emb2 0.809 attn2 0.162 cross-total 0.030 (top l0-head 3 0.029)
q1_h2: emb2 0.819 attn2 0.144 cross-total 0.037 (top l0-head 3 0.035)
q1_h3: emb2 0.759 attn2 0.214 cross-total 0.027 (top l0-head 3 0.026)
q1_h4: emb2 0.774 attn2 0.192 cross-total 0.034 (top l0-head 3 0.032)
q1_h5: emb2 0.685 attn2 0.261 cross-total 0.054 (top l0-head 3 0.052)
q1_h6: emb2 0.802 attn2 0.158 cross-total 0.040 (top l0-head 3 0.039)
q1_h7: emb2 0.777 attn2 0.185 cross-total 0.038 (top l0-head 3 0.036)
q1_h8: emb2 0.867 attn2 0.115 cross-total 0.018 (top l0-head 3 0.017)
k1_h0: emb2 0.900 attn2 0.070 cross-total 0.030 (top l0-head 3 0.028)
k1_h1: emb2 0.931 attn2 0.050 cross-total 0.019 (top l0-head 3 0.018)
k1_h2: emb2 0.847 attn2 0.094 cross-total 0.059 (top l0-head 3 0.056)
k1_h3: emb2 0.923 attn2 0.065 cross-total 0.012 (top l0-head 3 0.012)
k1_h4: emb2 0.890 attn2 0.077 cross-total 0.032 (top l0-head 3 0.031)
k1_h5: emb2 0.879 attn2 0.090 cross-total 0.031 (top l0-head 3 0.029)
k1_h6: emb2 0.838 attn2 0.112 cross-total 0.049 (top l0-head 3 0.047)
k1_h7: emb2 0.874 attn2 0.088 cross-total 0.038 (top l0-head 3 0.036)
k1_h8: emb2 0.884 attn2 0.081 cross-total 0.035 (top l0-head 3 0.033)
summary: {'emb2_median': 0.84275, 'cross_median': 0.033049999999999996, 'attn2_median': 0.11345}
MLP BLOCKS DONE
