Warning: You are sending unauthenticated requests to the HF Hub. Please set a HF_TOKEN to enable higher rate limits and faster downloads.
baseline CE fineweb 3.0763
=== n1024_k8_joint_r16 (467.2 Mbit, of which LoRA 11.8)
  loaded cached seed-0 n=1024 k=8 fits
  head 0: dagger-loss 1.3876 -> 0.3003
  head 1: dagger-loss 1.4506 -> 0.3872
  head 2: dagger-loss 1.6715 -> 0.1556
  head 3: dagger-loss 0.0222 -> 0.0143
  head 4: dagger-loss 0.4395 -> 0.0501
  head 5: dagger-loss 2.0859 -> 0.1105
  head 6: dagger-loss 0.2746 -> 0.0455
  head 7: dagger-loss 0.2668 -> 0.0346
  head 8: dagger-loss 0.3032 -> 0.0327
  joint audit (dict scores + LoRA OV): dCE +0.0049
  control (EXACT scores + LoRA OV): dCE -0.0000
  static share orig 0.9918 -> arm 0.9916; reader change 0.0083 rel-Frobenius; rank90 [96, 96, 86, 93, 95, 90, 93, 79, 86] -> [96, 97, 87, 93, 95, 90, 93, 79, 86]
=== n4096_k16_joint_r16 (1253.4 Mbit, of which LoRA 11.8)
  fitted 18 head-branches (MSE)
  head 0: dagger-loss 0.6411 -> 0.2134
  head 1: dagger-loss 0.5689 -> 0.5793
  head 2: dagger-loss 1.4647 -> 0.1977
  head 3: dagger-loss 0.0149 -> 0.0135
  head 4: dagger-loss 0.2171 -> 0.0378
  head 5: dagger-loss 0.7550 -> 0.0759
  head 6: dagger-loss 0.0443 -> 0.0302
  head 7: dagger-loss 0.0982 -> 0.0242
  head 8: dagger-loss 0.0405 -> 0.0337
  joint audit (dict scores + LoRA OV): dCE +0.0053
  control (EXACT scores + LoRA OV): dCE -0.0000
  static share orig 0.9918 -> arm 0.9903; reader change 0.009 rel-Frobenius; rank90 [96, 96, 86, 93, 95, 90, 93, 79, 86] -> [96, 97, 87, 93, 96, 90, 93, 79, 86]
=== n512_k4_joint_r16 (235.9 Mbit, of which LoRA 11.8)
  fitted 18 head-branches (MSE)
  head 0: dagger-loss 1.5028 -> 0.3606
  head 1: dagger-loss 4.9048 -> 0.6957
  head 2: dagger-loss 3.8927 -> 0.1748
  head 3: dagger-loss 0.0272 -> 0.0234
  head 4: dagger-loss 0.9060 -> 0.0622
  head 5: dagger-loss 3.6627 -> 0.1642
  head 6: dagger-loss 0.5943 -> 0.0652
  head 7: dagger-loss 0.6189 -> 0.0445
  head 8: dagger-loss 0.2159 -> 0.0438
  joint audit (dict scores + LoRA OV): dCE +0.0069
  control (EXACT scores + LoRA OV): dCE -0.0000
  static share orig 0.9918 -> arm 0.9919; reader change 0.0104 rel-Frobenius; rank90 [96, 96, 86, 93, 95, 90, 93, 79, 86] -> [96, 96, 86, 93, 95, 90, 93, 79, 86]
=== n4096_k8_joint_r16 (934.6 Mbit, of which LoRA 11.8)
  fitted 18 head-branches (MSE)
  head 0: dagger-loss 1.1863 -> 0.2474
  head 1: dagger-loss 0.6968 -> 0.3131
  head 2: dagger-loss 0.6013 -> 0.1475
  head 3: dagger-loss 0.0120 -> 0.0118
  head 4: dagger-loss 0.7253 -> 0.0405
  head 5: dagger-loss 1.0770 -> 0.1139
  head 6: dagger-loss 0.1544 -> 0.0356
  head 7: dagger-loss 0.2144 -> 0.0295
  head 8: dagger-loss 0.0674 -> 0.0449
  joint audit (dict scores + LoRA OV): dCE +0.0057
  control (EXACT scores + LoRA OV): dCE +0.0000
  static share orig 0.9918 -> arm 0.9925; reader change 0.0086 rel-Frobenius; rank90 [96, 96, 86, 93, 95, 90, 93, 79, 86] -> [96, 97, 87, 93, 95, 90, 93, 79, 86]
=== n1024_k8_lora_only_r16 (467.2 Mbit, of which LoRA 11.8)
  head 0: dagger-loss 1.3876 -> 0.7061
  head 1: dagger-loss 1.4506 -> 0.6481
  head 2: dagger-loss 1.6715 -> 0.4201
  head 3: dagger-loss 0.0222 -> 0.0630
  head 4: dagger-loss 0.4395 -> 0.1390
  head 5: dagger-loss 2.0859 -> 0.4144
  head 6: dagger-loss 0.2746 -> 0.1891
  head 7: dagger-loss 0.2668 -> 0.1644
  head 8: dagger-loss 0.3032 -> 0.1676
  joint audit (dict scores + LoRA OV): dCE +0.0087
  static share orig 0.9918 -> arm 0.9895; reader change 0.0654 rel-Frobenius; rank90 [96, 96, 86, 93, 95, 90, 93, 79, 86] -> [96, 97, 93, 94, 96, 93, 95, 80, 87]
=== n4096_k16_lora_only_r16 (1253.4 Mbit, of which LoRA 11.8)
  head 0: dagger-loss 0.6411 -> 0.3652
  head 1: dagger-loss 0.5689 -> 0.5595
  head 2: dagger-loss 1.4647 -> 0.2340
  head 3: dagger-loss 0.0149 -> 0.0195
  head 4: dagger-loss 0.2171 -> 0.0714
  head 5: dagger-loss 0.7550 -> 0.1438
  head 6: dagger-loss 0.0443 -> 0.0772
  head 7: dagger-loss 0.0982 -> 0.0753
  head 8: dagger-loss 0.0405 -> 0.0714
  joint audit (dict scores + LoRA OV): dCE +0.0036
  static share orig 0.9918 -> arm 0.9907; reader change 0.0473 rel-Frobenius; rank90 [96, 96, 86, 93, 95, 90, 93, 79, 86] -> [96, 97, 88, 93, 95, 92, 94, 80, 87]
=== n1024_k8_joint_r64 (502.6 Mbit, of which LoRA 47.2)
  head 0: dagger-loss 0.8388 -> 0.2159
  head 1: dagger-loss 1.0986 -> 0.4807
  head 2: dagger-loss 0.2863 -> 0.5463
  head 3: dagger-loss 0.0617 -> 0.0052
  head 4: dagger-loss 0.4472 -> 0.0461
  head 5: dagger-loss 0.5772 -> 0.1935
  head 6: dagger-loss 0.2304 -> 0.0149
  head 7: dagger-loss 0.1765 -> 0.0595
  head 8: dagger-loss 0.2188 -> 0.0430
  joint audit (dict scores + LoRA OV): dCE +0.0054
  static share orig 0.9918 -> arm 0.9916; reader change 0.0134 rel-Frobenius; rank90 [96, 96, 86, 93, 95, 90, 93, 79, 86] -> [97, 97, 87, 93, 95, 90, 93, 79, 86]
=== n4096_k16_joint_r64 (1288.8 Mbit, of which LoRA 47.2)
  head 0: dagger-loss 0.3322 -> 0.2343
  head 1: dagger-loss 0.4678 -> 0.5414
  head 2: dagger-loss 0.1480 -> 0.5345
  head 3: dagger-loss 0.0212 -> 0.0102
  head 4: dagger-loss 0.1302 -> 0.0325
  head 5: dagger-loss 0.1802 -> 0.2034
  head 6: dagger-loss 0.1002 -> 0.0192
  head 7: dagger-loss 0.0902 -> 0.2125
  head 8: dagger-loss 0.1153 -> 0.0311
  joint audit (dict scores + LoRA OV): dCE +0.0061
  static share orig 0.9918 -> arm 0.9921; reader change 0.0137 rel-Frobenius; rank90 [96, 96, 86, 93, 95, 90, 93, 79, 86] -> [97, 97, 87, 93, 96, 90, 93, 80, 86]

ov-lora arc complete
