Warning: You are sending unauthenticated requests to the HF Hub. Please set a HF_TOKEN to enable higher rate limits and faster downloads.
160 positions
152 with strong keys
{
 "restore_L2": {
  "mean": 0.661,
  "median": 0.711,
  "n": 64
 },
 "restore_L5": {
  "mean": 0.68,
  "median": 0.72,
  "n": 64
 },
 "restore_L8": {
  "mean": 0.863,
  "median": 0.979,
  "n": 64
 },
 "restore_L11": {
  "mean": 0.887,
  "median": 0.992,
  "n": 64
 },
 "restore_L14": {
  "mean": 0.887,
  "median": 0.997,
  "n": 64
 },
 "late_insert_damage": {
  "mean": 0.879,
  "median": 0.984,
  "n": 64
 },
 "mlp_key_5_11": {
  "mean": 0.81,
  "median": 0.94,
  "n": 64
 },
 "attn_key_5_11": {
  "mean": 0.422,
  "median": 0.392,
  "n": 64
 }
}
ENRICH SCALE DONE
