Warning: You are sending unauthenticated requests to the HF Hub. Please set a HF_TOKEN to enable higher rate limits and faster downloads.
[mlp0] token-keyed(R2>0.8): 29% | median R2_token 0.66 | eff feats/pos 64.4/256 | top-64 importance share 42% | median max-cos vs embedding PCs 0.10
  feat174 (rank 0, R2tok 0.831): ['Ġand', 'Ġor', 'Ġas', 'Ġbut', 'Ġbecause', 'Ġwhile', 'Ġ&', 'Ġwhich']
  feat28 (rank 1, R2tok 0.861): ['Ġa', 'Ġto', 'Ġthe', 'Ġan', 'Ġhis', 'Ġmy', 'Ġbe', 'Ġnot']
  feat75 (rank 2, R2tok 0.821): ['Ġare', 'Ġher', 'Ġthe', 'Ġmy', 'Ġyou', 'Ġis', 'Ġa', 'Ġwe']
  feat184 (rank 3, R2tok 0.661): ['Ġas', 'Ġand', 'Ġcreating', 'Ġor', 'Ġbe', 'Ġare', 'Ġis', 'Ġbut']
  feat96 (rank 4, R2tok 0.84): ['Ġto', 'Ġin', 'Ġon', 'Ġand', 'Ġfor', 'Ġwith', 'Ġas', 'Ġat']
  feat156 (rank 5, R2tok 0.826): ['Ġto', 'Ġthe', 'Ġof', 'Ġa', 'Ġhis', 'Ġan', 'Ġtheir', 'Ġfor']
  feat205 (rank 6, R2tok 0.897): ['Ġyou', 'Ġthe', 'Ġyour', 'Ġthey', 'Ġwe', 'Ġmy', 'Ġhe', 'ĠI']
  feat48 (rank 7, R2tok 0.913): ['Ġdrones', 'Ġmultiplication', 'ĠExp', 'ĠRussian', 'ĠHR', 'ĠRewards', 'Ġcontraception', 'Ġengineers']
[mlp1] token-keyed(R2>0.8): 27% | median R2_token 0.71 | eff feats/pos 125.9/256 | top-64 importance share 37% | median max-cos vs embedding PCs 0.11
  feat113 (rank 0, R2tok 0.839): ["'re", 'Ġand', 'Ļ', 'ĠThe', 'Ġthe', 'Ġwhose', 'ĠOur', 'Ġmy']
  feat114 (rank 1, R2tok 0.752): ["'re", 'Ļ', 'Ġseem', 're', 'Ġyour', 'Ġthe', 'Ġhope', 'Ġof']
  feat100 (rank 2, R2tok 0.691): ['Ġpowerful', 'Ġbad', 'Ġworst', 'Ġmagic', 'Ġflag', 'Ġsunlight', '000', 'Ġvalue']
  feat188 (rank 3, R2tok 0.825): ['Ġdecentral', 'Ġundergraduate', 'Ġdetached', 'Ġessential', 'Ġmultiplication', 'Ġvocal', 'Ġaware', 'Ġeducational']
  feat92 (rank 4, R2tok 0.704): ['Ġsuccessful', 'Ġdeal', 'Ġcreative', 'Ġexpensive', 'Ġimprove', 'Ġamazing', 'Ġdifficult', 'ately']
  feat160 (rank 5, R2tok 0.7): ['ĠCivil', 'Ġdefinitely', 'Ġconsidered', 'Ġexpand', 'Ġcertainly', 'Ġimmediate', 'Ġseriously', 'ĠEurope']
  feat95 (rank 6, R2tok 0.726): ['Ġchanging', 'Ġexpand', 'Ġturn', 'Ġfit', 'Ġmirrors', 'Ġsolution', 'Ġgreatest', 'Ġchanges']
  feat88 (rank 7, R2tok 0.865): ['Ġthe', 'Ļ', 'Ġa', 'Ġyour', 'âĢ', 'Ġan', "'t", 'Ġour']
MLP0 program with only top-64-of-256 features: dCE +0.69493 -> 80.8%
QK PROGRAM FEATURES DONE
