GPU guard: 12505 MiB free -- proceeding.
Warning: You are sending unauthenticated requests to the HF Hub. Please set a HF_TOKEN to enable higher rate limits and faster downloads.
    [long_15_16] iter   0 aligned cos 0.0572 (raw +0.0196) lr 1.35e-04
    [long_15_16] iter   5 aligned cos 0.0801 (raw +0.0196) lr 1.38e-01
    [long_15_16] iter  10 aligned cos 0.0855 (raw +0.0196) lr 1.41e+02
    [long_15_16] iter  15 aligned cos 0.0881 (raw +0.0196) lr 9.03e+03
    [long_15_16] iter  20 aligned cos 0.0898 (raw +0.0196) lr 2.26e+03
    [long_15_16] iter  25 aligned cos 0.0910 (raw +0.0196) lr 1.41e+02
    [long_15_16] iter  30 aligned cos 0.0920 (raw +0.0196) lr 2.82e+02
    [long_15_16] iter  35 aligned cos 0.0927 (raw +0.0196) lr 2.26e+03
    [long_15_16] iter  39 aligned cos 0.0932 (raw +0.0196) lr 7.05e+01
  [long_15_16] RAW +0.0196 -> ALIGNED 0.0932 (hard upper bound 0.9998)
    [restart101_15_16] iter   0 aligned cos 0.0462 (raw +0.0001) lr 1.98e-04
    [restart101_15_16] iter   5 aligned cos 0.0666 (raw +0.0001) lr 2.02e-01
    [restart101_15_16] iter  10 aligned cos 0.0722 (raw +0.0001) lr 2.07e+02
    [restart101_15_16] iter  15 aligned cos 0.0760 (raw +0.0001) lr 4.14e+02
    [restart101_15_16] iter  20 aligned cos 0.0782 (raw +0.0001) lr 2.65e+04
    [restart101_15_16] iter  25 aligned cos 0.0799 (raw +0.0001) lr 1.66e+03
    [restart101_15_16] iter  30 aligned cos 0.0814 (raw +0.0001) lr 8.29e+02
    [restart101_15_16] iter  35 aligned cos 0.0827 (raw +0.0001) lr 3.32e+03
    [restart101_15_16] iter  39 aligned cos 0.0835 (raw +0.0001) lr 8.29e+02
  [restart101_15_16] RAW +0.0001 -> ALIGNED 0.0835 (hard upper bound 0.9998)
GAUGE-2 STAGE DONE
QK REDTEAM SC DONE
