GPU guard: free 15841 MiB
Warning: You are sending unauthenticated requests to the HF Hub. Please set a HF_TOKEN to enable higher rate limits and faster downloads.
layer  0 curve: +0.989 +0.451 +0.148 +0.056 +0.031 +0.020 +0.008 +0.008 +0.001 +0.004 +0.000
layer  1 curve: +1.119 +0.842 +0.474 +0.144 +0.050 +0.022 +0.010 +0.007 +0.001 +0.003 +0.000
layer  2 curve: +0.293 +0.255 +0.154 +0.054 +0.028 +0.017 +0.007 +0.006 +0.000 +0.003 +0.000
layer  3 curve: +0.265 +0.182 +0.109 +0.044 +0.022 +0.015 +0.008 +0.006 +0.002 +0.003 +0.000
layer  4 curve: +0.107 +0.094 +0.072 +0.042 +0.025 +0.014 +0.006 +0.006 +0.002 +0.002 +0.000
layer  5 curve: +0.045 +0.042 +0.040 +0.029 +0.021 +0.014 +0.007 +0.006 +0.001 +0.003 +0.000
layer  6 curve: +0.053 +0.053 +0.050 +0.040 +0.027 +0.019 +0.011 +0.006 +0.002 +0.003 +0.000
layer  7 curve: +0.046 +0.048 +0.045 +0.036 +0.027 +0.023 +0.014 +0.013 +0.005 +0.007 +0.000
layer  8 curve: +0.032 +0.034 +0.031 +0.026 +0.022 +0.017 +0.012 +0.009 +0.004 +0.005 +0.000
layer  9 curve: +0.038 +0.039 +0.036 +0.029 +0.024 +0.018 +0.012 +0.011 +0.005 +0.005 +0.000
layer 10 curve: +0.037 +0.038 +0.036 +0.029 +0.023 +0.018 +0.011 +0.011 +0.004 +0.006 +0.000
layer 11 curve: +0.037 +0.035 +0.033 +0.027 +0.022 +0.017 +0.012 +0.010 +0.004 +0.006 +0.000
layer 12 curve: +0.031 +0.032 +0.030 +0.026 +0.022 +0.017 +0.014 +0.011 +0.008 +0.005 +0.000
layer 13 curve: +0.036 +0.035 +0.034 +0.030 +0.028 +0.023 +0.018 +0.015 +0.008 +0.007 +0.000
layer 14 curve: +0.027 +0.026 +0.024 +0.022 +0.019 +0.016 +0.014 +0.010 +0.007 +0.004 +0.000
layer 15 curve: +0.033 +0.029 +0.026 +0.021 +0.017 +0.014 +0.011 +0.007 +0.005 +0.003 +0.000
layer 16 curve: +0.108 +0.088 +0.063 +0.042 +0.030 +0.023 +0.017 +0.012 +0.008 +0.006 +0.000
layer 17 curve: +0.129 +0.118 +0.093 +0.063 +0.048 +0.037 +0.030 +0.023 +0.012 +0.011 +0.000
[128x] GREEDY: dCE +1.4710 ± 0.01437 (pred +0.654, params 108M, 127.7x)
   Kin : [432, 432, 432, 288, 288, 288, 288, 288, 36, 144, 144, 144, 144, 144, 144, 144, 288, 288] 
   Kout: [216, 216, 216, 144, 144, 144, 144, 144, 18, 72, 72, 72, 72, 72, 72, 72, 144, 144]
[32x] GREEDY: dCE +1.0439 ± 0.01264 (pred +0.438, params 417M, 33.0x)
   Kin : [576, 576, 576, 432, 432, 432, 432, 432, 288, 432, 432, 432, 432, 288, 288, 288, 432, 576] 
   Kout: [288, 288, 288, 216, 216, 216, 216, 216, 144, 216, 216, 216, 216, 144, 144, 144, 216, 288]
[16x] GREEDY: dCE +0.8180 ± 0.01122 (pred +0.332, params 859M, 16.0x)
   Kin : [576, 576, 576, 576, 576, 576, 576, 432, 576, 576, 432, 432, 432, 432, 432, 432, 576, 576] 
   Kout: [576, 576, 576, 288, 576, 288, 288, 216, 288, 288, 216, 216, 216, 216, 216, 216, 288, 288]
[8x] GREEDY: dCE +0.5083 ± 0.00876 (pred +0.221, params 1693M, 8.1x)
   Kin : [576, 576, 576, 576, 576, 576, 576, 576, 576, 576, 576, 576, 576, 576, 576, 576, 576, 864] 
   Kout: [576, 576, 576, 576, 576, 576, 576, 576, 576, 576, 576, 576, 576, 576, 288, 288, 576, 432]
[4x] GREEDY: dCE +0.3208 ± 0.00672 (pred +0.142, params 3378M, 4.1x)
   Kin : [576, 864, 576, 864, 576, 576, 864, 864, 864, 576, 576, 864, 864, 864, 864, 864, 864, 1152] 
   Kout: [576, 864, 576, 432, 576, 576, 432, 864, 432, 576, 576, 864, 432, 864, 432, 432, 432, 576]
[2x] GREEDY: dCE +0.0973 ± 0.00347 (pred +0.049, params 6875M, 2.0x)
   Kin : [864, 864, 864, 864, 864, 864, 864, 864, 864, 864, 864, 864, 1152, 864, 1152, 1152, 1152, 1152] 
   Kout: [864, 864, 864, 864, 864, 864, 864, 864, 864, 864, 864, 864, 576, 864, 576, 576, 1152, 1152]
budget for dCE=+0.35: 3034M params (4.5x compression)
budget for dCE=+0.15: 5814M params (2.4x compression)
DONE
