Warning: You are sending unauthenticated requests to the HF Hub. Please set a HF_TOKEN to enable higher rate limits and faster downloads.
tables...
capture + refit generator...
generator refit
generated mean dCE +0.03191
joint oracle repair of l1-h0: dCE +0.03078 (generated +0.03191)
joint oracle repair of l1-h1: dCE +0.02031 (generated +0.03191)
joint oracle repair of l1-h2: dCE +0.03190 (generated +0.03191)
joint oracle repair of l1-h3: dCE +0.02977 (generated +0.03191)
joint oracle repair of l1-h4: dCE +0.02819 (generated +0.03191)
joint oracle repair of l1-h5: dCE +0.03086 (generated +0.03191)
joint oracle repair of l1-h6: dCE +0.03165 (generated +0.03191)
joint oracle repair of l1-h7: dCE +0.02956 (generated +0.03191)
joint oracle repair of l1-h8: dCE +0.02497 (generated +0.03191)
residual stage...
stage2 lin_window: residual val R2 0.0233
stage2 swiglu_window: residual val R2 -0.0334
stage2 lin_win_plus_code: residual val R2 0.0422
auditing stage1+stage2 (lin_win_plus_code)...
stage1+stage2 (lin_win_plus_code) eval dCE +0.03038 (stage1 +0.03191, oracle-16 ~+0.0113)
RESIDUAL STAGE DONE
