GPU guard: 15841 MiB free -- proceeding.
Warning: You are sending unauthenticated requests to the HF Hub. Please set a HF_TOKEN to enable higher rate limits and faster downloads.
bilin18 NL=18 NH=9 HD=128 D=1152 V=50304
Recomputing grams (L1,L16,L17) + L1 neuron energies from TRAIN ...
Bases built.

[MLP1_SVD32] LI=1 mode=proj ...
  batch 1/26 elapsed 2s
  batch 7/26 elapsed 11s
  batch 13/26 elapsed 20s
  batch 19/26 elapsed 29s
  batch 25/26 elapsed 38s
  joint32=0.1607+-0.0045  solo_sum=0.0387  solo_frac=0.241  joint_only=0.759  n_nameable=0  max_z=1.59

[MLP16_SVD32] LI=16 mode=proj ...
  batch 1/26 elapsed 2s
  batch 7/26 elapsed 11s
  batch 13/26 elapsed 20s
  batch 19/26 elapsed 29s
  batch 25/26 elapsed 38s
  joint32=0.1113+-0.0043  solo_sum=0.2112  solo_frac=1.8976  joint_only=-0.8976  n_nameable=2  max_z=4.22

[MLP17_SVD32] LI=17 mode=proj ...
  batch 1/26 elapsed 2s
  batch 7/26 elapsed 11s
  batch 13/26 elapsed 20s
  batch 19/26 elapsed 29s
  batch 25/26 elapsed 39s
  joint32=0.3137+-0.0076  solo_sum=0.2713  solo_frac=0.8649  joint_only=0.1351  n_nameable=5  max_z=5.23

[MLP1_RAND32] LI=1 mode=proj ...
  batch 1/26 elapsed 4s
  batch 7/26 elapsed 24s
  batch 13/26 elapsed 33s
  batch 19/26 elapsed 42s
  batch 25/26 elapsed 51s
  joint32=0.0007+-0.0004  solo_sum=0.0013  solo_frac=1.8631  joint_only=-0.8631  n_nameable=0  max_z=2.07

[MLP1_ROT32_a] LI=1 mode=proj ...
  batch 1/26 elapsed 2s
  batch 7/26 elapsed 11s
  batch 13/26 elapsed 20s
  batch 19/26 elapsed 29s
  batch 25/26 elapsed 38s
  joint32=0.1607+-0.0045  solo_sum=0.0349  solo_frac=0.2172  joint_only=0.7828  n_nameable=0  max_z=2.54

[MLP1_ROT32_b] LI=1 mode=proj ...
  batch 1/26 elapsed 2s
  batch 7/26 elapsed 11s
  batch 13/26 elapsed 20s
  batch 19/26 elapsed 29s
  batch 25/26 elapsed 38s
  joint32=0.1607+-0.0045  solo_sum=0.0342  solo_frac=0.2128  joint_only=0.7872  n_nameable=0  max_z=1.85

[MLP1_NEURON32] LI=1 mode=neuron ...
  batch 1/26 elapsed 2s
  batch 7/26 elapsed 11s
  batch 13/26 elapsed 20s
  batch 19/26 elapsed 29s
  batch 25/26 elapsed 38s
  joint32=0.0009+-0.0004  solo_sum=0.0009  solo_frac=1.0319  joint_only=-0.0319  n_nameable=0  max_z=1.96

===== §74 RED-TEAM SUMMARY =====
basis              joint32  solo_sum   solo% jointonly%  nameable   maxz
MLP1_SVD32          0.1607    0.0387   24.1%      75.9%         0   1.59
MLP16_SVD32         0.1113    0.2112  189.8%     -89.8%         2   4.22
MLP17_SVD32         0.3137    0.2713   86.5%      13.5%         5   5.23
MLP1_RAND32         0.0007    0.0013  186.3%     -86.3%         0   2.07
MLP1_ROT32_a        0.1607    0.0349   21.7%      78.3%         0   2.54
MLP1_ROT32_b        0.1607    0.0342   21.3%      78.7%         0   1.85
MLP1_NEURON32       0.0009    0.0009  103.2%      -3.2%         0   1.96

Saved qk_redteam_completeness.json
QK REDTEAM COMPLETENESS (attack 1) DONE
