GPU guard: 11473 MiB free -- proceeding.
Warning: You are sending unauthenticated requests to the HF Hub. Please set a HF_TOKEN to enable higher rate limits and faster downloads.
  [centered raw_frobenius] {'rank90': 16, 'rank95': 16, 'rank99': 17, 'participation_ratio': 16.786, 'top_eig_frac': 0.0738, 'mean_abs_offdiag_cosine': 0.0586, 'max_abs_offdiag_cosine': 0.0756, 'top_pairs': [[5, 17, -0.076], [6, 17, -0.075], [8, 17, -0.074], [7, 17, -0.072], [5, 12, -0.072]], 'normfree_rank90': 16, 'normfree_rank95': 17, 'normfree_top_eig_frac': 0.0631}
  [centered pooled_input_metric] {'rank90': 2, 'rank95': 3, 'rank99': 6, 'participation_ratio': 1.577, 'top_eig_frac': 0.7772, 'mean_abs_offdiag_cosine': 0.5574, 'max_abs_offdiag_cosine': 0.8515, 'top_pairs': [[9, 10, 0.851], [7, 10, 0.848], [10, 12, 0.846], [8, 10, 0.844], [10, 11, 0.842]], 'normfree_rank90': 8, 'normfree_rank95': 12, 'normfree_top_eig_frac': 0.6355}
  [k1plusmean_pooled_metric] dCE +3.8593 +- 0.02646 (24s)
  [k1plusmean_frobenius] dCE +4.3237 +- 0.02753 (24s)
  [k3plusmean_pooled_metric] dCE +2.1986 +- 0.01702 (24s)
  [k3plusmean_frobenius] dCE +3.3180 +- 0.02330 (24s)
  [k7plusmean_pooled_metric] dCE +0.3935 +- 0.00683 (18s)
  [k7plusmean_frobenius] dCE +1.8021 +- 0.01641 (12s)
  [k11plusmean_pooled_metric] dCE +0.0612 +- 0.00277 (14s)
  [k11plusmean_frobenius] dCE +0.4272 +- 0.00717 (25s)
  [k15plusmean_pooled_metric] dCE +0.0104 +- 0.00102 (25s)
  [k15plusmean_frobenius] dCE +0.0897 +- 0.00325 (25s)
CENTER STAGE DONE
GATE fwd_probe reproduces base: dCE -5.34e-08
TRAIN pass: block output second moments (activation + consumption gradient) ...
    train 0/256
    train 64/256
    train 128/256
    train 192/256
  [out_act_only] gram built
  [out_act_only] rank90 15 normfree90 16 mean|cos| 0.0258 max 0.1354 top [[16, 17, 0.135], [5, 6, 0.097], [0, 5, 0.091]]
  [out_grad_only] gram built
  [out_grad_only] rank90 16 normfree90 17 mean|cos| 0.0097 max 0.0331 top [[5, 6, 0.033], [7, 8, 0.032], [6, 7, 0.031]]
  [in_pooled_out_act] gram built
  [in_pooled_out_act] rank90 1 normfree90 9 mean|cos| 0.3437 max 0.8789 top [[14, 15, 0.879], [2, 3, 0.848], [0, 15, -0.833]]
  [in_pooled_out_grad] gram built
  [in_pooled_out_grad] rank90 2 normfree90 15 mean|cos| 0.0738 max 0.599 top [[14, 15, 0.599], [15, 17, 0.437], [13, 15, 0.364]]
  [k16_in_pooled_out_grad] dCE +0.0130 +- 0.00114 (25s)
  [k12_in_pooled_out_grad] dCE +0.0452 +- 0.00226 (25s)
  [k8_in_pooled_out_grad] dCE +1.0158 +- 0.01198 (37s)
  [k4_in_pooled_out_grad] dCE +2.7850 +- 0.02016 (37s)
  [k16_in_pooled_out_act] dCE +0.0285 +- 0.00176 (37s)
  [k12_in_pooled_out_act] dCE +0.1876 +- 0.00465 (37s)
  [k8_in_pooled_out_act] dCE +1.1845 +- 0.01198 (31s)
  [k4_in_pooled_out_act] dCE +2.8533 +- 0.02067 (36s)
OUTW STAGE DONE
QK REDTEAM SC DONE
