GPU guard: 7098 MiB free -- proceeding.
Warning: You are sending unauthenticated requests to the HF Hub. Please set a HF_TOKEN to enable higher rate limits and faster downloads.
  [k16_norm_raw_frobenius] dCE +0.0197 +- 0.00159 (37s)
  [k12_norm_raw_frobenius] dCE +0.1777 +- 0.00498 (37s)
  [k8_norm_raw_frobenius] dCE +0.3662 +- 0.00789 (37s)
  [k4_norm_raw_frobenius] dCE +3.7094 +- 0.02573 (37s)
  [k2_norm_raw_frobenius] dCE +4.9254 +- 0.03224 (37s)
  [k16_norm_pooled_input_metric] dCE +2.3416 +- 0.02181 (27s)
  [k12_norm_pooled_input_metric] dCE +5.5774 +- 0.02956 (25s)
  [k8_norm_pooled_input_metric] dCE +5.8675 +- 0.02977 (25s)
  [k4_norm_pooled_input_metric] dCE +5.8406 +- 0.03123 (25s)
  [k2_norm_pooled_input_metric] dCE +12.3379 +- 0.04250 (24s)
  [k16_norm_in_pooled_out_grad] dCE +3.8056 +- 0.02461 (25s)
  [k12_norm_in_pooled_out_grad] dCE +3.9964 +- 0.02503 (25s)
  [k8_norm_in_pooled_out_grad] dCE +4.4453 +- 0.02872 (25s)
  [k4_norm_in_pooled_out_grad] dCE +4.8538 +- 0.02987 (25s)
  [k2_norm_in_pooled_out_grad] dCE +9.8609 +- 0.03735 (25s)
  [k16_norm_in_pooled_out_act] dCE +3.5596 +- 0.02292 (25s)
  [k12_norm_in_pooled_out_act] dCE +8.9455 +- 0.03422 (25s)
  [k8_norm_in_pooled_out_act] dCE +13.1896 +- 0.03792 (25s)
  [k4_norm_in_pooled_out_act] dCE +13.2112 +- 0.03850 (33s)
  [k2_norm_in_pooled_out_act] dCE +11.5436 +- 0.03767 (35s)
  [k15plusmean_norm_pooled_input_metric] dCE +0.0120 +- 0.00114 (35s)
  [k11plusmean_norm_pooled_input_metric] dCE +0.0695 +- 0.00290 (35s)
  [k7plusmean_norm_pooled_input_metric] dCE +0.5067 +- 0.00786 (35s)
  [k3plusmean_norm_pooled_input_metric] dCE +4.1732 +- 0.02665 (35s)
  [k1plusmean_norm_pooled_input_metric] dCE +4.2729 +- 0.03325 (35s)
NORMW STAGE DONE
QK REDTEAM SC DONE
