GPU guard: free 15841 MiB
gram pass ...
mean pass ...
cache saved
[128x] UNIFORM (288,144): dCE +1.4561 ± 0.01448 (128x)
[128x] SPECTRAL f=0.8789: dCE +2.6792 ± 0.01949 (params 108M, 128x)
   Kin : [482, 4, 315, 412, 364, 4, 4, 4, 4, 4, 4, 30, 41, 69, 100, 155, 229, 190] 
   Kout: [166, 406, 491, 434, 305, 193, 257, 546, 589, 538, 648, 479, 565, 549, 615, 123, 4, 4]
[128x] CAUSAL   f=0.3438: dCE +8.6546 ± 0.02477 (params 108M, 128x)
   Kin : [136, 474, 4, 7, 4, 4, 4, 4, 4, 4, 4, 4, 4, 4, 4, 4, 4, 4] 
   Kout: [4, 955, 52, 19, 4, 4, 4, 4, 4, 4, 4, 4, 4, 4, 4, 4, 4, 4]
[16x] UNIFORM (576,288): dCE +0.8032 ± 0.01108 (16x)
[16x] SPECTRAL f=0.9518: dCE +1.5499 ± 0.01539 (params 861M, 16x)
   Kin : [756, 76, 590, 696, 645, 10, 4, 13, 114, 163, 207, 288, 317, 377, 436, 512, 594, 561] 
   Kout: [446, 667, 745, 697, 591, 489, 560, 796, 829, 794, 872, 753, 815, 806, 851, 474, 5, 5]
[16x] CAUSAL   f=0.6944: dCE +7.8963 ± 0.02476 (params 861M, 16x)
   Kin : [687, 1152, 184, 180, 4, 4, 4, 4, 4, 4, 4, 4, 4, 4, 4, 4, 4, 4] 
   Kout: [367, 1152, 352, 217, 4, 4, 4, 4, 4, 4, 4, 4, 4, 4, 4, 4, 4, 4]
[4x] UNIFORM (576,None): dCE +0.3516 ± 0.00697 (4x)
[4x] SPECTRAL f=0.9834: dCE +0.4731 ± 0.00832 (params 3446M, 4x)
   Kin : [969, 362, 849, 930, 896, 236, 200, 265, 481, 535, 585, 662, 691, 744, 794, 847, 897, 880] 
   Kout: [748, 898, 951, 920, 853, 785, 837, 983, 1002, 982, 1025, 960, 994, 989, 1014, 789, 275, 21]
[4x] CAUSAL   f=0.9995: dCE +1.6316 ± 0.01557 (params 3446M, 4x)
   Kin : [1152, 1152, 1152, 1149, 368, 4, 4, 4, 4, 4, 4, 4, 4, 4, 4, 4, 232, 1102] 
   Kout: [1152, 1152, 1152, 1149, 309, 10, 8, 135, 123, 92, 150, 5, 44, 9, 15, 4, 4, 609]
DONE
