width patched: D 1152, NH 18, slot dim 48, write_init_std 0.002357
solved slot dim 65 at compute width 1152, hidden 4608: body per slot dim 365185 x depth 12 = 4382220; stream widens 1152 -> 1560
data: 298496 train rows, 9328 steps x eff batch 32; held scale 1500 + f34k 1500
control (c) write-init re-draw at the class std: max |diff| 0.00e+00 (expect exactly 0.0)
recipe (E1) body params 286668288 (MATCH vanilla-1152 286668288)
control (a) bandwidth(s=48, weights copied from the recipe) == recipe at init: max |logit diff| 3.81e-06 (threshold 1e-4; algebraic identity, GEMM reduction order may differ)
control (b) penalty fast 10367.7988 vs naive 10367.7975 rel 1.32e-07; V8T dispatch 10367.7988
control (d) bandwidth arm: slot 65, stream 1560 (compute 1152, hidden 4608), body 284844300 (284.84M) vs vanilla-1152 286.67M -> -0.64%; embedding 78400920 (78.4M, excluded from body)
registered predictions written to the JSON before training
width patched: D 1152, NH 18, slot dim 48, write_init_std 0.002357
data: 298496 train rows, 9328 steps x eff batch 32; held scale 1500 + f34k 1500
preflight muon: micro 32 OOM
preflight muon: micro 16 peak 27360 MiB
muon: micro 16 (accum 2), lr_adamw 0.002 from qk_s_w1152_gc1e4.json
muon lr chosen: 0.02 (ranking [0.02, 0.01])
==== training muonbase w1152 (muon lr 0.02) ====
  MUON[lr 0.02/0.002] step 0/9328 ce 23.3691 (ema 23.3691) 1s mem 28448MiB
Traceback (most recent call last):
  File "/workspace/tensor_language/basis_aligned/qk_mdl/qk_s_bw1152_run.py", line 410, in <module>
    main()
  File "/workspace/tensor_language/basis_aligned/qk_mdl/qk_s_bw1152_run.py", line 405, in main
    M.main()
  File "/workspace/tensor_language/basis_aligned/qk_mdl/qk_s_muon_run.py", line 463, in main
    log = train_muon_run(lr, lr_adamw, total_steps, micro, save_stem=STEM,
          ^^^^^^^^^^^^^^^^^^^^^^^^^^^^^^^^^^^^^^^^^^^^^^^^^^^^^^^^^^^^^^^^
  File "/workspace/tensor_language/basis_aligned/qk_mdl/qk_s_muon_run.py", line 274, in train_muon_run
    loss.backward()
  File "/venv/main/lib/python3.12/site-packages/torch/_tensor.py", line 631, in backward
    torch.autograd.backward(
  File "/venv/main/lib/python3.12/site-packages/torch/autograd/__init__.py", line 381, in backward
    _engine_run_backward(
  File "/venv/main/lib/python3.12/site-packages/torch/autograd/graph.py", line 869, in _engine_run_backward
    return Variable._execution_engine.run_backward(  # Calls into the C++ engine to run the backward pass
           ^^^^^^^^^^^^^^^^^^^^^^^^^^^^^^^^^^^^^^^^^^^^^^^^^^^^^^^^^^^^^^^^^^^^^^^^^^^^^^^^^^^^^^^^^^^^^^
torch.OutOfMemoryError: CUDA out of memory. Tried to allocate 1.54 GiB. GPU 0 has a total capacity of 31.36 GiB of which 1.48 GiB is free. Including non-PyTorch memory, this process has 29.87 GiB memory in use. Of the allocated memory 27.89 GiB is allocated by PyTorch, and 1.38 GiB is reserved by PyTorch but unallocated. If reserved but unallocated memory is large try setting PYTORCH_CUDA_ALLOC_CONF=expandable_segments:True to avoid fragmentation.  See documentation for Memory Management  (https://docs.pytorch.org/docs/stable/notes/cuda.html#optimizing-memory-usage-with-pytorch-cuda-alloc-conf)
