Warning: You are sending unauthenticated requests to the HF Hub. Please set a HF_TOKEN to enable higher rate limits and faster downloads.
h0_unigram_nonneg: R2 0.5878 moment-rel-err 0.1731
h0_unigram_signed: R2 0.5855 moment-rel-err 0.1734
h0_uniform_nonneg: R2 0.4781 moment-rel-err 0.1771
h0_uniform_signed: R2 0.4808 moment-rel-err 0.2135
h1_unigram_nonneg: R2 0.6380 moment-rel-err 0.0395
h1_unigram_signed: R2 0.6340 moment-rel-err 0.0470
h1_uniform_nonneg: R2 0.4216 moment-rel-err 0.2559
h1_uniform_signed: R2 0.4300 moment-rel-err 0.2713
h2_unigram_nonneg: R2 0.7258 moment-rel-err 0.0004
h2_unigram_signed: R2 0.7225 moment-rel-err 0.0112
h2_uniform_nonneg: R2 0.4167 moment-rel-err 0.1814
h2_uniform_signed: R2 0.4248 moment-rel-err 0.1881
h3_unigram_nonneg: R2 0.7209 moment-rel-err 0.0425
h3_unigram_signed: R2 0.7115 moment-rel-err 0.0440
h3_uniform_nonneg: R2 0.4869 moment-rel-err 0.2358
h3_uniform_signed: R2 0.4878 moment-rel-err 0.2265
h4_unigram_nonneg: R2 0.5687 moment-rel-err 0.2100
h4_unigram_signed: R2 0.5718 moment-rel-err 0.2126
h4_uniform_nonneg: R2 0.3982 moment-rel-err 0.4026
h4_uniform_signed: R2 0.4114 moment-rel-err 0.3988
h5_unigram_nonneg: R2 0.7048 moment-rel-err 0.0185
h5_unigram_signed: R2 0.6992 moment-rel-err 0.0398
h5_uniform_nonneg: R2 0.4493 moment-rel-err 0.1926
h5_uniform_signed: R2 0.4543 moment-rel-err 0.1965
h6_unigram_nonneg: R2 0.6456 moment-rel-err 0.0193
h6_unigram_signed: R2 0.6456 moment-rel-err 0.0349
h6_uniform_nonneg: R2 0.3892 moment-rel-err 0.2631
h6_uniform_signed: R2 0.4039 moment-rel-err 0.2563
h7_unigram_nonneg: R2 0.7112 moment-rel-err 0.0411
h7_unigram_signed: R2 0.7056 moment-rel-err 0.0547
h7_uniform_nonneg: R2 0.4815 moment-rel-err 0.1459
h7_uniform_signed: R2 0.4829 moment-rel-err 0.1480
h8_unigram_nonneg: R2 0.7817 moment-rel-err 0.0094
h8_unigram_signed: R2 0.7719 moment-rel-err 0.0183
h8_uniform_nonneg: R2 0.4649 moment-rel-err 0.1741
h8_uniform_signed: R2 0.4695 moment-rel-err 0.1748
STAGE1 DONE
