width patched: D 1152, NH 18, slot dim 48, write_init_std 0.002357
data: 298496 train rows, 9328 steps x eff batch 32; held scale 1500 + f34k 1500
preflight muon: micro 32 OOM
preflight muon: micro 16 peak 24810 MiB
micro 16 (accum 2), lr_adamw 0.002 from qk_s_w1152_gc1e4.json
/workspace/tensor_language/basis_aligned/qk_mdl/qk_s_pred1152_run.py:243: UserWarning: Converting a tensor with requires_grad=True to a scalar may lead to unexpected behavior.
Consider using tensor.detach() first. (Triggered internally at /pytorch/torch/csrc/autograd/generated/python_variable_methods.cpp:836.)
  pdiff = max(float((p - pr[nm]).abs().max())
  MUON[lr 0.02/0.002] step 0/3 ce 19.3384 (ema 19.3384) 1s mem 25870MiB
  MUON[lr 0.02/0.002] step 1/3 ce 19.3450 (ema 19.3385) 1s mem 27406MiB
  MUON[lr 0.02/0.002] step 2/3 ce 19.3290 (ema 19.3383) 2s mem 27406MiB
  muon sweep lr 0.02: held100 scale CE 19.3201 (0 spikes, 2s)
  MUON[lr 0.02/0.002] step 0/3 ce 19.3384 (ema 19.3384) 1s mem 27406MiB
  MUON[lr 0.02/0.002] step 1/3 ce 19.3450 (ema 19.3385) 1s mem 27408MiB
  MUON[lr 0.02/0.002] step 2/3 ce 19.3290 (ema 19.3383) 2s mem 27408MiB
  muon sweep lr 0.02: held100 scale CE 19.3201 (0 spikes, 2s)
gate1_pred_zero_reduction: shared params 0.0e+00, predicate params 0.0e+00, forward off 0.0e+00 / on-but-zero 0.0e+00, 3-step 0.0e+00/0.0e+00 -> PASS
gpu: 28756 MiB free -- using cuda
width patched: D 264, NH 6, HD 44, slot dim 11
Traceback (most recent call last):
  File "/workspace/tensor_language/basis_aligned/qk_mdl/qk_s_pred1152_run.py", line 488, in <module>
    main()
  File "/workspace/tensor_language/basis_aligned/qk_mdl/qk_s_pred1152_run.py", line 460, in main
    gate_kernels()
  File "/workspace/tensor_language/basis_aligned/qk_mdl/qk_s_pred1152_run.py", line 304, in gate_kernels
    E21.KCLS = E21.token_classes()
               ^^^^^^^^^^^^^^^^^^^
  File "/workspace/tensor_language/basis_aligned/qk_mdl/qk_e21_census_run.py", line 159, in token_classes
    from transformers import AutoTokenizer
ModuleNotFoundError: No module named 'transformers'
width patched: D 1152, NH 18, slot dim 48, write_init_std 0.002357
data: 298496 train rows, 9328 steps x eff batch 32; held scale 1500 + f34k 1500
micro 16 (accum 2), lr_adamw 0.002 from qk_s_w1152_gc1e4.json
gate1_pred_zero_reduction: already passed -- skip
gpu: 30382 MiB free -- using cuda
width patched: D 264, NH 6, HD 44, slot dim 11
Warning: You are sending unauthenticated requests to the HF Hub. Please set a HF_TOKEN to enable higher rate limits and faster downloads.
Traceback (most recent call last):
  File "/workspace/tensor_language/basis_aligned/qk_mdl/qk_s_pred1152_run.py", line 488, in <module>
    main()
  File "/workspace/tensor_language/basis_aligned/qk_mdl/qk_s_pred1152_run.py", line 460, in main
    gate_kernels()
  File "/workspace/tensor_language/basis_aligned/qk_mdl/qk_s_pred1152_run.py", line 309, in gate_kernels
    d_same = float((ksame - feats[0]).abs().max())
                    ~~~~~~^~~~~~~~~~
RuntimeError: The size of tensor a (4) must match the size of tensor b (10) at non-singleton dimension 0
width patched: D 1152, NH 18, slot dim 48, write_init_std 0.002357
data: 298496 train rows, 9328 steps x eff batch 32; held scale 1500 + f34k 1500
micro 16 (accum 2), lr_adamw 0.002 from qk_s_w1152_gc1e4.json
gate1_pred_zero_reduction: already passed -- skip
gpu: 30382 MiB free -- using cuda
width patched: D 264, NH 6, HD 44, slot dim 11
Warning: You are sending unauthenticated requests to the HF Hub. Please set a HF_TOKEN to enable higher rate limits and faster downloads.
gate2_kernels_vs_e21: MATCH_same 0.0e+00, MATCH_prev 0.0e+00 -> PASS
gate3_terms_live: b=0.05 moves logits by 0.0017, d(pattern)/db - MATCH_prev = 0.0e+00 -> PASS
registered predictions written before training
==== training qk_s_w1152_pred3e5 (9328 steps) ====
  MUON[lr 0.02/0.002] step 0/9328 ce 10.8725 (ema 10.8725) 1s mem 11220MiB
  MUON: measured 0.453 s/step
  MUON[lr 0.02/0.002] step 200/9328 ce 6.3060 (ema 6.9267) 91s mem 11379MiB
  MUON[lr 0.02/0.002] step 400/9328 ce 5.6659 (ema 5.8451) 182s mem 11379MiB
