GPU guard: 15841 MiB free -- proceeding.
Warning: You are sending unauthenticated requests to the HF Hub. Please set a HF_TOKEN to enable higher rate limits and faster downloads.
TRAIN 5400 seq (cooc[600:6000]) | VAL 300 seq (cooc[0:300]) | HELD 152 seq (canon[448:600])
353 special token ids masked
Caching layer-2 activations: TRAIN->CPU fp16 (10x corpus) ...
  TRAIN cache (691200, 1152) fp16 CPU (1.59 GB) in 5s
normalisation: mean centred-norm 1093.788, scale 0.03103
caches: train(CPU) (691200, 1152)  val (38400, 1152)  held (19456, 1152)
Best-validation-FVE sweep (k=64) on 10x corpus ...
    NFEAT=4096 step      0  val FVE 0.2315  (best 0.2315@0)  lr 2.00e-06
    NFEAT=4096 step   5000  val FVE 0.8114  (best 0.8114@5000)  lr 3.66e-04
    NFEAT=4096 step  10000  val FVE 0.8218  (best 0.8218@10000)  lr 2.71e-04
    NFEAT=4096 step  15000  val FVE 0.8252  (best 0.8252@15000)  lr 1.53e-04
    NFEAT=4096 step  20000  val FVE 0.8266  (best 0.8266@20000)  lr 5.69e-05
    NFEAT=4096 step  24999  val FVE 0.8270  (best 0.8270@24999)  lr 2.00e-05
  NFEAT=4096 k=64: best val FVE 0.8270@24999; held FVE 0.8263 L0 64.0; train FVE 0.8436 (290s)
    NFEAT=8192 step      0  val FVE 0.2483  (best 0.2483@0)  lr 2.00e-06
    NFEAT=8192 step   5000  val FVE 0.8292  (best 0.8292@5000)  lr 3.66e-04
    NFEAT=8192 step  10000  val FVE 0.8401  (best 0.8401@10000)  lr 2.71e-04
    NFEAT=8192 step  15000  val FVE 0.8435  (best 0.8435@15000)  lr 1.53e-04
    NFEAT=8192 step  20000  val FVE 0.8448  (best 0.8448@20000)  lr 5.69e-05
    NFEAT=8192 step  24999  val FVE 0.8451  (best 0.8451@24999)  lr 2.00e-05
  NFEAT=8192 k=64: best val FVE 0.8451@24999; held FVE 0.8449 L0 64.0; train FVE 0.8720 (547s)
    NFEAT=16384 step      0  val FVE 0.2531  (best 0.2531@0)  lr 2.00e-06
    NFEAT=16384 step   5000  val FVE 0.8360  (best 0.8360@5000)  lr 3.66e-04
    NFEAT=16384 step  10000  val FVE 0.8456  (best 0.8456@10000)  lr 2.71e-04
    NFEAT=16384 step  15000  val FVE 0.8484  (best 0.8484@15000)  lr 1.53e-04
    NFEAT=16384 step  20000  val FVE 0.8490  (best 0.8490@20000)  lr 5.69e-05
    NFEAT=16384 step  24999  val FVE 0.8490  (best 0.8490@22000)  lr 2.00e-05
  NFEAT=16384 k=64: best val FVE 0.8490@22000; held FVE 0.8491 L0 64.0; train FVE 0.8912 (1053s)
CHOSEN best-VAL config: NFEAT=16384 k=64
BEST-VAL SAE: held FVE 0.8491 L0 64.0 (train FVE 0.8912); dead 19/16384
NAMEABILITY (swiglu18 layer-2, 10x data): 32/32 purity>=0.5; 22/32 monosemantic (vs swiglu18 SVD 0/32 §77; bilin18 SAE 17-26/32 §78-80)
Saved qk_sae_swiglu_hub.npz (best-VAL SAE, for causal script)
Saved qk_sae_swiglu_hub.json
QK SAE SWIGLU HUB (script 1: train + fidelity + nameability) DONE
