GPU guard: 15841 MiB free -- proceeding.
Warning: You are sending unauthenticated requests to the HF Hub. Please set a HF_TOKEN to enable higher rate limits and faster downloads.
TRAIN 5400 seq (cooc[600:6000]) | VAL 300 seq (cooc[0:300]) | HELD 152 seq (canon[448:600])
353 special token ids masked
Caching activations: TRAIN->CPU fp16 (10x corpus) ...
  TRAIN cache (691200, 1152) fp16 CPU (1.59 GB) in 4s
normalisation: mean centred-norm 3823.992, scale 0.00888
caches: train(CPU) (691200, 1152)  val (38400, 1152)  held (19456, 1152)
Best-validation-FVE sweep (k=64) on 10x corpus ...
    NFEAT=4096 step      0  val FVE 0.2297  (best 0.2297@0)  lr 2.00e-06
    NFEAT=4096 step   5000  val FVE 0.8209  (best 0.8209@5000)  lr 3.66e-04
    NFEAT=4096 step  10000  val FVE 0.8249  (best 0.8249@10000)  lr 2.71e-04
    NFEAT=4096 step  15000  val FVE 0.8264  (best 0.8264@15000)  lr 1.53e-04
    NFEAT=4096 step  20000  val FVE 0.8272  (best 0.8272@20000)  lr 5.69e-05
    NFEAT=4096 step  24999  val FVE 0.8275  (best 0.8275@24999)  lr 2.00e-05
  NFEAT=4096 k=64: best val FVE 0.8275@24999; held FVE 0.8203 L0 64.0; train FVE 0.8430 (290s)
    NFEAT=8192 step      0  val FVE 0.2494  (best 0.2494@0)  lr 2.00e-06
    NFEAT=8192 step   5000  val FVE 0.8372  (best 0.8372@5000)  lr 3.66e-04
    NFEAT=8192 step  10000  val FVE 0.8410  (best 0.8410@10000)  lr 2.71e-04
    NFEAT=8192 step  15000  val FVE 0.8421  (best 0.8421@15000)  lr 1.53e-04
    NFEAT=8192 step  20000  val FVE 0.8426  (best 0.8426@20000)  lr 5.69e-05
    NFEAT=8192 step  24999  val FVE 0.8427  (best 0.8427@24000)  lr 2.00e-05
  NFEAT=8192 k=64: best val FVE 0.8427@24000; held FVE 0.8360 L0 64.0; train FVE 0.8685 (546s)
    NFEAT=16384 step      0  val FVE 0.2537  (best 0.2537@0)  lr 2.00e-06
    NFEAT=16384 step   5000  val FVE 0.8482  (best 0.8482@5000)  lr 3.66e-04
    NFEAT=16384 step  10000  val FVE 0.8517  (best 0.8517@10000)  lr 2.71e-04
    NFEAT=16384 step  15000  val FVE 0.8524  (best 0.8524@15000)  lr 1.53e-04
    NFEAT=16384 step  20000  val FVE 0.8525  (best 0.8526@19000)  lr 5.69e-05
    NFEAT=16384 step  24999  val FVE 0.8525  (best 0.8526@21000)  lr 2.00e-05
  NFEAT=16384 k=64: best val FVE 0.8526@21000; held FVE 0.8464 L0 64.0; train FVE 0.8912 (1053s)
CHOSEN best-VAL config: NFEAT=16384 k=64
BEST-VAL SAE: held FVE 0.8464 L0 64.0 (train FVE 0.8912); dead 0/16384
§79 ceiling was 0.7162 -- 10x data held FVE 0.8464 => EXCEEDS the ceiling
NAMEABILITY (10x data): 32/32 purity>=0.5; 17/32 monosemantic (vs SVD 0/32, §79 26/32)
Saved qk_sae_moredata.npz (best-VAL SAE, for causal script)
Saved qk_sae_moredata.json
QK SAE MOREDATA (script 1: train + fidelity + nameability) DONE
