width patched: D 1152, NH 18, slot dim 48, write_init_std 0.002357
solved slot dim 65 at compute width 1152, hidden 4608: body per slot dim 365185 x depth 12 = 4382220; stream widens 1152 -> 1560
controls: already passed -- skip
width patched: D 1152, NH 18, slot dim 48, write_init_std 0.002357
data: 298496 train rows, 9328 steps x eff batch 32; held scale 1500 + f34k 1500
preflight muon: micro 32 OOM
preflight muon: micro 16 peak 27360 MiB
preflight muon: micro 8 peak 17559 MiB
muon: micro 8 (accum 4), lr_adamw 0.002 from qk_s_w1152_gc1e4.json
muon lr chosen: 0.02 (ranking [0.02, 0.01])
==== training muonbase w1152 (muon lr 0.02) ====
  MUON[lr 0.02/0.002] step 0/9328 ce 23.3692 (ema 23.3692) 1s mem 18647MiB
  MUON: measured 0.704 s/step
  MUON[lr 0.02/0.002] step 200/9328 ce 5.9966 (ema 7.0756) 142s mem 20332MiB
  MUON[lr 0.02/0.002] step 400/9328 ce 5.5201 (ema 5.7016) 283s mem 20332MiB
  MUON[lr 0.02/0.002] step 600/9328 ce 5.3809 (ema 5.3904) 425s mem 20332MiB
  MUON[lr 0.02/0.002] step 800/9328 ce 5.1358 (ema 5.2225) 566s mem 20332MiB
  MUON[lr 0.02/0.002] step 1000/9328 ce 5.1079 (ema 5.0701) 708s mem 20332MiB
  MUON[lr 0.02/0.002] step 1200/9328 ce 4.9432 (ema 4.9991) 849s mem 20332MiB
  MUON[lr 0.02/0.002] step 1400/9328 ce 4.8577 (ema 4.9273) 990s mem 20332MiB
  MUON[lr 0.02/0.002] step 1600/9328 ce 4.7709 (ema 4.8789) 1132s mem 20332MiB
  MUON[lr 0.02/0.002] step 1800/9328 ce 4.9042 (ema 4.8461) 1273s mem 20332MiB
  MUON[lr 0.02/0.002] step 2000/9328 ce 4.7554 (ema 4.8064) 1415s mem 20332MiB
  MUON step 2000 held100 scale CE 4.8912
  MUON[lr 0.02/0.002] step 2200/9328 ce 4.8586 (ema 4.7775) 1557s mem 20332MiB
  MUON[lr 0.02/0.002] step 2400/9328 ce 4.7559 (ema 4.7444) 1699s mem 20332MiB
  MUON[lr 0.02/0.002] step 2600/9328 ce 4.6346 (ema 4.7250) 1840s mem 20332MiB
  MUON[lr 0.02/0.002] step 2800/9328 ce 4.8048 (ema 4.7127) 1982s mem 20332MiB
  MUON[lr 0.02/0.002] step 3000/9328 ce 4.6457 (ema 4.6803) 2123s mem 20332MiB
  MUON[lr 0.02/0.002] step 3200/9328 ce 4.5642 (ema 4.6581) 2265s mem 20332MiB
  MUON[lr 0.02/0.002] step 3400/9328 ce 4.5766 (ema 4.6435) 2406s mem 20332MiB
  MUON[lr 0.02/0.002] step 3600/9328 ce 4.6301 (ema 4.6444) 2548s mem 20332MiB
  MUON[lr 0.02/0.002] step 3800/9328 ce 4.7285 (ema 4.6085) 2689s mem 20332MiB
  MUON[lr 0.02/0.002] step 4000/9328 ce 4.5893 (ema 4.5758) 2831s mem 20332MiB
  MUON step 4000 held100 scale CE 4.6983
  MUON[lr 0.02/0.002] step 4200/9328 ce 4.6106 (ema 4.5574) 2973s mem 20332MiB
  MUON[lr 0.02/0.002] step 4400/9328 ce 4.4079 (ema 4.5419) 3114s mem 20332MiB
  MUON[lr 0.02/0.002] step 4600/9328 ce 4.4988 (ema 4.5282) 3256s mem 20332MiB
  MUON[lr 0.02/0.002] step 4800/9328 ce 4.5248 (ema 4.5054) 3397s mem 20332MiB
  MUON[lr 0.02/0.002] step 5000/9328 ce 4.4726 (ema 4.4804) 3539s mem 20332MiB
  MUON[lr 0.02/0.002] step 5200/9328 ce 4.3916 (ema 4.4518) 3681s mem 20332MiB
  MUON[lr 0.02/0.002] step 5400/9328 ce 4.3398 (ema 4.4321) 3822s mem 20332MiB
  MUON[lr 0.02/0.002] step 5600/9328 ce 4.5087 (ema 4.4128) 3964s mem 20332MiB
  MUON[lr 0.02/0.002] step 5800/9328 ce 4.3265 (ema 4.3990) 4105s mem 20332MiB
  MUON[lr 0.02/0.002] step 6000/9328 ce 4.2735 (ema 4.3751) 4247s mem 20332MiB
  MUON step 6000 held100 scale CE 4.4851
  MUON[lr 0.02/0.002] step 6200/9328 ce 4.3021 (ema 4.3446) 4389s mem 20332MiB
  MUON[lr 0.02/0.002] step 6400/9328 ce 4.1990 (ema 4.3391) 4530s mem 20332MiB
  MUON[lr 0.02/0.002] step 6600/9328 ce 4.2807 (ema 4.3222) 4672s mem 20332MiB
  MUON[lr 0.02/0.002] step 6800/9328 ce 4.4435 (ema 4.2987) 4814s mem 20332MiB
  MUON[lr 0.02/0.002] step 7000/9328 ce 4.2963 (ema 4.2645) 4955s mem 20332MiB
  MUON[lr 0.02/0.002] step 7200/9328 ce 4.1134 (ema 4.2520) 5097s mem 20332MiB
  MUON[lr 0.02/0.002] step 7400/9328 ce 4.2793 (ema 4.2324) 5238s mem 20332MiB
  MUON[lr 0.02/0.002] step 7600/9328 ce 4.2674 (ema 4.2106) 5380s mem 20332MiB
  MUON[lr 0.02/0.002] step 7800/9328 ce 4.1856 (ema 4.1842) 5521s mem 20332MiB
  MUON[lr 0.02/0.002] step 8000/9328 ce 4.1451 (ema 4.1817) 5663s mem 20332MiB
  MUON step 8000 held100 scale CE 4.3017
  MUON[lr 0.02/0.002] step 8200/9328 ce 4.1723 (ema 4.1730) 5805s mem 20332MiB
  MUON[lr 0.02/0.002] step 8400/9328 ce 4.1085 (ema 4.1487) 5947s mem 20332MiB
  MUON[lr 0.02/0.002] step 8600/9328 ce 4.2232 (ema 4.1507) 6088s mem 20332MiB
  MUON[lr 0.02/0.002] step 8800/9328 ce 4.0264 (ema 4.1400) 6230s mem 20332MiB
  MUON[lr 0.02/0.002] step 9000/9328 ce 4.1681 (ema 4.1218) 6371s mem 20332MiB
  MUON[lr 0.02/0.002] step 9200/9328 ce 4.0704 (ema 4.1263) 6513s mem 20332MiB
== MUON FINAL held scale CE 4.16059  f34k CE 4.20699  (6624s, 0 spikes)
{
  "lr_muon": 0.02,
  "lr_adamw": 0.002,
  "held_ce_scale_bf16": 4.1605855763753254,
  "held_ce_f34k_bf16": 4.206989217122396,
  "spikes": 0,
  "diverged": false
}
  heldloss_minus_combo1e4loss: -0.06302 +/- 0.00107 (seq SE)
  f34kloss_minus_combo1e4loss: -0.06542 +/- 0.00110 (seq SE)
  heldloss_minus_combo3e5loss: +0.05463 +/- 0.00100 (seq SE)
  f34kloss_minus_combo3e5loss: +0.05199 +/- 0.00106 (seq SE)
  heldloss_minus_muonvanilla: +0.19608 +/- 0.00176 (seq SE)
  f34kloss_minus_muonvanilla: +0.19535 +/- 0.00155 (seq SE)
