GPU guard: 15841 MiB free -- proceeding.
Warning: You are sending unauthenticated requests to the HF Hub. Please set a HF_TOKEN to enable higher rate limits and faster downloads.
loaded converged dictionary NFEAT=8192 k=64; testing top-32 features causally
PASS A: per-position feature means + tested-feature activations ...
PASS A done.
PASS B: 32 single-feature ablations + 12 cumulative ...
  batch 1/26  elapsed 2s
  batch 5/26  elapsed 10s
  batch 9/26  elapsed 18s
  batch 13/26  elapsed 26s
  batch 17/26  elapsed 35s
  batch 21/26  elapsed 43s
  batch 25/26  elapsed 51s
PASS B done in 52s
PASS B2: full-MLP1 mean-ablation reference + positive controls ...
full-MLP1 mean-ablation global dCE 5.5744 +- 0.0323
REMOVE-SAE-RESIDUAL (keep reconstruction) global dCE 0.0423 +- 0.0024 = 0.8% of full  [positive control]

===== CAUSAL HEAD-TO-HEAD at CONVERGED fidelity (delta cross-entropy, nats) =====
full-MLP1 mean-ablation 5.5744
single features clearing §74 bar (z>=3 & trigger dCE>=0.02): 0/32  (SVD 0/32, §78 L1-SAE 0/32)
max single-feature trigger z 2.96, max trigger dCE 0.0211
top features by trigger z:
  feat  3067  trigger dCE 0.0186 (z 3.0)  global dCE 0.00017  -
  feat   500  trigger dCE 0.0094 (z 2.5)  global dCE 0.00024  -
  feat  4203  trigger dCE 0.0029 (z 2.3)  global dCE 0.00005  -
  feat   968  trigger dCE 0.0211 (z 1.9)  global dCE 0.00057  -
  feat  2991  trigger dCE 0.0038 (z 1.4)  global dCE 0.00011  -
  feat  5633  trigger dCE 0.0084 (z 1.4)  global dCE 0.00023  -
  feat  3353  trigger dCE 0.0026 (z 1.3)  global dCE -0.00001  -
  feat  7011  trigger dCE 0.0052 (z 1.1)  global dCE 0.00010  -
  feat  1105  trigger dCE 0.0015 (z 1.0)  global dCE 0.00009  -
  feat  3465  trigger dCE 0.0033 (z 0.9)  global dCE -0.00004  -
  feat  8014  trigger dCE 0.0041 (z 0.8)  global dCE 0.00024  -
  feat  6525  trigger dCE 0.0016 (z 0.8)  global dCE 0.00009  -

cumulative features for 50%/80% of full-MLP1 effect: None/None  (SVD ~28 dirs for 80% per §73)
  top-    1 feats: captured dCE 0.0001 (0.0 of full)
  top-    2 feats: captured dCE 0.0002 (0.0 of full)
  top-    4 feats: captured dCE 0.0002 (0.0 of full)
  top-    8 feats: captured dCE 0.0004 (0.0001 of full)
  top-   16 feats: captured dCE 0.0014 (0.0003 of full)
  top-   32 feats: captured dCE 0.0042 (0.0008 of full)
  top-   64 feats: captured dCE 0.0089 (0.0016 of full)
  top-  128 feats: captured dCE 0.0177 (0.0032 of full)
  top-  256 feats: captured dCE 0.0334 (0.006 of full)
  top-  512 feats: captured dCE 0.0635 (0.0114 of full)
  top- 1024 feats: captured dCE 0.1191 (0.0214 of full)
  top- 1082 feats: captured dCE 0.1237 (0.0222 of full)

Saved qk_sae_converged_causal.json
QK SAE CONVERGED (script 2: causal) DONE
