Warning: You are sending unauthenticated requests to the HF Hub. Please set a HF_TOKEN to enable higher rate limits and faster downloads.
templates ready
normal equations done
PROGRAMMATIC heads (predicate gain >=5% held-out): 30/162
by top predicate: [('KEY_newline', 9), ('MATCH_prev', 8), ('MATCH_same', 5), ('KEY_cap', 4), ('PREV1', 2), ('KEY_func', 2)]
by layer: Counter({16: 4, 1: 3, 2: 3, 3: 3, 6: 2, 11: 2, 13: 2, 14: 2, 15: 2, 0: 1, 5: 1, 7: 1, 8: 1, 9: 1, 10: 1, 12: 1})
  L3H8: gain 0.314 top=MATCH_same (-0.0953)
  L2H5: gain 0.249 top=MATCH_same (-0.1191)
  L1H3: gain 0.174 top=PREV1 (0.0661)
  L1H4: gain 0.148 top=MATCH_same (0.0651)
  L16H4: gain 0.141 top=KEY_newline (-0.0335)
  L5H5: gain 0.138 top=MATCH_prev (0.0668)
  L2H4: gain 0.131 top=KEY_newline (-0.0337)
  L3H5: gain 0.13 top=MATCH_same (-0.0777)
  L12H6: gain 0.118 top=MATCH_prev (0.0517)
  L6H5: gain 0.117 top=MATCH_prev (-0.064)
  L13H2: gain 0.117 top=MATCH_prev (0.02)
  L16H0: gain 0.111 top=KEY_func (0.0285)
  L7H3: gain 0.107 top=MATCH_prev (-0.0425)
  L16H5: gain 0.104 top=KEY_cap (-0.0529)
  L15H3: gain 0.089 top=KEY_cap (-0.0303)
GATE: 30 programmatic heads' patterns coded simultaneously: dCE +0.10997 (SE 0.004232)
QK SELECTION CENSUS V2 DONE
