GPU guard: 15841 MiB free -- proceeding.
Warning: You are sending unauthenticated requests to the HF Hub. Please set a HF_TOKEN to enable higher rate limits and faster downloads.
loaded 10x-data dictionary NFEAT=16384 k=64; testing top-32 features causally
PASS A: per-position feature means + tested-feature activations ...
PASS A done.
PASS B: 32 single-feature ablations + 11 cumulative ...
  batch 1/26  elapsed 2s
  batch 5/26  elapsed 10s
  batch 9/26  elapsed 18s
  batch 13/26  elapsed 26s
  batch 17/26  elapsed 35s
  batch 21/26  elapsed 43s
  batch 25/26  elapsed 51s
PASS B done in 52s
PASS B2: full-MLP1 mean-ablation reference + positive controls ...
full-MLP1 mean-ablation global dCE 5.5744 +- 0.0323
REMOVE-SAE-RESIDUAL (keep reconstruction) global dCE 0.0143 +- 0.0015 = 0.3% of full  [positive control]

===== CAUSAL HEAD-TO-HEAD at 10x-data fidelity (delta cross-entropy, nats) =====
full-MLP1 mean-ablation 5.5744
single features clearing §74 bar (z>=3 & trigger dCE>=0.02): 0/32  (SVD 0/32, §79 0/32)
max single-feature trigger z 2.87, max trigger dCE 0.0387
top features by trigger z:
  feat   635  trigger dCE 0.0387 (z 2.9)  global dCE 0.00087  -
  feat 14644  trigger dCE 0.0386 (z 2.3)  global dCE 0.00198  -
  feat  3490  trigger dCE 0.0155 (z 2.1)  global dCE 0.00033  -
  feat   741  trigger dCE 0.0160 (z 2.1)  global dCE 0.00045  -
  feat  1004  trigger dCE 0.0104 (z 1.6)  global dCE 0.00034  -
  feat 16068  trigger dCE 0.0186 (z 1.5)  global dCE 0.00054  -
  feat 15293  trigger dCE 0.0059 (z 1.4)  global dCE 0.00003  -
  feat 15679  trigger dCE 0.0037 (z 1.3)  global dCE 0.00009  -
  feat  1069  trigger dCE 0.0238 (z 1.3)  global dCE 0.00083  -
  feat 10178  trigger dCE 0.0038 (z 1.1)  global dCE -0.00008  -
  feat  1037  trigger dCE 0.0092 (z 1.1)  global dCE 0.00057  -
  feat  8194  trigger dCE 0.0043 (z 1.1)  global dCE 0.00052  -

remove-SAE-residual 0.0143 = 0.3% of full; all dictionary features = 2.01% of full
cumulative features for 50%/80% of full-MLP1 effect: None/None

Merged causal results into qk_sae_moredata.json
QK SAE MOREDATA (script 2: causal) DONE
