Warning: You are sending unauthenticated requests to the HF Hub. Please set a HF_TOKEN to enable higher rate limits and faster downloads.
=== base
  base: dCE +0.0077 @ 182.8 Mbit
=== s1_b64
  s1_b64: dCE +0.0044 @ 192.2 Mbit
=== s1_b256
  s1_b256: dCE +0.0037 @ 220.5 Mbit
=== s1_b1024
  s1_b1024: dCE +0.0029 @ 333.8 Mbit
=== s2_realloc
  s2_realloc: dCE +0.0075 @ 186.4 Mbit
=== s3_sqrtq
  s3_sqrtq: dCE +0.0081 @ 182.8 Mbit
=== s2s3
  s2s3: dCE +0.0074 @ 186.4 Mbit
=== plateau_incoh
  plateau_incoh: dCE +0.0028 @ 1241.6 Mbit
=== plateau_incoh_blend
  plateau_incoh_blend: dCE +0.0029 @ 1241.6 Mbit

solutions arc complete
