GPU guard: 15571 MiB free -- proceeding.
==== probing A ====
/workspace/tensor_language/basis_aligned/qk_mdl/qk_tokenline_probe.py:207: UserWarning: Converting a tensor with requires_grad=True to a scalar may lead to unexpected behavior.
Consider using tensor.detach() first. (Triggered internally at /pytorch/torch/csrc/autograd/generated/python_variable_methods.cpp:838.)
  'emb_raw_mean': round(float(raw_norm.mean()), 3),
  A done in 21s: tokdet mlp [0.6875, 0.3982, 0.2847, 0.2149] L0 tok rec 0.9349 lin_raw rec 0.7083
==== probing B ====
  B done in 21s: tokdet mlp [0.804, 0.5662, 0.3439, 0.2406] L0 tok rec 0.8507 lin_raw rec 0.843
==== probing C ====
  C done in 21s: tokdet mlp [0.7653, 0.599, 0.3727, 0.2172] L0 tok rec 0.8174 lin_raw rec 0.8539
==== probing D ====
  D done in 21s: tokdet mlp [0.6775, 0.4733, 0.2916, 0.2271] L0 tok rec 0.873 lin_raw rec 0.7379
-- budget15ep predictions: {
  "P1_line_helps_ce": {
    "ce": {
      "A": 6.893919944763184,
      "B": 6.90153694152832,
      "C": 7.01791524887085,
      "D": 6.905218601226807
    },
    "confirmed": false
  },
  "P2_A_more_token_determined_past0": {
    "r2_mlp": {
      "A": [
        0.6875,
        0.3982,
        0.2847,
        0.2149
      ],
      "B": [
        0.804,
        0.5662,
        0.3439,
        0.2406
      ],
      "C": [
        0.7653,
        0.599,
        0.3727,
        0.2172
      ],
      "D": [
        0.6775,
        0.4733,
        0.2916,
        0.2271
      ]
    },
    "confirmed": false
  },
  "P3_A_layer0_most_tablelike": {
    "tok_recovered_L0": {
      "A": 0.9349,
      "B": 0.8507,
      "C": 0.8174,
      "D": 0.873
    },
    "mlp_write_norm_L0": {
      "A": 28.175,
      "B": 49.149,
      "C": 77.966,
      "D": 29.687
    },
    "confirmed": false
  },
  "P4_D_layer0_least_tablelike": {
    "tok_recovered_L0": {
      "A": 0.9349,
      "B": 0.8507,
      "C": 0.8174,
      "D": 0.873
    },
    "confirmed": false
  }
}
==== probing AS ====
  A done in 21s: tokdet mlp [0.8208, 0.5931, 0.5145, 0.4528] L0 tok rec 0.92 lin_raw rec 0.8322
==== probing BS ====
  B done in 21s: tokdet mlp [0.8909, 0.7754, 0.5904, 0.5092] L0 tok rec 0.8824 lin_raw rec 0.9061
==== probing CS ====
  C done in 21s: tokdet mlp [0.871, 0.7853, 0.614, 0.4889] L0 tok rec 0.9243 lin_raw rec 0.8722
==== probing DS ====
  D done in 21s: tokdet mlp [0.806, 0.6554, 0.5197, 0.45] L0 tok rec 0.8305 lin_raw rec 0.841
-- budget6ep predictions: {
  "P1_line_helps_ce": {
    "ce": {
      "A": 5.727140426635742,
      "B": 5.732914924621582,
      "C": 5.756991386413574,
      "D": 5.73655891418457
    },
    "confirmed": false
  },
  "P2_A_more_token_determined_past0": {
    "r2_mlp": {
      "A": [
        0.8208,
        0.5931,
        0.5145,
        0.4528
      ],
      "B": [
        0.8909,
        0.7754,
        0.5904,
        0.5092
      ],
      "C": [
        0.871,
        0.7853,
        0.614,
        0.4889
      ],
      "D": [
        0.806,
        0.6554,
        0.5197,
        0.45
      ]
    },
    "confirmed": false
  },
  "P3_A_layer0_most_tablelike": {
    "tok_recovered_L0": {
      "A": 0.92,
      "B": 0.8824,
      "C": 0.9243,
      "D": 0.8305
    },
    "mlp_write_norm_L0": {
      "A": 19.487,
      "B": 54.195,
      "C": 59.78,
      "D": 21.068
    },
    "confirmed": false
  },
  "P4_D_layer0_least_tablelike": {
    "tok_recovered_L0": {
      "A": 0.92,
      "B": 0.8824,
      "C": 0.9243,
      "D": 0.8305
    },
    "confirmed": true
  }
}
saved qk_tokenline.json
