Warning: You are sending unauthenticated requests to the HF Hub. Please set a HF_TOKEN to enable higher rate limits and faster downloads.
a_readoff ready: [0.001, 0.006, -0.006, -0.001, -0.001, 0.007, 0.006, -0.005, 0.067, -0.0, -0.001, -0.054, -0.002, 0.003, -0.039, -0.025, -0.002, -0.021, 0.034, 0.028, 0.01, -0.0, -0.007, 0.026]
REACH (double dissociation): {
  "model": {
    "P_C": 0.019,
    "P_C2": 0.0232,
    "P_true_next": 0.7688,
    "argmax_is_C": 0.0225,
    "argmax_is_C2": 0.0251,
    "argmax_is_true": 0.8876
  },
  "hard": {
    "P_C": 0.2401,
    "P_C2": 0.0242,
    "P_true_next": 0.0966,
    "argmax_is_C": 0.3548,
    "argmax_is_C2": 0.0324,
    "argmax_is_true": 0.1865
  },
  "hard_tgt2": {
    "P_C": 0.0218,
    "P_C2": 0.1782,
    "P_true_next": 0.13,
    "argmax_is_C": 0.0403,
    "argmax_is_C2": 0.2784,
    "argmax_is_true": 0.2371
  }
}
SOFT AMPLITUDE SWEEP (F6): {
  "scale=1": {
    "P_tgt": 0.0212,
    "P_true_next": 0.7336,
    "argmax_is_tgt": 0.0238,
    "argmax_is_true": 0.8624,
    "residual_frac": 0.1329,
    "resid_is_tgt_nbr": 0.0249
  },
  "scale=3": {
    "P_tgt": 0.0502,
    "P_true_next": 0.5136,
    "argmax_is_tgt": 0.0579,
    "argmax_is_true": 0.661,
    "residual_frac": 0.2973,
    "resid_is_tgt_nbr": 0.0601
  },
  "scale=10": {
    "P_tgt": 0.3964,
    "P_true_next": 0.025,
    "argmax_is_tgt": 0.579,
    "argmax_is_true": 0.0367,
    "residual_frac": 0.3962,
    "resid_is_tgt_nbr": 0.1177
  },
  "scale=30": {
    "P_tgt": 0.4609,
    "P_true_next": 0.017,
    "argmax_is_tgt": 0.6422,
    "argmax_is_true": 0.0222,
    "residual_frac": 0.3433,
    "resid_is_tgt_nbr": 0.2052
  },
  "scale=100": {
    "P_tgt": 0.6383,
    "P_true_next": 0.0096,
    "argmax_is_tgt": 0.7166,
    "argmax_is_true": 0.0116,
    "residual_frac": 0.2798,
    "resid_is_tgt_nbr": 0.2199
  }
}
SPAN TARGETS (F8): {
  "tgt=1": {
    "P_tgt": 0.2401,
    "P_true_next": 0.0966,
    "argmax_is_tgt": 0.3548,
    "argmax_is_true": 0.1865,
    "residual_frac": 0.4802,
    "resid_is_tgt_nbr": 0.1446
  },
  "tgt=9": {
    "P_tgt": 0.1782,
    "P_true_next": 0.13,
    "argmax_is_tgt": 0.2784,
    "argmax_is_true": 0.2371,
    "residual_frac": 0.506,
    "resid_is_tgt_nbr": 0.0497
  },
  "tgt=30": {
    "P_tgt": 0.2724,
    "P_true_next": 0.108,
    "argmax_is_tgt": 0.4104,
    "argmax_is_true": 0.1935,
    "residual_frac": 0.422,
    "resid_is_tgt_nbr": 0.0408
  },
  "tgt=55": {
    "P_tgt": 0.2344,
    "P_true_next": 0.13,
    "argmax_is_tgt": 0.3776,
    "argmax_is_true": 0.2232,
    "residual_frac": 0.42,
    "resid_is_tgt_nbr": 0.0354
  }
}
RS STATS (F4): {
  "frac_positive": 0.591,
  "mean": 0.2271,
  "mean_abs": 0.6175,
  "n": 89856
}
COLLATERAL (F7): {
  "model_CE": 3.3051,
  "hard_CE": 3.6207,
  "collateral_dCE_hard": 0.3156,
  "soft_s10_CE": 3.8931,
  "collateral_dCE_soft_s10": 0.588,
  "soft_s30_CE": 5.457,
  "collateral_dCE_soft_s30": 2.1519
}
QK TARGETED REDIRECT DONE
