depth run: depths [2, 8, 12], 4122 steps (6 epochs), lr 0.001, batch 8 (depth 12 measured 6131 MiB peak -- fits)
==== training depth 2 variant A ====
GPU guard: 15571 MiB free -- proceeding.
  A step 0/4122 loss 10.9266 (ema 10.9266) 0s mem 3720MiB
  A step 200/4122 loss 7.3791 (ema 7.3464) 8s mem 3940MiB
  A step 400/4122 loss 6.7825 (ema 6.6101) 15s mem 3940MiB
  A step 600/4122 loss 6.0853 (ema 6.3155) 23s mem 3940MiB
  A step 800/4122 loss 5.8564 (ema 5.9784) 30s mem 3940MiB
  A step 1000/4122 loss 6.0049 (ema 5.9083) 38s mem 3940MiB
  A step 1200/4122 loss 5.8224 (ema 5.8520) 45s mem 3940MiB
  A step 1400/4122 loss 5.4993 (ema 5.6465) 53s mem 3940MiB
  A step 1600/4122 loss 5.5566 (ema 5.4918) 60s mem 3940MiB
  A step 1800/4122 loss 5.6135 (ema 5.4975) 68s mem 3940MiB
  A step 2000/4122 loss 5.6785 (ema 5.4793) 75s mem 3940MiB
  A step 2000 held100 CE 5.7699
  A step 2200/4122 loss 5.3247 (ema 5.1995) 83s mem 3940MiB
  A step 2400/4122 loss 5.3403 (ema 5.1758) 91s mem 3940MiB
  A step 2600/4122 loss 5.3692 (ema 5.2032) 98s mem 3940MiB
  A step 2800/4122 loss 4.8282 (ema 4.9950) 106s mem 3940MiB
  A step 3000/4122 loss 4.8448 (ema 4.9090) 113s mem 3940MiB
  A step 3200/4122 loss 5.1856 (ema 4.9731) 121s mem 3940MiB
  A step 3400/4122 loss 5.1576 (ema 4.9296) 128s mem 3940MiB
  A step 3600/4122 loss 4.7531 (ema 4.7682) 136s mem 3940MiB
  A step 3800/4122 loss 4.6622 (ema 4.7615) 143s mem 3940MiB
  A step 4000/4122 loss 4.5303 (ema 4.7595) 151s mem 3940MiB
  A step 4000 held100 CE 5.7578
== A FINAL held CE 5.73397  a=[1.0, 1.0]  b=[0.0, 0.0]  (156s, 1 spikes)
==== training depth 2 variant B ====
GPU guard: 14749 MiB free -- proceeding.
  B step 0/4122 loss 10.9266 (ema 10.9266) 0s mem 3940MiB
  B step 200/4122 loss 7.4430 (ema 7.4476) 8s mem 3946MiB
  B step 400/4122 loss 6.8343 (ema 6.6742) 15s mem 3946MiB
  B step 600/4122 loss 6.1228 (ema 6.3653) 23s mem 3946MiB
  B step 800/4122 loss 5.8808 (ema 6.0006) 30s mem 3946MiB
  B step 1000/4122 loss 6.0025 (ema 5.9306) 38s mem 3946MiB
  B step 1200/4122 loss 5.8255 (ema 5.8691) 45s mem 3946MiB
  B step 1400/4122 loss 5.5045 (ema 5.6638) 53s mem 3946MiB
  B step 1600/4122 loss 5.5818 (ema 5.5089) 60s mem 3946MiB
  B step 1800/4122 loss 5.6459 (ema 5.5183) 68s mem 3946MiB
  B step 2000/4122 loss 5.7034 (ema 5.4999) 75s mem 3946MiB
  B step 2000 held100 CE 5.8034
  B step 2200/4122 loss 5.3661 (ema 5.2331) 83s mem 3946MiB
  B step 2400/4122 loss 5.3806 (ema 5.2107) 91s mem 3946MiB
  B step 2600/4122 loss 5.3930 (ema 5.2390) 98s mem 3946MiB
  B step 2800/4122 loss 4.8686 (ema 5.0491) 106s mem 3946MiB
  B step 3000/4122 loss 4.8988 (ema 4.9657) 113s mem 3946MiB
  B step 3200/4122 loss 5.2420 (ema 5.0309) 121s mem 3946MiB
  B step 3400/4122 loss 5.2149 (ema 4.9884) 128s mem 3946MiB
  B step 3600/4122 loss 4.8413 (ema 4.8447) 136s mem 3946MiB
  B step 3800/4122 loss 4.7547 (ema 4.8368) 143s mem 3946MiB
  B step 4000/4122 loss 4.6321 (ema 4.8354) 151s mem 3946MiB
  B step 4000 held100 CE 5.7793
== B FINAL held CE 5.75768  a=[1.0, 1.0]  b=[1.005836009979248, 1.0255049467086792]  (156s, 0 spikes)
==== training depth 8 variant A ====
GPU guard: 14729 MiB free -- proceeding.
  A step 0/4122 loss 10.9266 (ema 10.9266) 0s mem 4945MiB
  A step 200/4122 loss 7.1833 (ema 7.1597) 12s mem 5255MiB
  A step 400/4122 loss 6.6581 (ema 6.4602) 23s mem 5255MiB
  A step 600/4122 loss 5.9908 (ema 6.2186) 35s mem 5255MiB
  A step 800/4122 loss 5.8118 (ema 5.9018) 46s mem 5255MiB
  A step 1000/4122 loss 5.9481 (ema 5.8559) 58s mem 5255MiB
  A step 1200/4122 loss 5.7800 (ema 5.7965) 70s mem 5255MiB
  A step 1400/4122 loss 5.4590 (ema 5.5904) 81s mem 5255MiB
  A step 1600/4122 loss 5.4852 (ema 5.4349) 93s mem 5255MiB
  A step 1800/4122 loss 5.5400 (ema 5.4370) 104s mem 5255MiB
  A step 2000/4122 loss 5.6326 (ema 5.4108) 116s mem 5255MiB
  A step 2000 held100 CE 5.6785
  A step 2200/4122 loss 5.2348 (ema 5.0991) 128s mem 5255MiB
  A step 2400/4122 loss 5.2103 (ema 5.0652) 140s mem 5255MiB
  A step 2600/4122 loss 5.2240 (ema 5.0862) 151s mem 5255MiB
  A step 2800/4122 loss 4.5634 (ema 4.8145) 163s mem 5255MiB
  A step 3000/4122 loss 4.6407 (ema 4.6835) 174s mem 5255MiB
  A step 3200/4122 loss 4.9712 (ema 4.7396) 186s mem 5255MiB
  A step 3400/4122 loss 4.9497 (ema 4.6946) 198s mem 5255MiB
  A step 3600/4122 loss 4.3938 (ema 4.4140) 209s mem 5255MiB
  A step 3800/4122 loss 4.2658 (ema 4.3888) 221s mem 5255MiB
  A step 4000/4122 loss 4.1500 (ema 4.3900) 232s mem 5255MiB
  A step 4000 held100 CE 5.7585
== A FINAL held CE 5.73723  a=[1.0, 1.0, 1.0, 1.0, 1.0, 1.0, 1.0, 1.0]  b=[0.0, 0.0, 0.0, 0.0, 0.0, 0.0, 0.0, 0.0]  (241s, 0 spikes)
==== training depth 8 variant B ====
GPU guard: 14423 MiB free -- proceeding.
  B step 0/4122 loss 10.9266 (ema 10.9266) 0s mem 5255MiB
  B step 200/4122 loss 7.5622 (ema 7.5566) 12s mem 5261MiB
  B step 400/4122 loss 6.8516 (ema 6.7131) 23s mem 5261MiB
  B step 600/4122 loss 6.1188 (ema 6.3584) 35s mem 5261MiB
  B step 800/4122 loss 5.8755 (ema 5.9890) 47s mem 5261MiB
  B step 1000/4122 loss 6.0023 (ema 5.9083) 58s mem 5261MiB
  B step 1200/4122 loss 5.8083 (ema 5.8356) 70s mem 5261MiB
  B step 1400/4122 loss 5.4699 (ema 5.6192) 81s mem 5261MiB
  B step 1600/4122 loss 5.5313 (ema 5.4544) 93s mem 5261MiB
  B step 1800/4122 loss 5.5689 (ema 5.4625) 105s mem 5261MiB
  B step 2000/4122 loss 5.6569 (ema 5.4391) 116s mem 5261MiB
  B step 2000 held100 CE 5.7341
  B step 2200/4122 loss 5.2671 (ema 5.1348) 128s mem 5261MiB
  B step 2400/4122 loss 5.2793 (ema 5.1092) 140s mem 5261MiB
  B step 2600/4122 loss 5.2877 (ema 5.1345) 152s mem 5261MiB
  B step 2800/4122 loss 4.6918 (ema 4.8968) 163s mem 5261MiB
  B step 3000/4122 loss 4.7329 (ema 4.7816) 175s mem 5261MiB
  B step 3200/4122 loss 5.0386 (ema 4.8375) 186s mem 5261MiB
  B step 3400/4122 loss 4.9998 (ema 4.7977) 198s mem 5261MiB
  B step 3600/4122 loss 4.5712 (ema 4.5817) 210s mem 5261MiB
  B step 3800/4122 loss 4.4737 (ema 4.5646) 221s mem 5261MiB
  B step 4000/4122 loss 4.3530 (ema 4.5634) 233s mem 5261MiB
  B step 4000 held100 CE 5.8106
== B FINAL held CE 5.78734  a=[1.0, 1.0, 1.0, 1.0, 1.0, 1.0, 1.0, 1.0]  b=[1.472299575805664, 1.5237538814544678, 1.3573062419891357, 1.1009975671768188, 0.8867965340614319, 0.7325924038887024, 0.5937334895133972, 0.6023961305618286]  (242s, 0 spikes)
==== training depth 12 variant A ====
GPU guard: 14503 MiB free -- proceeding.
  A step 0/4122 loss 10.9266 (ema 10.9266) 0s mem 5741MiB
  A step 200/4122 loss 7.1683 (ema 7.1279) 14s mem 6131MiB
  A step 400/4122 loss 6.6721 (ema 6.4588) 29s mem 6131MiB
  A step 600/4122 loss 6.0063 (ema 6.2333) 43s mem 6131MiB
  A step 800/4122 loss 5.8235 (ema 5.9262) 57s mem 6131MiB
  A step 1000/4122 loss 5.9659 (ema 5.8768) 72s mem 6131MiB
  A step 1200/4122 loss 5.8069 (ema 5.8203) 86s mem 6131MiB
  A step 1400/4122 loss 5.4763 (ema 5.6180) 100s mem 6131MiB
  A step 1600/4122 loss 5.5110 (ema 5.4598) 115s mem 6131MiB
  A step 1800/4122 loss 5.5544 (ema 5.4588) 129s mem 6131MiB
  A step 2000/4122 loss 5.6542 (ema 5.4306) 143s mem 6131MiB
  A step 2000 held100 CE 5.6837
  A step 2200/4122 loss 5.2430 (ema 5.1166) 158s mem 6131MiB
  A step 2400/4122 loss 5.2090 (ema 5.0766) 172s mem 6131MiB
  A step 2600/4122 loss 5.2577 (ema 5.0973) 187s mem 6131MiB
  A step 2800/4122 loss 4.5567 (ema 4.8194) 201s mem 6131MiB
  A step 3000/4122 loss 4.6331 (ema 4.6716) 215s mem 6131MiB
  A step 3200/4122 loss 4.9498 (ema 4.7268) 230s mem 6131MiB
  A step 3400/4122 loss 4.9303 (ema 4.6810) 244s mem 6131MiB
  A step 3600/4122 loss 4.3484 (ema 4.3735) 258s mem 6131MiB
  A step 3800/4122 loss 4.2208 (ema 4.3415) 273s mem 6131MiB
  A step 4000/4122 loss 4.1015 (ema 4.3449) 287s mem 6131MiB
  A step 4000 held100 CE 5.7856
== A FINAL held CE 5.76509  a=[1.0, 1.0, 1.0, 1.0, 1.0, 1.0, 1.0, 1.0, 1.0, 1.0, 1.0, 1.0]  b=[0.0, 0.0, 0.0, 0.0, 0.0, 0.0, 0.0, 0.0, 0.0, 0.0, 0.0, 0.0]  (297s, 0 spikes)
==== training depth 12 variant B ====
GPU guard: 14115 MiB free -- proceeding.
  B step 0/4122 loss 10.9266 (ema 10.9266) 0s mem 6131MiB
  B step 200/4122 loss 7.4924 (ema 7.5285) 14s mem 6137MiB
  B step 400/4122 loss 6.7976 (ema 6.6610) 29s mem 6137MiB
  B step 600/4122 loss 6.0782 (ema 6.3121) 43s mem 6137MiB
  B step 800/4122 loss 5.8184 (ema 5.9339) 58s mem 6137MiB
  B step 1000/4122 loss 5.9675 (ema 5.8658) 72s mem 6137MiB
  B step 1200/4122 loss 5.7702 (ema 5.7930) 86s mem 6137MiB
  B step 1400/4122 loss 5.4178 (ema 5.5767) 101s mem 6137MiB
  B step 1600/4122 loss 5.4798 (ema 5.4081) 115s mem 6137MiB
  B step 1800/4122 loss 5.5230 (ema 5.4180) 129s mem 6137MiB
  B step 2000/4122 loss 5.6017 (ema 5.3948) 144s mem 6137MiB
  B step 2000 held100 CE 5.6961
  B step 2200/4122 loss 5.1997 (ema 5.0763) 158s mem 6137MiB
  B step 2400/4122 loss 5.2102 (ema 5.0522) 173s mem 6137MiB
  B step 2600/4122 loss 5.2201 (ema 5.0753) 187s mem 6137MiB
  B step 2800/4122 loss 4.6177 (ema 4.8195) 201s mem 6137MiB
  B step 3000/4122 loss 4.6488 (ema 4.6928) 216s mem 6137MiB
  B step 3200/4122 loss 4.9495 (ema 4.7478) 230s mem 6137MiB
  B step 3400/4122 loss 4.9160 (ema 4.7074) 245s mem 6137MiB
  B step 3600/4122 loss 4.4623 (ema 4.4649) 259s mem 6137MiB
  B step 3800/4122 loss 4.3327 (ema 4.4439) 273s mem 6137MiB
  B step 4000/4122 loss 4.2469 (ema 4.4446) 288s mem 6137MiB
  B step 4000 held100 CE 5.8224
== B FINAL held CE 5.80335  a=[1.0, 1.0, 1.0, 1.0, 1.0, 1.0, 1.0, 1.0, 1.0, 1.0, 1.0, 1.0]  b=[1.5597988367080688, 1.5886247158050537, 1.4593052864074707, 1.3169801235198975, 1.1850287914276123, 1.0244139432907104, 0.8624149560928345, 0.7444620132446289, 0.6986261010169983, 0.569861114025116, 0.4973355531692505, 0.4950796067714691]  (298s, 0 spikes)
{
  "2": {
    "held_ce_A": 5.73397159576416,
    "held_ce_B": 5.757682800292969,
    "B_minus_A": 0.023710500448942184,
    "B_minus_A_se_token": 0.001816561445593834,
    "B_minus_A_se_seq": 0.002068035304546356
  },
  "4": {
    "held_ce_A": 5.727140426635742,
    "held_ce_B": 5.732914924621582,
    "B_minus_A": 0.005774251651018858,
    "B_minus_A_se_token": 0.002123519079759717,
    "B_minus_A_se_seq": 0.002797395456582308
  },
  "8": {
    "held_ce_A": 5.737234592437744,
    "held_ce_B": 5.787335395812988,
    "B_minus_A": 0.05010136961936951,
    "B_minus_A_se_token": 0.002433262998238206,
    "B_minus_A_se_seq": 0.00298065016977489
  },
  "12": {
    "held_ce_A": 5.76508903503418,
    "held_ce_B": 5.803347587585449,
    "B_minus_A": 0.03825870901346207,
    "B_minus_A_se_token": 0.0025994472671300173,
    "B_minus_A_se_seq": 0.003560073208063841
  }
}
