short-budget run: 4122 steps (6 epochs), lr 0.001
==== training variant AS ====
GPU guard: 15571 MiB free -- proceeding.
  A step 0/4122 loss 10.9266 (ema 10.9266) 0s mem 4118MiB
  A step 200/4122 loss 7.2372 (ema 7.2286) 10s mem 4378MiB
  A step 400/4122 loss 6.6848 (ema 6.4883) 27s mem 4378MiB
  A step 600/4122 loss 6.0172 (ema 6.2351) 46s mem 4378MiB
  A step 800/4122 loss 5.7961 (ema 5.9030) 57s mem 4378MiB
  A step 1000/4122 loss 5.9473 (ema 5.8534) 73s mem 4378MiB
  A step 1200/4122 loss 5.7757 (ema 5.7983) 92s mem 4378MiB
  A step 1400/4122 loss 5.4463 (ema 5.5912) 105s mem 4378MiB
  A step 1600/4122 loss 5.4861 (ema 5.4335) 114s mem 4378MiB
  A step 1800/4122 loss 5.5270 (ema 5.4405) 123s mem 4378MiB
  A step 2000/4122 loss 5.6528 (ema 5.4215) 132s mem 4378MiB
  A step 2000 held100 CE 5.7121
  A step 2200/4122 loss 5.2523 (ema 5.1169) 141s mem 4378MiB
  A step 2400/4122 loss 5.2361 (ema 5.0877) 150s mem 4378MiB
  A step 2600/4122 loss 5.2662 (ema 5.1111) 158s mem 4378MiB
  A step 2800/4122 loss 4.6695 (ema 4.8670) 167s mem 4378MiB
  A step 3000/4122 loss 4.7096 (ema 4.7541) 176s mem 4378MiB
  A step 3200/4122 loss 5.0289 (ema 4.8153) 185s mem 4378MiB
  A step 3400/4122 loss 5.0146 (ema 4.7732) 194s mem 4378MiB
  A step 3600/4122 loss 4.5328 (ema 4.5475) 203s mem 4378MiB
  A step 3800/4122 loss 4.4303 (ema 4.5280) 212s mem 4378MiB
  A step 4000/4122 loss 4.3027 (ema 4.5305) 221s mem 4378MiB
  A step 4000 held100 CE 5.7563
== A FINAL held CE 5.72714  a=[1.0, 1.0, 1.0, 1.0]  b=[0.0, 0.0, 0.0, 0.0]  (227s, 0 spikes)
==== training variant BS ====
GPU guard: 14553 MiB free -- proceeding.
  B step 0/4122 loss 10.9266 (ema 10.9266) 0s mem 4378MiB
  B step 200/4122 loss 7.4755 (ema 7.4722) 9s mem 4384MiB
  B step 400/4122 loss 6.8252 (ema 6.6557) 18s mem 4384MiB
  B step 600/4122 loss 6.0781 (ema 6.3297) 27s mem 4384MiB
  B step 800/4122 loss 5.8370 (ema 5.9579) 36s mem 4384MiB
  B step 1000/4122 loss 5.9937 (ema 5.8941) 45s mem 4384MiB
  B step 1200/4122 loss 5.8085 (ema 5.8281) 53s mem 4384MiB
  B step 1400/4122 loss 5.4805 (ema 5.6214) 62s mem 4384MiB
  B step 1600/4122 loss 5.5317 (ema 5.4599) 71s mem 4384MiB
  B step 1800/4122 loss 5.5937 (ema 5.4686) 80s mem 4384MiB
  B step 2000/4122 loss 5.6511 (ema 5.4478) 89s mem 4384MiB
  B step 2000 held100 CE 5.7438
  B step 2200/4122 loss 5.2796 (ema 5.1643) 98s mem 4384MiB
  B step 2400/4122 loss 5.3002 (ema 5.1393) 107s mem 4384MiB
  B step 2600/4122 loss 5.3152 (ema 5.1660) 116s mem 4384MiB
  B step 2800/4122 loss 4.7626 (ema 4.9521) 125s mem 4384MiB
  B step 3000/4122 loss 4.8106 (ema 4.8559) 134s mem 4384MiB
  B step 3200/4122 loss 5.1343 (ema 4.9176) 143s mem 4384MiB
  B step 3400/4122 loss 5.0934 (ema 4.8749) 152s mem 4384MiB
  B step 3600/4122 loss 4.6925 (ema 4.6992) 160s mem 4384MiB
  B step 3800/4122 loss 4.6100 (ema 4.6887) 169s mem 4384MiB
  B step 4000/4122 loss 4.4805 (ema 4.6866) 178s mem 4384MiB
  B step 4000 held100 CE 5.7583
== B FINAL held CE 5.73291  a=[1.0, 1.0, 1.0, 1.0]  b=[1.2490960359573364, 1.3333723545074463, 0.8970677256584167, 0.6840996742248535]  (185s, 0 spikes)
==== training variant CS ====
GPU guard: 14633 MiB free -- proceeding.
  C step 0/4122 loss 10.9266 (ema 10.9266) 0s mem 4384MiB
  C step 200/4122 loss 7.4175 (ema 7.4427) 9s mem 4402MiB
  C step 400/4122 loss 6.7896 (ema 6.6140) 18s mem 4402MiB
  C step 600/4122 loss 6.0574 (ema 6.3064) 27s mem 4402MiB
  C step 800/4122 loss 5.7934 (ema 5.9294) 36s mem 4402MiB
  C step 1000/4122 loss 5.9697 (ema 5.8668) 45s mem 4402MiB
  C step 1200/4122 loss 5.7853 (ema 5.8086) 54s mem 4402MiB
  C step 1400/4122 loss 5.4456 (ema 5.6023) 62s mem 4402MiB
  C step 1600/4122 loss 5.5074 (ema 5.4380) 71s mem 4402MiB
  C step 1800/4122 loss 5.5669 (ema 5.4519) 80s mem 4402MiB
  C step 2000/4122 loss 5.6509 (ema 5.4344) 89s mem 4402MiB
  C step 2000 held100 CE 5.7447
  C step 2200/4122 loss 5.2727 (ema 5.1455) 98s mem 4402MiB
  C step 2400/4122 loss 5.2803 (ema 5.1227) 107s mem 4402MiB
  C step 2600/4122 loss 5.2904 (ema 5.1503) 116s mem 4402MiB
  C step 2800/4122 loss 4.7351 (ema 4.9352) 125s mem 4402MiB
  C step 3000/4122 loss 4.7963 (ema 4.8349) 134s mem 4402MiB
  C step 3200/4122 loss 5.1122 (ema 4.8969) 143s mem 4402MiB
  C step 3400/4122 loss 5.0658 (ema 4.8547) 152s mem 4402MiB
  C step 3600/4122 loss 4.6672 (ema 4.6725) 161s mem 4402MiB
  C step 3800/4122 loss 4.5661 (ema 4.6595) 170s mem 4402MiB
  C step 4000/4122 loss 4.4567 (ema 4.6602) 179s mem 4402MiB
  C step 4000 held100 CE 5.7804
== C FINAL held CE 5.75699  a=[1.2052383422851562, 0.8744361400604248, 0.8184975981712341, 0.9140743613243103]  b=[1.2052383422851562, 1.3262097835540771, 0.9052913784980774, 0.6429944038391113]  (185s, 0 spikes)
==== training variant DS ====
GPU guard: 14635 MiB free -- proceeding.
  D step 0/4122 loss 10.9266 (ema 10.9266) 0s mem 4402MiB
  D step 200/4122 loss 7.2615 (ema 7.2522) 9s mem 4402MiB
  D step 400/4122 loss 6.6953 (ema 6.4966) 18s mem 4402MiB
  D step 600/4122 loss 6.0026 (ema 6.2360) 27s mem 4402MiB
  D step 800/4122 loss 5.7839 (ema 5.8885) 36s mem 4402MiB
  D step 1000/4122 loss 5.9435 (ema 5.8474) 45s mem 4402MiB
  D step 1200/4122 loss 5.7670 (ema 5.7884) 53s mem 4402MiB
  D step 1400/4122 loss 5.4172 (ema 5.5798) 62s mem 4402MiB
  D step 1600/4122 loss 5.4739 (ema 5.4179) 71s mem 4402MiB
  D step 1800/4122 loss 5.5380 (ema 5.4290) 80s mem 4402MiB
  D step 2000/4122 loss 5.6399 (ema 5.4091) 89s mem 4402MiB
  D step 2000 held100 CE 5.7033
  D step 2200/4122 loss 5.2298 (ema 5.0979) 98s mem 4402MiB
  D step 2400/4122 loss 5.2313 (ema 5.0739) 107s mem 4402MiB
  D step 2600/4122 loss 5.2522 (ema 5.1002) 116s mem 4402MiB
  D step 2800/4122 loss 4.6392 (ema 4.8547) 125s mem 4402MiB
  D step 3000/4122 loss 4.7066 (ema 4.7424) 134s mem 4402MiB
  D step 3200/4122 loss 5.0229 (ema 4.8035) 143s mem 4402MiB
  D step 3400/4122 loss 4.9869 (ema 4.7607) 152s mem 4402MiB
  D step 3600/4122 loss 4.5182 (ema 4.5388) 160s mem 4402MiB
  D step 3800/4122 loss 4.4215 (ema 4.5235) 169s mem 4402MiB
  D step 4000/4122 loss 4.2824 (ema 4.5213) 178s mem 4402MiB
  D step 4000 held100 CE 5.7560
== D FINAL held CE 5.73656  a=[1.0, 1.0, 1.0, 1.0]  b=[2.1631174087524414, 2.223262310028076, 1.978129506111145, 1.50058913230896]  (185s, 0 spikes)
{
  "A": {
    "held_ce": 5.727140426635742
  },
  "B": {
    "held_ce": 5.732914924621582,
    "minus_A": 0.005774251651018858,
    "minus_A_se": 0.002123519079759717,
    "minus_A_se_seq": 0.002797395456582308
  },
  "C": {
    "held_ce": 5.756991386413574,
    "minus_A": 0.029850441962480545,
    "minus_A_se": 0.002156821545213461,
    "minus_A_se_seq": 0.002707165200263262
  },
  "D": {
    "held_ce": 5.73655891418457,
    "minus_A": 0.009418272413313389,
    "minus_A_se": 0.002104888204485178,
    "minus_A_se_seq": 0.0025884530041366816
  }
}
