GPU guard: 15841 MiB free -- proceeding.
Warning: You are sending unauthenticated requests to the HF Hub. Please set a HF_TOKEN to enable higher rate limits and faster downloads.
loading part-1 cache ...
extra term grams needed for the 125% profile: 39
extra grams done (6s)
[3b_perterm_100pct_128x] R=125 Ro=63 budget 107M/108M: dCE +2.4047 +- 0.01913
[3b_perterm_100pct_16x] R=250 Ro=125 budget 848M/861M: dCE +2.2300 +- 0.01814
[3b_perterm_100pct_4x] R=398 Ro=199 budget 3422M/3446M: dCE +2.0186 +- 0.01706
[3b_perterm_125pct_128x] R=114 Ro=57 budget 105M/108M: dCE +2.2539 +- 0.01860
[3b_perterm_125pct_16x] R=229 Ro=115 budget 857M/861M: dCE +1.9009 +- 0.01679
[3b_perterm_125pct_4x] R=364 Ro=182 budget 3426M/3446M: dCE +1.4797 +- 0.01457
[3c_sharedout_100pct_128x] R=125 Ro=63 budget 107M/108M: dCE +2.3410 +- 0.01805
[3c_sharedout_100pct_16x] R=250 Ro=125 budget 848M/861M: dCE +2.2172 +- 0.01749
[3c_sharedout_100pct_4x] R=398 Ro=199 budget 3422M/3446M: dCE +2.0325 +- 0.01652
[3c_sharedout_125pct_128x] R=114 Ro=57 budget 105M/108M: dCE +2.6822 +- 0.02070
[3c_sharedout_125pct_16x] R=229 Ro=115 budget 857M/861M: dCE +1.9510 +- 0.01683
[3c_sharedout_125pct_4x] R=364 Ro=182 budget 3426M/3446M: dCE +1.5426 +- 0.01472
best 16x scheme-3 variant: 3b_perterm_125pct_16x dCE +1.9009
[early_0_4] scheme1 region-only: +0.1730 +- 0.00486
[early_0_4] scheme2 region-only: +0.5993 +- 0.00838
[early_0_4] scheme3 region-only: +1.3807 +- 0.01314
[distributed_5_11] scheme1 region-only: +0.2603 +- 0.00561
[distributed_5_11] scheme2 region-only: +0.0269 +- 0.00174
[distributed_5_11] scheme3 region-only: +0.4746 +- 0.00762
[readout_12_17] scheme1 region-only: +0.2537 +- 0.00600
[readout_12_17] scheme2 region-only: +0.0341 +- 0.00201
[readout_12_17] scheme3 region-only: +0.3939 +- 0.00768
EXAMPLES: scheme 3 preserves, scheme 1 loses ...
{"seq": 83, "pos": 82, "context_tail": " goes with it, to overlook the Range Rover. The best 4x4", "true_next": "x", "CE_base": 9.824, "CE_scheme1": 7.247, "CE_scheme3": 2.203, "delta": 5.045, "top3_base": [[" is", 0.078], [" ever", 0.068], [" in", 0.067]], "p_true_base": 0.0001, "top3_scheme1": [[" car", 0.239], [" vehicle", 0.134], [" is", 0.076]], "p_true_scheme1": 0.0007, "top3_scheme3": [[" and", 0.216], [" will", 0.126], ["x", 0.111]], "p_true_scheme3": 0.1105}
{"seq": 33, "pos": 92, "context_tail": " the county which onto itself is reason enough for alien (non-indigenous", "true_next": " to", "CE_base": 7.37, "CE_scheme1": 10.233, "CE_scheme3": 5.386, "delta": 4.847, "top3_base": [[")", 0.966], ["?)", 0.004], [",", 0.004]], "p_true_base": 0.0006, "top3_scheme1": [[")", 0.992], ["),", 0.002], [")-", 0.0]], "p_true_scheme1": 0.0, "top3_scheme3": [[")", 0.784], ["),", 0.059], [").", 0.051]], "p_true_scheme3": 0.0046}
{"seq": 73, "pos": 17, "context_tail": " your everyday household shopping list.\nTo make life just a little bit simpler", "true_next": " Coup", "CE_base": 18.309, "CE_scheme1": 16.767, "CE_scheme3": 12.021, "delta": 4.746, "top3_base": [[",", 0.698], [" for", 0.099], [" and", 0.033]], "p_true_base": 0.0, "top3_scheme1": [[",", 0.616], [" and", 0.111], [".", 0.04]], "p_true_scheme1": 0.0, "top3_scheme3": [[" than", 0.292], [".", 0.094], [",", 0.044]], "p_true_scheme3": 0.0}
{"seq": 147, "pos": 124, "context_tail": ", leads Tech in final round at Great Smokies\nFreshman Mad", "true_next": "al", "CE_base": 0.022, "CE_scheme1": 4.92, "CE_scheme3": 0.258, "delta": 4.661, "top3_base": [["al", 0.978], ["el", 0.007], ["lyn", 0.004]], "p_true_base": 0.9778, "top3_scheme1": [["sen", 0.022], ["am", 0.016], [" H", 0.013]], "p_true_scheme1": 0.0073, "top3_scheme3": [["al", 0.772], ["am", 0.015], ["an", 0.015]], "p_true_scheme3": 0.7723}
{"seq": 151, "pos": 95, "context_tail": ".1) : Yes/Yes\n- DTS 96/24/", "true_next": " D", "CE_base": 10.384, "CE_scheme1": 9.488, "CE_scheme3": 4.967, "delta": 4.52, "top3_base": [["CD", 0.064], ["24", 0.053], ["HD", 0.051]], "p_true_base": 0.0, "top3_scheme1": [["24", 0.047], ["D", 0.034], ["CD", 0.03]], "p_true_scheme1": 0.0001, "top3_scheme3": [["2", 0.053], ["s", 0.053], ["1", 0.047]], "p_true_scheme3": 0.007}
QK TERMCOMPRESS PART 2 DONE
