data (6000, 513) max id 50256; 687 steps/epoch x 15 epochs = 10305 steps
-- sweep lr 0.0003
GPU guard: 15523 MiB free -- proceeding.
  A step 0/400 loss 10.9266 (ema 10.9266) 0s mem 4118MiB
  A step 100/400 loss 8.6389 (ema 9.9034) 5s mem 4378MiB
  A step 200/400 loss 7.6339 (ema 7.8374) 9s mem 4378MiB
  A step 300/400 loss 7.0948 (ema 7.0938) 14s mem 4378MiB
== A FINAL held CE 6.77587  a=[1.0, 1.0, 1.0, 1.0]  b=[0.0, 0.0, 0.0, 0.0]  (19s, 0 spikes)
-- sweep lr 0.001
GPU guard: 14593 MiB free -- proceeding.
  A step 0/400 loss 10.9266 (ema 10.9266) 0s mem 4378MiB
  A step 100/400 loss 7.2690 (ema 8.7622) 4s mem 4378MiB
  A step 200/400 loss 7.2372 (ema 7.2286) 9s mem 4378MiB
  A step 300/400 loss 6.7710 (ema 6.7069) 13s mem 4378MiB
== A FINAL held CE 6.39513  a=[1.0, 1.0, 1.0, 1.0]  b=[0.0, 0.0, 0.0, 0.0]  (19s, 0 spikes)
-- sweep lr 0.003
GPU guard: 14613 MiB free -- proceeding.
  A step 0/400 loss 10.9266 (ema 10.9266) 0s mem 4378MiB
  A step 100/400 loss 7.0102 (ema 8.2301) 4s mem 4378MiB
  A step 200/400 loss 7.2486 (ema 7.1216) 9s mem 4378MiB
  A step 300/400 loss 6.8410 (ema 6.7394) 13s mem 4378MiB
== A FINAL held CE 6.36021  a=[1.0, 1.0, 1.0, 1.0]  b=[0.0, 0.0, 0.0, 0.0]  (19s, 0 spikes)
lr sweep results {"0.0003": {"ema_tail": [7.8374, 7.0938], "spikes": 0, "last_ema": 7.0938}, "0.001": {"ema_tail": [7.2286, 6.7069], "spikes": 0, "last_ema": 6.7069}, "0.003": {"ema_tail": [7.1216, 6.7394], "spikes": 0, "last_ema": 6.7394}}; CHOSEN 0.001
==== training variant A (lr 0.001) ====
GPU guard: 14613 MiB free -- proceeding.
  A step 0/10305 loss 10.9266 (ema 10.9266) 0s mem 4378MiB
  A step 200/10305 loss 7.2372 (ema 7.2286) 9s mem 4378MiB
  A step 400/10305 loss 6.6845 (ema 6.4883) 18s mem 4378MiB
  A step 600/10305 loss 6.0031 (ema 6.2374) 27s mem 4378MiB
  A step 800/10305 loss 5.7989 (ema 5.9114) 36s mem 4378MiB
  A step 1000/10305 loss 5.9604 (ema 5.8623) 44s mem 4378MiB
  A step 1200/10305 loss 5.7961 (ema 5.8160) 53s mem 4378MiB
  A step 1400/10305 loss 5.4642 (ema 5.6130) 62s mem 4378MiB
  A step 1600/10305 loss 5.5296 (ema 5.4770) 71s mem 4378MiB
  A step 1800/10305 loss 5.6065 (ema 5.5001) 80s mem 4378MiB
  A step 2000/10305 loss 5.7349 (ema 5.4911) 89s mem 4378MiB
  A step 2000 held100 CE 5.7401
  A step 2200/10305 loss 5.3707 (ema 5.2149) 98s mem 4378MiB
  A step 2400/10305 loss 5.3683 (ema 5.2205) 107s mem 4378MiB
  A step 2600/10305 loss 5.4192 (ema 5.2724) 116s mem 4378MiB
  A step 2800/10305 loss 4.7675 (ema 5.0150) 125s mem 4378MiB
  A step 3000/10305 loss 4.9575 (ema 4.9621) 133s mem 4378MiB
  A step 3200/10305 loss 5.3113 (ema 5.0783) 142s mem 4378MiB
  A step 3400/10305 loss 5.3480 (ema 5.0692) 151s mem 4378MiB
  A step 3600/10305 loss 4.7476 (ema 4.7355) 160s mem 4378MiB
  A step 3800/10305 loss 4.6774 (ema 4.8028) 169s mem 4378MiB
  A step 4000/10305 loss 4.6172 (ema 4.8581) 178s mem 4378MiB
  A step 4000 held100 CE 5.6639
  A step 4200/10305 loss 4.5477 (ema 4.4909) 187s mem 4378MiB
  A step 4400/10305 loss 4.3755 (ema 4.4966) 196s mem 4378MiB
  A step 4600/10305 loss 4.5732 (ema 4.6268) 205s mem 4378MiB
  A step 4800/10305 loss 4.2535 (ema 4.6626) 214s mem 4378MiB
  A step 5000/10305 loss 4.5122 (ema 4.2271) 223s mem 4378MiB
  A step 5200/10305 loss 4.3630 (ema 4.3210) 231s mem 4378MiB
  A step 5400/10305 loss 4.1516 (ema 4.4019) 240s mem 4378MiB
  A step 5600/10305 loss 4.0214 (ema 3.9498) 249s mem 4378MiB
  A step 5800/10305 loss 4.1950 (ema 4.0065) 258s mem 4378MiB
  A step 6000/10305 loss 4.1336 (ema 4.0848) 267s mem 4378MiB
  A step 6000 held100 CE 5.9541
  A step 6200/10305 loss 3.4647 (ema 3.9934) 276s mem 4378MiB
  A step 6400/10305 loss 3.8413 (ema 3.6615) 285s mem 4378MiB
  A step 6600/10305 loss 3.8818 (ema 3.7702) 294s mem 4378MiB
  A step 6800/10305 loss 3.9476 (ema 3.8726) 303s mem 4378MiB
  A step 7000/10305 loss 3.3074 (ema 3.4121) 312s mem 4378MiB
  A step 7200/10305 loss 3.4789 (ema 3.4794) 320s mem 4378MiB
  A step 7400/10305 loss 3.3134 (ema 3.5204) 329s mem 4378MiB
  A step 7600/10305 loss 3.0841 (ema 3.3173) 338s mem 4378MiB
  A step 7800/10305 loss 3.5037 (ema 3.2024) 347s mem 4378MiB
  A step 8000/10305 loss 3.2768 (ema 3.2466) 356s mem 4378MiB
  A step 8000 held100 CE 6.5489
  A step 8200/10305 loss 3.2750 (ema 3.2778) 365s mem 4378MiB
  A step 8400/10305 loss 2.9460 (ema 3.0265) 374s mem 4378MiB
  A step 8600/10305 loss 3.0080 (ema 3.0165) 383s mem 4378MiB
  A step 8800/10305 loss 3.3728 (ema 3.0718) 392s mem 4378MiB
  A step 9000/10305 loss 2.7910 (ema 2.9199) 401s mem 4378MiB
  A step 9200/10305 loss 2.9221 (ema 2.8897) 410s mem 4378MiB
  A step 9400/10305 loss 3.0989 (ema 2.9000) 418s mem 4378MiB
  A step 9600/10305 loss 2.9474 (ema 2.9039) 427s mem 4378MiB
  A step 9800/10305 loss 2.6492 (ema 2.8106) 436s mem 4378MiB
  A step 10000/10305 loss 2.8491 (ema 2.8343) 445s mem 4378MiB
  A step 10000 held100 CE 6.9013
  A step 10200/10305 loss 2.8172 (ema 2.8327) 454s mem 4378MiB
== A FINAL held CE 6.89392  a=[1.0, 1.0, 1.0, 1.0]  b=[0.0, 0.0, 0.0, 0.0]  (460s, 0 spikes)
==== training variant B (lr 0.001) ====
GPU guard: 14633 MiB free -- proceeding.
  B step 0/10305 loss 10.9266 (ema 10.9266) 0s mem 4378MiB
  B step 200/10305 loss 7.4755 (ema 7.4722) 9s mem 4384MiB
  B step 400/10305 loss 6.8250 (ema 6.6557) 18s mem 4384MiB
  B step 600/10305 loss 6.0889 (ema 6.3299) 27s mem 4384MiB
  B step 800/10305 loss 5.8360 (ema 5.9620) 36s mem 4384MiB
  B step 1000/10305 loss 6.0089 (ema 5.9048) 45s mem 4384MiB
  B step 1200/10305 loss 5.8158 (ema 5.8383) 53s mem 4384MiB
  B step 1400/10305 loss 5.4951 (ema 5.6340) 62s mem 4384MiB
  B step 1600/10305 loss 5.5501 (ema 5.4888) 71s mem 4384MiB
  B step 1800/10305 loss 5.6294 (ema 5.5098) 80s mem 4384MiB
  B step 2000/10305 loss 5.7158 (ema 5.4956) 89s mem 4384MiB
  B step 2000 held100 CE 5.7586
  B step 2200/10305 loss 5.3430 (ema 5.2182) 98s mem 4384MiB
  B step 2400/10305 loss 5.3827 (ema 5.2326) 107s mem 4384MiB
  B step 2600/10305 loss 5.4249 (ema 5.2851) 116s mem 4384MiB
  B step 2800/10305 loss 4.7890 (ema 5.0327) 125s mem 4384MiB
  B step 3000/10305 loss 4.9891 (ema 4.9850) 134s mem 4384MiB
  B step 3200/10305 loss 5.3243 (ema 5.0973) 143s mem 4384MiB
  B step 3400/10305 loss 5.3436 (ema 5.0878) 151s mem 4384MiB
  B step 3600/10305 loss 4.7855 (ema 4.7657) 160s mem 4384MiB
  B step 3800/10305 loss 4.7475 (ema 4.8377) 169s mem 4384MiB
  B step 4000/10305 loss 4.6700 (ema 4.8862) 178s mem 4384MiB
  B step 4000 held100 CE 5.6853
  B step 4200/10305 loss 4.5804 (ema 4.5425) 187s mem 4384MiB
  B step 4400/10305 loss 4.4249 (ema 4.5438) 196s mem 4384MiB
  B step 4600/10305 loss 4.6205 (ema 4.6667) 205s mem 4384MiB
  B step 4800/10305 loss 4.3161 (ema 4.6982) 214s mem 4384MiB
  B step 5000/10305 loss 4.5726 (ema 4.2953) 223s mem 4384MiB
  B step 5200/10305 loss 4.4041 (ema 4.3751) 232s mem 4384MiB
  B step 5400/10305 loss 4.2164 (ema 4.4584) 241s mem 4384MiB
  B step 5600/10305 loss 4.1040 (ema 4.0497) 250s mem 4384MiB
  B step 5800/10305 loss 4.2383 (ema 4.0981) 258s mem 4384MiB
  B step 6000/10305 loss 4.2131 (ema 4.1682) 267s mem 4384MiB
  B step 6000 held100 CE 5.9789
  B step 6200/10305 loss 3.6213 (ema 4.0906) 276s mem 4384MiB
  B step 6400/10305 loss 3.9092 (ema 3.7900) 285s mem 4384MiB
  B step 6600/10305 loss 3.9920 (ema 3.8870) 294s mem 4384MiB
  B step 6800/10305 loss 4.0302 (ema 3.9751) 303s mem 4384MiB
  B step 7000/10305 loss 3.4588 (ema 3.5687) 312s mem 4384MiB
  B step 7200/10305 loss 3.6272 (ema 3.6270) 321s mem 4384MiB
  B step 7400/10305 loss 3.4980 (ema 3.6616) 330s mem 4384MiB
  B step 7600/10305 loss 3.2833 (ema 3.4777) 339s mem 4384MiB
  B step 7800/10305 loss 3.6930 (ema 3.3753) 348s mem 4384MiB
  B step 8000/10305 loss 3.4545 (ema 3.4189) 356s mem 4384MiB
  B step 8000 held100 CE 6.5712
  B step 8200/10305 loss 3.3654 (ema 3.4389) 366s mem 4384MiB
  B step 8400/10305 loss 3.1349 (ema 3.2168) 374s mem 4384MiB
  B step 8600/10305 loss 3.1416 (ema 3.2008) 383s mem 4384MiB
  B step 8800/10305 loss 3.5554 (ema 3.2527) 392s mem 4384MiB
  B step 9000/10305 loss 3.0018 (ema 3.1189) 401s mem 4384MiB
  B step 9200/10305 loss 3.1081 (ema 3.0874) 410s mem 4384MiB
  B step 9400/10305 loss 3.2621 (ema 3.1003) 419s mem 4384MiB
  B step 9600/10305 loss 3.1172 (ema 3.1004) 428s mem 4384MiB
  B step 9800/10305 loss 2.8854 (ema 3.0144) 437s mem 4384MiB
  B step 10000/10305 loss 3.0629 (ema 3.0371) 446s mem 4384MiB
  B step 10000 held100 CE 6.9365
  B step 10200/10305 loss 3.0222 (ema 3.0363) 455s mem 4384MiB
== B FINAL held CE 6.90154  a=[1.0, 1.0, 1.0, 1.0]  b=[1.0071873664855957, 1.4392004013061523, 0.31429851055145264, -0.04530623182654381]  (460s, 0 spikes)
==== training variant C (lr 0.001) ====
GPU guard: 14653 MiB free -- proceeding.
  C step 0/10305 loss 10.9266 (ema 10.9266) 0s mem 4384MiB
  C step 200/10305 loss 7.4175 (ema 7.4427) 9s mem 4402MiB
  C step 400/10305 loss 6.7896 (ema 6.6141) 18s mem 4402MiB
  C step 600/10305 loss 6.0559 (ema 6.2993) 27s mem 4402MiB
  C step 800/10305 loss 5.7964 (ema 5.9392) 36s mem 4402MiB
  C step 1000/10305 loss 5.9779 (ema 5.8721) 45s mem 4402MiB
  C step 1200/10305 loss 5.7924 (ema 5.8180) 54s mem 4402MiB
  C step 1400/10305 loss 5.4661 (ema 5.6125) 62s mem 4402MiB
  C step 1600/10305 loss 5.5336 (ema 5.4659) 71s mem 4402MiB
  C step 1800/10305 loss 5.6127 (ema 5.4920) 80s mem 4402MiB
  C step 2000/10305 loss 5.7002 (ema 5.4818) 89s mem 4402MiB
  C step 2000 held100 CE 5.7556
  C step 2200/10305 loss 5.3380 (ema 5.2018) 98s mem 4402MiB
  C step 2400/10305 loss 5.3840 (ema 5.2165) 107s mem 4402MiB
  C step 2600/10305 loss 5.3928 (ema 5.2710) 116s mem 4402MiB
  C step 2800/10305 loss 4.7735 (ema 5.0187) 125s mem 4402MiB
  C step 3000/10305 loss 4.9611 (ema 4.9646) 134s mem 4402MiB
  C step 3200/10305 loss 5.3257 (ema 5.0809) 143s mem 4402MiB
  C step 3400/10305 loss 5.3429 (ema 5.0814) 152s mem 4402MiB
  C step 3600/10305 loss 4.7675 (ema 4.7455) 161s mem 4402MiB
  C step 3800/10305 loss 4.7130 (ema 4.8185) 170s mem 4402MiB
  C step 4000/10305 loss 4.6590 (ema 4.8756) 179s mem 4402MiB
  C step 4000 held100 CE 5.6903
  C step 4200/10305 loss 4.5441 (ema 4.5213) 188s mem 4402MiB
  C step 4400/10305 loss 4.3754 (ema 4.5224) 197s mem 4402MiB
  C step 4600/10305 loss 4.6036 (ema 4.6475) 205s mem 4402MiB
  C step 4800/10305 loss 4.2909 (ema 4.6803) 214s mem 4402MiB
  C step 5000/10305 loss 4.5507 (ema 4.2679) 223s mem 4402MiB
  C step 5200/10305 loss 4.3801 (ema 4.3526) 232s mem 4402MiB
  C step 5400/10305 loss 4.1982 (ema 4.4338) 241s mem 4402MiB
  C step 5600/10305 loss 4.0765 (ema 4.0110) 250s mem 4402MiB
  C step 5800/10305 loss 4.2057 (ema 4.0682) 259s mem 4402MiB
  C step 6000/10305 loss 4.1721 (ema 4.1412) 268s mem 4402MiB
  C step 6000 held100 CE 6.0082
  C step 6200/10305 loss 3.5709 (ema 4.0562) 277s mem 4402MiB
  C step 6400/10305 loss 3.8967 (ema 3.7524) 286s mem 4402MiB
  C step 6600/10305 loss 3.9391 (ema 3.8510) 295s mem 4402MiB
  C step 6800/10305 loss 4.0159 (ema 3.9412) 304s mem 4402MiB
  C step 7000/10305 loss 3.4080 (ema 3.5251) 313s mem 4402MiB
  C step 7200/10305 loss 3.5818 (ema 3.5825) 322s mem 4402MiB
  C step 7400/10305 loss 3.4600 (ema 3.6226) 330s mem 4402MiB
  C step 7600/10305 loss 3.2349 (ema 3.4327) 339s mem 4402MiB
  C step 7800/10305 loss 3.6152 (ema 3.3258) 348s mem 4402MiB
  C step 8000/10305 loss 3.3985 (ema 3.3737) 357s mem 4402MiB
  C step 8000 held100 CE 6.6460
  C step 8200/10305 loss 3.3460 (ema 3.3977) 366s mem 4402MiB
  C step 8400/10305 loss 3.0888 (ema 3.1646) 375s mem 4402MiB
  C step 8600/10305 loss 3.0950 (ema 3.1515) 384s mem 4402MiB
  C step 8800/10305 loss 3.4894 (ema 3.2050) 393s mem 4402MiB
  C step 9000/10305 loss 2.9526 (ema 3.0648) 402s mem 4402MiB
  C step 9200/10305 loss 3.0495 (ema 3.0346) 411s mem 4402MiB
  C step 9400/10305 loss 3.2009 (ema 3.0436) 420s mem 4402MiB
  C step 9600/10305 loss 3.0663 (ema 3.0465) 429s mem 4402MiB
  C step 9800/10305 loss 2.8280 (ema 2.9591) 438s mem 4402MiB
  C step 10000/10305 loss 3.0143 (ema 2.9812) 446s mem 4402MiB
  C step 10000 held100 CE 7.0346
  C step 10200/10305 loss 2.9788 (ema 2.9803) 456s mem 4402MiB
== C FINAL held CE 7.01792  a=[1.2552354335784912, 0.6100702285766602, 0.6094980239868164, 0.6157715916633606]  b=[1.2552354335784912, 1.6223902702331543, 0.4888855218887329, 0.09206565469503403]  (461s, 1 spikes)
==== training variant D (lr 0.001) ====
GPU guard: 14633 MiB free -- proceeding.
  D step 0/10305 loss 10.9266 (ema 10.9266) 0s mem 4402MiB
  D step 200/10305 loss 7.2615 (ema 7.2522) 9s mem 4402MiB
  D step 400/10305 loss 6.6957 (ema 6.4968) 18s mem 4402MiB
  D step 600/10305 loss 6.0040 (ema 6.2381) 27s mem 4402MiB
  D step 800/10305 loss 5.7911 (ema 5.8970) 36s mem 4402MiB
  D step 1000/10305 loss 5.9698 (ema 5.8589) 45s mem 4402MiB
  D step 1200/10305 loss 5.7752 (ema 5.8068) 53s mem 4402MiB
  D step 1400/10305 loss 5.4551 (ema 5.6027) 62s mem 4402MiB
  D step 1600/10305 loss 5.5180 (ema 5.4619) 71s mem 4402MiB
  D step 1800/10305 loss 5.5867 (ema 5.4876) 80s mem 4402MiB
  D step 2000/10305 loss 5.7081 (ema 5.4801) 89s mem 4402MiB
  D step 2000 held100 CE 5.7333
  D step 2200/10305 loss 5.3443 (ema 5.1970) 98s mem 4402MiB
  D step 2400/10305 loss 5.3813 (ema 5.2106) 107s mem 4402MiB
  D step 2600/10305 loss 5.3964 (ema 5.2659) 116s mem 4402MiB
  D step 2800/10305 loss 4.7326 (ema 5.0073) 125s mem 4402MiB
  D step 3000/10305 loss 4.9405 (ema 4.9515) 134s mem 4402MiB
  D step 3200/10305 loss 5.3065 (ema 5.0662) 143s mem 4402MiB
  D step 3400/10305 loss 5.3450 (ema 5.0585) 152s mem 4402MiB
  D step 3600/10305 loss 4.7296 (ema 4.7214) 160s mem 4402MiB
  D step 3800/10305 loss 4.6902 (ema 4.7936) 169s mem 4402MiB
  D step 4000/10305 loss 4.6206 (ema 4.8469) 178s mem 4402MiB
  D step 4000 held100 CE 5.6682
  D step 4200/10305 loss 4.5189 (ema 4.4805) 187s mem 4402MiB
  D step 4400/10305 loss 4.3410 (ema 4.4835) 196s mem 4402MiB
  D step 4600/10305 loss 4.5577 (ema 4.6126) 205s mem 4402MiB
  D step 4800/10305 loss 4.2553 (ema 4.6517) 214s mem 4402MiB
  D step 5000/10305 loss 4.4946 (ema 4.2144) 223s mem 4402MiB
  D step 5200/10305 loss 4.3509 (ema 4.3073) 232s mem 4402MiB
  D step 5400/10305 loss 4.1471 (ema 4.3874) 241s mem 4402MiB
  D step 5600/10305 loss 4.0089 (ema 3.9377) 250s mem 4402MiB
  D step 5800/10305 loss 4.1598 (ema 3.9970) 259s mem 4402MiB
  D step 6000/10305 loss 4.0967 (ema 4.0753) 267s mem 4402MiB
  D step 6000 held100 CE 5.9667
  D step 6200/10305 loss 3.4458 (ema 3.9824) 277s mem 4402MiB
  D step 6400/10305 loss 3.7931 (ema 3.6561) 285s mem 4402MiB
  D step 6600/10305 loss 3.8793 (ema 3.7654) 294s mem 4402MiB
  D step 6800/10305 loss 3.9313 (ema 3.8609) 303s mem 4402MiB
  D step 7000/10305 loss 3.2895 (ema 3.4114) 312s mem 4402MiB
  D step 7200/10305 loss 3.4741 (ema 3.4790) 321s mem 4402MiB
  D step 7400/10305 loss 3.3235 (ema 3.5157) 330s mem 4402MiB
  D step 7600/10305 loss 3.1105 (ema 3.3139) 339s mem 4402MiB
  D step 7800/10305 loss 3.5122 (ema 3.2031) 348s mem 4402MiB
  D step 8000/10305 loss 3.2851 (ema 3.2534) 357s mem 4402MiB
  D step 8000 held100 CE 6.5688
  D step 8200/10305 loss 3.2623 (ema 3.2815) 366s mem 4402MiB
  D step 8400/10305 loss 2.9334 (ema 3.0325) 375s mem 4402MiB
  D step 8600/10305 loss 2.9884 (ema 3.0240) 383s mem 4402MiB
  D step 8800/10305 loss 3.3885 (ema 3.0786) 392s mem 4402MiB
  D step 9000/10305 loss 2.8207 (ema 2.9292) 401s mem 4402MiB
  D step 9200/10305 loss 2.9225 (ema 2.9024) 410s mem 4402MiB
  D step 9400/10305 loss 3.1023 (ema 2.9125) 419s mem 4402MiB
  D step 9600/10305 loss 2.9341 (ema 2.9141) 428s mem 4402MiB
  D step 9800/10305 loss 2.6853 (ema 2.8230) 437s mem 4402MiB
  D step 10000/10305 loss 2.8657 (ema 2.8448) 446s mem 4402MiB
  D step 10000 held100 CE 6.9215
  D step 10200/10305 loss 2.8596 (ema 2.8459) 455s mem 4402MiB
== D FINAL held CE 6.90522  a=[1.0, 1.0, 1.0, 1.0]  b=[2.751128911972046, 2.928934097290039, 1.8510991334915161, 0.7974339723587036]  (460s, 0 spikes)
{
  "A": {
    "held_ce": 6.893919944763184
  },
  "B": {
    "held_ce": 6.90153694152832,
    "minus_A": 0.007617648225277662,
    "minus_A_se": 0.005950446706265211,
    "minus_A_se_seq": 0.007179073058068752
  },
  "C": {
    "held_ce": 7.01791524887085,
    "minus_A": 0.1239955723285675,
    "minus_A_se": 0.006117159500718117,
    "minus_A_se_seq": 0.007627604529261589
  },
  "D": {
    "held_ce": 6.905218601226807,
    "minus_A": 0.011298772878944874,
    "minus_A_se": 0.00593379745259881,
    "minus_A_se_seq": 0.006722099147737026
  }
}
