Warning: You are sending unauthenticated requests to the HF Hub. Please set a HF_TOKEN to enable higher rate limits and faster downloads.
bilin18 NL=18 NH=9 HD=128 D=1152; train=256 held=152
TOP24 heads: [(8, 2), (14, 4), (6, 8), (8, 4), (3, 3), (6, 0), (6, 7), (1, 3), (12, 2), (1, 0), (1, 2), (2, 1), (13, 5), (4, 0), (5, 1), (7, 4), (7, 3), (5, 4), (5, 0), (1, 8), (9, 6), (2, 4), (12, 7), (13, 1)]
MLP upstream layers: [0, 1, 2, 3, 4, 5, 6, 7, 8, 9, 10, 11, 12, 13]
means: TRAIN ...
STRENGTH pass (TRAIN) ...
STRENGTH done. top pairs:
  mlp.L1     -> h.L6.7    rel_dB=5.637
  mlp.L1     -> h.L7.3    rel_dB=5.020
  mlp.L1     -> h.L7.4    rel_dB=4.833
  mlp.L1     -> h.L8.4    rel_dB=3.666
  mlp.L1     -> h.L5.0    rel_dB=3.322
  mlp.L1     -> h.L8.2    rel_dB=3.316
  mlp.L3     -> h.L5.0    rel_dB=2.701
  mlp.L1     -> h.L6.0    rel_dB=2.658
  mlp.L1     -> h.L6.8    rel_dB=2.402
  mlp.L0     -> h.L7.3    rel_dB=2.068
  mlp.L2     -> h.L5.0    rel_dB=1.918
  mlp.L2     -> h.L8.2    rel_dB=1.832
  mlp.L0     -> h.L8.4    rel_dB=1.811
  mlp.L1     -> h.L5.1    rel_dB=1.775
  mlp.L1     -> h.L12.2   rel_dB=1.725
means: HELD ...
HELD collect ...
VERIFY h.L1.8 -> h.L2.4 (rel_dB=0.4113) ctrl=('head', 1, 3) ...
VERIFY h.L1.0 -> h.L2.4 (rel_dB=0.298) ctrl=('head', 1, 3) ...
VERIFY h.L4.0 -> h.L6.7 (rel_dB=0.2692) ctrl=('head', 2, 4) ...
VERIFY h.L4.0 -> h.L5.0 (rel_dB=0.2678) ctrl=('head', 2, 1) ...
VERIFY h.L1.8 -> h.L2.1 (rel_dB=0.261) ctrl=('head', 1, 3) ...
VERIFY mlp.L1 -> h.L6.7 (rel_dB=5.6373) ctrl=None ...
VERIFY mlp.L1 -> h.L7.3 (rel_dB=5.0199) ctrl=None ...

===== COMPOSITION RESULTS =====
{
  "meta": {
    "top24_heads": [
      "h.L8.2",
      "h.L14.4",
      "h.L6.8",
      "h.L8.4",
      "h.L3.3",
      "h.L6.0",
      "h.L6.7",
      "h.L1.3",
      "h.L12.2",
      "h.L1.0",
      "h.L1.2",
      "h.L2.1",
      "h.L13.5",
      "h.L4.0",
      "h.L5.1",
      "h.L7.4",
      "h.L7.3",
      "h.L5.4",
      "h.L5.0",
      "h.L1.8",
      "h.L9.6",
      "h.L2.4",
      "h.L12.7",
      "h.L13.1"
    ],
    "mlp_upstream_layers": [
      0,
      1,
      2,
      3,
      4,
      5,
      6,
      7,
      8,
      9,
      10,
      11,
      12,
      13
    ],
    "train_slice": "FW[0:256,:128]",
    "held_slice": "FW[448:600,:128]",
    "strength_metric": "rel change in comp_B when A mean-ablated (TOTAL, all paths)",
    "edge_metric": "direct A->B edge patch (B input = residual - A above-mean contribution)"
  },
  "strength_ranking_top25": [
    {
      "A": "mlp.L1",
      "B": "h.L6.7",
      "A_layer": 1,
      "B_layer": 6,
      "rel_dB": 5.6373,
      "A_kind": "mlp"
    },
    {
      "A": "mlp.L1",
      "B": "h.L7.3",
      "A_layer": 1,
      "B_layer": 7,
      "rel_dB": 5.0199,
      "A_kind": "mlp"
    },
    {
      "A": "mlp.L1",
      "B": "h.L7.4",
      "A_layer": 1,
      "B_layer": 7,
      "rel_dB": 4.8335,
      "A_kind": "mlp"
    },
    {
      "A": "mlp.L1",
      "B": "h.L8.4",
      "A_layer": 1,
      "B_layer": 8,
      "rel_dB": 3.6655,
      "A_kind": "mlp"
    },
    {
      "A": "mlp.L1",
      "B": "h.L5.0",
      "A_layer": 1,
      "B_layer": 5,
      "rel_dB": 3.3222,
      "A_kind": "mlp"
    },
    {
      "A": "mlp.L1",
      "B": "h.L8.2",
      "A_layer": 1,
      "B_layer": 8,
      "rel_dB": 3.3155,
      "A_kind": "mlp"
    },
    {
      "A": "mlp.L3",
      "B": "h.L5.0",
      "A_layer": 3,
      "B_layer": 5,
      "rel_dB": 2.7006,
      "A_kind": "mlp"
    },
    {
      "A": "mlp.L1",
      "B": "h.L6.0",
      "A_layer": 1,
      "B_layer": 6,
      "rel_dB": 2.6578,
      "A_kind": "mlp"
    },
    {
      "A": "mlp.L1",
      "B": "h.L6.8",
      "A_layer": 1,
      "B_layer": 6,
      "rel_dB": 2.4018,
      "A_kind": "mlp"
    },
    {
      "A": "mlp.L0",
      "B": "h.L7.3",
      "A_layer": 0,
      "B_layer": 7,
      "rel_dB": 2.0677,
      "A_kind": "mlp"
    },
    {
      "A": "mlp.L2",
      "B": "h.L5.0",
      "A_layer": 2,
      "B_layer": 5,
      "rel_dB": 1.9181,
      "A_kind": "mlp"
    },
    {
      "A": "mlp.L2",
      "B": "h.L8.2",
      "A_layer": 2,
      "B_layer": 8,
      "rel_dB": 1.8319,
      "A_kind": "mlp"
    },
    {
      "A": "mlp.L0",
      "B": "h.L8.4",
      "A_layer": 0,
      "B_layer": 8,
      "rel_dB": 1.8106,
      "A_kind": "mlp"
    },
    {
      "A": "mlp.L1",
      "B": "h.L5.1",
      "A_layer": 1,
      "B_layer": 5,
      "rel_dB": 1.7754,
      "A_kind": "mlp"
    },
    {
      "A": "mlp.L1",
      "B": "h.L12.2",
      "A_layer": 1,
      "B_layer": 12,
      "rel_dB": 1.7248,
      "A_kind": "mlp"
    },
    {
      "A": "mlp.L2",
      "B": "h.L7.3",
      "A_layer": 2,
      "B_layer": 7,
      "rel_dB": 1.7104,
      "A_kind": "mlp"
    },
    {
      "A": "mlp.L2",
      "B": "h.L3.3",
      "A_layer": 2,
      "B_layer": 3,
      "rel_dB": 1.6742,
      "A_kind": "mlp"
    },
    {
      "A": "mlp.L0",
      "B": "h.L5.0",
      "A_layer": 0,
      "B_layer": 5,
      "rel_dB": 1.6664,
      "A_kind": "mlp"
    },
    {
      "A": "mlp.L3",
      "B": "h.L7.3",
      "A_layer": 3,
      "B_layer": 7,
      "rel_dB": 1.6617,
      "A_kind": "mlp"
    },
    {
      "A": "mlp.L1",
      "B": "h.L13.5",
      "A_layer": 1,
      "B_layer": 13,
      "rel_dB": 1.6168,
      "A_kind": "mlp"
    },
    {
      "A": "mlp.L1",
      "B": "h.L5.4",
      "A_layer": 1,
      "B_layer": 5,
      "rel_dB": 1.6158,
      "A_kind": "mlp"
    },
    {
      "A": "mlp.L0",
      "B": "h.L6.7",
      "A_layer": 0,
      "B_layer": 6,
      "rel_dB": 1.6119,
      "A_kind": "mlp"
    },
    {
      "A": "mlp.L3",
      "B": "h.L8.2",
      "A_layer": 3,
      "B_layer": 8,
      "rel_dB": 1.5746,
      "A_kind": "mlp"
    },
    {
      "A": "mlp.L1",
      "B": "h.L9.6",
      "A_layer": 1,
      "B_layer": 9,
      "rel_dB": 1.4947,
      "A_kind": "mlp"
    },
    {
      "A": "mlp.L2",
      "B": "h.L8.4",
      "A_layer": 2,
      "B_layer": 8,
      "rel_dB": 1.4922,
      "A_kind": "mlp"
    }
  ],
  "verified": [
    {
      "A": "h.L1.8",
      "B": "h.L2.4",
      "n_pos": 200,
      "A_trigger": {
        "cur_top": [
          [
            "'.'",
            30
          ],
          [
            "' ('",
            7
          ],
          [
            "' The'",
            2
          ],
          [
            "':'",
            1
          ],
          [
            "'\\n'",
            1
          ],
          [
            "' a'",
            1
          ]
        ],
        "cur_purity": 0.598,
        "src_top": [
          [
            "'.'",
            4
          ],
          [
            "'\\n'",
            4
          ],
          [
            "' though'",
            3
          ],
          [
            "' subsequ'",
            3
          ],
          [
            "' however'",
            2
          ],
          [
            "' which'",
            2
          ]
        ],
        "src_purity": 0.105
      },
      "B_trigger": {
        "cur_top": [
          [
            "'.'",
            10
          ],
          [
            "'\\n'",
            5
          ],
          [
            "'\"'",
            4
          ],
          [
            "','",
            2
          ],
          [
            "' is'",
            2
          ],
          [
            "' i'",
            2
          ]
        ],
        "cur_purity": 0.208,
        "src_top": [
          [
            "'.'",
            9
          ],
          [
            "'\\n'",
            6
          ],
          [
            "' ,'",
            6
          ],
          [
            "',\"'",
            3
          ],
          [
            "'php'",
            3
          ],
          [
            "' --'",
            3
          ]
        ],
        "src_purity": 0.283
      },
      "edge_dCE_mean": -0.0001,
      "edge_dCE_SE": 0.0003,
      "edge_dCE_frac_pos": 0.495,
      "qk_dCE_mean": -0.0001,
      "ov_dCE_mean": -0.0001,
      "B_pattern_rel_change_under_edge": 0.0293,
      "dmgB_when_A_present_mean": 0.0046,
      "dmgB_when_A_ablated_mean": 0.0044,
      "dependence_mean": 0.0002,
      "dependence_SE": 0.0048,
      "dependence_z": 0.05,
      "composition_type": "mixed/weak",
      "edge_supports_top": [
        [
          "'raid'",
          0.001
        ],
        [
          "' Coul'",
          0.001
        ],
        [
          "' Spectre'",
          0.001
        ],
        [
          "' Driver'",
          0.001
        ],
        [
          "' Ram'",
          0.001
        ],
        [
          "' Mask'",
          0.001
        ],
        [
          "' Machines'",
          0.001
        ],
        [
          "' Sequence'",
          0.001
        ]
      ],
      "edge_true_next_break_top": [
        [
          "' to'",
          0.018
        ],
        [
          "' more'",
          0.014
        ],
        [
          "' ,'",
          0.011
        ],
        [
          "'No'",
          0.01
        ],
        [
          "' neighbouring'",
          0.008
        ],
        [
          "' the'",
          0.008
        ]
      ],
      "ctrl_upstream": "h.L1.3",
      "ctrl_edge_dCE_mean": 0.0001,
      "ctrl_edge_dCE_SE": 0.0001,
      "verdict": "co-occurrence / not a chain",
      "strength_rel_dB": 0.4113
    },
    {
      "A": "h.L1.0",
      "B": "h.L2.4",
      "n_pos": 200,
      "A_trigger": {
        "cur_top": [
          [
            "'\\n'",
            28
          ],
          [
            "'.'",
            20
          ],
          [
            "'?'",
            1
          ],
          [
            "'.\"'",
            1
          ]
        ],
        "cur_purity": 0.783,
        "src_top": [
          [
            "' you'",
            3
          ],
          [
            "' This'",
            2
          ],
          [
            "' Read'",
            2
          ],
          [
            "' however'",
            2
          ],
          [
            "' that'",
            1
          ],
          [
            "' we'",
            1
          ]
        ],
        "src_purity": 0.038
      },
      "B_trigger": {
        "cur_top": [
          [
            "'.'",
            10
          ],
          [
            "'\\n'",
            5
          ],
          [
            "'\"'",
            4
          ],
          [
            "','",
            2
          ],
          [
            "' is'",
            2
          ],
          [
            "' i'",
            2
          ]
        ],
        "cur_purity": 0.208,
        "src_top": [
          [
            "'.'",
            9
          ],
          [
            "'\\n'",
            6
          ],
          [
            "' ,'",
            6
          ],
          [
            "',\"'",
            3
          ],
          [
            "'php'",
            3
          ],
          [
            "' --'",
            3
          ]
        ],
        "src_purity": 0.283
      },
      "edge_dCE_mean": 0.0002,
      "edge_dCE_SE": 0.0002,
      "edge_dCE_frac_pos": 0.57,
      "qk_dCE_mean": 0.0002,
      "ov_dCE_mean": 0.0001,
      "B_pattern_rel_change_under_edge": 0.0266,
      "dmgB_when_A_present_mean": 0.0046,
      "dmgB_when_A_ablated_mean": 0.005,
      "dependence_mean": -0.0004,
      "dependence_SE": 0.003,
      "dependence_z": -0.13,
      "composition_type": "mixed/weak",
      "edge_supports_top": [
        [
          "' Posts'",
          0.001
        ],
        [
          "' enqu'",
          0.001
        ],
        [
          "' Labour'",
          0.001
        ],
        [
          "' reply'",
          0.001
        ],
        [
          "' posted'",
          0.001
        ],
        [
          "' replies'",
          0.001
        ],
        [
          "' Telegraph'",
          0.001
        ],
        [
          "' comments'",
          0.001
        ]
      ],
      "edge_true_next_break_top": [
        [
          "'imp'",
          0.017
        ],
        [
          "' citing'",
          0.011
        ],
        [
          "' Q'",
          0.011
        ],
        [
          "'Not'",
          0.009
        ],
        [
          "' Polk'",
          0.009
        ],
        [
          "' survey'",
          0.006
        ]
      ],
      "ctrl_upstream": "h.L1.3",
      "ctrl_edge_dCE_mean": 0.0001,
      "ctrl_edge_dCE_SE": 0.0001,
      "verdict": "co-occurrence / not a chain",
      "strength_rel_dB": 0.298
    },
    {
      "A": "h.L4.0",
      "B": "h.L6.7",
      "n_pos": 200,
      "A_trigger": {
        "cur_top": [
          [
            "' 2012'",
            5
          ],
          [
            "' 2011'",
            3
          ],
          [
            "','",
            2
          ],
          [
            "'-'",
            2
          ],
          [
            "'8'",
            2
          ],
          [
            "'2012'",
            2
          ]
        ],
        "cur_purity": 0.101,
        "src_top": [
          [
            "','",
            8
          ],
          [
            "'\\n'",
            8
          ],
          [
            "'|'",
            7
          ],
          [
            "' ('",
            7
          ],
          [
            "'2012'",
            3
          ],
          [
            "'('",
            2
          ]
        ],
        "src_purity": 0.355
      },
      "B_trigger": {
        "cur_top": [
          [
            "'\\n'",
            14
          ],
          [
            "')'",
            5
          ],
          [
            "'.'",
            5
          ],
          [
            "'-'",
            5
          ],
          [
            "' by'",
            4
          ],
          [
            "' -'",
            4
          ]
        ],
        "cur_purity": 0.376,
        "src_top": [
          [
            "'.'",
            4
          ],
          [
            "','",
            3
          ],
          [
            "' -'",
            3
          ],
          [
            "'TS'",
            3
          ],
          [
            "' is'",
            2
          ],
          [
            "'...'",
            2
          ]
        ],
        "src_purity": 0.136
      },
      "edge_dCE_mean": 0.2777,
      "edge_dCE_SE": 0.0563,
      "edge_dCE_frac_pos": 0.635,
      "qk_dCE_mean": 0.1531,
      "ov_dCE_mean": 0.0923,
      "B_pattern_rel_change_under_edge": 1.1115,
      "dmgB_when_A_present_mean": 0.1148,
      "dmgB_when_A_ablated_mean": 0.1635,
      "dependence_mean": -0.0487,
      "dependence_SE": 0.0139,
      "dependence_z": -3.5,
      "composition_type": "QK (A moves WHERE B attends)",
      "edge_supports_top": [
        [
          "' sympathy'",
          0.457
        ],
        [
          "' retirement'",
          0.456
        ],
        [
          "' panic'",
          0.454
        ],
        [
          "' adjustment'",
          0.452
        ],
        [
          "'Security'",
          0.442
        ],
        [
          "' Money'",
          0.441
        ],
        [
          "' emergency'",
          0.44
        ],
        [
          "' comfort'",
          0.428
        ]
      ],
      "edge_true_next_break_top": [
        [
          "' Blue'",
          6.661
        ],
        [
          "'September'",
          3.695
        ],
        [
          "' loss'",
          2.524
        ],
        [
          "' $'",
          2.493
        ],
        [
          "' major'",
          2.438
        ],
        [
          "' HD'",
          2.383
        ]
      ],
      "ctrl_upstream": "h.L2.4",
      "ctrl_edge_dCE_mean": 0.0307,
      "ctrl_edge_dCE_SE": 0.0139,
      "verdict": "co-occurrence / not a chain",
      "strength_rel_dB": 0.2692
    },
    {
      "A": "h.L4.0",
      "B": "h.L5.0",
      "n_pos": 200,
      "A_trigger": {
        "cur_top": [
          [
            "' 2012'",
            5
          ],
          [
            "' 2011'",
            3
          ],
          [
            "','",
            2
          ],
          [
            "'-'",
            2
          ],
          [
            "'8'",
            2
          ],
          [
            "'2012'",
            2
          ]
        ],
        "cur_purity": 0.101,
        "src_top": [
          [
            "','",
            8
          ],
          [
            "'\\n'",
            8
          ],
          [
            "'|'",
            7
          ],
          [
            "' ('",
            7
          ],
          [
            "'2012'",
            3
          ],
          [
            "'('",
            2
          ]
        ],
        "src_purity": 0.355
      },
      "B_trigger": {
        "cur_top": [
          [
            "'.'",
            35
          ],
          [
            "','",
            4
          ],
          [
            "'!'",
            1
          ],
          [
            "' I'",
            1
          ],
          [
            "' that'",
            1
          ],
          [
            "\"'s\"",
            1
          ]
        ],
        "cur_purity": 0.665,
        "src_top": [
          [
            "' to'",
            2
          ],
          [
            "' 6'",
            2
          ],
          [
            "' ...'",
            2
          ],
          [
            "' cause'",
            2
          ],
          [
            "' The'",
            1
          ],
          [
            "' or'",
            1
          ]
        ],
        "src_purity": 0.028
      },
      "edge_dCE_mean": 0.0084,
      "edge_dCE_SE": 0.0142,
      "edge_dCE_frac_pos": 0.51,
      "qk_dCE_mean": -0.0008,
      "ov_dCE_mean": 0.0154,
      "B_pattern_rel_change_under_edge": 0.8306,
      "dmgB_when_A_present_mean": 0.0058,
      "dmgB_when_A_ablated_mean": 0.011,
      "dependence_mean": -0.0052,
      "dependence_SE": 0.0036,
      "dependence_z": -1.44,
      "composition_type": "OV/V (A changes WHAT B reads/writes)",
      "edge_supports_top": [
        [
          "' whatever'",
          0.213
        ],
        [
          "' kind'",
          0.198
        ],
        [
          "' what'",
          0.189
        ],
        [
          "' so'",
          0.188
        ],
        [
          "' that'",
          0.187
        ],
        [
          "' yeah'",
          0.181
        ],
        [
          "' all'",
          0.178
        ],
        [
          "' everybody'",
          0.171
        ]
      ],
      "edge_true_next_break_top": [
        [
          "\"'s\"",
          2.34
        ],
        [
          "' It'",
          0.68
        ],
        [
          "' their'",
          0.666
        ],
        [
          "' liv'",
          0.584
        ],
        [
          "' however'",
          0.495
        ],
        [
          "' from'",
          0.494
        ]
      ],
      "ctrl_upstream": "h.L2.1",
      "ctrl_edge_dCE_mean": -0.0046,
      "ctrl_edge_dCE_SE": 0.0038,
      "verdict": "co-occurrence / not a chain",
      "strength_rel_dB": 0.2678
    },
    {
      "A": "h.L1.8",
      "B": "h.L2.1",
      "n_pos": 200,
      "A_trigger": {
        "cur_top": [
          [
            "'.'",
            30
          ],
          [
            "' ('",
            7
          ],
          [
            "' The'",
            2
          ],
          [
            "':'",
            1
          ],
          [
            "'\\n'",
            1
          ],
          [
            "' a'",
            1
          ]
        ],
        "cur_purity": 0.598,
        "src_top": [
          [
            "'.'",
            4
          ],
          [
            "'\\n'",
            4
          ],
          [
            "' though'",
            3
          ],
          [
            "' subsequ'",
            3
          ],
          [
            "' however'",
            2
          ],
          [
            "' which'",
            2
          ]
        ],
        "src_purity": 0.105
      },
      "B_trigger": {
        "cur_top": [
          [
            "'.'",
            9
          ],
          [
            "'|'",
            7
          ],
          [
            "'\\n'",
            6
          ],
          [
            "' -'",
            5
          ],
          [
            "'.\"'",
            3
          ],
          [
            "')'",
            3
          ]
        ],
        "cur_purity": 0.322,
        "src_top": [
          [
            "'.'",
            9
          ],
          [
            "'|'",
            7
          ],
          [
            "'\\n'",
            6
          ],
          [
            "' -'",
            5
          ],
          [
            "')'",
            3
          ],
          [
            "'4'",
            2
          ]
        ],
        "src_purity": 0.319
      },
      "edge_dCE_mean": 0.0001,
      "edge_dCE_SE": 0.0002,
      "edge_dCE_frac_pos": 0.52,
      "qk_dCE_mean": 0.0,
      "ov_dCE_mean": 0.0,
      "B_pattern_rel_change_under_edge": 0.015,
      "dmgB_when_A_present_mean": 0.0344,
      "dmgB_when_A_ablated_mean": 0.0343,
      "dependence_mean": 0.0001,
      "dependence_SE": 0.0022,
      "dependence_z": 0.03,
      "composition_type": "mixed/weak",
      "edge_supports_top": [
        [
          "' blocks'",
          0.002
        ],
        [
          "' charms'",
          0.002
        ],
        [
          "' missiles'",
          0.002
        ],
        [
          "' keys'",
          0.002
        ],
        [
          "' rockets'",
          0.002
        ],
        [
          "' stones'",
          0.002
        ],
        [
          "' spots'",
          0.002
        ],
        [
          "' badges'",
          0.002
        ]
      ],
      "edge_true_next_break_top": [
        [
          "'UCK'",
          0.02
        ],
        [
          "' April'",
          0.011
        ],
        [
          "' started'",
          0.01
        ],
        [
          "' also'",
          0.006
        ],
        [
          "' Green'",
          0.006
        ],
        [
          "' Andy'",
          0.005
        ]
      ],
      "ctrl_upstream": "h.L1.3",
      "ctrl_edge_dCE_mean": 0.0,
      "ctrl_edge_dCE_SE": 0.0001,
      "verdict": "co-occurrence / not a chain",
      "strength_rel_dB": 0.261
    },
    {
      "A": "mlp.L1",
      "B": "h.L6.7",
      "n_pos": 200,
      "A_trigger": {
        "note": "whole-MLP layer"
      },
      "B_trigger": {
        "cur_top": [
          [
            "'\\n'",
            14
          ],
          [
            "')'",
            5
          ],
          [
            "'.'",
            5
          ],
          [
            "'-'",
            5
          ],
          [
            "' by'",
            4
          ],
          [
            "' -'",
            4
          ]
        ],
        "cur_purity": 0.376,
        "src_top": [
          [
            "'.'",
            4
          ],
          [
            "','",
            3
          ],
          [
            "' -'",
            3
          ],
          [
            "'TS'",
            3
          ],
          [
            "' is'",
            2
          ],
          [
            "'...'",
            2
          ]
        ],
        "src_purity": 0.136
      },
      "edge_dCE_mean": 0.1248,
      "edge_dCE_SE": 0.0402,
      "edge_dCE_frac_pos": 0.575,
      "qk_dCE_mean": 0.1104,
      "ov_dCE_mean": 0.1657,
      "B_pattern_rel_change_under_edge": 0.9873,
      "dmgB_when_A_present_mean": 0.1148,
      "dmgB_when_A_ablated_mean": 0.1087,
      "dependence_mean": 0.0061,
      "dependence_SE": 0.054,
      "dependence_z": 0.11,
      "composition_type": "OV/V (A changes WHAT B reads/writes)",
      "edge_supports_top": [
        [
          "' Citiz'",
          0.408
        ],
        [
          "'arnaev'",
          0.395
        ],
        [
          "'maxwell'",
          0.387
        ],
        [
          "' tremend'",
          0.353
        ],
        [
          "'DonaldTrump'",
          0.351
        ],
        [
          "' eleph'",
          0.348
        ],
        [
          "'potion'",
          0.345
        ],
        [
          "' GamerGate'",
          0.342
        ]
      ],
      "edge_true_next_break_top": [
        [
          "'September'",
          3.379
        ],
        [
          "'sen'",
          2.516
        ],
        [
          "' Amanda'",
          2.405
        ],
        [
          "' Link'",
          2.234
        ],
        [
          "' Blue'",
          1.969
        ],
        [
          "' Q'",
          1.861
        ]
      ],
      "verdict": "co-occurrence / not a chain",
      "strength_rel_dB": 5.6373
    },
    {
      "A": "mlp.L1",
      "B": "h.L7.3",
      "n_pos": 200,
      "A_trigger": {
        "note": "whole-MLP layer"
      },
      "B_trigger": {
        "cur_top": [
          [
            "'.'",
            8
          ],
          [
            "'col'",
            6
          ],
          [
            "' ('",
            4
          ],
          [
            "','",
            3
          ],
          [
            "' Inter'",
            3
          ],
          [
            "' Low'",
            2
          ]
        ],
        "cur_purity": 0.23,
        "src_top": [
          [
            "'leg'",
            6
          ],
          [
            "'col'",
            3
          ],
          [
            "'%'",
            2
          ],
          [
            "'4'",
            2
          ],
          [
            "' 1'",
            2
          ],
          [
            "' Country'",
            2
          ]
        ],
        "src_purity": 0.129
      },
      "edge_dCE_mean": 0.0127,
      "edge_dCE_SE": 0.0165,
      "edge_dCE_frac_pos": 0.66,
      "qk_dCE_mean": 0.0092,
      "ov_dCE_mean": 0.0203,
      "B_pattern_rel_change_under_edge": 0.9943,
      "dmgB_when_A_present_mean": 0.0145,
      "dmgB_when_A_ablated_mean": -0.0055,
      "dependence_mean": 0.02,
      "dependence_SE": 0.0232,
      "dependence_z": 0.86,
      "composition_type": "OV/V (A changes WHAT B reads/writes)",
      "edge_supports_top": [
        [
          "'acebook'",
          0.265
        ],
        [
          "'ailability'",
          0.263
        ],
        [
          "'mercial'",
          0.262
        ],
        [
          "'CLASSIFIED'",
          0.261
        ],
        [
          "'raltar'",
          0.256
        ],
        [
          "'integer'",
          0.251
        ],
        [
          "'ective'",
          0.251
        ],
        [
          "'usercontent'",
          0.25
        ]
      ],
      "edge_true_next_break_top": [
        [
          "'A'",
          1.686
        ],
        [
          "'d'",
          1.518
        ],
        [
          "'-'",
          1.461
        ],
        [
          "' of'",
          0.89
        ],
        [
          "'7'",
          0.694
        ],
        [
          "'Off'",
          0.414
        ]
      ],
      "verdict": "co-occurrence / not a chain",
      "strength_rel_dB": 5.0199
    }
  ]
}
QK UNSUP COMPOSE DONE
