Warning: You are sending unauthenticated requests to the HF Hub. Please set a HF_TOKEN to enable higher rate limits and faster downloads.
bilin18: NL=18 NH=9 HD=128 D=1152 V=50304  -> 162 head-paths
353 special token ids masked from trigger selection (eos=50256)
PASS A (TRAIN): head norms + attn-source + resid + MLP gram ...
MLP directions computed. Re-pass for MLP projections ...

===== TOP 20 ORTHOGRAPHIC-TRIGGER PATHS (TRAIN, ranked purity*lift, mag-gated) =====
mlp.L2.d3    [cur] has_digit val=  'None' pur=0.943 lift=  28.9 score=  27.25 distinct=17 mag=0.352  ex=[' 17', ' 16', ' 15', ' 18', ' 2012', '2011']
h.L16.0      [src] is_allcaps val=  'None' pur=0.527 lift=  46.4 score=  24.44 distinct=5 mag=0.062  ex=[' UEFA', 'UE', 'OS', ' MSI', ' AFL']
h.L8.3       [src] has_digit val=  'None' pur=0.810 lift=  24.8 score=  20.11 distinct=19 mag=0.219  ex=[' 17', ' 11', ' 15', ' 26', ' 25', ' 29']
h.L12.7      [src] suffix3   val=   'rch' pur=0.195 lift=  94.1 score=  18.39 distinct=3 mag=0.060  ex=[' Search', 'Search', ' search']
h.L4.0       [cur] prefix3   val=   '201' pur=0.293 lift=  59.7 score=  17.51 distinct=3 mag=0.258  ex=[' 2012', ' 2013', '2011']
h.L8.7       [src] has_digit val=  'None' pur=0.751 lift=  23.0 score=  17.28 distinct=25 mag=0.144  ex=['3', ' 22', ' 9', '1', ' 5', ' 21']
mlp.L2.d1    [cur] prefix3   val=   'ina' pur=0.064 lift= 262.3 score=  16.80 distinct=3 mag=0.277  ex=['inators', 'inator', 'ina']
h.L10.3      [src] ngram3    val=   'pti' pur=0.128 lift= 113.3 score=  14.49 distinct=3 mag=0.063  ex=[' exemptions', ' exemption', ' captivity']
h.L7.3       [src] prefix2   val=    'Ma' pur=0.233 lift=  55.3 score=  12.88 distinct=3 mag=0.069  ex=['May', 'March', 'Mar']
h.L3.7       [cur] has_digit val=  'None' pur=0.618 lift=  18.9 score=  11.68 distinct=27 mag=0.213  ex=['26', '44', '479', '477', '30', '275']
h.L10.1      [cur] ngram3    val=   'uce' pur=0.093 lift= 121.3 score=  11.23 distinct=3 mag=0.069  ex=[' produce', ' reduced', ' reduce']
h.L13.8      [src] is_punct  val=  'None' pur=1.000 lift=   7.5 score=   7.52 distinct=9 mag=0.113  ex=[' (', ' "', '-', ' [', '/', " '"]
mlp.L9.d1    [cur] is_punct  val=  'None' pur=1.000 lift=   7.5 score=   7.52 distinct=5 mag=0.073  ex=[' -', '.', '"', ').', '||']
mlp.L15.d3   [cur] is_punct  val=  'None' pur=1.000 lift=   7.5 score=   7.52 distinct=8 mag=0.238  ex=[':', ' $', '.', ' €', ',', '-']
mlp.L16.d0   [cur] is_punct  val=  'None' pur=1.000 lift=   7.5 score=   7.52 distinct=7 mag=0.691  ex=['.', ' -', '-', ').', '?', ')']
h.L14.1      [src] suffix3   val=   'rch' pur=0.124 lift=  59.6 score=   7.37 distinct=3 mag=0.065  ex=[' Search', ' research', 'Search']
mlp.L11.d1   [cur] is_punct  val=  'None' pur=0.980 lift=   7.4 score=   7.22 distinct=3 mag=0.061  ex=[' -', '.', ').']
mlp.L4.d1    [cur] has_digit val=  'None' pur=0.482 lift=  14.8 score=   7.11 distinct=4 mag=0.313  ex=[' 2012', ' 2013', ' 17', ' 26']
h.L7.4       [src] has_digit val=  'None' pur=0.479 lift=  14.7 score=   7.03 distinct=10 mag=0.063  ex=[' 2012', ' 2013', ' 1', ' 29', ' 11', ' 25']
mlp.L17.d1   [cur] is_punct  val=  'None' pur=0.962 lift=   7.2 score=   6.96 distinct=12 mag=0.550  ex=[':', ' $', '.', ' €', '"', '/']

OUT-OF-SAMPLE: recompute top-14 winners' purity on FW[256:448] ...
  mlp.L2.d3    has_digit val=  'None'  train_pur=0.943  oos_pur=0.434  oos_distinct=13
  h.L16.0      is_allcaps val=  'None'  train_pur=0.527  oos_pur=0.179  oos_distinct=4
  h.L8.3       has_digit val=  'None'  train_pur=0.810  oos_pur=0.967  oos_distinct=39
  h.L12.7      suffix3   val=   'rch'  train_pur=0.195  oos_pur=0.000  oos_distinct=0
  h.L4.0       prefix3   val=   '201'  train_pur=0.293  oos_pur=0.103  oos_distinct=4
  h.L8.7       has_digit val=  'None'  train_pur=0.751  oos_pur=0.900  oos_distinct=34
  mlp.L2.d1    prefix3   val=   'ina'  train_pur=0.064  oos_pur=0.000  oos_distinct=0
  h.L10.3      ngram3    val=   'pti'  train_pur=0.128  oos_pur=0.000  oos_distinct=0
  h.L7.3       prefix2   val=    'Ma'  train_pur=0.233  oos_pur=0.000  oos_distinct=0
  h.L3.7       has_digit val=  'None'  train_pur=0.618  oos_pur=0.497  oos_distinct=20
  h.L10.1      ngram3    val=   'uce'  train_pur=0.093  oos_pur=0.000  oos_distinct=0
  h.L13.8      is_punct  val=  'None'  train_pur=1.000  oos_pur=1.000  oos_distinct=7
  mlp.L9.d1    is_punct  val=  'None'  train_pur=1.000  oos_pur=0.957  oos_distinct=5
  mlp.L15.d3   is_punct  val=  'None'  train_pur=1.000  oos_pur=0.891  oos_distinct=7

CAUSAL targets (5): ['h.L8.3', 'h.L8.7', 'h.L13.8', 'mlp.L9.d1', 'mlp.L15.d3']
PASS (HELD): collect means + activations ...
CAUSAL: base CE grid ...
CAUSAL ablate h.L8.3 ...
   uncond dCE=0.0049±0.0008 (n=18634)  match=0.0197±0.0066 (n=729)  nomatch=0.0043±0.0008
CAUSAL ablate h.L8.7 ...
   uncond dCE=0.0048±0.0008 (n=18634)  match=0.0316±0.0076 (n=1220)  nomatch=0.0029±0.0006
CAUSAL ablate h.L13.8 ...
   uncond dCE=0.0027±0.0007 (n=18634)  match=0.0146±0.0036 (n=3123)  nomatch=0.0003±0.0004
CAUSAL ablate mlp.L9.d1 ...
   uncond dCE=0.0001±0.0003 (n=18634)  match=-0.0007±0.0013 (n=2317)  nomatch=0.0002±0.0003
CAUSAL ablate mlp.L15.d3 ...
   uncond dCE=0.0007±0.0003 (n=18634)  match=0.003±0.0012 (n=2317)  nomatch=0.0003±0.0002

Saved qk_unsup_bytefrag.json
QK UNSUP BYTEFRAG DONE
