GPU guard: 15571 MiB free -- proceeding.
GPU guard: 15571 MiB free -- proceeding.
level-5-lite winner: V9 (held CE 5.7519)
Warning: You are sending unauthenticated requests to the HF Hub. Please set a HF_TOKEN to enable higher rate limits and faster downloads.
base fp32 CE 5.77571
tables built (8s)
attn0: floor +0.0438 tokmean rec 0.4562 linear rec 0.4624 (9s)
mlp0: floor +0.0335 tokmean rec 0.792 linear rec 0.876 (10s)
attn1: floor +0.0000 tokmean rec None linear rec None (12s)
mlp1: floor -0.0008 tokmean rec None linear rec None (13s)
attn2: floor +0.0117 tokmean rec 0.814 linear rec 0.82 (14s)
mlp2: floor +0.1641 tokmean rec 0.9644 linear rec 0.8086 (16s)
attn3: floor +0.0863 tokmean rec 0.22 linear rec 0.2652 (17s)
mlp3: floor +0.4091 tokmean rec 0.9408 linear rec 0.885 (18s)
attn4: floor +0.0000 tokmean rec None linear rec None (20s)
mlp4: floor +0.4390 tokmean rec 0.928 linear rec 0.8477 (21s)
attn5: floor -0.0000 tokmean rec None linear rec None (22s)
mlp5: floor +0.5880 tokmean rec 0.9684 linear rec 0.9416 (24s)
attn6: floor +0.0209 tokmean rec 0.2733 linear rec 0.2105 (25s)
mlp6: floor +0.4200 tokmean rec 0.8685 linear rec 0.7751 (26s)
attn7: floor +0.0812 tokmean rec 0.2571 linear rec 0.226 (28s)
mlp7: floor +0.0905 tokmean rec 0.8686 linear rec 0.6618 (29s)
attn8: floor +0.1014 tokmean rec 0.1714 linear rec 0.148 (31s)
mlp8: floor +0.1832 tokmean rec 0.8323 linear rec 0.6767 (32s)
attn9: floor +0.1644 tokmean rec 0.1768 linear rec 0.1536 (33s)
mlp9: floor +0.0816 tokmean rec 0.6201 linear rec 0.4411 (35s)
attn10: floor +0.0961 tokmean rec 0.1996 linear rec 0.158 (36s)
mlp10: floor +0.3820 tokmean rec 0.727 linear rec 0.7089 (37s)
attn11: floor +0.0291 tokmean rec 0.1208 linear rec 0.1054 (39s)
mlp11: floor +0.1001 tokmean rec 0.4068 linear rec 0.2706 (40s)
meaning diagnostics ...
saved qk_v9.json (level5) in 41s
