GPU guard: 15571 MiB free -- proceeding.
GPU guard: 15571 MiB free -- proceeding.
  consumption row 0: emb +0.1060  (0s)
  consumption row 1: emb +0.0017, mlp0 +0.0001, attn0 -0.0025  (2s)
  consumption row 2: emb +0.2027, attn0 +0.0035, mlp0 +0.0026, attn1 -0.0000  (4s)
  consumption row 3: emb +0.5171, mlp2 +0.0172, attn0 +0.0152, mlp0 +0.0030  (7s)
  consumption row 4: emb +0.3288, mlp3 +0.0161, mlp2 +0.0084, attn3 +0.0068  (11s)
  consumption row 5: emb +0.1771, mlp4 +0.0320, mlp3 +0.0311, mlp2 +0.0121  (16s)
  consumption row 6: mlp5 +0.0792, mlp3 +0.0726, mlp4 +0.0688, mlp2 +0.0320  (22s)
  consumption row 7: mlp4 +0.0396, mlp5 +0.0375, mlp6 +0.0368, mlp3 +0.0288  (27s)
  consumption row 8: mlp6 +0.0960, mlp5 +0.0429, mlp4 +0.0391, mlp3 +0.0330  (33s)
  consumption row 9: mlp6 +0.1024, mlp5 +0.0541, mlp4 +0.0483, mlp3 +0.0267  (38s)
  consumption row 10: mlp6 +0.1525, mlp5 +0.0727, mlp8 +0.0657, mlp4 +0.0495  (43s)
  consumption row 11: mlp6 +0.3994, mlp10 +0.3352, mlp8 +0.0864, mlp5 +0.0307  (49s)
  consumption row 12: mlp6 +1.3371, mlp10 +0.8607, mlp8 +0.4313, attn9 +0.1210  (54s)
per-block totals: {0: 0.06194, 1: -0.00094, 2: 0.10522, 3: 0.24351, 4: 0.27725, 5: 0.31714, 6: 2.15048, 7: 0.25033, 8: 0.6943, 9: 0.32911, 10: 1.26771, 11: 0.13627}
wiring: n 114, Spearman all 0.9024, effectual (70 pairs) 0.7244, top-10 precision 0.6
terms block4: n 9 rel_err 0.00e+00 k95 5 recovered 0.995
terms block6: n 12 rel_err 0.00e+00 k95 5 recovered 0.9682
terms block9: n 12 rel_err 0.00e+00 k95 8 recovered 0.9985
  L0: tokdet 0.9771 linVE 0.7563 dCEfloor 0.0331 rec 0.8328
  L1: tokdet 0.8692 linVE 0.5939 dCEfloor -0.0010 rec None
  L2: tokdet 0.9653 linVE 0.6847 dCEfloor 0.1599 rec 0.8236
  L3: tokdet 0.9218 linVE 0.7199 dCEfloor 0.4153 rec 0.8781
  L4: tokdet 0.9337 linVE 0.7102 dCEfloor 0.4570 rec 0.859
  L5: tokdet 0.9481 linVE 0.7972 dCEfloor 0.5701 rec 0.933
  L6: tokdet 0.8832 linVE 0.6666 dCEfloor 0.4227 rec 0.7655
  L7: tokdet 0.8797 linVE 0.5143 dCEfloor 0.0926 rec 0.6728
  L8: tokdet 0.7739 linVE 0.5297 dCEfloor 0.1805 rec 0.6781
  L9: tokdet 0.5718 linVE 0.3439 dCEfloor 0.0818 rec 0.4538
  L10: tokdet 0.5404 linVE 0.3578 dCEfloor 0.3804 rec 0.7059
  L11: tokdet 0.4239 linVE 0.2428 dCEfloor 0.0978 rec 0.2681
probe done in 131s
saved qk_v9.json (probe)
