GPU guard: 7108 MiB free -- proceeding.
width patched: D 264, NH 6, HD 44, slot dim 11
GPU guard: 7108 MiB free -- proceeding.
control VC==A264 at init: max |logit diff| 0.00e+00
control penalty fast 4962.8906 vs naive 4962.8903 rel 5.63e-08
V10 visibility table matches spec (blocks window-6, readout all 24 writes, no embedding)
control V10(full vis, identity proj, zero writes)==A264: max |logit diff| 0.00e+00
control V11(init)==V10(init): max |logit diff| 8.18e-04
control V11lr(init)==V10(init): max |logit diff| 8.18e-04
control V11(full vis, identity everything, zero writes)==A264: max |logit diff| 0.00e+00
pre-flight: batch 8 peak 5525 MiB
pre-flight: batch 8 too hungry for the shared GPU -- falling back to 4
pre-flight: batch 4 peak 3032 MiB
width 264, batch 4, 1375 steps/epoch, 8250 steps total, single lr 0.002
param counts: {"control_run": {"total": 28325352, "embedding": 13267848, "body": 15057504, "added_vs_base": 0}, "run": {"total": 28325352, "embedding": 13267848, "body": 15057504, "added_vs_base": 0}, "run_v11": {"total": 30004392, "embedding": 13267848, "body": 16736544, "added_vs_base": 1679040}, "run_v11nl": {"total": 30004392, "embedding": 13267848, "body": 16736544, "added_vs_base": 1679040}, "run_v11lr": {"total": 28737192, "embedding": 13267848, "body": 15469344, "added_vs_base": 411840}}
==== training qk_v264_vanilla (lr 0.002, gc 0.0) ====
GPU guard: 6922 MiB free -- proceeding.
  V8[lr 0.002, gc 0.0] step 0/8250 ce 10.8550 (ema 10.8550) 0s mem 2721MiB
  V8[lr 0.002, gc 0.0] step 200/8250 ce 6.7204 (ema 7.3581) 15s mem 2937MiB
  V8[lr 0.002, gc 0.0] step 400/8250 ce 7.1742 (ema 6.8982) 29s mem 2937MiB
  V8[lr 0.002, gc 0.0] step 600/8250 ce 6.9129 (ema 6.6628) 43s mem 2937MiB
  V8[lr 0.002, gc 0.0] step 800/8250 ce 6.8383 (ema 6.5699) 58s mem 2937MiB
  V8[lr 0.002, gc 0.0] step 1000/8250 ce 6.6844 (ema 6.4418) 72s mem 2937MiB
  V8[lr 0.002, gc 0.0] step 1200/8250 ce 6.1762 (ema 6.4114) 87s mem 2937MiB
  V8[lr 0.002, gc 0.0] step 1400/8250 ce 6.2787 (ema 6.2237) 101s mem 2937MiB
  V8[lr 0.002, gc 0.0] step 1600/8250 ce 6.1767 (ema 6.1509) 116s mem 2937MiB
  V8[lr 0.002, gc 0.0] step 1800/8250 ce 6.0546 (ema 6.1097) 130s mem 2937MiB
  V8[lr 0.002, gc 0.0] step 2000/8250 ce 6.6932 (ema 6.1043) 145s mem 2937MiB
  V8 step 2000 held100 CE 6.1723
  V8[lr 0.002, gc 0.0] step 2200/8250 ce 5.9773 (ema 6.0594) 160s mem 2937MiB
  V8[lr 0.002, gc 0.0] step 2400/8250 ce 6.1055 (ema 6.0792) 174s mem 2937MiB
  V8[lr 0.002, gc 0.0] step 2600/8250 ce 6.2457 (ema 6.0088) 189s mem 2937MiB
  V8[lr 0.002, gc 0.0] step 2800/8250 ce 5.6943 (ema 5.8495) 203s mem 2937MiB
  V8[lr 0.002, gc 0.0] step 3000/8250 ce 5.6603 (ema 5.7828) 218s mem 2937MiB
  V8[lr 0.002, gc 0.0] step 3200/8250 ce 5.3590 (ema 5.8196) 232s mem 2937MiB
  V8[lr 0.002, gc 0.0] step 3400/8250 ce 5.6791 (ema 5.8140) 246s mem 2937MiB
  V8[lr 0.002, gc 0.0] step 3600/8250 ce 5.4774 (ema 5.8077) 261s mem 2937MiB
  V8[lr 0.002, gc 0.0] step 3800/8250 ce 5.6153 (ema 5.7824) 275s mem 2937MiB
  V8[lr 0.002, gc 0.0] step 4000/8250 ce 5.7529 (ema 5.7511) 290s mem 2937MiB
  V8 step 4000 held100 CE 5.9047
  V8[lr 0.002, gc 0.0] step 4200/8250 ce 5.8524 (ema 5.5193) 305s mem 2937MiB
  V8[lr 0.002, gc 0.0] step 4400/8250 ce 5.6644 (ema 5.5716) 319s mem 2937MiB
  V8[lr 0.002, gc 0.0] step 4600/8250 ce 5.6004 (ema 5.5651) 334s mem 2937MiB
  V8[lr 0.002, gc 0.0] step 4800/8250 ce 5.2664 (ema 5.5349) 348s mem 2937MiB
  V8[lr 0.002, gc 0.0] step 5000/8250 ce 5.3875 (ema 5.5758) 363s mem 2937MiB
  V8[lr 0.002, gc 0.0] step 5200/8250 ce 5.0609 (ema 5.5334) 377s mem 2937MiB
  V8[lr 0.002, gc 0.0] step 5400/8250 ce 5.6473 (ema 5.4981) 392s mem 2937MiB
  V8[lr 0.002, gc 0.0] step 5600/8250 ce 5.4615 (ema 5.2864) 406s mem 2937MiB
  V8[lr 0.002, gc 0.0] step 5800/8250 ce 5.4626 (ema 5.2468) 420s mem 2937MiB
  V8[lr 0.002, gc 0.0] step 6000/8250 ce 5.1946 (ema 5.2554) 435s mem 2937MiB
  V8 step 6000 held100 CE 5.8164
  V8[lr 0.002, gc 0.0] step 6200/8250 ce 5.3115 (ema 5.3316) 450s mem 2937MiB
  V8[lr 0.002, gc 0.0] step 6400/8250 ce 5.3395 (ema 5.3504) 464s mem 2937MiB
  V8[lr 0.002, gc 0.0] step 6600/8250 ce 5.3248 (ema 5.2779) 479s mem 2937MiB
  V8[lr 0.002, gc 0.0] step 6800/8250 ce 5.1347 (ema 5.2612) 493s mem 2937MiB
  V8[lr 0.002, gc 0.0] step 7000/8250 ce 4.9604 (ema 5.0372) 508s mem 2937MiB
  V8[lr 0.002, gc 0.0] step 7200/8250 ce 4.5658 (ema 5.0646) 522s mem 2937MiB
  V8[lr 0.002, gc 0.0] step 7400/8250 ce 4.8034 (ema 4.9934) 537s mem 2937MiB
  V8[lr 0.002, gc 0.0] step 7600/8250 ce 4.5733 (ema 5.0473) 551s mem 2937MiB
  V8[lr 0.002, gc 0.0] step 7800/8250 ce 5.3156 (ema 5.0180) 566s mem 2937MiB
  V8[lr 0.002, gc 0.0] step 8000/8250 ce 5.3284 (ema 5.0656) 580s mem 2937MiB
  V8 step 8000 held100 CE 5.8219
  V8[lr 0.002, gc 0.0] step 8200/8250 ce 4.8351 (ema 5.0132) 595s mem 2937MiB
/workspace/tensor_language/basis_aligned/qk_mdl/qk_v8_train.py:276: UserWarning: Converting a tensor with requires_grad=True to a scalar may lead to unexpected behavior.
Consider using tensor.detach() first. (Triggered internally at /pytorch/torch/csrc/autograd/generated/python_variable_methods.cpp:838.)
  log['final_penalty'] = float(group_penalty(model))
== V8 FINAL held CE 5.80063  (603s, 2 spikes, penalty 9202.93)
==== training qk_v10 (lr 0.002, gc 0.0001) ====
GPU guard: 6078 MiB free -- proceeding.
  V8[lr 0.002, gc 0.0001] step 0/8250 ce 10.8766 (ema 10.8766) 0s mem 2937MiB
  V8[lr 0.002, gc 0.0001] step 200/8250 ce 6.5440 (ema 7.2386) 16s mem 2979MiB
  V8[lr 0.002, gc 0.0001] step 400/8250 ce 7.0212 (ema 6.7445) 32s mem 2979MiB
  V8[lr 0.002, gc 0.0001] step 600/8250 ce 6.8148 (ema 6.5373) 48s mem 2979MiB
  V8[lr 0.002, gc 0.0001] step 800/8250 ce 6.8034 (ema 6.4688) 63s mem 2979MiB
  V8[lr 0.002, gc 0.0001] step 1000/8250 ce 6.5758 (ema 6.3640) 79s mem 2979MiB
  V8[lr 0.002, gc 0.0001] step 1200/8250 ce 6.0823 (ema 6.3459) 95s mem 2979MiB
  V8[lr 0.002, gc 0.0001] step 1400/8250 ce 6.2259 (ema 6.1625) 111s mem 2979MiB
  V8[lr 0.002, gc 0.0001] step 1600/8250 ce 6.1305 (ema 6.1085) 127s mem 2979MiB
  V8[lr 0.002, gc 0.0001] step 1800/8250 ce 5.9944 (ema 6.0851) 142s mem 2979MiB
  V8[lr 0.002, gc 0.0001] step 2000/8250 ce 6.6632 (ema 6.0956) 158s mem 2979MiB
  V8 step 2000 held100 CE 6.1748
  V8[lr 0.002, gc 0.0001] step 2200/8250 ce 6.0081 (ema 6.0739) 175s mem 2979MiB
  V8[lr 0.002, gc 0.0001] step 2400/8250 ce 6.1456 (ema 6.1053) 191s mem 2979MiB
  V8[lr 0.002, gc 0.0001] step 2600/8250 ce 6.3057 (ema 6.0433) 203s mem 2979MiB
  V8[lr 0.002, gc 0.0001] step 2800/8250 ce 5.7561 (ema 5.8977) 215s mem 2979MiB
  V8[lr 0.002, gc 0.0001] step 3000/8250 ce 5.7480 (ema 5.8339) 230s mem 2979MiB
  V8[lr 0.002, gc 0.0001] step 3200/8250 ce 5.4209 (ema 5.8871) 243s mem 2979MiB
  V8[lr 0.002, gc 0.0001] step 3400/8250 ce 5.7037 (ema 5.8865) 258s mem 2979MiB
  V8[lr 0.002, gc 0.0001] step 3600/8250 ce 5.5492 (ema 5.8893) 274s mem 2979MiB
  V8[lr 0.002, gc 0.0001] step 3800/8250 ce 5.7024 (ema 5.8739) 290s mem 2979MiB
  V8[lr 0.002, gc 0.0001] step 4000/8250 ce 5.8467 (ema 5.8523) 306s mem 2979MiB
  V8 step 4000 held100 CE 6.0057
  V8[lr 0.002, gc 0.0001] step 4200/8250 ce 5.9472 (ema 5.6482) 322s mem 2979MiB
  V8[lr 0.002, gc 0.0001] step 4400/8250 ce 5.7781 (ema 5.7109) 338s mem 2979MiB
  V8[lr 0.002, gc 0.0001] step 4600/8250 ce 5.7493 (ema 5.7140) 354s mem 2979MiB
  V8[lr 0.002, gc 0.0001] step 4800/8250 ce 5.3961 (ema 5.6839) 370s mem 2979MiB
  V8[lr 0.002, gc 0.0001] step 5000/8250 ce 5.5264 (ema 5.7313) 386s mem 2979MiB
  V8[lr 0.002, gc 0.0001] step 5200/8250 ce 5.2024 (ema 5.7015) 402s mem 2979MiB
  V8[lr 0.002, gc 0.0001] step 5400/8250 ce 5.8166 (ema 5.6638) 418s mem 2979MiB
  V8[lr 0.002, gc 0.0001] step 5600/8250 ce 5.6427 (ema 5.4922) 434s mem 2979MiB
  V8[lr 0.002, gc 0.0001] step 5800/8250 ce 5.7198 (ema 5.4688) 450s mem 2979MiB
  V8[lr 0.002, gc 0.0001] step 6000/8250 ce 5.3871 (ema 5.4785) 466s mem 2979MiB
  V8 step 6000 held100 CE 5.9191
  V8[lr 0.002, gc 0.0001] step 6200/8250 ce 5.5355 (ema 5.5632) 483s mem 2979MiB
  V8[lr 0.002, gc 0.0001] step 6400/8250 ce 5.5950 (ema 5.5804) 494s mem 2979MiB
  V8[lr 0.002, gc 0.0001] step 6600/8250 ce 5.5831 (ema 5.5148) 506s mem 2979MiB
  V8[lr 0.002, gc 0.0001] step 6800/8250 ce 5.3751 (ema 5.4946) 521s mem 2979MiB
  V8[lr 0.002, gc 0.0001] step 7000/8250 ce 5.2410 (ema 5.3207) 534s mem 2979MiB
  V8[lr 0.002, gc 0.0001] step 7200/8250 ce 4.8627 (ema 5.3586) 549s mem 2979MiB
  V8[lr 0.002, gc 0.0001] step 7400/8250 ce 5.0860 (ema 5.2830) 565s mem 2979MiB
  V8[lr 0.002, gc 0.0001] step 7600/8250 ce 4.8796 (ema 5.3446) 581s mem 2979MiB
  V8[lr 0.002, gc 0.0001] step 7800/8250 ce 5.6443 (ema 5.3150) 597s mem 2979MiB
  V8[lr 0.002, gc 0.0001] step 8000/8250 ce 5.5839 (ema 5.3559) 613s mem 2979MiB
  V8 step 8000 held100 CE 5.8914
  V8[lr 0.002, gc 0.0001] step 8200/8250 ce 5.1385 (ema 5.3054) 629s mem 2979MiB
== V8 FINAL held CE 5.87838  (637s, 4 spikes, penalty 1655.10)
==== training qk_v11 (lr 0.002, gc 0.0001) ====
GPU guard: 6152 MiB free -- proceeding.
  V8[lr 0.002, gc 0.0001] step 0/8250 ce 10.8766 (ema 10.8766) 0s mem 2979MiB
  V8[lr 0.002, gc 0.0001] step 200/8250 ce 6.5679 (ema 7.2121) 17s mem 3032MiB
  V8[lr 0.002, gc 0.0001] step 400/8250 ce 7.0750 (ema 6.7830) 34s mem 3032MiB
  V8[lr 0.002, gc 0.0001] step 600/8250 ce 6.8239 (ema 6.5678) 50s mem 3032MiB
  V8[lr 0.002, gc 0.0001] step 800/8250 ce 6.8009 (ema 6.4893) 67s mem 3032MiB
  V8[lr 0.002, gc 0.0001] step 1000/8250 ce 6.6144 (ema 6.3875) 84s mem 3032MiB
  V8[lr 0.002, gc 0.0001] step 1200/8250 ce 6.0986 (ema 6.3711) 101s mem 3032MiB
  V8[lr 0.002, gc 0.0001] step 1400/8250 ce 6.2574 (ema 6.1938) 118s mem 3032MiB
  V8[lr 0.002, gc 0.0001] step 1600/8250 ce 6.1721 (ema 6.1378) 134s mem 3032MiB
  V8[lr 0.002, gc 0.0001] step 1800/8250 ce 6.0248 (ema 6.1096) 146s mem 3032MiB
  V8[lr 0.002, gc 0.0001] step 2000/8250 ce 6.6928 (ema 6.1159) 156s mem 3032MiB
  V8 step 2000 held100 CE 6.1838
  V8[lr 0.002, gc 0.0001] step 2200/8250 ce 6.0079 (ema 6.0896) 165s mem 3032MiB
  V8[lr 0.002, gc 0.0001] step 2400/8250 ce 6.1752 (ema 6.1231) 173s mem 3032MiB
  V8[lr 0.002, gc 0.0001] step 2600/8250 ce 6.3077 (ema 6.0583) 181s mem 3032MiB
  V8[lr 0.002, gc 0.0001] step 2800/8250 ce 5.7642 (ema 5.9190) 189s mem 3032MiB
  V8[lr 0.002, gc 0.0001] step 3000/8250 ce 5.7515 (ema 5.8656) 197s mem 3032MiB
  V8[lr 0.002, gc 0.0001] step 3200/8250 ce 5.4391 (ema 5.9121) 205s mem 3032MiB
  V8[lr 0.002, gc 0.0001] step 3400/8250 ce 5.7468 (ema 5.9035) 214s mem 3032MiB
  V8[lr 0.002, gc 0.0001] step 3600/8250 ce 5.5735 (ema 5.9068) 222s mem 3032MiB
  V8[lr 0.002, gc 0.0001] step 3800/8250 ce 5.7188 (ema 5.8763) 230s mem 3032MiB
  V8[lr 0.002, gc 0.0001] step 4000/8250 ce 5.8685 (ema 5.8589) 238s mem 3032MiB
  V8 step 4000 held100 CE 6.0081
  V8[lr 0.002, gc 0.0001] step 4200/8250 ce 6.0126 (ema 5.6798) 247s mem 3032MiB
  V8[lr 0.002, gc 0.0001] step 4400/8250 ce 5.7797 (ema 5.7336) 255s mem 3032MiB
  V8[lr 0.002, gc 0.0001] step 4600/8250 ce 5.7636 (ema 5.7378) 263s mem 3032MiB
  V8[lr 0.002, gc 0.0001] step 4800/8250 ce 5.4184 (ema 5.7094) 271s mem 3032MiB
  V8[lr 0.002, gc 0.0001] step 5000/8250 ce 5.5429 (ema 5.7493) 279s mem 3032MiB
  V8[lr 0.002, gc 0.0001] step 5200/8250 ce 5.2627 (ema 5.7165) 288s mem 3032MiB
  V8[lr 0.002, gc 0.0001] step 5400/8250 ce 5.8235 (ema 5.6785) 296s mem 3032MiB
  V8[lr 0.002, gc 0.0001] step 5600/8250 ce 5.6821 (ema 5.5313) 304s mem 3032MiB
  V8[lr 0.002, gc 0.0001] step 5800/8250 ce 5.7670 (ema 5.5116) 312s mem 3032MiB
  V8[lr 0.002, gc 0.0001] step 6000/8250 ce 5.4401 (ema 5.5128) 320s mem 3032MiB
  V8 step 6000 held100 CE 5.9244
  V8[lr 0.002, gc 0.0001] step 6200/8250 ce 5.5565 (ema 5.5982) 329s mem 3032MiB
  V8[lr 0.002, gc 0.0001] step 6400/8250 ce 5.6382 (ema 5.6142) 337s mem 3032MiB
  V8[lr 0.002, gc 0.0001] step 6600/8250 ce 5.6234 (ema 5.5462) 345s mem 3032MiB
  V8[lr 0.002, gc 0.0001] step 6800/8250 ce 5.4274 (ema 5.5308) 354s mem 3032MiB
  V8[lr 0.002, gc 0.0001] step 7000/8250 ce 5.2837 (ema 5.3804) 362s mem 3032MiB
  V8[lr 0.002, gc 0.0001] step 7200/8250 ce 4.9515 (ema 5.4204) 370s mem 3032MiB
  V8[lr 0.002, gc 0.0001] step 7400/8250 ce 5.1346 (ema 5.3490) 378s mem 3032MiB
  V8[lr 0.002, gc 0.0001] step 7600/8250 ce 4.9224 (ema 5.4097) 386s mem 3032MiB
  V8[lr 0.002, gc 0.0001] step 7800/8250 ce 5.6932 (ema 5.3715) 395s mem 3032MiB
  V8[lr 0.002, gc 0.0001] step 8000/8250 ce 5.6301 (ema 5.4195) 403s mem 3032MiB
  V8 step 8000 held100 CE 5.9027
  V8[lr 0.002, gc 0.0001] step 8200/8250 ce 5.2099 (ema 5.3683) 411s mem 3032MiB
== V8 FINAL held CE 5.88327  (415s, 1 spikes, penalty 1208.04)
==== training qk_v11nl (lr 0.002, gc 0.0001) ====
GPU guard: 14559 MiB free -- proceeding.
  V8[lr 0.002, gc 0.0001] step 0/8250 ce 10.8766 (ema 10.8766) 0s mem 3032MiB
  V8[lr 0.002, gc 0.0001] step 200/8250 ce 6.5584 (ema 7.2139) 8s mem 3032MiB
  V8[lr 0.002, gc 0.0001] step 400/8250 ce 7.0684 (ema 6.7836) 16s mem 3032MiB
  V8[lr 0.002, gc 0.0001] step 600/8250 ce 6.8415 (ema 6.5668) 24s mem 3032MiB
  V8[lr 0.002, gc 0.0001] step 800/8250 ce 6.7965 (ema 6.4861) 32s mem 3032MiB
  V8[lr 0.002, gc 0.0001] step 1000/8250 ce 6.5675 (ema 6.3756) 40s mem 3032MiB
  V8[lr 0.002, gc 0.0001] step 1200/8250 ce 6.0898 (ema 6.3594) 48s mem 3032MiB
  V8[lr 0.002, gc 0.0001] step 1400/8250 ce 6.2559 (ema 6.1879) 56s mem 3032MiB
  V8[lr 0.002, gc 0.0001] step 1600/8250 ce 6.1260 (ema 6.1264) 64s mem 3032MiB
  V8[lr 0.002, gc 0.0001] step 1800/8250 ce 6.0222 (ema 6.0987) 72s mem 3032MiB
  V8[lr 0.002, gc 0.0001] step 2000/8250 ce 6.6610 (ema 6.1050) 81s mem 3032MiB
  V8 step 2000 held100 CE 6.1835
  V8[lr 0.002, gc 0.0001] step 2200/8250 ce 6.0397 (ema 6.0810) 89s mem 3032MiB
  V8[lr 0.002, gc 0.0001] step 2400/8250 ce 6.1442 (ema 6.1157) 97s mem 3032MiB
  V8[lr 0.002, gc 0.0001] step 2600/8250 ce 6.3381 (ema 6.0499) 105s mem 3032MiB
  V8[lr 0.002, gc 0.0001] step 2800/8250 ce 5.7468 (ema 5.9071) 113s mem 3032MiB
  V8[lr 0.002, gc 0.0001] step 3000/8250 ce 5.7448 (ema 5.8530) 121s mem 3032MiB
  V8[lr 0.002, gc 0.0001] step 3200/8250 ce 5.4249 (ema 5.8967) 129s mem 3032MiB
  V8[lr 0.002, gc 0.0001] step 3400/8250 ce 5.7494 (ema 5.8944) 137s mem 3032MiB
  V8[lr 0.002, gc 0.0001] step 3600/8250 ce 5.5575 (ema 5.8987) 145s mem 3032MiB
  V8[lr 0.002, gc 0.0001] step 3800/8250 ce 5.6953 (ema 5.8698) 153s mem 3032MiB
  V8[lr 0.002, gc 0.0001] step 4000/8250 ce 5.8506 (ema 5.8496) 161s mem 3032MiB
  V8 step 4000 held100 CE 5.9986
  V8[lr 0.002, gc 0.0001] step 4200/8250 ce 5.9988 (ema 5.6682) 169s mem 3032MiB
  V8[lr 0.002, gc 0.0001] step 4400/8250 ce 5.7866 (ema 5.7241) 177s mem 3032MiB
  V8[lr 0.002, gc 0.0001] step 4600/8250 ce 5.7762 (ema 5.7250) 185s mem 3032MiB
  V8[lr 0.002, gc 0.0001] step 4800/8250 ce 5.4132 (ema 5.6973) 193s mem 3032MiB
  V8[lr 0.002, gc 0.0001] step 5000/8250 ce 5.5442 (ema 5.7394) 201s mem 3032MiB
  V8[lr 0.002, gc 0.0001] step 5200/8250 ce 5.2252 (ema 5.7061) 209s mem 3032MiB
  V8[lr 0.002, gc 0.0001] step 5400/8250 ce 5.8199 (ema 5.6670) 218s mem 3032MiB
  V8[lr 0.002, gc 0.0001] step 5600/8250 ce 5.6827 (ema 5.5197) 226s mem 3032MiB
  V8[lr 0.002, gc 0.0001] step 5800/8250 ce 5.7688 (ema 5.4976) 234s mem 3032MiB
  V8[lr 0.002, gc 0.0001] step 6000/8250 ce 5.4177 (ema 5.4996) 242s mem 3032MiB
  V8 step 6000 held100 CE 5.9120
  V8[lr 0.002, gc 0.0001] step 6200/8250 ce 5.5526 (ema 5.5807) 250s mem 3032MiB
  V8[lr 0.002, gc 0.0001] step 6400/8250 ce 5.5984 (ema 5.5976) 258s mem 3032MiB
  V8[lr 0.002, gc 0.0001] step 6600/8250 ce 5.6031 (ema 5.5280) 266s mem 3032MiB
  V8[lr 0.002, gc 0.0001] step 6800/8250 ce 5.3977 (ema 5.5112) 274s mem 3032MiB
  V8[lr 0.002, gc 0.0001] step 7000/8250 ce 5.2901 (ema 5.3614) 282s mem 3032MiB
  V8[lr 0.002, gc 0.0001] step 7200/8250 ce 4.9269 (ema 5.4003) 290s mem 3032MiB
  V8[lr 0.002, gc 0.0001] step 7400/8250 ce 5.1249 (ema 5.3255) 298s mem 3032MiB
  V8[lr 0.002, gc 0.0001] step 7600/8250 ce 4.9056 (ema 5.3902) 306s mem 3032MiB
  V8[lr 0.002, gc 0.0001] step 7800/8250 ce 5.6900 (ema 5.3523) 314s mem 3032MiB
  V8[lr 0.002, gc 0.0001] step 8000/8250 ce 5.6082 (ema 5.4010) 322s mem 3032MiB
  V8 step 8000 held100 CE 5.8829
  V8[lr 0.002, gc 0.0001] step 8200/8250 ce 5.2031 (ema 5.3489) 331s mem 3032MiB
== V8 FINAL held CE 5.86633  (335s, 2 spikes, penalty 1228.68)
==== training qk_v11lr (lr 0.002, gc 0.0001) ====
GPU guard: 14535 MiB free -- proceeding.
  V8[lr 0.002, gc 0.0001] step 0/8250 ce 10.8766 (ema 10.8766) 0s mem 3032MiB
  V8[lr 0.002, gc 0.0001] step 200/8250 ce 6.5768 (ema 7.2108) 8s mem 3032MiB
  V8[lr 0.002, gc 0.0001] step 400/8250 ce 7.0502 (ema 6.7888) 17s mem 3032MiB
  V8[lr 0.002, gc 0.0001] step 600/8250 ce 6.8756 (ema 6.5775) 25s mem 3032MiB
  V8[lr 0.002, gc 0.0001] step 800/8250 ce 6.8166 (ema 6.4931) 34s mem 3032MiB
  V8[lr 0.002, gc 0.0001] step 1000/8250 ce 6.6046 (ema 6.3784) 42s mem 3032MiB
  V8[lr 0.002, gc 0.0001] step 1200/8250 ce 6.0809 (ema 6.3711) 51s mem 3032MiB
  V8[lr 0.002, gc 0.0001] step 1400/8250 ce 6.2708 (ema 6.1982) 59s mem 3032MiB
  V8[lr 0.002, gc 0.0001] step 1600/8250 ce 6.1738 (ema 6.1437) 67s mem 3032MiB
  V8[lr 0.002, gc 0.0001] step 1800/8250 ce 6.0558 (ema 6.1136) 76s mem 3032MiB
  V8[lr 0.002, gc 0.0001] step 2000/8250 ce 6.6626 (ema 6.1184) 84s mem 3032MiB
  V8 step 2000 held100 CE 6.1966
  V8[lr 0.002, gc 0.0001] step 2200/8250 ce 6.0465 (ema 6.0918) 93s mem 3032MiB
  V8[lr 0.002, gc 0.0001] step 2400/8250 ce 6.1590 (ema 6.1307) 102s mem 3032MiB
  V8[lr 0.002, gc 0.0001] step 2600/8250 ce 6.3354 (ema 6.0653) 110s mem 3032MiB
  V8[lr 0.002, gc 0.0001] step 2800/8250 ce 5.7505 (ema 5.9264) 118s mem 3032MiB
  V8[lr 0.002, gc 0.0001] step 3000/8250 ce 5.7590 (ema 5.8714) 127s mem 3032MiB
  V8[lr 0.002, gc 0.0001] step 3200/8250 ce 5.4233 (ema 5.9194) 135s mem 3032MiB
  V8[lr 0.002, gc 0.0001] step 3400/8250 ce 5.7478 (ema 5.9130) 144s mem 3032MiB
  V8[lr 0.002, gc 0.0001] step 3600/8250 ce 5.5658 (ema 5.9174) 152s mem 3032MiB
  V8[lr 0.002, gc 0.0001] step 3800/8250 ce 5.7271 (ema 5.8941) 161s mem 3032MiB
  V8[lr 0.002, gc 0.0001] step 4000/8250 ce 5.8618 (ema 5.8684) 169s mem 3032MiB
  V8 step 4000 held100 CE 6.0240
  V8[lr 0.002, gc 0.0001] step 4200/8250 ce 6.0081 (ema 5.6902) 178s mem 3032MiB
  V8[lr 0.002, gc 0.0001] step 4400/8250 ce 5.8073 (ema 5.7518) 186s mem 3032MiB
  V8[lr 0.002, gc 0.0001] step 4600/8250 ce 5.7739 (ema 5.7484) 195s mem 3032MiB
  V8[lr 0.002, gc 0.0001] step 4800/8250 ce 5.4327 (ema 5.7255) 203s mem 3032MiB
  V8[lr 0.002, gc 0.0001] step 5000/8250 ce 5.5555 (ema 5.7664) 211s mem 3032MiB
  V8[lr 0.002, gc 0.0001] step 5200/8250 ce 5.2745 (ema 5.7312) 220s mem 3032MiB
  V8[lr 0.002, gc 0.0001] step 5400/8250 ce 5.8464 (ema 5.6927) 228s mem 3032MiB
  V8[lr 0.002, gc 0.0001] step 5600/8250 ce 5.6705 (ema 5.5453) 237s mem 3032MiB
  V8[lr 0.002, gc 0.0001] step 5800/8250 ce 5.7886 (ema 5.5255) 245s mem 3032MiB
  V8[lr 0.002, gc 0.0001] step 6000/8250 ce 5.4368 (ema 5.5291) 253s mem 3032MiB
  V8 step 6000 held100 CE 5.9396
  V8[lr 0.002, gc 0.0001] step 6200/8250 ce 5.5773 (ema 5.6123) 262s mem 3032MiB
  V8[lr 0.002, gc 0.0001] step 6400/8250 ce 5.6203 (ema 5.6293) 271s mem 3032MiB
  V8[lr 0.002, gc 0.0001] step 6600/8250 ce 5.6458 (ema 5.5586) 279s mem 3032MiB
  V8[lr 0.002, gc 0.0001] step 6800/8250 ce 5.4233 (ema 5.5409) 287s mem 3032MiB
  V8[lr 0.002, gc 0.0001] step 7000/8250 ce 5.3034 (ema 5.3962) 296s mem 3032MiB
  V8[lr 0.002, gc 0.0001] step 7200/8250 ce 4.9741 (ema 5.4342) 304s mem 3032MiB
  V8[lr 0.002, gc 0.0001] step 7400/8250 ce 5.1568 (ema 5.3615) 313s mem 3032MiB
  V8[lr 0.002, gc 0.0001] step 7600/8250 ce 4.9426 (ema 5.4271) 321s mem 3032MiB
  V8[lr 0.002, gc 0.0001] step 7800/8250 ce 5.7318 (ema 5.3867) 329s mem 3032MiB
  V8[lr 0.002, gc 0.0001] step 8000/8250 ce 5.6517 (ema 5.4311) 338s mem 3032MiB
  V8 step 8000 held100 CE 5.9135
  V8[lr 0.002, gc 0.0001] step 8200/8250 ce 5.2396 (ema 5.3844) 347s mem 3032MiB
== V8 FINAL held CE 5.89291  (351s, 2 spikes, penalty 1165.95)
CE tables saved
train script done
