GPU guard: 15571 MiB free -- proceeding.
width patched: D 768, NH 12, slot dim 32
GPU guard: 15571 MiB free -- proceeding.
  consumption row 0: emb +8.5836  (1s)
  consumption row 1: emb +1.1643, mlp0 +0.1420, attn0 +0.0466  (4s)
  consumption row 2: emb +1.4138, mlp0 +0.1250, mlp1 +0.0559, attn0 +0.0339  (8s)
  consumption row 3: mlp0 +0.0510, emb +0.0406, mlp1 +0.0298, attn0 +0.0206  (15s)
  consumption row 4: emb +0.1089, mlp0 +0.0389, mlp1 +0.0215, attn0 +0.0083  (23s)
  consumption row 5: mlp0 +0.0235, emb +0.0166, mlp1 +0.0163, mlp2 +0.0037  (34s)
  consumption row 6: emb +0.0208, mlp0 +0.0134, mlp1 +0.0077, attn0 +0.0056  (46s)
  consumption row 7: emb +3.6814, mlp0 +0.2055, attn2 +0.1453, mlp1 +0.1238  (60s)
  consumption row 8: emb +0.4433, mlp0 +0.0596, attn2 +0.0282, attn7 +0.0274  (76s)
  consumption row 9: emb +0.1987, mlp0 +0.0315, attn7 +0.0160, attn2 +0.0143  (94s)
  consumption row 10: emb +1.6882, mlp0 +0.0906, attn2 +0.0819, attn7 +0.0674  (113s)
  consumption row 11: emb +1.3883, mlp0 +0.1222, attn2 +0.0955, attn7 +0.0913  (135s)
  consumption row 12: emb +5.0181, attn2 +1.2625, mlp0 +0.8174, attn7 +0.6696  (158s)
per-block totals: {0: 2.22201, 1: 0.62497, 2: 1.83244, 3: 0.5475, 4: 0.07304, 5: 0.06865, 6: 0.0332, 7: 0.89845, 8: 0.10007, 9: 0.0545, 10: 0.03036, 11: 0.08575}
wiring: n 156, Spearman all 0.8156, effectual (79 pairs) 0.3877, top-10 precision 0.6
terms block4: n 9 rel_err 0.00e+00 k95 8 recovered 1.0006
terms block6: n 13 rel_err 0.00e+00 k95 11 recovered 1.0001
terms block9: n 19 rel_err 0.00e+00 k95 16 recovered 0.999
  L0: tokdet 0.8351 linVE 0.6876 dCEfloor 2.4226 rec 0.915
  L1: tokdet 0.8161 linVE 0.6748 dCEfloor 0.8352 rec 0.9189
  L2: tokdet 0.6904 linVE 0.5001 dCEfloor 0.2207 rec 0.7935
  L3: tokdet 0.5863 linVE 0.3626 dCEfloor 0.0323 rec 0.5736
  L4: tokdet 0.6368 linVE 0.4117 dCEfloor 0.0498 rec 0.5989
  L5: tokdet 0.6144 linVE 0.3599 dCEfloor 0.0063 rec 0.6372
  L6: tokdet 0.5839 linVE 0.3477 dCEfloor 0.0101 rec 0.5405
  L7: tokdet 0.5027 linVE 0.3148 dCEfloor 0.0235 rec 0.4658
  L8: tokdet 0.3896 linVE 0.2484 dCEfloor 0.0171 rec 0.4132
  L9: tokdet 0.3993 linVE 0.2431 dCEfloor 0.0136 rec 0.3655
  L10: tokdet 0.3836 linVE 0.2307 dCEfloor 0.0211 rec 0.3404
  L11: tokdet 0.3117 linVE 0.1962 dCEfloor 0.0374 rec 0.3083
probe done in 317s
saved qk_w768.json (probe)
