GPU guard: 9278 MiB free -- proceeding.
width patched: D 1152, NH 18, slot dim 48, write_init_std 0.002357
data: train 5948 seqs (5500 cooc + 448 fw), held 500, one epoch = 743 steps at effective batch 8
GPU guard: 9258 MiB free -- proceeding.
control penalty fast 10367.7988 vs naive 10367.7975 rel 1.32e-07
control W1152(identity proj, zero writes)==A1152: max |logit diff| 0.00e+00
control grad-accum(1x2) vs batch-2: rel err 2.69e-05
pre-flight: micro 8 OOM -- falling back
pre-flight: micro 4 OOM -- falling back
pre-flight: micro 2 OOM -- falling back
Traceback (most recent call last):
  File "/workspace/tensor_language/basis_aligned/qk_mdl/qk_w1152_train.py", line 315, in <module>
    out['micro_batch'], out['preflight_peak_mib'] = preflight_micro()
                                                    ^^^^^^^^^^^^^^^^^
  File "/workspace/tensor_language/basis_aligned/qk_mdl/qk_w1152_train.py", line 302, in preflight_micro
    raise RuntimeError("width 1152 does not fit even at micro-batch 2")
RuntimeError: width 1152 does not fit even at micro-batch 2
GPU guard: 15571 MiB free -- proceeding.
width patched: D 1152, NH 18, slot dim 48, write_init_std 0.002357
data: train 5948 seqs (5500 cooc + 448 fw), held 500, one epoch = 743 steps at effective batch 8
GPU guard: 15551 MiB free -- proceeding.
control penalty fast 10367.7988 vs naive 10367.7975 rel 1.32e-07
control W1152(identity proj, zero writes)==A1152: max |logit diff| 0.00e+00
control grad-accum(1x2) vs batch-2: rel err 2.69e-05
pre-flight: micro 8 OOM -- falling back
pre-flight: micro 4 OOM -- falling back
pre-flight: micro 2 peak 14349 MiB (budget 13000)
Traceback (most recent call last):
  File "/workspace/tensor_language/basis_aligned/qk_mdl/qk_w1152_train.py", line 315, in <module>
    out['micro_batch'], out['preflight_peak_mib'] = preflight_micro()
                                                    ^^^^^^^^^^^^^^^^^
  File "/workspace/tensor_language/basis_aligned/qk_mdl/qk_w1152_train.py", line 302, in preflight_micro
    raise RuntimeError("width 1152 does not fit even at micro-batch 2")
RuntimeError: width 1152 does not fit even at micro-batch 2
