Warning: You are sending unauthenticated requests to the HF Hub. Please set a HF_TOKEN to enable higher rate limits and faster downloads.
estimating normal means...
estimating h3-less means...
l1 h0 sensitivity to l0-h3 (p-weighted rel change): {'k1': 0.1507, 'k2': 0.2067, 'v': 0.282}
l1 h1 sensitivity to l0-h3 (p-weighted rel change): {'k1': 0.1373, 'k2': 0.1148, 'v': 0.1486}
l1 h2 sensitivity to l0-h3 (p-weighted rel change): {'k1': 0.1993, 'k2': 0.2017, 'v': 0.2962}
l1 h3 sensitivity to l0-h3 (p-weighted rel change): {'k1': 0.0984, 'k2': 0.2218, 'v': 0.2571}
l1 h4 sensitivity to l0-h3 (p-weighted rel change): {'k1': 0.1601, 'k2': 0.2638, 'v': 0.2536}
l1 h5 sensitivity to l0-h3 (p-weighted rel change): {'k1': 0.1526, 'k2': 0.2057, 'v': 0.222}
l1 h6 sensitivity to l0-h3 (p-weighted rel change): {'k1': 0.1941, 'k2': 0.2495, 'v': 0.2505}
l1 h7 sensitivity to l0-h3 (p-weighted rel change): {'k1': 0.1882, 'k2': 0.2003, 'v': 0.233}
l1 h8 sensitivity to l0-h3 (p-weighted rel change): {'k1': 0.1583, 'k2': 0.1572, 'v': 0.1933}
l1 h0 archetype shifts: mean 0.1355 max 0.2944 (r9) moved: [' that', ' you', ' a', ' "']
l1 h1 archetype shifts: mean 0.1421 max 0.3328 (r22) moved: [',', '.', '\\n', ' is']
l1 h2 archetype shifts: mean 0.1562 max 0.2573 (r24) moved: [' it', ' as', ' up', ' is']
l1 h3 archetype shifts: mean 0.1625 max 0.5009 (r1) moved: [',', '.', ' to', ' and']
l1 h4 archetype shifts: mean 0.1697 max 0.3038 (r16) moved: [',', ' the', '\\n', ' to']
l1 h5 archetype shifts: mean 0.1306 max 0.2583 (r25) moved: [' the', ' a', '.', ' an']
l1 h6 archetype shifts: mean 0.1532 max 0.3670 (r8) moved: [',', ' -', ' can', ' be']
l1 h7 archetype shifts: mean 0.1261 max 0.2465 (r24) moved: [' In', ' This', ' The', ' 2012']
l1 h8 archetype shifts: mean 0.1714 max 0.3388 (r6) moved: [',', ' to', ' in', ' for']
Pz (h3-less l1 tables, model normal): dCE +0.05537 (pattern-path share vs port +0.02799)
Bz (l0-h3 zeroed, l1 pattern shielded with normal tables): dCE +0.17078 (vs total h3 effect +0.07795)
WHO READS H3 DONE
