windowed-lookback run: depth 12, windows [1, 2, 4, 6], 4122 steps (6 epochs), batch 8, lr grid [0.0005, 0.001, 0.002, 0.003]
GPU guard: 15571 MiB free -- proceeding.
init control: max |logit(W13 zero-init) - logit(A)| = 0.00e+00
deadlock demo (W-1, zero-init): loss 10.825 -> 8.149 after 80 steps; parameters moved: 2 (['wte.weight', 'h.11.Down_bias']...)
-- sweep vanilla w384 lr 0.0005
GPU guard: 14255 MiB free -- proceeding.
   vanilla lr 0.0005: held100 CE 6.4895 (0 spikes)
-- sweep vanilla w384 lr 0.001
GPU guard: 14255 MiB free -- proceeding.
   vanilla lr 0.001: held100 CE 6.3289 (0 spikes)
-- sweep vanilla w384 lr 0.002
GPU guard: 14093 MiB free -- proceeding.
   vanilla lr 0.002: held100 CE 6.3626 (0 spikes)
-- sweep vanilla w384 lr 0.003
GPU guard: 14195 MiB free -- proceeding.
   vanilla lr 0.003: held100 CE 6.4060 (0 spikes)
vanilla: chosen lr 0.001 (ranking [0.001, 0.002, 0.003, 0.0005])
-- sweep N1 w384 lr 0.0005
GPU guard: 14133 MiB free -- proceeding.
   N1 lr 0.0005: held100 CE 7.7400 (0 spikes)
-- sweep N1 w384 lr 0.001
GPU guard: 14129 MiB free -- proceeding.
   N1 lr 0.001: held100 CE 7.7550 (1 spikes)
-- sweep N1 w384 lr 0.002
GPU guard: 14129 MiB free -- proceeding.
   N1 lr 0.002: held100 CE 7.7710 (0 spikes)
-- sweep N1 w384 lr 0.003
GPU guard: 14129 MiB free -- proceeding.
   N1 lr 0.003: held100 CE 7.7918 (0 spikes)
N1: chosen lr 0.0005 (ranking [0.0005, 0.001, 0.002, 0.003])
-- sweep N2 w384 lr 0.0005
GPU guard: 14107 MiB free -- proceeding.
   N2 lr 0.0005: held100 CE 6.8557 (0 spikes)
-- sweep N2 w384 lr 0.001
GPU guard: 14173 MiB free -- proceeding.
   N2 lr 0.001: held100 CE 6.7200 (0 spikes)
-- sweep N2 w384 lr 0.002
GPU guard: 14113 MiB free -- proceeding.
   N2 lr 0.002: held100 CE 6.8893 (0 spikes)
-- sweep N2 w384 lr 0.003
GPU guard: 13987 MiB free -- proceeding.
   N2 lr 0.003: held100 CE 7.7902 (0 spikes)
N2: chosen lr 0.001 (ranking [0.001, 0.0005, 0.002, 0.003])
-- sweep N4 w384 lr 0.0005
GPU guard: 14171 MiB free -- proceeding.
   N4 lr 0.0005: held100 CE 6.5971 (0 spikes)
-- sweep N4 w384 lr 0.001
GPU guard: 14233 MiB free -- proceeding.
   N4 lr 0.001: held100 CE 6.4582 (0 spikes)
-- sweep N4 w384 lr 0.002
GPU guard: 14153 MiB free -- proceeding.
   N4 lr 0.002: held100 CE 6.4476 (0 spikes)
-- sweep N4 w384 lr 0.003
GPU guard: 14171 MiB free -- proceeding.
   N4 lr 0.003: held100 CE 6.5287 (0 spikes)
N4: chosen lr 0.002 (ranking [0.002, 0.001, 0.003, 0.0005])
-- sweep N6 w384 lr 0.0005
GPU guard: 14073 MiB free -- proceeding.
   N6 lr 0.0005: held100 CE 6.5285 (0 spikes)
-- sweep N6 w384 lr 0.001
GPU guard: 14251 MiB free -- proceeding.
   N6 lr 0.001: held100 CE 6.4004 (0 spikes)
-- sweep N6 w384 lr 0.002
GPU guard: 14187 MiB free -- proceeding.
   N6 lr 0.002: held100 CE 6.3655 (0 spikes)
-- sweep N6 w384 lr 0.003
GPU guard: 14107 MiB free -- proceeding.
   N6 lr 0.003: held100 CE 6.4051 (0 spikes)
N6: chosen lr 0.002 (ranking [0.002, 0.001, 0.003, 0.0005])
==== training vanilla at lr 0.001 (sweep winner) ====
GPU guard: 14161 MiB free -- proceeding.
  vanilla step 0/4122 loss 10.9266 (ema 10.9266) 0s mem 6131MiB
  vanilla step 200/4122 loss 7.1683 (ema 7.1279) 14s mem 6131MiB
  vanilla step 400/4122 loss 6.6721 (ema 6.4588) 29s mem 6131MiB
  vanilla step 600/4122 loss 6.0063 (ema 6.2333) 43s mem 6131MiB
  vanilla step 800/4122 loss 5.8235 (ema 5.9262) 57s mem 6131MiB
  vanilla step 1000/4122 loss 5.9659 (ema 5.8768) 72s mem 6131MiB
  vanilla step 1200/4122 loss 5.8069 (ema 5.8203) 86s mem 6131MiB
  vanilla step 1400/4122 loss 5.4763 (ema 5.6180) 100s mem 6131MiB
  vanilla step 1600/4122 loss 5.5110 (ema 5.4598) 115s mem 6131MiB
  vanilla step 1800/4122 loss 5.5544 (ema 5.4588) 129s mem 6131MiB
  vanilla step 2000/4122 loss 5.6542 (ema 5.4306) 143s mem 6131MiB
  vanilla step 2000 held100 CE 5.6837
  vanilla step 2200/4122 loss 5.2430 (ema 5.1166) 158s mem 6131MiB
  vanilla step 2400/4122 loss 5.2090 (ema 5.0766) 172s mem 6131MiB
  vanilla step 2600/4122 loss 5.2577 (ema 5.0973) 187s mem 6131MiB
  vanilla step 2800/4122 loss 4.5567 (ema 4.8194) 201s mem 6131MiB
  vanilla step 3000/4122 loss 4.6331 (ema 4.6716) 215s mem 6131MiB
  vanilla step 3200/4122 loss 4.9498 (ema 4.7268) 230s mem 6131MiB
  vanilla step 3400/4122 loss 4.9303 (ema 4.6810) 244s mem 6131MiB
  vanilla step 3600/4122 loss 4.3484 (ema 4.3735) 258s mem 6131MiB
  vanilla step 3800/4122 loss 4.2208 (ema 4.3415) 273s mem 6131MiB
  vanilla step 4000/4122 loss 4.1015 (ema 4.3449) 287s mem 6131MiB
  vanilla step 4000 held100 CE 5.7856
== qk_window_vanilla FINAL held CE 5.76509  (297s, 0 spikes)
==== training N1 at lr 0.0005 (sweep winner) ====
GPU guard: 14333 MiB free -- proceeding.
  N1 step 0/4122 loss 10.8918 (ema 10.8918) 0s mem 6131MiB
  N1 step 200/4122 loss 8.0081 (ema 8.3633) 14s mem 6131MiB
  N1 step 400/4122 loss 7.8616 (ema 7.7902) 28s mem 6131MiB
  N1 step 600/4122 loss 7.6643 (ema 7.7721) 43s mem 6131MiB
  N1 step 800/4122 loss 7.6690 (ema 7.7168) 57s mem 6131MiB
  N1 step 1000/4122 loss 7.7339 (ema 7.7328) 71s mem 6131MiB
  N1 step 1200/4122 loss 7.7123 (ema 7.7450) 85s mem 6131MiB
  N1 step 1400/4122 loss 7.7152 (ema 7.6980) 99s mem 6131MiB
  N1 step 1600/4122 loss 7.6829 (ema 7.6929) 113s mem 6131MiB
  N1 step 1800/4122 loss 7.7390 (ema 7.7146) 127s mem 6131MiB
  N1 step 2000/4122 loss 7.7347 (ema 7.7004) 142s mem 6131MiB
  N1 step 2000 held100 CE 7.7401
  N1 step 2200/4122 loss 7.6380 (ema 7.6813) 156s mem 6131MiB
  N1 step 2400/4122 loss 7.9057 (ema 7.6736) 170s mem 6131MiB
  N1 step 2600/4122 loss 7.6934 (ema 7.7038) 184s mem 6131MiB
  N1 step 2800/4122 loss 7.5326 (ema 7.6680) 199s mem 6131MiB
  N1 step 3000/4122 loss 7.6934 (ema 7.6429) 213s mem 6131MiB
  N1 step 3200/4122 loss 7.7431 (ema 7.6901) 227s mem 6131MiB
  N1 step 3400/4122 loss 7.8913 (ema 7.6824) 241s mem 6131MiB
  N1 step 3600/4122 loss 7.7833 (ema 7.6755) 255s mem 6131MiB
  N1 step 3800/4122 loss 7.6196 (ema 7.6536) 269s mem 6131MiB
  N1 step 4000/4122 loss 7.6550 (ema 7.6592) 283s mem 6131MiB
  N1 step 4000 held100 CE 7.6913
== qk_window_N1 FINAL held CE 7.69332  (294s, 0 spikes)
==== training N2 at lr 0.001 (sweep winner) ====
GPU guard: 14235 MiB free -- proceeding.
  N2 step 0/4122 loss 10.9041 (ema 10.9041) 0s mem 6131MiB
  N2 step 200/4122 loss 7.5543 (ema 7.5171) 14s mem 6131MiB
  N2 step 400/4122 loss 7.0571 (ema 6.8935) 29s mem 6131MiB
  N2 step 600/4122 loss 6.5123 (ema 6.6841) 43s mem 6131MiB
  N2 step 800/4122 loss 6.3811 (ema 6.4321) 57s mem 6131MiB
  N2 step 1000/4122 loss 6.4229 (ema 6.3797) 71s mem 6131MiB
  N2 step 1200/4122 loss 6.3040 (ema 6.3280) 86s mem 6131MiB
  N2 step 1400/4122 loss 6.1015 (ema 6.1511) 100s mem 6131MiB
  N2 step 1600/4122 loss 6.1216 (ema 6.0558) 114s mem 6131MiB
  N2 step 1800/4122 loss 6.0913 (ema 6.0212) 128s mem 6131MiB
  N2 step 2000/4122 loss 6.1241 (ema 5.9800) 143s mem 6131MiB
  N2 step 2000 held100 CE 6.0686
  N2 step 2200/4122 loss 5.8966 (ema 5.8225) 157s mem 6131MiB
  N2 step 2400/4122 loss 6.0210 (ema 5.7674) 172s mem 6131MiB
  N2 step 2600/4122 loss 5.8832 (ema 5.7798) 186s mem 6131MiB
  N2 step 2800/4122 loss 5.4783 (ema 5.6399) 200s mem 6131MiB
  N2 step 3000/4122 loss 5.5105 (ema 5.5675) 214s mem 6131MiB
  N2 step 3200/4122 loss 5.7817 (ema 5.6298) 229s mem 6131MiB
  N2 step 3400/4122 loss 5.8389 (ema 5.5670) 243s mem 6131MiB
  N2 step 3600/4122 loss 5.5365 (ema 5.4796) 257s mem 6131MiB
  N2 step 3800/4122 loss 5.3074 (ema 5.4580) 271s mem 6131MiB
  N2 step 4000/4122 loss 5.3629 (ema 5.4644) 286s mem 6131MiB
  N2 step 4000 held100 CE 5.8775
== qk_window_N2 FINAL held CE 5.86401  (296s, 0 spikes)
==== training N4 at lr 0.002 (sweep winner) ====
GPU guard: 14175 MiB free -- proceeding.
  N4 step 0/4122 loss 10.8852 (ema 10.8852) 0s mem 6131MiB
  N4 step 200/4122 loss 7.3019 (ema 7.0916) 15s mem 6131MiB
  N4 step 400/4122 loss 6.9032 (ema 6.6958) 29s mem 6131MiB
  N4 step 600/4122 loss 6.3180 (ema 6.5068) 43s mem 6131MiB
  N4 step 800/4122 loss 6.1455 (ema 6.2306) 58s mem 6131MiB
  N4 step 1000/4122 loss 6.2534 (ema 6.1807) 72s mem 6131MiB
  N4 step 1200/4122 loss 6.1028 (ema 6.1233) 87s mem 6131MiB
  N4 step 1400/4122 loss 5.8049 (ema 5.9236) 101s mem 6131MiB
  N4 step 1600/4122 loss 5.8910 (ema 5.8182) 116s mem 6131MiB
  N4 step 1800/4122 loss 5.9187 (ema 5.8065) 130s mem 6131MiB
  N4 step 2000/4122 loss 5.9660 (ema 5.7684) 144s mem 6131MiB
  N4 step 2000 held100 CE 5.9147
  N4 step 2200/4122 loss 5.6421 (ema 5.5375) 159s mem 6131MiB
  N4 step 2400/4122 loss 5.7097 (ema 5.5046) 174s mem 6131MiB
  N4 step 2600/4122 loss 5.6363 (ema 5.5177) 188s mem 6131MiB
  N4 step 2800/4122 loss 5.1037 (ema 5.3083) 203s mem 6131MiB
  N4 step 3000/4122 loss 5.1637 (ema 5.2217) 217s mem 6131MiB
  N4 step 3200/4122 loss 5.4873 (ema 5.2831) 231s mem 6131MiB
  N4 step 3400/4122 loss 5.5200 (ema 5.2290) 246s mem 6131MiB
  N4 step 3600/4122 loss 5.0286 (ema 5.0418) 260s mem 6131MiB
  N4 step 3800/4122 loss 4.8923 (ema 5.0205) 275s mem 6131MiB
  N4 step 4000/4122 loss 4.8280 (ema 5.0232) 289s mem 6131MiB
  N4 step 4000 held100 CE 5.7711
== qk_window_N4 FINAL held CE 5.74825  (300s, 0 spikes)
==== training N6 at lr 0.002 (sweep winner) ====
GPU guard: 14215 MiB free -- proceeding.
  N6 step 0/4122 loss 10.8983 (ema 10.8983) 0s mem 6131MiB
  N6 step 200/4122 loss 7.1890 (ema 7.0012) 15s mem 6131MiB
  N6 step 400/4122 loss 6.8421 (ema 6.6000) 29s mem 6131MiB
  N6 step 600/4122 loss 6.1881 (ema 6.4106) 44s mem 6131MiB
  N6 step 800/4122 loss 6.0071 (ema 6.1083) 58s mem 6131MiB
  N6 step 1000/4122 loss 6.1470 (ema 6.0580) 73s mem 6131MiB
  N6 step 1200/4122 loss 5.9657 (ema 5.9977) 88s mem 6131MiB
  N6 step 1400/4122 loss 5.6436 (ema 5.7892) 102s mem 6131MiB
  N6 step 1600/4122 loss 5.7326 (ema 5.6663) 117s mem 6131MiB
  N6 step 1800/4122 loss 5.7643 (ema 5.6652) 131s mem 6131MiB
  N6 step 2000/4122 loss 5.8365 (ema 5.6271) 146s mem 6131MiB
  N6 step 2000 held100 CE 5.8180
  N6 step 2200/4122 loss 5.4723 (ema 5.3539) 161s mem 6131MiB
  N6 step 2400/4122 loss 5.4852 (ema 5.3200) 175s mem 6131MiB
  N6 step 2600/4122 loss 5.4764 (ema 5.3395) 190s mem 6131MiB
  N6 step 2800/4122 loss 4.8821 (ema 5.0887) 205s mem 6131MiB
  N6 step 3000/4122 loss 4.9250 (ema 4.9762) 219s mem 6131MiB
  N6 step 3200/4122 loss 5.2531 (ema 5.0396) 234s mem 6131MiB
  N6 step 3400/4122 loss 5.2583 (ema 4.9872) 248s mem 6131MiB
  N6 step 3600/4122 loss 4.7092 (ema 4.7252) 263s mem 6131MiB
  N6 step 3800/4122 loss 4.5725 (ema 4.7037) 278s mem 6131MiB
  N6 step 4000/4122 loss 4.4871 (ema 4.7082) 292s mem 6131MiB
  N6 step 4000 held100 CE 5.7542
== qk_window_N6 FINAL held CE 5.72469  (303s, 0 spikes)
{
  "vanilla": {
    "held_ce": 5.76508903503418,
    "lr": 0.001
  },
  "N1": {
    "held_ce": 7.693318843841553,
    "lr": 0.0005,
    "minus_vanilla": 1.928229808807373,
    "minus_vanilla_se_token": 0.004630586598068476,
    "minus_vanilla_se_seq": 0.015523812733590603
  },
  "N2": {
    "held_ce": 5.864010810852051,
    "lr": 0.001,
    "minus_vanilla": 0.09892194718122482,
    "minus_vanilla_se_token": 0.00281867035664618,
    "minus_vanilla_se_seq": 0.005316081456840038
  },
  "N4": {
    "held_ce": 5.748247146606445,
    "lr": 0.002,
    "minus_vanilla": -0.01684216968715191,
    "minus_vanilla_se_token": 0.002552678342908621,
    "minus_vanilla_se_seq": 0.0038674811366945505
  },
  "N6": {
    "held_ce": 5.724688529968262,
    "lr": 0.002,
    "minus_vanilla": -0.04040045663714409,
    "minus_vanilla_se_token": 0.002486082259565592,
    "minus_vanilla_se_seq": 0.003564286744222045
  }
}
