GPU guard: 15571 MiB free -- proceeding.
GPU guard: 15571 MiB free -- proceeding.
{
  "ce_diff_vs_vanilla": {
    "1": 1.92823,
    "2": 0.09892,
    "4": -0.01684,
    "6": -0.0404
  },
  "ce_se_seq": {
    "1": 0.01552,
    "2": 0.00532,
    "4": 0.00387,
    "6": 0.00356
  },
  "qualified_within_2se": [
    4,
    6
  ],
  "badpriors_pred1_windowed_matches_or_beats_vanilla": true,
  "midstack_layers": [
    3,
    4,
    5,
    6,
    7,
    8
  ],
  "vanilla_midstack": {
    "td_mid": 0.524,
    "linVE_mid": 0.2134
  },
  "windowed_midstack": {
    "1": {
      "td_mid": 0.0678,
      "linVE_mid": 0.0107
    },
    "2": {
      "td_mid": 0.9946,
      "linVE_mid": 0.5945
    },
    "4": {
      "td_mid": 0.9854,
      "linVE_mid": 0.6091
    },
    "6": {
      "td_mid": 0.9817,
      "linVE_mid": 0.558
    }
  },
  "badpriors_pred2_more_contextual_midstack": {
    "1": true,
    "2": false,
    "4": false,
    "6": false
  },
  "alternative_monotone_degradation_as_N_shrinks": false
}
scale-up rule fires: qualified [4, 6], training N6 + vanilla at width 768
GPU guard: 15571 MiB free -- proceeding.
  w768 vanilla batch-8 trial peak 9880 MiB
-- sweep vanilla w768 lr 0.0005
GPU guard: 12859 MiB free -- proceeding.
   vanilla lr 0.0005: held100 CE 6.6003 (0 spikes)
-- sweep vanilla w768 lr 0.001
GPU guard: 12843 MiB free -- proceeding.
   vanilla lr 0.001: held100 CE 6.6560 (0 spikes)
-- sweep vanilla w768 lr 0.002
GPU guard: 12903 MiB free -- proceeding.
   vanilla lr 0.002: held100 CE 6.8006 (0 spikes)
==== training vanilla w768 at lr 0.0005 batch 4 (8250 steps) (sweep winner) ====
GPU guard: 12843 MiB free -- proceeding.
  vanilla step 0/8250 loss 14.1566 (ema 14.1566) 0s mem 9880MiB
  vanilla step 200/8250 loss 6.6134 (ema 7.4447) 18s mem 9880MiB
  vanilla step 400/8250 loss 7.0785 (ema 6.7739) 36s mem 9880MiB
  vanilla step 600/8250 loss 6.8085 (ema 6.5470) 54s mem 9880MiB
  vanilla step 800/8250 loss 6.7857 (ema 6.4590) 72s mem 9880MiB
  vanilla step 1000/8250 loss 6.5705 (ema 6.3351) 89s mem 9880MiB
  vanilla step 1200/8250 loss 6.0129 (ema 6.3060) 107s mem 9880MiB
  vanilla step 1400/8250 loss 6.1755 (ema 6.1040) 125s mem 9880MiB
  vanilla step 1600/8250 loss 6.0332 (ema 6.0123) 143s mem 9880MiB
  vanilla step 1800/8250 loss 5.9156 (ema 5.9648) 161s mem 9880MiB
  vanilla step 2000/8250 loss 6.6051 (ema 5.9557) 179s mem 9880MiB
  vanilla step 2000 held100 CE 6.0737
  vanilla step 2200/8250 loss 5.8040 (ema 5.9003) 197s mem 9880MiB
  vanilla step 2400/8250 loss 5.9532 (ema 5.9166) 215s mem 9880MiB
  vanilla step 2600/8250 loss 6.1280 (ema 5.8379) 233s mem 9880MiB
  vanilla step 2800/8250 loss 5.5046 (ema 5.6312) 251s mem 9880MiB
  vanilla step 3000/8250 loss 5.4787 (ema 5.5140) 269s mem 9880MiB
  vanilla step 3200/8250 loss 5.0060 (ema 5.5402) 287s mem 9880MiB
  vanilla step 3400/8250 loss 5.3659 (ema 5.5382) 305s mem 9880MiB
  vanilla step 3600/8250 loss 5.2614 (ema 5.5301) 322s mem 9880MiB
  vanilla step 3800/8250 loss 5.3727 (ema 5.5136) 340s mem 9880MiB
  vanilla step 4000/8250 loss 5.4756 (ema 5.4809) 358s mem 9880MiB
  vanilla step 4000 held100 CE 5.7763
  vanilla step 4200/8250 loss 5.3581 (ema 5.1243) 377s mem 9880MiB
  vanilla step 4400/8250 loss 5.2246 (ema 5.1151) 395s mem 9880MiB
  vanilla step 4600/8250 loss 5.2544 (ema 5.1094) 412s mem 9880MiB
  vanilla step 4800/8250 loss 4.8488 (ema 5.0740) 430s mem 9880MiB
  vanilla step 5000/8250 loss 5.0051 (ema 5.1146) 448s mem 9880MiB
  vanilla step 5200/8250 loss 4.6625 (ema 5.0806) 466s mem 9880MiB
  vanilla step 5400/8250 loss 5.1956 (ema 5.0444) 484s mem 9880MiB
  vanilla step 5600/8250 loss 4.7082 (ema 4.5999) 502s mem 9880MiB
  vanilla step 5800/8250 loss 4.5420 (ema 4.5027) 520s mem 9880MiB
  vanilla step 6000/8250 loss 4.4990 (ema 4.5045) 538s mem 9880MiB
  vanilla step 6000 held100 CE 5.8703
  vanilla step 6200/8250 loss 4.5480 (ema 4.5573) 556s mem 9880MiB
  vanilla step 6400/8250 loss 4.4782 (ema 4.5713) 574s mem 9880MiB
  vanilla step 6600/8250 loss 4.5280 (ema 4.4979) 592s mem 9880MiB
  vanilla step 6800/8250 loss 4.3069 (ema 4.4949) 610s mem 9880MiB
  vanilla step 7000/8250 loss 3.9932 (ema 4.0367) 628s mem 9880MiB
  vanilla step 7200/8250 loss 3.5711 (ema 4.0374) 645s mem 9880MiB
  vanilla step 7400/8250 loss 3.8439 (ema 3.9610) 663s mem 9880MiB
  vanilla step 7600/8250 loss 3.6595 (ema 3.9903) 681s mem 9880MiB
  vanilla step 7800/8250 loss 4.2465 (ema 3.9687) 699s mem 9880MiB
  vanilla step 8000/8250 loss 4.0853 (ema 4.0049) 717s mem 9880MiB
  vanilla step 8000 held100 CE 6.0921
  vanilla step 8200/8250 loss 3.7974 (ema 3.9631) 736s mem 9880MiB
== qk_window_vanilla_w768 FINAL held CE 6.06888  (743s, 2 spikes)
GPU guard: 13021 MiB free -- proceeding.
  w768 N6 batch-8 trial peak 9880 MiB
-- sweep N6 w768 lr 0.001
GPU guard: 12819 MiB free -- proceeding.
   N6 lr 0.001: held100 CE 6.6235 (0 spikes)
-- sweep N6 w768 lr 0.002
GPU guard: 12883 MiB free -- proceeding.
   N6 lr 0.002: held100 CE 6.7943 (1 spikes)
-- sweep N6 w768 lr 0.004
GPU guard: 12823 MiB free -- proceeding.
   N6 lr 0.004: held100 CE 6.9802 (0 spikes)
==== training N6 w768 at lr 0.001 batch 4 (8250 steps) (sweep winner) ====
GPU guard: 12703 MiB free -- proceeding.
  N6 step 0/8250 loss 10.9895 (ema 10.9895) 0s mem 9880MiB
  N6 step 200/8250 loss 6.5774 (ema 7.1739) 18s mem 9880MiB
  N6 step 400/8250 loss 7.2894 (ema 6.9060) 35s mem 9880MiB
  N6 step 600/8250 loss 7.0054 (ema 6.7431) 53s mem 9880MiB
  N6 step 800/8250 loss 6.9488 (ema 6.6649) 71s mem 9880MiB
  N6 step 1000/8250 loss 6.8207 (ema 6.5436) 88s mem 9880MiB
  N6 step 1200/8250 loss 6.2126 (ema 6.5046) 112s mem 9880MiB
  N6 step 1400/8250 loss 6.4201 (ema 6.3014) 129s mem 9880MiB
  N6 step 1600/8250 loss 6.2531 (ema 6.2263) 147s mem 9880MiB
  N6 step 1800/8250 loss 6.0975 (ema 6.1774) 165s mem 9880MiB
  N6 step 2000/8250 loss 6.7480 (ema 6.1596) 182s mem 9880MiB
  N6 step 2000 held100 CE 6.2233
  N6 step 2200/8250 loss 6.0566 (ema 6.1124) 201s mem 9880MiB
  N6 step 2400/8250 loss 6.1553 (ema 6.1291) 218s mem 9880MiB
  N6 step 2600/8250 loss 6.3138 (ema 6.0475) 236s mem 9880MiB
  N6 step 2800/8250 loss 5.7383 (ema 5.8654) 254s mem 9880MiB
  N6 step 3000/8250 loss 5.6952 (ema 5.7875) 271s mem 9880MiB
  N6 step 3200/8250 loss 5.2558 (ema 5.8194) 289s mem 9880MiB
  N6 step 3400/8250 loss 5.6404 (ema 5.8117) 307s mem 9880MiB
  N6 step 3600/8250 loss 5.4799 (ema 5.8009) 324s mem 9880MiB
  N6 step 3800/8250 loss 5.6061 (ema 5.7658) 342s mem 9880MiB
  N6 step 4000/8250 loss 5.7217 (ema 5.7377) 360s mem 9880MiB
  N6 step 4000 held100 CE 5.9437
  N6 step 4200/8250 loss 5.7479 (ema 5.4506) 392s mem 9880MiB
  N6 step 4400/8250 loss 5.5728 (ema 5.4836) 430s mem 9880MiB
  N6 step 4600/8250 loss 5.6077 (ema 5.4789) 468s mem 9880MiB
  N6 step 4800/8250 loss 5.1947 (ema 5.4456) 506s mem 9880MiB
  N6 step 5000/8250 loss 5.3467 (ema 5.4776) 544s mem 9880MiB
  N6 step 5200/8250 loss 4.9832 (ema 5.4386) 582s mem 9880MiB
  N6 step 5400/8250 loss 5.5571 (ema 5.3986) 621s mem 9880MiB
  N6 step 5600/8250 loss 5.2385 (ema 5.0791) 659s mem 9880MiB
  N6 step 5800/8250 loss 5.1430 (ema 5.0194) 697s mem 9880MiB
  N6 step 6000/8250 loss 4.9660 (ema 5.0242) 735s mem 9880MiB
  N6 step 6000 held100 CE 5.8783
  N6 step 6200/8250 loss 5.0545 (ema 5.0959) 774s mem 9880MiB
  N6 step 6400/8250 loss 5.0695 (ema 5.1122) 813s mem 9880MiB
  N6 step 6600/8250 loss 4.9994 (ema 5.0337) 851s mem 9880MiB
  N6 step 6800/8250 loss 4.8070 (ema 5.0218) 889s mem 9880MiB
  N6 step 7000/8250 loss 4.6125 (ema 4.6814) 927s mem 9880MiB
  N6 step 7200/8250 loss 4.2275 (ema 4.6833) 965s mem 9880MiB
  N6 step 7400/8250 loss 4.4987 (ema 4.6198) 1002s mem 9880MiB
  N6 step 7600/8250 loss 4.2883 (ema 4.6709) 1039s mem 9880MiB
  N6 step 7800/8250 loss 4.9029 (ema 4.6426) 1075s mem 9880MiB
  N6 step 8000/8250 loss 4.8598 (ema 4.6762) 1112s mem 9880MiB
  N6 step 8000 held100 CE 5.9583
  N6 step 8200/8250 loss 4.4400 (ema 4.6353) 1151s mem 9880MiB
== qk_window_N6_w768 FINAL held CE 5.93759  (1167s, 2 spikes)
==== probing vanilla width 768 ====
GPU guard: 8856 MiB free -- proceeding.
  L0: tokdet 0.902  linVE 0.671  dCEfloor 2.1220  dCElin 0.2935  rec 0.8617
  L1: tokdet 0.838  linVE 0.402  dCEfloor 0.3694  dCElin 0.1273  rec 0.6553
  L2: tokdet 0.720  linVE 0.305  dCEfloor 0.0928  dCElin 0.0315  rec 0.6602
  L3: tokdet 0.725  linVE 0.285  dCEfloor 0.0554  dCElin 0.0197  rec 0.645
  L4: tokdet 0.723  linVE 0.290  dCEfloor 0.0420  dCElin 0.0163  rec 0.612
  L5: tokdet 0.728  linVE 0.317  dCEfloor 0.0353  dCElin 0.0130  rec 0.6322
  L6: tokdet 0.561  linVE 0.231  dCEfloor 0.0309  dCElin 0.0136  rec 0.56
  L7: tokdet 0.524  linVE 0.238  dCEfloor 0.0367  dCElin 0.0165  rec 0.5506
  L8: tokdet 0.307  linVE 0.143  dCEfloor 0.0471  dCElin 0.0316  rec 0.3295
  L9: tokdet 0.265  linVE 0.132  dCEfloor 0.0540  dCElin 0.0469  rec 0.1326
  L10: tokdet 0.317  linVE 0.202  dCEfloor 0.1142  dCElin 0.0582  rec 0.4901
  L11: tokdet 0.341  linVE 0.200  dCEfloor 0.0607  dCElin 0.0116  rec 0.8082
  vanilla w768 done in 288s
==== probing N6 width 768 ====
GPU guard: 10358 MiB free -- proceeding.
  L0: tokdet 0.955  linVE 0.810  dCEfloor 4.2383  dCElin 0.2067  rec 0.9512
  L1: tokdet 0.966  linVE 0.521  dCEfloor 0.3726  dCElin 0.1842  rec 0.5056
  L2: tokdet 0.990  linVE 0.809  dCEfloor 0.0050  dCElin 0.0002  rec 0.964
  L3: tokdet 0.988  linVE 0.743  dCEfloor 0.0340  dCElin 0.0037  rec 0.8909
  L4: tokdet 0.984  linVE 0.657  dCEfloor 0.1095  dCElin 0.0112  rec 0.8974
  L5: tokdet 0.985  linVE 0.607  dCEfloor 0.0837  dCElin 0.0089  rec 0.8937
  L6: tokdet 0.972  linVE 0.450  dCEfloor 0.5794  dCElin 0.1310  rec 0.774
  L7: tokdet 0.967  linVE 0.418  dCEfloor 0.0849  dCElin 0.0178  rec 0.7901
  L8: tokdet 0.905  linVE 0.556  dCEfloor 0.0412  dCElin 0.0060  rec 0.8551
  L9: tokdet 0.688  linVE 0.510  dCEfloor 0.0594  dCElin 0.0090  rec 0.8484
  L10: tokdet 0.355  linVE 0.215  dCEfloor 0.1338  dCElin 0.0708  rec 0.4712
  L11: tokdet 0.246  linVE 0.140  dCEfloor 0.4435  dCElin 0.3281  rec 0.2601
  N6 w768 done in 294s
{
  "vanilla": {
    "held_ce": 6.068882465362549
  },
  "N6": {
    "held_ce": 5.937586784362793,
    "minus_vanilla": -0.13129544258117676,
    "minus_vanilla_se_token": 0.003031813306733966,
    "minus_vanilla_se_seq": 0.0038455070462077856
  }
}
saved qk_window.json
