2026-07-29T14:19:32Z LAUNCH qk_mlp1_functail.py
2026-07-29T14:20:18Z DONE qk_mlp1_functail.py exit=0
2026-07-29T14:21:18Z LAUNCH qk_ledger_rerun.py
2026-07-29T14:21:40Z DONE qk_ledger_rerun.py exit=0
2026-07-29T14:33:40Z LAUNCH qk_mlp2_program.py
2026-07-29T14:34:15Z DONE qk_mlp2_program.py exit=0
2026-07-29T14:35:15Z LAUNCH qk_mlp3_program.py
2026-07-29T14:35:50Z DONE qk_mlp3_program.py exit=0
2026-07-29T14:36:50Z LAUNCH qk_mlp4_program.py
2026-07-29T14:37:25Z DONE qk_mlp4_program.py exit=0
2026-07-29T14:38:25Z LAUNCH qk_mlp2_polish.py
2026-07-29T14:38:58Z DONE qk_mlp2_polish.py exit=0
2026-07-29T14:39:58Z LAUNCH qk_mlp3_polish.py
2026-07-29T14:40:30Z DONE qk_mlp3_polish.py exit=0
2026-07-29T14:41:30Z LAUNCH qk_mlp4_polish.py
2026-07-29T14:42:02Z DONE qk_mlp4_polish.py exit=0
2026-07-29T14:51:02Z LAUNCH qk_mlp5_program.py
2026-07-29T14:51:38Z DONE qk_mlp5_program.py exit=0
2026-07-29T14:52:38Z LAUNCH qk_mlp6_program.py
2026-07-29T14:53:13Z DONE qk_mlp6_program.py exit=0
2026-07-29T15:00:13Z LAUNCH qk_mlp17_program.py
2026-07-29T15:00:58Z DONE qk_mlp17_program.py exit=0
2026-07-29T15:01:58Z LAUNCH qk_mlp17_polish.py
2026-07-29T15:02:27Z DONE qk_mlp17_polish.py exit=0
2026-07-29T15:03:27Z LAUNCH qk_mlp16_program.py
2026-07-29T15:04:04Z DONE qk_mlp16_program.py exit=0
2026-07-29T15:05:04Z LAUNCH qk_mlp16_polish.py
2026-07-29T15:05:34Z DONE qk_mlp16_polish.py exit=0
2026-07-29T15:06:34Z LAUNCH qk_mlp7_program.py
2026-07-29T15:07:15Z DONE qk_mlp7_program.py exit=0
2026-07-29T15:08:15Z LAUNCH qk_mlp7_polish.py
2026-07-29T15:08:46Z DONE qk_mlp7_polish.py exit=0
2026-07-29T15:09:46Z LAUNCH qk_mlp8_program.py
2026-07-29T15:10:22Z DONE qk_mlp8_program.py exit=0
2026-07-29T15:11:22Z LAUNCH qk_mlp8_polish.py
2026-07-29T15:11:54Z DONE qk_mlp8_polish.py exit=0
2026-07-29T15:12:54Z LAUNCH qk_mlp9_program.py
2026-07-29T15:13:30Z DONE qk_mlp9_program.py exit=0
2026-07-29T15:14:30Z LAUNCH qk_mlp9_polish.py
2026-07-29T15:15:01Z DONE qk_mlp9_polish.py exit=0
2026-07-29T15:16:01Z LAUNCH qk_mlp10_program.py
2026-07-29T15:16:37Z DONE qk_mlp10_program.py exit=0
2026-07-29T15:17:37Z LAUNCH qk_mlp10_polish.py
2026-07-29T15:18:08Z DONE qk_mlp10_polish.py exit=0
2026-07-29T15:19:08Z LAUNCH qk_mlp11_program.py
2026-07-29T15:19:44Z DONE qk_mlp11_program.py exit=0
2026-07-29T15:20:44Z LAUNCH qk_mlp11_polish.py
2026-07-29T15:21:15Z DONE qk_mlp11_polish.py exit=0
2026-07-29T15:22:15Z LAUNCH qk_mlp12_program.py
2026-07-29T15:22:51Z DONE qk_mlp12_program.py exit=0
2026-07-29T15:23:51Z LAUNCH qk_mlp12_polish.py
2026-07-29T15:24:22Z DONE qk_mlp12_polish.py exit=0
2026-07-29T15:25:22Z LAUNCH qk_mlp13_program.py
2026-07-29T15:25:58Z DONE qk_mlp13_program.py exit=0
2026-07-29T15:26:58Z LAUNCH qk_joint_mlp_stack.py
2026-07-29T15:27:23Z DONE qk_joint_mlp_stack.py exit=0
2026-07-29T15:28:23Z LAUNCH qk_mlp0_randctl.py
2026-07-29T15:28:48Z DONE qk_mlp0_randctl.py exit=0
2026-07-29T15:29:48Z LAUNCH qk_mlp13_polish.py
2026-07-29T15:30:19Z DONE qk_mlp13_polish.py exit=0
2026-07-29T15:31:19Z LAUNCH qk_mlp14_program.py
2026-07-29T15:31:55Z DONE qk_mlp14_program.py exit=0
2026-07-29T15:32:55Z LAUNCH qk_mlp14_polish.py
2026-07-29T15:33:25Z DONE qk_mlp14_polish.py exit=0
2026-07-29T15:34:25Z LAUNCH qk_mlp15_program.py
2026-07-29T15:35:02Z DONE qk_mlp15_program.py exit=0
2026-07-29T15:36:02Z LAUNCH qk_mlp15_polish.py
2026-07-29T15:36:32Z DONE qk_mlp15_polish.py exit=0
2026-07-29T15:37:32Z LAUNCH qk_induction_heldout.py
2026-07-29T15:37:44Z DONE qk_induction_heldout.py exit=0
2026-07-29T15:38:44Z LAUNCH qk_mlp17_randctl.py
2026-07-29T15:39:16Z DONE qk_mlp17_randctl.py exit=0
2026-07-29T16:34:16Z LAUNCH qk_mlp4_nullpolish.py
2026-07-29T16:34:20Z DONE qk_mlp4_nullpolish.py exit=0
2026-07-29T16:35:20Z LAUNCH qk_mlp4_nullpolish.py
2026-07-29T16:35:56Z DONE qk_mlp4_nullpolish.py exit=0
2026-07-29T17:35:56Z LAUNCH qk_mlp1_composed_fold.py
2026-07-29T17:36:19Z DONE qk_mlp1_composed_fold.py exit=0
2026-07-29T18:33:19Z LAUNCH qk_composed_alltrunc.py
2026-07-29T18:33:42Z DONE qk_composed_alltrunc.py exit=0
2026-07-29T18:35:42Z LAUNCH qk_composed_alltrunc.py
2026-07-29T18:36:04Z DONE qk_composed_alltrunc.py exit=0
2026-07-29T19:34:04Z LAUNCH qk_l2_composed_fold.py
2026-07-29T19:34:28Z DONE qk_l2_composed_fold.py exit=0
2026-07-29T19:35:28Z LAUNCH qk_l2_composed_fold.py
2026-07-29T19:35:53Z DONE qk_l2_composed_fold.py exit=0
2026-07-29T20:36:53Z LAUNCH qk_chain_accumulation.py
2026-07-29T20:37:32Z DONE qk_chain_accumulation.py exit=0
2026-07-29T21:33:32Z LAUNCH qk_chain_deep.py
2026-07-29T21:34:14Z DONE qk_chain_deep.py exit=0
2026-07-29T21:44:14Z LAUNCH qk_joint_polish.py
2026-07-29T21:45:22Z DONE qk_joint_polish.py exit=0
2026-07-29T22:34:22Z LAUNCH qk_joint_causal.py
2026-07-29T22:35:06Z DONE qk_joint_causal.py exit=0
2026-07-29T22:38:06Z LAUNCH qk_joint_causal18.py
2026-07-29T22:38:28Z DONE qk_joint_causal18.py exit=0
2026-07-29T23:33:29Z LAUNCH qk_named_bottleneck.py
2026-07-29T23:34:12Z DONE qk_named_bottleneck.py exit=0
2026-07-30T00:33:12Z LAUNCH qk_named_bottleneck_null.py
2026-07-30T00:33:31Z DONE qk_named_bottleneck_null.py exit=0
2026-07-30T00:47:31Z LAUNCH qk_joint6_fixed.py
2026-07-30T00:47:49Z DONE qk_joint6_fixed.py exit=0
2026-07-30T00:48:49Z LAUNCH qk_bottleneck_headnull.py
2026-07-30T00:49:14Z DONE qk_bottleneck_headnull.py exit=0
2026-07-30T02:36:14Z LAUNCH qk_mlp1_block_ablate.py
2026-07-30T02:36:37Z DONE qk_mlp1_block_ablate.py exit=0
2026-07-30T03:06:37Z LAUNCH qk_coord_semantics_l0.py
2026-07-30T03:06:58Z DONE qk_coord_semantics_l0.py exit=0
2026-07-30T03:08:58Z LAUNCH qk_coord_semantics_l0.py
2026-07-30T03:09:20Z DONE qk_coord_semantics_l0.py exit=0
2026-07-30T03:32:20Z LAUNCH qk_coord_semantics_arch.py
2026-07-30T03:32:41Z DONE qk_coord_semantics_arch.py exit=0
2026-07-30T03:34:41Z LAUNCH qk_coord_spike.py
2026-07-30T03:35:06Z DONE qk_coord_spike.py exit=0
2026-07-30T03:57:06Z LAUNCH qk_induction_dial.py
2026-07-30T03:57:15Z DONE qk_induction_dial.py exit=0
2026-07-30T04:33:15Z LAUNCH qk_wholemodel_substitutable.py
2026-07-30T04:34:02Z DONE qk_wholemodel_substitutable.py exit=0
2026-07-30T04:35:02Z LAUNCH qk_wholemodel_substitutable.py
2026-07-30T04:35:43Z DONE qk_wholemodel_substitutable.py exit=0
2026-07-30T04:48:44Z LAUNCH qk_selection_census.py
2026-07-30T04:48:50Z DONE qk_selection_census.py exit=0
2026-07-30T04:50:50Z LAUNCH qk_selection_census.py
2026-07-30T04:51:00Z DONE qk_selection_census.py exit=0
2026-07-30T04:53:00Z LAUNCH qk_keycap_probe.py
2026-07-30T04:53:16Z DONE qk_keycap_probe.py exit=0
2026-07-30T05:27:16Z LAUNCH qk_head_function_map.py
2026-07-30T05:27:59Z DONE qk_head_function_map.py exit=0
2026-07-30T05:29:59Z LAUNCH qk_l3h8_steer.py
2026-07-30T05:30:13Z DONE qk_l3h8_steer.py exit=0
2026-07-30T05:33:13Z LAUNCH qk_bilin12_composition.py
2026-07-30T05:33:16Z DONE qk_bilin12_composition.py exit=0
2026-07-30T05:35:16Z LAUNCH qk_bilinsm12_composition.py
2026-07-30T05:35:20Z DONE qk_bilinsm12_composition.py exit=0
2026-07-30T06:28:20Z LAUNCH qk_selection_census_v2.py
2026-07-30T06:28:30Z DONE qk_selection_census_v2.py exit=0
2026-07-30T06:32:30Z LAUNCH qk_keynewline_probe.py
2026-07-30T06:32:52Z DONE qk_keynewline_probe.py exit=0
2026-07-30T06:34:52Z LAUNCH qk_newline_anchor.py
2026-07-30T06:35:00Z DONE qk_newline_anchor.py exit=0
2026-07-30T06:38:00Z LAUNCH qk_attend_vs_predict.py
2026-07-30T06:38:54Z DONE qk_attend_vs_predict.py exit=0
2026-07-30T07:27:54Z LAUNCH qk_census_bilin12.py
2026-07-30T07:27:59Z DONE qk_census_bilin12.py exit=0
2026-07-30T08:31:59Z LAUNCH qk_redirect_freq_sweep.py
2026-07-30T08:32:07Z DONE qk_redirect_freq_sweep.py exit=0
2026-07-30T08:37:07Z LAUNCH qk_natural_trigger_redirect.py
2026-07-30T08:37:16Z DONE qk_natural_trigger_redirect.py exit=0
2026-07-30T09:29:16Z LAUNCH qk_natural_strong_induction.py
2026-07-30T09:29:23Z DONE qk_natural_strong_induction.py exit=0
2026-07-30T09:35:23Z LAUNCH qk_natural_redirect_control.py
2026-07-30T09:35:49Z DONE qk_natural_redirect_control.py exit=0
2026-07-30T09:39:49Z LAUNCH qk_natural_collateral_scale.py
2026-07-30T09:40:04Z DONE qk_natural_collateral_scale.py exit=0
2026-07-30T09:47:04Z LAUNCH qk_injection_specificity.py
2026-07-30T09:47:22Z DONE qk_injection_specificity.py exit=0
2026-07-30T10:29:22Z LAUNCH qk_planted_specificity.py
2026-07-30T10:29:29Z DONE qk_planted_specificity.py exit=0
2026-07-30T10:35:29Z LAUNCH qk_nonactive_aimability.py
2026-07-30T10:35:33Z DONE qk_nonactive_aimability.py exit=0
2026-07-30T11:31:33Z LAUNCH qk_commandeer_robustness.py
2026-07-30T11:31:40Z DONE qk_commandeer_robustness.py exit=0
2026-07-30T11:43:40Z LAUNCH qk_natural_aimability.py
2026-07-30T11:43:50Z DONE qk_natural_aimability.py exit=0
2026-07-30T11:48:50Z LAUNCH qk_commandeer_perhead.py
2026-07-30T11:49:01Z DONE qk_commandeer_perhead.py exit=0
2026-07-30T12:35:01Z LAUNCH qk_commandeer_se_bilin12.py
2026-07-30T12:35:05Z DONE qk_commandeer_se_bilin12.py exit=0
2026-07-30T12:36:05Z LAUNCH qk_commandeer_se_swiglu18.py
2026-07-30T12:36:11Z DONE qk_commandeer_se_swiglu18.py exit=0
2026-07-30T12:45:11Z LAUNCH qk_commandeer_se_bilinsm12.py
2026-07-30T12:45:14Z DONE qk_commandeer_se_bilinsm12.py exit=0
2026-07-30T13:11:14Z LAUNCH qk_ldecomp_L1.py
2026-07-30T13:11:45Z DONE qk_ldecomp_L1.py exit=0
2026-07-30T13:12:45Z LAUNCH qk_ldecomp_L2.py
2026-07-30T13:13:15Z DONE qk_ldecomp_L2.py exit=0
2026-07-30T13:14:15Z LAUNCH qk_ldecomp_L3.py
2026-07-30T13:14:50Z DONE qk_ldecomp_L3.py exit=0
2026-07-30T13:15:49Z LAUNCH qk_ldecomp_L4.py
2026-07-30T13:16:26Z DONE qk_ldecomp_L4.py exit=0
2026-07-30T13:20:58Z LAUNCH qk_ldecomp_L5.py
2026-07-30T13:21:29Z DONE qk_ldecomp_L5.py exit=0
2026-07-30T13:21:37Z LAUNCH qk_ldecomp_L6.py
2026-07-30T13:22:08Z DONE qk_ldecomp_L6.py exit=0
2026-07-30T13:22:16Z LAUNCH qk_ldecomp_L7.py
2026-07-30T13:22:47Z DONE qk_ldecomp_L7.py exit=0
2026-07-30T13:22:55Z LAUNCH qk_ldecomp_L8.py
2026-07-30T13:23:26Z DONE qk_ldecomp_L8.py exit=0
2026-07-30T13:23:34Z LAUNCH qk_ldecomp_L9.py
2026-07-30T13:24:06Z DONE qk_ldecomp_L9.py exit=0
2026-07-30T13:24:14Z LAUNCH qk_symbolgen_meanfloor.py
2026-07-30T13:35:16Z DONE qk_symbolgen_meanfloor.py exit=0
2026-07-30T13:35:24Z LAUNCH qk_l1_content_gate.py
2026-07-30T13:35:53Z DONE qk_l1_content_gate.py exit=0
2026-07-30T13:36:01Z LAUNCH qk_l1_selection_gate.py
2026-07-30T13:36:09Z DONE qk_l1_selection_gate.py exit=0
2026-07-30T13:36:17Z LAUNCH qk_ldecomp_L10.py
2026-07-30T13:37:02Z DONE qk_ldecomp_L10.py exit=0
2026-07-30T13:37:10Z LAUNCH qk_ldecomp_L11.py
2026-07-30T13:37:42Z DONE qk_ldecomp_L11.py exit=0
2026-07-30T13:37:50Z LAUNCH qk_ldecomp_L12.py
2026-07-30T13:38:22Z DONE qk_ldecomp_L12.py exit=0
2026-07-30T13:38:46Z LAUNCH qk_ldecomp_L13.py
2026-07-30T13:39:29Z DONE qk_ldecomp_L13.py exit=0
2026-07-30T13:39:37Z LAUNCH qk_ldecomp_L14.py
2026-07-30T13:40:09Z DONE qk_ldecomp_L14.py exit=0
2026-07-30T13:40:17Z LAUNCH qk_ldecomp_L15.py
2026-07-30T13:40:50Z DONE qk_ldecomp_L15.py exit=0
2026-07-30T13:40:58Z LAUNCH qk_ldecomp_L16.py
2026-07-30T13:41:30Z DONE qk_ldecomp_L16.py exit=0
2026-07-30T13:41:38Z LAUNCH qk_ldecomp_L17.py
2026-07-30T13:42:10Z DONE qk_ldecomp_L17.py exit=0
2026-07-30T13:42:18Z LAUNCH qk_midstack_mlp_family.py
2026-07-30T13:43:02Z DONE qk_midstack_mlp_family.py exit=0
2026-07-30T13:52:38Z LAUNCH qk_l2_content_gate.py
2026-07-30T13:53:08Z DONE qk_l2_content_gate.py exit=0
2026-07-30T13:53:16Z LAUNCH qk_l3_content_gate.py
2026-07-30T13:53:49Z DONE qk_l3_content_gate.py exit=0
2026-07-30T13:53:57Z LAUNCH qk_l2_selection_gate.py
2026-07-30T13:54:07Z DONE qk_l2_selection_gate.py exit=0
2026-07-30T13:54:15Z LAUNCH qk_l3_selection_gate.py
2026-07-30T13:54:26Z DONE qk_l3_selection_gate.py exit=0
2026-07-30T13:55:54Z LAUNCH qk_l4_selection_gate.py
2026-07-30T13:56:04Z DONE qk_l4_selection_gate.py exit=0
2026-07-30T13:56:12Z LAUNCH qk_l5_selection_gate.py
2026-07-30T13:56:23Z DONE qk_l5_selection_gate.py exit=0
2026-07-30T14:02:39Z LAUNCH qk_cgate_L4.py
2026-07-30T14:03:13Z DONE qk_cgate_L4.py exit=0
2026-07-30T14:03:21Z LAUNCH qk_cgate_L5.py
2026-07-30T14:03:56Z DONE qk_cgate_L5.py exit=0
2026-07-30T14:04:04Z LAUNCH qk_cgate_L6.py
2026-07-30T14:04:41Z DONE qk_cgate_L6.py exit=0
2026-07-30T14:04:49Z LAUNCH qk_cgate_L7.py
2026-07-30T14:05:28Z DONE qk_cgate_L7.py exit=0
2026-07-30T14:05:36Z LAUNCH qk_cgate_L8.py
2026-07-30T14:06:16Z DONE qk_cgate_L8.py exit=0
2026-07-30T14:06:24Z LAUNCH qk_cgate_L9.py
2026-07-30T14:07:06Z DONE qk_cgate_L9.py exit=0
2026-07-30T14:07:14Z LAUNCH qk_cgate_L10.py
2026-07-30T14:07:58Z DONE qk_cgate_L10.py exit=0
2026-07-30T14:08:06Z LAUNCH qk_cgate_L11.py
2026-07-30T14:08:52Z DONE qk_cgate_L11.py exit=0
2026-07-30T14:09:00Z LAUNCH qk_cgate_L12.py
2026-07-30T14:09:47Z DONE qk_cgate_L12.py exit=0
2026-07-30T14:09:55Z LAUNCH qk_cgate_L13.py
2026-07-30T14:10:43Z DONE qk_cgate_L13.py exit=0
2026-07-30T14:10:52Z LAUNCH qk_cgate_L14.py
2026-07-30T14:11:42Z DONE qk_cgate_L14.py exit=0
2026-07-30T14:11:50Z LAUNCH qk_cgate_L15.py
2026-07-30T14:12:42Z DONE qk_cgate_L15.py exit=0
2026-07-30T14:12:50Z LAUNCH qk_cgate_L16.py
2026-07-30T14:13:44Z DONE qk_cgate_L16.py exit=0
2026-07-30T14:13:52Z LAUNCH qk_cgate_L17.py
2026-07-30T14:14:49Z DONE qk_cgate_L17.py exit=0
2026-07-30T14:14:57Z LAUNCH qk_sgate_L6.py
2026-07-30T14:15:08Z DONE qk_sgate_L6.py exit=0
2026-07-30T14:15:16Z LAUNCH qk_sgate_L7.py
2026-07-30T14:15:26Z DONE qk_sgate_L7.py exit=0
2026-07-30T14:15:34Z LAUNCH qk_sgate_L8.py
2026-07-30T14:15:45Z DONE qk_sgate_L8.py exit=0
2026-07-30T14:15:53Z LAUNCH qk_sgate_L9.py
2026-07-30T14:16:04Z DONE qk_sgate_L9.py exit=0
2026-07-30T14:16:12Z LAUNCH qk_sgate_L10.py
2026-07-30T14:16:22Z DONE qk_sgate_L10.py exit=0
2026-07-30T14:16:30Z LAUNCH qk_sgate_L11.py
2026-07-30T14:16:41Z DONE qk_sgate_L11.py exit=0
2026-07-30T14:16:49Z LAUNCH qk_sgate_L12.py
2026-07-30T14:16:59Z DONE qk_sgate_L12.py exit=0
2026-07-30T14:17:07Z LAUNCH qk_sgate_L13.py
2026-07-30T14:17:18Z DONE qk_sgate_L13.py exit=0
2026-07-30T14:17:26Z LAUNCH qk_sgate_L14.py
2026-07-30T14:17:36Z DONE qk_sgate_L14.py exit=0
2026-07-30T14:17:44Z LAUNCH qk_sgate_L15.py
2026-07-30T14:17:55Z DONE qk_sgate_L15.py exit=0
2026-07-30T14:18:03Z LAUNCH qk_sgate_L16.py
2026-07-30T14:18:13Z DONE qk_sgate_L16.py exit=0
2026-07-30T14:18:21Z LAUNCH qk_sgate_L17.py
2026-07-30T14:18:32Z DONE qk_sgate_L17.py exit=0
