ARM 1/2: full S2144 config (a14L installed), per-position CE captured
a2-input probe acc 0.69
fit a2
fit a3
fit a4
fit a5
fit a6
fit a7
fit a8
fit a9
fit a10
fit a11
fit a12
fit a13
fit a14
fit a15
fit a16
fit a17
L1 (+38 heads): C +2.0113 | fresh +2.3208
fit a10L
fit a11L
fit a12L
fit a13L
fit a14L
fit a15L
fit a16L
fit a17L
  window 0 (7 docs): L2 fresh +2.6663
  window 1 (42 docs): L2 fresh +2.9355
  window 2 (17 docs): L2 fresh +2.6123
  window 3 (23 docs): L2 fresh +2.8498
  window 4 (43 docs): L2 fresh +2.9138
  window 5 (26 docs): L2 fresh +2.7954
  window 6 (35 docs): L2 fresh +2.5818
  window 7 (35 docs): L2 fresh +2.6641
L2 empirical: C +2.4191 | fresh +2.6663 | tail-attn increment +0.3455
(a) L2 <= +2.75 fresh: HELD
(b) increment in [0.30,0.55]: HELD
ARM 2/2: skip-a14 (attn14 real), per-position CE captured
a2-input probe acc 0.69
fit a2
fit a3
fit a4
fit a5
fit a6
fit a7
fit a8
fit a9
fit a10
fit a11
fit a12
fit a13
fit a14
fit a15
fit a16
fit a17
L1 (+38 heads): C +2.0113 | fresh +2.3208
fit a10L
fit a11L
fit a12L
fit a13L
fit a15L
fit a16L
fit a17L
  window 0 (7 docs): L2 fresh +2.5085
  window 1 (42 docs): L2 fresh +2.7085
  window 2 (17 docs): L2 fresh +2.3577
  window 3 (23 docs): L2 fresh +2.6148
  window 4 (43 docs): L2 fresh +2.6417
  window 5 (26 docs): L2 fresh +2.5497
  window 6 (35 docs): L2 fresh +2.4134
  window 7 (35 docs): L2 fresh +2.4335
L2 empirical: C +2.2264 | fresh +2.5085 | tail-attn increment +0.1877
(a) L2 <= +2.75 fresh: HELD
(b) increment in [0.30,0.55]: FAILED
log2 bins (n, mean): 2^0:105/+0.1186 2^1:479/+0.1414 2^2:829/+0.1909 2^3:1624/+0.2611 2^4:2051/+0.3267 2^5:1959/+0.4027 2^6:1433/+0.3531 2^7:509/+0.2765
(a) near(<=32) +1363.1 >= 0.6 x all +2768.2: FAILED
(b) peak bin 2^5 < 16: FAILED
(c) skip14 vs S2155 median |delta| 0.0001 <= 0.005: HELD
wrote /workspace/tensor_language/basis_aligned/bilinear_quotient/a14_distance_split_results.json (225s)
