ARM 1/2: full S2144 config (a16L installed), per-position CE captured
a2-input probe acc 0.69
fit a2
fit a3
fit a4
fit a5
fit a6
fit a7
fit a8
fit a9
fit a10
fit a11
fit a12
fit a13
fit a14
fit a15
fit a16
fit a17
L1 (+38 heads): C +2.0112 | fresh +2.3208
fit a10L
fit a11L
fit a12L
fit a13L
fit a14L
fit a15L
fit a16L
fit a17L
  window 0 (7 docs): L2 fresh +2.6662
  window 1 (42 docs): L2 fresh +2.9355
  window 2 (17 docs): L2 fresh +2.6121
  window 3 (23 docs): L2 fresh +2.8497
  window 4 (43 docs): L2 fresh +2.9138
  window 5 (26 docs): L2 fresh +2.7954
  window 6 (35 docs): L2 fresh +2.5818
  window 7 (35 docs): L2 fresh +2.6641
L2 empirical: C +2.4191 | fresh +2.6662 | tail-attn increment +0.3454
(a) L2 <= +2.75 fresh: HELD
(b) increment in [0.30,0.55]: HELD
ARM 2/2: skip-a16 (attn16 real), per-position CE captured
a2-input probe acc 0.69
fit a2
fit a3
fit a4
fit a5
fit a6
fit a7
fit a8
fit a9
fit a10
fit a11
fit a12
fit a13
fit a14
fit a15
fit a16
fit a17
L1 (+38 heads): C +2.0112 | fresh +2.3207
fit a10L
fit a11L
fit a12L
fit a13L
fit a14L
fit a15L
fit a17L
  window 0 (7 docs): L2 fresh +2.5091
  window 1 (42 docs): L2 fresh +2.7195
  window 2 (17 docs): L2 fresh +2.3786
  window 3 (23 docs): L2 fresh +2.6035
  window 4 (43 docs): L2 fresh +2.6544
  window 5 (26 docs): L2 fresh +2.5863
  window 6 (35 docs): L2 fresh +2.3739
  window 7 (35 docs): L2 fresh +2.4579
L2 empirical: C +2.2391 | fresh +2.5091 | tail-attn increment +0.1884
(a) L2 <= +2.75 fresh: HELD
(b) increment in [0.30,0.55]: FAILED
ind+other damage: bigram-matched +751.5 (2222 pos, mean +0.33821) | unmatched +3602.5 (21054 pos, mean +0.17111)
(a) matched sum >= 0.6 x all: FAILED
(b) matched mean >= 2 x unmatched mean: FAILED
(c) skip16 vs S2146 median |delta| 0.0000 <= 0.005: HELD
wrote /workspace/tensor_language/basis_aligned/bilinear_quotient/a16_bigram_split_results.json (224s)
