ARM 1/2: skip-a16 base (attn16 real), per-position CE captured
a2-input probe acc 0.69
fit a2
fit a3
fit a4
fit a5
fit a6
fit a7
fit a8
fit a9
fit a10
fit a11
fit a12
fit a13
fit a14
fit a15
fit a16
fit a17
L1 (+38 heads): C +2.0113 | fresh +2.3207
fit a10L
fit a11L
fit a12L
fit a13L
fit a14L
fit a15L
fit a17L
  window 0 (7 docs): L2 fresh +2.5091
  window 1 (42 docs): L2 fresh +2.7195
  window 2 (17 docs): L2 fresh +2.3793
  window 3 (23 docs): L2 fresh +2.6036
  window 4 (43 docs): L2 fresh +2.6545
  window 5 (26 docs): L2 fresh +2.5863
  window 6 (35 docs): L2 fresh +2.3739
  window 7 (35 docs): L2 fresh +2.4578
L2 empirical: C +2.2390 | fresh +2.5091 | tail-attn increment +0.1884
(a) L2 <= +2.75 fresh: HELD
(b) increment in [0.30,0.55]: FAILED
ARM 2/2: skip-a16 with head 16.3 zeroed, per-position CE captured
a2-input probe acc 0.69
fit a2
fit a3
fit a4
fit a5
fit a6
fit a7
fit a8
fit a9
fit a10
fit a11
fit a12
fit a13
fit a14
fit a15
fit a16
fit a17
attn16 head 3 zeroed for this arm (bases excluded)
L1 (+38 heads): C +2.0164 | fresh +2.3360
fit a10L
fit a11L
fit a12L
fit a13L
fit a14L
fit a15L
fit a17L
  window 0 (7 docs): L2 fresh +2.5597
  window 1 (42 docs): L2 fresh +2.7806
  window 2 (17 docs): L2 fresh +2.4335
  window 3 (23 docs): L2 fresh +2.6677
  window 4 (43 docs): L2 fresh +2.7251
  window 5 (26 docs): L2 fresh +2.6352
  window 6 (35 docs): L2 fresh +2.4282
  window 7 (35 docs): L2 fresh +2.5125
L2 empirical: C +2.2982 | fresh +2.5643 | tail-attn increment +0.2283
(a) L2 <= +2.75 fresh: HELD
(b) increment in [0.30,0.55]: FAILED
log2 bins (n, mean): 2^0:105/+0.0284 2^1:479/-0.0048 2^2:829/+0.0234 2^3:1624/+0.0739 2^4:2051/+0.1107 2^5:1959/+0.1340 2^6:1433/+0.1195 2^7:509/+0.0834
(a) far(>32) +465.2 >= 0.6 x all +843.4: FAILED
(b) Spearman +0.762 >= 0.5: HELD
(c) base vs S2146 median |delta| 0.0001 <= 0.005: HELD
wrote /workspace/tensor_language/basis_aligned/bilinear_quotient/a16_head3_distance_results.json (221s)
