ARM 1/2: full S2144 config (reproduction)
a2-input probe acc 0.69
fit a2
fit a3
fit a4
fit a5
fit a6
fit a7
fit a8
fit a9
fit a10
fit a11
fit a12
fit a13
fit a14
fit a15
fit a16
fit a17
L1 (+38 heads): C +2.0113 | fresh +2.3208
fit a10L
fit a11L
fit a12L
fit a13L
fit a14L
fit a15L
fit a16L
fit a17L
  window 0 (7 docs): L2 fresh +2.6664
  window 1 (42 docs): L2 fresh +2.9355
  window 2 (17 docs): L2 fresh +2.6121
  window 3 (23 docs): L2 fresh +2.8498
  window 4 (43 docs): L2 fresh +2.9137
  window 5 (26 docs): L2 fresh +2.7954
  window 6 (35 docs): L2 fresh +2.5818
  window 7 (35 docs): L2 fresh +2.6640
L2 empirical: C +2.4191 | fresh +2.6664 | tail-attn increment +0.3456
(a) L2 <= +2.75 fresh: HELD
(b) increment in [0.30,0.55]: HELD
ARM 2/2: a16L with the INDUCTION-pointer ind stand-in
a2-input probe acc 0.69
fit a2
fit a3
fit a4
fit a5
fit a6
fit a7
fit a8
fit a9
fit a10
fit a11
fit a12
fit a13
fit a14
fit a15
fit a16
fit a17
L1 (+38 heads): C +2.0113 | fresh +2.3208
fit a10L
fit a11L
fit a12L
fit a13L
fit a14L
fit a15L
a16 INDUCTION pointer map fit on 4293 ind positions
fit a16L
fit a17L
  window 0 (7 docs): L2 fresh +2.6667
  window 1 (42 docs): L2 fresh +2.9381
  window 2 (17 docs): L2 fresh +2.6145
  window 3 (23 docs): L2 fresh +2.8522
  window 4 (43 docs): L2 fresh +2.9167
  window 5 (26 docs): L2 fresh +2.7965
  window 6 (35 docs): L2 fresh +2.5849
  window 7 (35 docs): L2 fresh +2.6650
L2 empirical: C +2.4183 | fresh +2.6667 | tail-attn increment +0.3459
(a) L2 <= +2.75 fresh: HELD
(b) increment in [0.30,0.55]: HELD
pointer branch fired 53176 times
recovery (full - a16ptr) per window: [-0.0003, -0.0026, -0.0024, -0.0024, -0.003, -0.0011, -0.0031, -0.001]  median -0.0024
(a) median -0.0024 >= +0.05: FAILED
(b) >= +0.02 on 0/8 (bar 6): FAILED
(c) full FR L2_F 2.6664 vs 2.6662 (tol 0.01): HELD
wrote /workspace/tensor_language/basis_aligned/bilinear_quotient/a16_induction_results.json (230s)
