a2-input probe acc 0.69
fit a2
fit a3
fit a4
fit a5
fit a6
fit a7
fit a8
fit a9
fit a10
fit a11
fit a12
fit a13
fit a14
fit a15
fit a16
fit a17
  fitted a1 absorber: rank 32 on 11776 of 23552 positions
  block  2 input: off 0.4978 -> on 0.5465 (+9.79%)
  block  4 input: off 0.6870 -> on 0.7078 (+3.02%)
  block  6 input: off 1.7494 -> on 1.5505 (-11.37%)
  block 10 input: off 1.2351 -> on 1.1842 (-4.12%)
  block 17 input: off 0.5487 -> on 0.5449 (-0.68%)

CE: off 4.8275 | on 4.8309 | delta +0.0033 (real model 3.6347)
(a) block-2 rel-MSE falls >=30% (+9.79%): FAILED
(b) block-6 rel-MSE lower with absorber: HELD
(c) CE does not worsen: FAILED
wrote /workspace/tensor_language/basis_aligned/bilinear_quotient/a1_absorber_effect_results.json (72s)
