ARM: rank-16 QK patterns at ALL replaced heads, blocks 2-17 (dicts retired)
a2-input probe acc 0.69
fit a2
fit a3
fit a4
fit a5
fit a6
fit a7
fit a8
fit a9
fit a10
fit a11
fit a12
fit a13
fit a14
fit a15
fit a16
fit a17
  cp_swap: front MLPs m0-m3 -> CP top-3456 in place (tailE remains table-front-fit)
  QK rank-12 factors built for all motif heads
  QK rank-12 factors built for tail blocks 10-17
  tail QK hooks registered (gated)
L1 (+38 heads): C +1.8986 | fresh +1.4803
  window 0 (7 docs): L2 fresh +1.3665
  window 1 (42 docs): L2 fresh +1.5959
  window 2 (17 docs): L2 fresh +1.8655
  window 3 (23 docs): L2 fresh +1.8083
  window 4 (43 docs): L2 fresh +1.6518
  window 5 (26 docs): L2 fresh +1.7368
  window 6 (35 docs): L2 fresh +1.5699
  window 7 (35 docs): L2 fresh +1.4180
L2 empirical: C +1.8986 | fresh +1.4803 | tail-attn increment +0.0000
(a) L2 <= +2.75 fresh: HELD
(b) increment in [0.30,0.55]: FAILED
  per-class dCE: digit:+1.025 bclose:+0.591 newline:+0.777 sentend:+0.674 comma:+0.452 name:+2.357 rep:+1.091 subword:+1.914 ind:+1.241 other:+1.442
L2 fresh +1.4803 (was +1.8765); census +1.3784 (was +1.9474); increment +0.0000; valid 0/62
(a) census +1.3784 <= 1.55: HELD
(b) census +1.3784 <= 1.4673: HELD
(c) census >= 0.5: HELD
wrote /workspace/tensor_language/basis_aligned/bilinear_quotient/all_qk12_results.json (121s)
