ARC UNDER POOLING | 3 arms x 1 coverage(s) | DISCOVERY ONLY

########## COVERAGE 5419 ##########
  [bqlib] coverage 5419 from fineweb_n96_skip80.pt: 36 tables, neighbour index and map solver built (4s)
  [bqlib] cache HIT  live     skip7000
  [bqlib] cache HIT  live     skip11000
  [bqlib] cache HIT  live     skip1200
  [bqlib] cache HIT  map64    skip7000
  [bqlib] cache HIT  map64    skip11000
  [bqlib] cache HIT  map64    skip1200
  [bqlib] cache HIT  mix30m640 skip7000
  [bqlib] cache HIT  mix30m640 skip11000
  [bqlib] cache HIT  mix30m640 skip1200
  [bqlib] cache HIT  pat25_35m640 skip7000
  [bqlib] cache HIT  pat25_35m640 skip11000
  [bqlib] cache HIT  pat25_35m640 skip1200

  the converged build beats the deployed design pooled at |t| >= 10  -> True
  and §1967's whole tilt axis is not significant even pooled (|t| < 2)  -> False
  and pooling is stronger than the strongest single role, as using all the data should be  -> True
  derived controls -> True   coverage_exact=True  inert_pairs_are_inert=True  differing_pairs_do_move=True  buckets_partition=True  live_identical=True  ref_converged=True
  reference deviations: converged 0.000000

pred_a True | pred_b False | pred_c True | pred_z True
wrote /workspace/tensor_language/basis_aligned/bilinear_quotient/ops/arc_under_pooling_results.json (4.3s)
