SINGLE ARM: motifs 2/3 real, capturing attn2/attn3 outputs over FR
a2-input probe acc 0.69
fit a2
fit a3
fit a4
fit a5
fit a6
fit a7
fit a8
fit a9
fit a10
fit a11
fit a12
fit a13
fit a14
fit a15
fit a16
fit a17
L1 (+38 heads): C +1.7714 | fresh +2.1027
fit a10L
fit a11L
fit a12L
fit a13L
fit a14L
fit a15L
fit a16L
fit a17L
  window 0 (7 docs): L2 fresh +2.4411
  window 1 (42 docs): L2 fresh +2.6620
  window 2 (17 docs): L2 fresh +2.4263
  window 3 (23 docs): L2 fresh +2.4884
  window 4 (43 docs): L2 fresh +2.7083
  window 5 (26 docs): L2 fresh +2.5084
  window 6 (35 docs): L2 fresh +2.3803
  window 7 (35 docs): L2 fresh +2.4270
L2 empirical: C +2.1953 | fresh +2.4411 | tail-attn increment +0.3385
(a) L2 <= +2.75 fresh: HELD
(b) increment in [0.30,0.55]: HELD
subword CCA 0.913; map R^2 half-A 0.898 -> half-B -1.027
(a) CCA 0.913 >= 0.6: HELD
(b) transfer -1.027 >= 0.8 x 0.898: FAILED
(c) base FR L2_F 2.4411 vs 2.4410 (tol 0.01): HELD
wrote /workspace/tensor_language/basis_aligned/bilinear_quotient/assembler_transfer_results.json (112s)
