a2-input probe acc 0.69
fit a2
fit a3
fit a4
fit a5
fit a6
fit a7
fit a8
fit a9
fit a10
fit a11
fit a12
fit a13
fit a14
fit a15
fit a16
fit a17
v9 full (oracle) +3.2683
LOO marginal a2: +0.1774
LOO marginal a3: +0.1108
LOO marginal a4: +0.1447
LOO marginal a5: -0.3823
LOO marginal a6: +0.2256
LOO marginal a7: +0.2825
LOO marginal a8: +0.4002
LOO marginal a9: +0.0866
base 3.535 | v9 full +3.2683 | dropped ['a8'] | best +2.8681 | deploy(best) +3.0671
(a) top-3 marginals = a3,a4,a5 (got ['a8', 'a7', 'a6']): FAILED
(b) >=3/8 survive (7/8): HELD
(c) v9-best <= +3.2: HELD
wrote /workspace/tensor_language/basis_aligned/bilinear_quotient/assembled_v9_results.json (89s)
