ARM 1/3: full S2144 config
a2-input probe acc 0.69
fit a2
fit a3
fit a4
fit a5
fit a6
fit a7
fit a8
fit a9
fit a10
fit a11
fit a12
fit a13
fit a14
fit a15
fit a16
fit a17
L1 (+38 heads): C +2.0112 | fresh +2.3207
fit a10L
fit a11L
fit a12L
fit a13L
fit a14L
fit a15L
fit a16L
fit a17L
  window 0 (7 docs): L2 fresh +2.6662
  window 1 (42 docs): L2 fresh +2.9355
  window 2 (17 docs): L2 fresh +2.6122
  window 3 (23 docs): L2 fresh +2.8498
  window 4 (43 docs): L2 fresh +2.9137
  window 5 (26 docs): L2 fresh +2.7954
  window 6 (35 docs): L2 fresh +2.5818
  window 7 (35 docs): L2 fresh +2.6640
L2 empirical: C +2.4191 | fresh +2.6662 | tail-attn increment +0.3455
(a) L2 <= +2.75 fresh: HELD
(b) increment in [0.30,0.55]: HELD
ARM 2/3: block-2 motifs REAL
a2-input probe acc 0.69
fit a2
fit a3
fit a4
fit a5
fit a6
fit a7
fit a8
fit a9
fit a10
fit a11
fit a12
fit a13
fit a14
fit a15
fit a16
fit a17
L1 (+38 heads): C +1.8239 | fresh +2.1247
fit a10L
fit a11L
fit a12L
fit a13L
fit a14L
fit a15L
fit a16L
fit a17L
  window 0 (7 docs): L2 fresh +2.4775
  window 1 (42 docs): L2 fresh +2.7259
  window 2 (17 docs): L2 fresh +2.4426
  window 3 (23 docs): L2 fresh +2.5656
  window 4 (43 docs): L2 fresh +2.7682
  window 5 (26 docs): L2 fresh +2.5605
  window 6 (35 docs): L2 fresh +2.3990
  window 7 (35 docs): L2 fresh +2.4674
L2 empirical: C +2.2362 | fresh +2.4775 | tail-attn increment +0.3529
(a) L2 <= +2.75 fresh: HELD
(b) increment in [0.30,0.55]: HELD
ARM 3/3: block-3 motifs REAL
a2-input probe acc 0.69
fit a2
fit a3
fit a4
fit a5
fit a6
fit a7
fit a8
fit a9
fit a10
fit a11
fit a12
fit a13
fit a14
fit a15
fit a16
fit a17
L1 (+38 heads): C +1.8303 | fresh +2.1679
fit a10L
fit a11L
fit a12L
fit a13L
fit a14L
fit a15L
fit a16L
fit a17L
  window 0 (7 docs): L2 fresh +2.4968
  window 1 (42 docs): L2 fresh +2.7404
  window 2 (17 docs): L2 fresh +2.4699
  window 3 (23 docs): L2 fresh +2.5985
  window 4 (43 docs): L2 fresh +2.7332
  window 5 (26 docs): L2 fresh +2.5727
  window 6 (35 docs): L2 fresh +2.4388
  window 7 (35 docs): L2 fresh +2.4850
L2 empirical: C +2.2538 | fresh +2.4968 | tail-attn increment +0.3289
(a) L2 <= +2.75 fresh: HELD
(b) increment in [0.30,0.55]: HELD
subword n=3415; binned Spearman(d2,d3) +0.998; top-half share 1.058
(a) rho +0.998 >= 0.5: HELD
(b) top-half share 1.058 >= 0.6: HELD
(c) full FR L2_F 2.6662 vs 2.6662 (tol 0.01): HELD
wrote /workspace/tensor_language/basis_aligned/bilinear_quotient/assembler_pair_results.json (338s)
