absorber m0 (quad32/P64): R^2 0.62
absorber m2 (quad32/P64): R^2 0.61
absorber m3 (quad32/P64): R^2 0.64
a10-input probe acc 0.73
fit a10
fit a11
fit a12
fit a13
fit a14
fit a15
fit a16
fit a17
v8 full (oracle) +2.2121
LOO marginal a10: +0.1011
LOO marginal a11: +0.0820
LOO marginal a12: +0.0838
LOO marginal a13: +0.1836
LOO marginal a14: +0.2609
LOO marginal a15: +0.0920
LOO marginal a16: +0.3070
LOO marginal a17: +0.0793
base 3.535 | v8 full +2.2121 | dropped [] | best +2.2121 | deploy +2.2544
(a) v8 <= +2.20: FAILED
(b) deploy gap <= +0.10: HELD
(c) 8/8 survive (8/8): HELD
wrote /workspace/tensor_language/basis_aligned/bilinear_quotient/assembled_v8_results.json (65s)
