TRAIN SQ54 factor warm start
TRAIN SC54 branch-score objective
TRAIN CP54 complete-product objective
TRAIN PP54 pair-permuted control
TRAIN CP54-R independent restart
ENCODE physical token tables
{
  "status": "attention0_coupled_sparse_qk_score_product_complete",
  "loss_decrease": {
    "SQ54": 0.6931566159565596,
    "SC54": 0.40129466591839535,
    "CP54": 0.5478628795658932,
    "PP54": 0.4331336858897261,
    "SQ54_R": 0.686914261308962,
    "CP54_R": 0.5373157902336497
  },
  "factor_fvu": {
    "SQ54": {
      "query": 0.5850576932801127,
      "key": 0.6664116709020824
    },
    "SC54": {
      "query": 0.9691417826241638,
      "key": 1.1106296467172447
    },
    "CP54": {
      "query": 1.068833452807266,
      "key": 1.199424506592004
    },
    "CP72": {
      "query": 1.0625068903990158,
      "key": 1.1911842272901034
    },
    "PP54": {
      "query": 1.1824544711805614,
      "key": 1.4191638106401343
    }
  },
  "pattern": {
    "SQ54": 0.9625808902574808,
    "SC54": 0.2197098141416837,
    "CP54": 0.21899054155725134,
    "CP72": 0.219413352401863,
    "PP54": 0.4425995258174167,
    "WH54": 2.0047767220134283
  },
  "branch": {
    "SQ54": 0.5826685340238191,
    "SC54": 0.3967139356470989,
    "CP54": 0.40012208708691055,
    "CP72": 0.4012237542048521,
    "PP54": 0.7712675196517447,
    "WH54": 1.164763512336331
  },
  "write": {
    "SQ54": 0.658900709556241,
    "SC54": 0.31084369472163587,
    "CP54": 0.3391379377304681,
    "CP72": 0.3403940224249413,
    "PP54": 0.48050469107705635,
    "WH54": 1.9156963945866299
  },
  "ce": {
    "native": {
      "mean": 3.051129925996065,
      "damage": 0.0,
      "wave_damage": [
        0.0,
        0.0
      ]
    },
    "SQ54": {
      "mean": 3.0819645387430987,
      "damage": 0.030834612747033585,
      "wave_damage": [
        0.030905768275260925,
        0.0307634572188058
      ]
    },
    "SC54": {
      "mean": 3.0771529699365296,
      "damage": 0.026023043940464508,
      "wave_damage": [
        0.0261381069819131,
        0.025907980899015914
      ]
    },
    "CP54": {
      "mean": 3.074189374844233,
      "damage": 0.023059448848167907,
      "wave_damage": [
        0.022171959280967712,
        0.023946938415368546
      ]
    },
    "CP72": {
      "mean": 3.073942186931769,
      "damage": 0.022812260935703765,
      "wave_damage": [
        0.021825075149536133,
        0.023799446721871842
      ]
    },
    "PP54": {
      "mean": 3.1606984063982964,
      "damage": 0.10956848040223122,
      "wave_damage": [
        0.10608913997809077,
        0.11304782082637166
      ]
    },
    "WH54": {
      "mean": 4.076699659228325,
      "damage": 1.0255697332322598,
      "wave_damage": [
        1.0811115701993304,
        0.9700278962651891
      ]
    }
  },
  "concentration": {
    "relative_squared_error": {
      "32": 0.17262289178321347,
      "64": 0.06837323252131867,
      "128": 0.019958624189917507
    },
    "absolute_mass_fraction": {
      "32": 0.3069999088272076,
      "64": 0.44507885244212164,
      "128": 0.6135177247863487
    },
    "top256_pair_ids": [
      212654,
      212883,
      157479,
      157250,
      192647,
      192876,
      52598,
      157216,
      212620,
      157490,
      192613,
      52827,
      212887,
      95406,
      212894,
      262928,
      212862,
      263157,
      192887,
      157458,
      212437,
      212716,
      192742,
      71808,
      128522,
      192855,
      192709,
      157483,
      52564,
      157033,
      157312,
      192430,
      212768,
      63600,
      192880,
      52838,
      157345,
      128488,
      212749,
      63337,
      212621,
      262894,
      95177,
      71641,
      52831,
      71545,
      212576,
      145680,
      128751,
      157364,
      145451,
      15662,
      52693,
      212458,
      52381,
      26664,
      52806,
      192761,
      63371,
      212554,
      71579,
      212761,
      95143,
      95385,
      157217,
      263168,
      29000,
      52660,
      128762,
      145417,
      63433,
      95410,
      95272,
      26435,
      263136,
      71812,
      263161,
      192569,
      192754,
      15891,
      192614,
      124418,
      128617,
      157172,
      212859,
      71787,
      212616,
      262711,
      158505,
      52712,
      124647,
      94960,
      157150,
      63579,
      212866,
      52565,
      28966,
      29229,
      63604,
      192852,
      95239,
      71362,
      145691,
      85430,
      15628,
      250582,
      85396,
      52498,
      158276,
      192609,
      158242,
      192547,
      192451,
      71674,
      124384,
      52402,
      263023,
      157455,
      157436,
      250845,
      157054,
      250616,
      262990,
      128730,
      63611,
      63466,
      145659,
      145513,
      250711,
      212840,
      15902,
      26401,
      52803,
      71819,
      119004,
      79787,
      128305,
      128755,
      157212,
      263042,
      79753,
      157357,
      158371,
      128584,
      262895,
      157462,
      85659,
      95417,
      145684,
      52560,
      128489,
      212802,
      145546,
      63154,
      128636,
      158059,
      145234,
      29095,
      71693,
      26530,
      52520,
      212561,
      192859,
      158516,
      15445,
      135933,
      29233,
      118775,
      29240,
      180564,
      124658,
      15895,
      124513,
      71383,
      124480,
      192833,
      63338,
      63333,
      50775,
      71765,
      26218,
      63485,
      128727,
      95139,
      212848,
      135670,
      139524,
      180335,
      145565,
      15870,
      79849,
      250678,
      80016,
      29062,
      63271,
      85525,
      52705,
      71541,
      52784,
      63557,
      71686,
      262828,
      124651,
      212687,
      71546,
      124201,
      52810,
      26497,
      95099,
      29208,
      85492,
      85638,
      212793,
      85663,
      94981,
      262850,
      212803,
      145418,
      192841,
      26675,
      250856,
      124626,
      28783,
      192795,
      180301,
      15776,
      85670,
      95389,
      263035,
      79995,
      192680,
      95284,
      26668,
      95144,
      263133,
      50546,
      79882,
      63293,
      192554,
      145255,
      63576,
      95382,
      262732,
      128422,
      71501,
      250824,
      26643,
      262890,
      250849,
      95291,
      15757,
      15562,
      139357,
      15724,
      145351,
      139261
    ]
  },
  "stability": {
    "query_median_matched_abs_cosine": 0.14610924344176457,
    "key_median_matched_abs_cosine": 0.15701287762546118,
    "top256_pair_jaccard": 0.3689839572192513
  },
  "pred_a": true,
  "pred_b": false,
  "pred_c": false,
  "pred_d": false,
  "strong_null": false,
  "next_step": "close_sparse_composition_prioritize_continuous_generator",
  "runtime_s": 27.800930976867676
}
ATTENTION0 COUPLED SPARSE QK PRODUCT DONE
