{
  "confirmed_pairs": 0,
  "discovery_candidates": 0,
  "execution_price": {
    "backwards": 0,
    "confirmed_pairs": 0,
    "deployed_parameters_added": 0,
    "deployed_parameters_saved": 0,
    "discovery_candidates": 0,
    "finite_term_nodes": 816,
    "fixed_pair_comparisons": 17460,
    "full_forwards": 52452,
    "maximum_conditional_forwards": 108748,
    "peak_gpu_memory_bytes": 5725364224,
    "physical_pairs": 0
  },
  "maximum_control_candidate_count": 0,
  "next_step": "leave_mlp10_consumer_descent_for_task_defined_state_transition_or_new_gap",
  "physical_pairs": 0,
  "pred_a": true,
  "pred_b": false,
  "pred_c": false,
  "pred_d": false,
  "pred_e": false,
  "quotient_groups": 0,
  "rung": 515,
  "status": "complete",
  "strong_null": true
}
