{
  "status": "attention0_realized_edge_block_term_complete",
  "instrument": {
    "calibration": {
      "full": -3.8494666565469515e-08,
      "rank16": 0.10707569991548871,
      "haar_0": 1.4718831616143389,
      "haar_1": 1.437182566771905,
      "haar_2": 1.4379044386247797,
      "native_ce": 3.051129925996065,
      "u16_orthogonality_max_abs": 2.384185791015625e-07,
      "local_forward_replay_max_abs": 0.0
    },
    "payload_fold_max_abs": 5.400124791776761e-13,
    "response_gram_parent_relative_error": 2.6970834614657932e-08,
    "fit_consumer_live_max_abs": {
      "mlp0": 4971.484375,
      "q1": 3.5537924766540527,
      "k1": 3.070966958999634,
      "q2": 3.857912302017212,
      "k2": 3.435443878173828,
      "fresh_v": 27.866039276123047
    },
    "edge_replay_before_remainder_max_abs": 0.000640869140625,
    "edge_replay_after_remainder_max_abs": 0.0,
    "edge_replay_relative_squared_before_remainder": 4.4439422816160143e-13,
    "edge_replay_relative_squared_after_remainder": 0.0
  },
  "fit_half_overlap": {
    "score1": 0.9459691047668457,
    "score2": 0.986024022102356,
    "payload": 0.9059898853302002
  },
  "edge_metrics": {
    "marginal": {
      "individual_relative_mse": 0.352593064343975,
      "summed_relative_mse": 0.3167502001474989,
      "summed_r2_zero_origin": 0.6832497998525011
    },
    "joint": {
      "individual_relative_mse": 0.014068434006758362,
      "summed_relative_mse": 0.009717026309047362,
      "summed_r2_zero_origin": 0.9902829736909526
    },
    "deranged": {
      "individual_relative_mse": 1.6323875353845847,
      "summed_relative_mse": 1.630659340331758,
      "summed_r2_zero_origin": -0.630659340331758
    }
  },
  "joint_gain_over_marginal": 0.9693227461118493,
  "joint_gain_over_deranged": 0.9940410445831865,
  "transport": {
    "routed_u16_r2": {
      "marginal": 0.7078741712284853,
      "joint": 0.9849729793659919,
      "deranged": -0.7168447728223304
    },
    "consumer_r2": {
      "marginal": {
        "mlp0": 0.7506139321958745,
        "q1": 0.7803228909765392,
        "k1": 0.7647409258702498,
        "q2": 0.7479446795460143,
        "k2": 0.7497494109093349,
        "fresh_v": 0.7590961682841807
      },
      "joint": {
        "mlp0": 0.9926104194820918,
        "q1": 0.9943148722488273,
        "k1": 0.9927124861352591,
        "q2": 0.9928179673774216,
        "k2": 0.991684528077383,
        "fresh_v": 0.9919986911220022
      },
      "deranged": {
        "mlp0": -0.43160775450521105,
        "q1": -0.38102549639177297,
        "k1": -0.5958689576891183,
        "q2": -0.41737321483685674,
        "k2": -0.5781720974524731,
        "fresh_v": -0.5279560758830459
      }
    },
    "mean_consumer_r2": {
      "marginal": 0.758744667963699,
      "joint": 0.9926898274071642,
      "deranged": -0.48866726612641304
    },
    "ce": {
      "native": {
        "mean": 3.051129925996065,
        "damage": 0.0,
        "wave_damage": [
          0.0,
          0.0
        ]
      },
      "marginal": {
        "mean": 3.055485484500726,
        "damage": 0.004355558504661072,
        "wave_damage": [
          0.005020355184873093,
          0.0036907618244490514
        ]
      },
      "joint": {
        "mean": 3.0513292526205382,
        "damage": 0.00019932662447308402,
        "wave_damage": [
          0.0001268188158669581,
          0.00027183443307876587
        ]
      },
      "deranged": {
        "mean": 3.6016791872680187,
        "damage": 0.5505492612719536,
        "wave_damage": [
          0.6836394419272742,
          0.41745908061663295
        ]
      }
    }
  },
  "pred_a": false,
  "pred_b": true,
  "pred_c": true,
  "pred_d": true,
  "strong_null": true,
  "next_step": "instrument_repair_only",
  "runtime_s": 18.754159688949585
}
ATTENTION0 REALIZED EDGE BLOCK TERM DONE
