{
  "confirmed_programs": 0,
  "discovery_candidates": 0,
  "execution_price": {
    "all_groups": 113568,
    "backwards": 0,
    "confirmed_programs": 0,
    "deployed_parameters_added": 0,
    "deployed_parameters_saved": 0,
    "discovery_candidates": 0,
    "fixed_groups": 48,
    "full_forwards": 2108,
    "local_attention_corner_evaluations": 47616,
    "local_mlp_corner_evaluations": 5952,
    "maximum_conditional_forwards": 25854,
    "peak_gpu_memory_bytes": 5957890048,
    "physical_programs": 0,
    "sparse_groups": 113520
  },
  "next_step": "preregister_task_conditioned_nonlinear_reader_of_exact_terms_with_heldout_circuit_outcomes",
  "physical_programs": 0,
  "pred_a": true,
  "pred_b": false,
  "pred_c": false,
  "pred_d": false,
  "pred_e": false,
  "reused_programs": [],
  "rung": 514,
  "source_relations_reproduced": true,
  "status": "complete",
  "strong_null": true,
  "top3_confirmation": 0,
  "top3_discovery": 0,
  "top3_physical": 0
}
