{
  "confirmed_groups": 0,
  "discovery_candidates": 0,
  "execution_price": {
    "backwards": 0,
    "confirmed_groups": 0,
    "deployed_parameters_added": 0,
    "deployed_parameters_saved": 0,
    "discovery_candidates": 0,
    "fixed_groups": 204,
    "full_forwards": 2108,
    "local_attention_corner_evaluations": 47616,
    "local_mlp_corner_evaluations": 5952,
    "maximum_conditional_forwards": 132494,
    "peak_gpu_memory_bytes": 5351809024,
    "physical_groups": 0,
    "relation_term_tests": 612
  },
  "next_step": "preregister_sparse_multi_term_mismatch_combinations_with_planted_identifiability_control",
  "physical_groups": 0,
  "pred_a": true,
  "pred_b": false,
  "pred_c": false,
  "pred_d": false,
  "pred_e": false,
  "reused_terms": [],
  "rung": 513,
  "source_relations_reproduced": true,
  "status": "complete",
  "strong_null": true
}
