TRAIN frozen-seed independent rung430 restart
PROJECT H54 q over 40206 rows
PROJECT H54 k over 40206 rows
PROJECT SH54 q over 40206 rows
PROJECT SH54 k over 40206 rows
PROJECT PH54 q over 40206 rows
PROJECT PH54 k over 40206 rows
PROJECT SH54_repeat q over 40206 rows
PROJECT SH54_repeat k over 40206 rows
PROJECT SH54_fit_a q over 20104 rows
PROJECT SH54_fit_a k over 20104 rows
PROJECT SH54_fit_b q over 20102 rows
PROJECT SH54_fit_b k over 20102 rows
{
  "projection_residuals": {
    "SH54": {
      "q": 0.705482006072998,
      "k": 0.7062259316444397
    },
    "PH54": {
      "q": 0.8937962055206299,
      "k": 0.8923155069351196
    }
  },
  "profile_stability": {
    "unconstrained": {
      "q": {
        "mean_matched_absolute_cosine": 0.31320901734440376,
        "median_matched_absolute_cosine": 0.28795598214088447,
        "minimum_matched_absolute_cosine": 0.14507938238689966,
        "left_indices": [
          0,
          1,
          2,
          3,
          4,
          5,
          6,
          7,
          8,
          9,
          10,
          11,
          12,
          13,
          14,
          15,
          16,
          17,
          18,
          19,
          20,
          21,
          22,
          23,
          24,
          25,
          26,
          27,
          28,
          29,
          30,
          31,
          32,
          33,
          34,
          35,
          36,
          37,
          38,
          39,
          40,
          41,
          42,
          43,
          44,
          45,
          46,
          47,
          48,
          49,
          50,
          51,
          52,
          53,
          54,
          55,
          56,
          57,
          58,
          59,
          60,
          61,
          62,
          63,
          64,
          65,
          66,
          67,
          68,
          69,
          70,
          71,
          72,
          73,
          74,
          75,
          76,
          77,
          78,
          79,
          80,
          81,
          82,
          83,
          84,
          85,
          86,
          87,
          88,
          89,
          90,
          91,
          92,
          93,
          94,
          95,
          96,
          97,
          98,
          99,
          100,
          101,
          102,
          103,
          104,
          105,
          106,
          107,
          108,
          109,
          110,
          111,
          112,
          113,
          114,
          115,
          116,
          117,
          118,
          119,
          120,
          121,
          122,
          123,
          124,
          125,
          126,
          127,
          128,
          129,
          130,
          131,
          132,
          133,
          134,
          135,
          136,
          137,
          138,
          139,
          140,
          141,
          142,
          143,
          144,
          145,
          146,
          147,
          148,
          149,
          150,
          151,
          152,
          153,
          154,
          155,
          156,
          157,
          158,
          159,
          160,
          161,
          162,
          163,
          164,
          165,
          166,
          167,
          168,
          169,
          170,
          171,
          172,
          173,
          174,
          175,
          176,
          177,
          178,
          179,
          180,
          181,
          182,
          183,
          184,
          185,
          186,
          187,
          188,
          189,
          190,
          191,
          192,
          193,
          194,
          195,
          196,
          197,
          198,
          199,
          200,
          201,
          202,
          203,
          204,
          205,
          206,
          207,
          208,
          209,
          210,
          211,
          212,
          213,
          214,
          215,
          216,
          217,
          218,
          219,
          220,
          221,
          222,
          223,
          224,
          225,
          226,
          227,
          228,
          229,
          230,
          231,
          232,
          233,
          234,
          235,
          236,
          237,
          238,
          239,
          240,
          241,
          242,
          243,
          244,
          245,
          246,
          247,
          248,
          249,
          250,
          251,
          252,
          253,
          254,
          255,
          256,
          257,
          258,
          259,
          260,
          261,
          262,
          263,
          264,
          265,
          266,
          267,
          268,
          269,
          270,
          271,
          272,
          273,
          274,
          275,
          276,
          277,
          278,
          279,
          280,
          281,
          282,
          283,
          284,
          285,
          286,
          287,
          288,
          289,
          290,
          291,
          292,
          293,
          294,
          295,
          296,
          297,
          298,
          299,
          300,
          301,
          302,
          303,
          304,
          305,
          306,
          307,
          308,
          309,
          310,
          311,
          312,
          313,
          314,
          315,
          316,
          317,
          318,
          319,
          320,
          321,
          322,
          323,
          324,
          325,
          326,
          327,
          328,
          329,
          330,
          331,
          332,
          333,
          334,
          335,
          336,
          337,
          338,
          339,
          340,
          341,
          342,
          343,
          344,
          345,
          346,
          347,
          348,
          349,
          350,
          351,
          352,
          353,
          354,
          355,
          356,
          357,
          358,
          359,
          360,
          361,
          362,
          363,
          364,
          365,
          366,
          367,
          368,
          369,
          370,
          371,
          372,
          373,
          374,
          375,
          376,
          377,
          378,
          379,
          380,
          381,
          382,
          383,
          384,
          385,
          386,
          387,
          388,
          389,
          390,
          391,
          392,
          393,
          394,
          395,
          396,
          397,
          398,
          399,
          400,
          401,
          402,
          403,
          404,
          405,
          406,
          407,
          408,
          409,
          410,
          411,
          412,
          413,
          414,
          415,
          416,
          417,
          418,
          419,
          420,
          421,
          422,
          423,
          424,
          425,
          426,
          427,
          428,
          429,
          430,
          431,
          432,
          433,
          434,
          435,
          436,
          437,
          438,
          439,
          440,
          441,
          442,
          443,
          444,
          445,
          446,
          447,
          448,
          449,
          450,
          451,
          452,
          453,
          454,
          455,
          456,
          457,
          458,
          459,
          460,
          461,
          462,
          463,
          464,
          465,
          466,
          467,
          468,
          469,
          470,
          471,
          472,
          473,
          474,
          475,
          476,
          477,
          478,
          479,
          480,
          481,
          482,
          483,
          484,
          485,
          486,
          487,
          488,
          489,
          490,
          491,
          492,
          493,
          494,
          495,
          496,
          497,
          498,
          499,
          500,
          501,
          502,
          503,
          504,
          505,
          506,
          507,
          508,
          509,
          510,
          511
        ],
        "right_indices": [
          81,
          401,
          131,
          213,
          284,
          286,
          127,
          57,
          236,
          36,
          318,
          47,
          242,
          160,
          209,
          399,
          468,
          64,
          157,
          457,
          481,
          50,
          87,
          143,
          444,
          140,
          368,
          381,
          195,
          98,
          90,
          161,
          52,
          498,
          70,
          221,
          125,
          62,
          252,
          128,
          351,
          455,
          360,
          301,
          193,
          137,
          111,
          375,
          470,
          116,
          69,
          74,
          102,
          371,
          271,
          239,
          313,
          273,
          29,
          113,
          63,
          139,
          202,
          506,
          257,
          165,
          167,
          362,
          172,
          314,
          121,
          324,
          185,
          332,
          370,
          164,
          277,
          9,
          334,
          294,
          18,
          263,
          188,
          402,
          275,
          282,
          141,
          232,
          309,
          77,
          394,
          501,
          225,
          126,
          380,
          355,
          67,
          96,
          288,
          398,
          147,
          123,
          437,
          51,
          177,
          483,
          133,
          285,
          322,
          311,
          83,
          183,
          304,
          385,
          103,
          460,
          187,
          408,
          190,
          421,
          117,
          349,
          203,
          100,
          95,
          418,
          320,
          280,
          382,
          497,
          178,
          490,
          4,
          218,
          88,
          80,
          262,
          240,
          41,
          509,
          208,
          23,
          388,
          115,
          395,
          93,
          350,
          392,
          171,
          462,
          420,
          393,
          390,
          216,
          184,
          8,
          205,
          68,
          196,
          417,
          424,
          403,
          109,
          60,
          300,
          76,
          299,
          505,
          181,
          412,
          479,
          179,
          105,
          182,
          327,
          124,
          45,
          270,
          397,
          279,
          132,
          142,
          28,
          13,
          24,
          406,
          79,
          312,
          199,
          503,
          480,
          346,
          251,
          198,
          246,
          476,
          306,
          354,
          186,
          471,
          482,
          342,
          340,
          17,
          495,
          264,
          343,
          30,
          75,
          317,
          438,
          191,
          510,
          25,
          446,
          174,
          374,
          391,
          229,
          122,
          433,
          89,
          58,
          16,
          91,
          211,
          427,
          12,
          266,
          504,
          436,
          459,
          369,
          222,
          99,
          248,
          383,
          254,
          84,
          431,
          176,
          44,
          154,
          413,
          361,
          384,
          478,
          293,
          425,
          345,
          26,
          166,
          92,
          422,
          447,
          66,
          488,
          72,
          496,
          485,
          37,
          138,
          278,
          1,
          32,
          396,
          255,
          298,
          326,
          466,
          56,
          448,
          472,
          260,
          22,
          410,
          387,
          54,
          243,
          336,
          373,
          194,
          31,
          302,
          59,
          120,
          292,
          461,
          94,
          78,
          359,
          212,
          118,
          42,
          409,
          170,
          507,
          214,
          310,
          256,
          268,
          502,
          452,
          219,
          494,
          49,
          463,
          65,
          6,
          180,
          319,
          82,
          276,
          46,
          2,
          303,
          48,
          40,
          453,
          55,
          451,
          220,
          158,
          454,
          151,
          237,
          414,
          492,
          379,
          331,
          14,
          146,
          295,
          378,
          428,
          404,
          136,
          430,
          169,
          330,
          53,
          119,
          405,
          449,
          469,
          389,
          135,
          101,
          35,
          477,
          416,
          261,
          489,
          441,
          226,
          250,
          443,
          465,
          440,
          508,
          269,
          407,
          296,
          372,
          367,
          272,
          189,
          234,
          114,
          173,
          247,
          287,
          163,
          21,
          419,
          104,
          231,
          206,
          321,
          149,
          86,
          400,
          423,
          308,
          129,
          38,
          358,
          110,
          148,
          281,
          201,
          97,
          511,
          145,
          259,
          442,
          274,
          484,
          464,
          486,
          215,
          144,
          386,
          458,
          244,
          439,
          344,
          152,
          283,
          217,
          329,
          204,
          352,
          175,
          357,
          258,
          339,
          85,
          61,
          335,
          289,
          106,
          500,
          450,
          307,
          365,
          347,
          73,
          290,
          0,
          238,
          325,
          475,
          223,
          338,
          473,
          337,
          487,
          227,
          34,
          467,
          168,
          315,
          435,
          432,
          7,
          71,
          297,
          353,
          15,
          249,
          491,
          43,
          253,
          241,
          333,
          411,
          224,
          197,
          348,
          426,
          39,
          245,
          499,
          415,
          150,
          5,
          265,
          210,
          328,
          108,
          228,
          200,
          356,
          235,
          20,
          3,
          33,
          445,
          10,
          434,
          305,
          11,
          474,
          27,
          155,
          134,
          156,
          363,
          364,
          323,
          366,
          130,
          192,
          112,
          107,
          19,
          377,
          316,
          159,
          267,
          162,
          207,
          153,
          233,
          230,
          341,
          493,
          429,
          456,
          291,
          376
        ]
      },
      "k": {
        "mean_matched_absolute_cosine": 0.3334768928895224,
        "median_matched_absolute_cosine": 0.31310471235340437,
        "minimum_matched_absolute_cosine": 0.1655522034347026,
        "left_indices": [
          0,
          1,
          2,
          3,
          4,
          5,
          6,
          7,
          8,
          9,
          10,
          11,
          12,
          13,
          14,
          15,
          16,
          17,
          18,
          19,
          20,
          21,
          22,
          23,
          24,
          25,
          26,
          27,
          28,
          29,
          30,
          31,
          32,
          33,
          34,
          35,
          36,
          37,
          38,
          39,
          40,
          41,
          42,
          43,
          44,
          45,
          46,
          47,
          48,
          49,
          50,
          51,
          52,
          53,
          54,
          55,
          56,
          57,
          58,
          59,
          60,
          61,
          62,
          63,
          64,
          65,
          66,
          67,
          68,
          69,
          70,
          71,
          72,
          73,
          74,
          75,
          76,
          77,
          78,
          79,
          80,
          81,
          82,
          83,
          84,
          85,
          86,
          87,
          88,
          89,
          90,
          91,
          92,
          93,
          94,
          95,
          96,
          97,
          98,
          99,
          100,
          101,
          102,
          103,
          104,
          105,
          106,
          107,
          108,
          109,
          110,
          111,
          112,
          113,
          114,
          115,
          116,
          117,
          118,
          119,
          120,
          121,
          122,
          123,
          124,
          125,
          126,
          127,
          128,
          129,
          130,
          131,
          132,
          133,
          134,
          135,
          136,
          137,
          138,
          139,
          140,
          141,
          142,
          143,
          144,
          145,
          146,
          147,
          148,
          149,
          150,
          151,
          152,
          153,
          154,
          155,
          156,
          157,
          158,
          159,
          160,
          161,
          162,
          163,
          164,
          165,
          166,
          167,
          168,
          169,
          170,
          171,
          172,
          173,
          174,
          175,
          176,
          177,
          178,
          179,
          180,
          181,
          182,
          183,
          184,
          185,
          186,
          187,
          188,
          189,
          190,
          191,
          192,
          193,
          194,
          195,
          196,
          197,
          198,
          199,
          200,
          201,
          202,
          203,
          204,
          205,
          206,
          207,
          208,
          209,
          210,
          211,
          212,
          213,
          214,
          215,
          216,
          217,
          218,
          219,
          220,
          221,
          222,
          223,
          224,
          225,
          226,
          227,
          228,
          229,
          230,
          231,
          232,
          233,
          234,
          235,
          236,
          237,
          238,
          239,
          240,
          241,
          242,
          243,
          244,
          245,
          246,
          247,
          248,
          249,
          250,
          251,
          252,
          253,
          254,
          255,
          256,
          257,
          258,
          259,
          260,
          261,
          262,
          263,
          264,
          265,
          266,
          267,
          268,
          269,
          270,
          271,
          272,
          273,
          274,
          275,
          276,
          277,
          278,
          279,
          280,
          281,
          282,
          283,
          284,
          285,
          286,
          287,
          288,
          289,
          290,
          291,
          292,
          293,
          294,
          295,
          296,
          297,
          298,
          299,
          300,
          301,
          302,
          303,
          304,
          305,
          306,
          307,
          308,
          309,
          310,
          311,
          312,
          313,
          314,
          315,
          316,
          317,
          318,
          319,
          320,
          321,
          322,
          323,
          324,
          325,
          326,
          327,
          328,
          329,
          330,
          331,
          332,
          333,
          334,
          335,
          336,
          337,
          338,
          339,
          340,
          341,
          342,
          343,
          344,
          345,
          346,
          347,
          348,
          349,
          350,
          351,
          352,
          353,
          354,
          355,
          356,
          357,
          358,
          359,
          360,
          361,
          362,
          363,
          364,
          365,
          366,
          367,
          368,
          369,
          370,
          371,
          372,
          373,
          374,
          375,
          376,
          377,
          378,
          379,
          380,
          381,
          382,
          383,
          384,
          385,
          386,
          387,
          388,
          389,
          390,
          391,
          392,
          393,
          394,
          395,
          396,
          397,
          398,
          399,
          400,
          401,
          402,
          403,
          404,
          405,
          406,
          407,
          408,
          409,
          410,
          411,
          412,
          413,
          414,
          415,
          416,
          417,
          418,
          419,
          420,
          421,
          422,
          423,
          424,
          425,
          426,
          427,
          428,
          429,
          430,
          431,
          432,
          433,
          434,
          435,
          436,
          437,
          438,
          439,
          440,
          441,
          442,
          443,
          444,
          445,
          446,
          447,
          448,
          449,
          450,
          451,
          452,
          453,
          454,
          455,
          456,
          457,
          458,
          459,
          460,
          461,
          462,
          463,
          464,
          465,
          466,
          467,
          468,
          469,
          470,
          471,
          472,
          473,
          474,
          475,
          476,
          477,
          478,
          479,
          480,
          481,
          482,
          483,
          484,
          485,
          486,
          487,
          488,
          489,
          490,
          491,
          492,
          493,
          494,
          495,
          496,
          497,
          498,
          499,
          500,
          501,
          502,
          503,
          504,
          505,
          506,
          507,
          508,
          509,
          510,
          511
        ],
        "right_indices": [
          92,
          250,
          406,
          247,
          2,
          57,
          192,
          283,
          138,
          268,
          465,
          8,
          437,
          288,
          223,
          307,
          377,
          39,
          76,
          461,
          202,
          482,
          194,
          23,
          455,
          509,
          328,
          98,
          61,
          300,
          96,
          130,
          391,
          263,
          497,
          123,
          77,
          422,
          418,
          201,
          99,
          345,
          298,
          436,
          78,
          276,
          511,
          363,
          71,
          127,
          335,
          410,
          44,
          141,
          364,
          508,
          114,
          42,
          3,
          222,
          354,
          432,
          475,
          118,
          388,
          280,
          449,
          356,
          306,
          444,
          52,
          176,
          372,
          28,
          439,
          393,
          115,
          383,
          31,
          510,
          248,
          174,
          450,
          346,
          62,
          198,
          204,
          126,
          241,
          110,
          186,
          229,
          219,
          68,
          397,
          64,
          203,
          480,
          105,
          1,
          136,
          55,
          339,
          396,
          355,
          350,
          375,
          445,
          30,
          428,
          33,
          173,
          108,
          423,
          5,
          227,
          317,
          211,
          304,
          314,
          255,
          168,
          476,
          381,
          326,
          90,
          360,
          489,
          231,
          196,
          415,
          116,
          448,
          285,
          157,
          495,
          433,
          384,
          156,
          332,
          278,
          10,
          386,
          479,
          453,
          106,
          483,
          175,
          464,
          36,
          200,
          431,
          327,
          412,
          151,
          83,
          456,
          7,
          180,
          311,
          352,
          188,
          404,
          221,
          466,
          234,
          318,
          303,
          273,
          82,
          51,
          183,
          40,
          237,
          468,
          172,
          0,
          370,
          322,
          148,
          264,
          362,
          257,
          408,
          458,
          212,
          167,
          382,
          498,
          16,
          220,
          417,
          187,
          191,
          294,
          66,
          340,
          442,
          452,
          256,
          472,
          160,
          385,
          32,
          366,
          46,
          54,
          407,
          27,
          244,
          199,
          291,
          29,
          93,
          217,
          501,
          429,
          252,
          246,
          309,
          405,
          149,
          478,
          131,
          19,
          344,
          100,
          228,
          270,
          403,
          493,
          387,
          380,
          443,
          413,
          337,
          195,
          353,
          152,
          59,
          359,
          245,
          230,
          129,
          302,
          349,
          74,
          155,
          6,
          463,
          296,
          72,
          419,
          487,
          163,
          373,
          9,
          267,
          395,
          299,
          128,
          471,
          145,
          103,
          25,
          95,
          205,
          214,
          265,
          88,
          320,
          324,
          56,
          315,
          87,
          358,
          477,
          274,
          101,
          143,
          208,
          421,
          492,
          430,
          491,
          262,
          14,
          312,
          502,
          281,
          80,
          469,
          293,
          341,
          81,
          289,
          37,
          258,
          70,
          11,
          89,
          38,
          15,
          132,
          351,
          290,
          22,
          53,
          379,
          13,
          488,
          499,
          440,
          233,
          4,
          35,
          284,
          224,
          45,
          486,
          254,
          457,
          119,
          125,
          242,
          401,
          336,
          473,
          171,
          49,
          73,
          504,
          342,
          133,
          297,
          41,
          287,
          94,
          235,
          166,
          47,
          122,
          390,
          243,
          124,
          435,
          225,
          146,
          213,
          460,
          253,
          400,
          462,
          184,
          12,
          494,
          135,
          239,
          333,
          226,
          506,
          238,
          446,
          147,
          474,
          102,
          398,
          459,
          447,
          441,
          158,
          190,
          325,
          279,
          112,
          338,
          368,
          343,
          409,
          426,
          496,
          86,
          137,
          164,
          169,
          216,
          142,
          259,
          206,
          467,
          374,
          394,
          305,
          275,
          310,
          411,
          182,
          154,
          232,
          177,
          218,
          79,
          24,
          215,
          454,
          109,
          260,
          361,
          58,
          416,
          207,
          210,
          134,
          347,
          500,
          153,
          266,
          43,
          420,
          121,
          505,
          348,
          301,
          26,
          295,
          240,
          162,
          507,
          485,
          91,
          282,
          376,
          185,
          402,
          170,
          104,
          193,
          189,
          261,
          63,
          179,
          84,
          334,
          399,
          67,
          438,
          159,
          371,
          414,
          316,
          140,
          331,
          484,
          277,
          503,
          323,
          111,
          50,
          21,
          75,
          425,
          249,
          451,
          392,
          144,
          329,
          209,
          120,
          181,
          60,
          251,
          20,
          97,
          292,
          271,
          367,
          330,
          365,
          17,
          470,
          308,
          272,
          481,
          269,
          139,
          69,
          165,
          18,
          490,
          85,
          424,
          321,
          319,
          389,
          313,
          286,
          113,
          427,
          117,
          357,
          236,
          161,
          378,
          197,
          65,
          34,
          48,
          434,
          107,
          150,
          369,
          178
        ]
      }
    },
    "signed_hull": {
      "q": {
        "mean_matched_absolute_cosine": 0.492646832893472,
        "median_matched_absolute_cosine": 0.46973637056563033,
        "minimum_matched_absolute_cosine": 0.1658966146274386,
        "left_indices": [
          0,
          1,
          2,
          3,
          4,
          5,
          6,
          7,
          8,
          9,
          10,
          11,
          12,
          13,
          14,
          15,
          16,
          17,
          18,
          19,
          20,
          21,
          22,
          23,
          24,
          25,
          26,
          27,
          28,
          29,
          30,
          31,
          32,
          33,
          34,
          35,
          36,
          37,
          38,
          39,
          40,
          41,
          42,
          43,
          44,
          45,
          46,
          47,
          48,
          49,
          50,
          51,
          52,
          53,
          54,
          55,
          56,
          57,
          58,
          59,
          60,
          61,
          62,
          63,
          64,
          65,
          66,
          67,
          68,
          69,
          70,
          71,
          72,
          73,
          74,
          75,
          76,
          77,
          78,
          79,
          80,
          81,
          82,
          83,
          84,
          85,
          86,
          87,
          88,
          89,
          90,
          91,
          92,
          93,
          94,
          95,
          96,
          97,
          98,
          99,
          100,
          101,
          102,
          103,
          104,
          105,
          106,
          107,
          108,
          109,
          110,
          111,
          112,
          113,
          114,
          115,
          116,
          117,
          118,
          119,
          120,
          121,
          122,
          123,
          124,
          125,
          126,
          127,
          128,
          129,
          130,
          131,
          132,
          133,
          134,
          135,
          136,
          137,
          138,
          139,
          140,
          141,
          142,
          143,
          144,
          145,
          146,
          147,
          148,
          149,
          150,
          151,
          152,
          153,
          154,
          155,
          156,
          157,
          158,
          159,
          160,
          161,
          162,
          163,
          164,
          165,
          166,
          167,
          168,
          169,
          170,
          171,
          172,
          173,
          174,
          175,
          176,
          177,
          178,
          179,
          180,
          181,
          182,
          183,
          184,
          185,
          186,
          187,
          188,
          189,
          190,
          191,
          192,
          193,
          194,
          195,
          196,
          197,
          198,
          199,
          200,
          201,
          202,
          203,
          204,
          205,
          206,
          207,
          208,
          209,
          210,
          211,
          212,
          213,
          214,
          215,
          216,
          217,
          218,
          219,
          220,
          221,
          222,
          223,
          224,
          225,
          226,
          227,
          228,
          229,
          230,
          231,
          232,
          233,
          234,
          235,
          236,
          237,
          238,
          239,
          240,
          241,
          242,
          243,
          244,
          245,
          246,
          247,
          248,
          249,
          250,
          251,
          252,
          253,
          254,
          255,
          256,
          257,
          258,
          259,
          260,
          261,
          262,
          263,
          264,
          265,
          266,
          267,
          268,
          269,
          270,
          271,
          272,
          273,
          274,
          275,
          276,
          277,
          278,
          279,
          280,
          281,
          282,
          283,
          284,
          285,
          286,
          287,
          288,
          289,
          290,
          291,
          292,
          293,
          294,
          295,
          296,
          297,
          298,
          299,
          300,
          301,
          302,
          303,
          304,
          305,
          306,
          307,
          308,
          309,
          310,
          311,
          312,
          313,
          314,
          315,
          316,
          317,
          318,
          319,
          320,
          321,
          322,
          323,
          324,
          325,
          326,
          327,
          328,
          329,
          330,
          331,
          332,
          333,
          334,
          335,
          336,
          337,
          338,
          339,
          340,
          341,
          342,
          343,
          344,
          345,
          346,
          347,
          348,
          349,
          350,
          351,
          352,
          353,
          354,
          355,
          356,
          357,
          358,
          359,
          360,
          361,
          362,
          363,
          364,
          365,
          366,
          367,
          368,
          369,
          370,
          371,
          372,
          373,
          374,
          375,
          376,
          377,
          378,
          379,
          380,
          381,
          382,
          383,
          384,
          385,
          386,
          387,
          388,
          389,
          390,
          391,
          392,
          393,
          394,
          395,
          396,
          397,
          398,
          399,
          400,
          401,
          402,
          403,
          404,
          405,
          406,
          407,
          408,
          409,
          410,
          411,
          412,
          413,
          414,
          415,
          416,
          417,
          418,
          419,
          420,
          421,
          422,
          423,
          424,
          425,
          426,
          427,
          428,
          429,
          430,
          431,
          432,
          433,
          434,
          435,
          436,
          437,
          438,
          439,
          440,
          441,
          442,
          443,
          444,
          445,
          446,
          447,
          448,
          449,
          450,
          451,
          452,
          453,
          454,
          455,
          456,
          457,
          458,
          459,
          460,
          461,
          462,
          463,
          464,
          465,
          466,
          467,
          468,
          469,
          470,
          471,
          472,
          473,
          474,
          475,
          476,
          477,
          478,
          479,
          480,
          481,
          482,
          483,
          484,
          485,
          486,
          487,
          488,
          489,
          490,
          491,
          492,
          493,
          494,
          495,
          496,
          497,
          498,
          499,
          500,
          501,
          502,
          503,
          504,
          505,
          506,
          507,
          508,
          509,
          510,
          511
        ],
        "right_indices": [
          319,
          166,
          422,
          490,
          40,
          179,
          447,
          195,
          457,
          431,
          377,
          184,
          505,
          160,
          362,
          82,
          69,
          350,
          247,
          487,
          396,
          13,
          145,
          168,
          256,
          374,
          411,
          228,
          308,
          130,
          444,
          452,
          253,
          21,
          414,
          146,
          423,
          17,
          162,
          429,
          121,
          389,
          272,
          284,
          401,
          137,
          67,
          186,
          395,
          156,
          342,
          113,
          175,
          428,
          245,
          435,
          299,
          58,
          430,
          473,
          354,
          117,
          26,
          64,
          224,
          165,
          81,
          5,
          353,
          216,
          412,
          285,
          54,
          415,
          159,
          243,
          445,
          424,
          304,
          294,
          209,
          136,
          497,
          263,
          276,
          471,
          92,
          35,
          427,
          173,
          269,
          133,
          151,
          406,
          460,
          6,
          330,
          421,
          288,
          398,
          226,
          123,
          463,
          178,
          442,
          214,
          316,
          10,
          341,
          278,
          258,
          183,
          480,
          268,
          181,
          169,
          339,
          477,
          407,
          346,
          76,
          509,
          88,
          100,
          95,
          19,
          242,
          140,
          271,
          486,
          331,
          83,
          212,
          369,
          382,
          468,
          290,
          409,
          481,
          363,
          63,
          36,
          425,
          303,
          376,
          172,
          384,
          120,
          358,
          102,
          394,
          25,
          222,
          188,
          57,
          8,
          157,
          461,
          66,
          46,
          372,
          240,
          42,
          207,
          154,
          259,
          174,
          114,
          206,
          213,
          291,
          211,
          366,
          182,
          403,
          78,
          475,
          345,
          327,
          249,
          336,
          108,
          14,
          238,
          390,
          31,
          150,
          485,
          199,
          467,
          277,
          98,
          126,
          33,
          177,
          141,
          50,
          37,
          296,
          370,
          200,
          307,
          340,
          470,
          454,
          289,
          328,
          30,
          239,
          379,
          61,
          191,
          357,
          356,
          72,
          39,
          361,
          322,
          292,
          381,
          404,
          203,
          439,
          388,
          1,
          75,
          344,
          380,
          383,
          23,
          9,
          84,
          318,
          223,
          283,
          12,
          204,
          351,
          131,
          310,
          500,
          44,
          74,
          413,
          397,
          217,
          506,
          251,
          246,
          287,
          198,
          293,
          393,
          446,
          189,
          313,
          79,
          455,
          508,
          99,
          125,
          320,
          334,
          360,
          32,
          202,
          392,
          314,
          180,
          225,
          194,
          448,
          155,
          433,
          2,
          0,
          317,
          49,
          248,
          478,
          373,
          311,
          15,
          302,
          59,
          45,
          257,
          434,
          127,
          324,
          153,
          60,
          122,
          348,
          301,
          205,
          507,
          359,
          371,
          262,
          250,
          139,
          474,
          252,
          119,
          138,
          437,
          218,
          462,
          48,
          440,
          215,
          386,
          270,
          300,
          190,
          326,
          494,
          264,
          305,
          483,
          503,
          456,
          193,
          502,
          436,
          279,
          343,
          101,
          337,
          56,
          449,
          295,
          148,
          109,
          347,
          495,
          387,
          472,
          273,
          488,
          11,
          312,
          80,
          267,
          196,
          89,
          309,
          364,
          230,
          511,
          261,
          441,
          27,
          163,
          85,
          132,
          465,
          405,
          325,
          201,
          52,
          332,
          22,
          368,
          443,
          232,
          116,
          496,
          167,
          96,
          418,
          208,
          459,
          144,
          104,
          231,
          152,
          197,
          149,
          86,
          134,
          306,
          501,
          129,
          315,
          492,
          28,
          227,
          281,
          18,
          254,
          97,
          260,
          62,
          87,
          510,
          43,
          464,
          297,
          280,
          333,
          47,
          402,
          235,
          219,
          16,
          469,
          164,
          29,
          338,
          73,
          71,
          158,
          90,
          479,
          237,
          185,
          112,
          51,
          335,
          41,
          466,
          498,
          105,
          419,
          65,
          420,
          484,
          275,
          458,
          107,
          482,
          349,
          491,
          282,
          93,
          391,
          34,
          170,
          329,
          255,
          53,
          77,
          450,
          24,
          426,
          4,
          161,
          417,
          504,
          367,
          234,
          103,
          410,
          38,
          298,
          91,
          476,
          236,
          142,
          321,
          438,
          489,
          355,
          221,
          94,
          265,
          135,
          128,
          352,
          499,
          124,
          266,
          118,
          20,
          233,
          115,
          274,
          400,
          3,
          244,
          220,
          143,
          365,
          147,
          451,
          229,
          171,
          399,
          55,
          70,
          187,
          176,
          192,
          110,
          432,
          111,
          385,
          416,
          323,
          408,
          375,
          68,
          106,
          453,
          241,
          493,
          210,
          378,
          286,
          7
        ]
      },
      "k": {
        "mean_matched_absolute_cosine": 0.5225992806614731,
        "median_matched_absolute_cosine": 0.512048030781557,
        "minimum_matched_absolute_cosine": 0.11800161515119997,
        "left_indices": [
          0,
          1,
          2,
          3,
          4,
          5,
          6,
          7,
          8,
          9,
          10,
          11,
          12,
          13,
          14,
          15,
          16,
          17,
          18,
          19,
          20,
          21,
          22,
          23,
          24,
          25,
          26,
          27,
          28,
          29,
          30,
          31,
          32,
          33,
          34,
          35,
          36,
          37,
          38,
          39,
          40,
          41,
          42,
          43,
          44,
          45,
          46,
          47,
          48,
          49,
          50,
          51,
          52,
          53,
          54,
          55,
          56,
          57,
          58,
          59,
          60,
          61,
          62,
          63,
          64,
          65,
          66,
          67,
          68,
          69,
          70,
          71,
          72,
          73,
          74,
          75,
          76,
          77,
          78,
          79,
          80,
          81,
          82,
          83,
          84,
          85,
          86,
          87,
          88,
          89,
          90,
          91,
          92,
          93,
          94,
          95,
          96,
          97,
          98,
          99,
          100,
          101,
          102,
          103,
          104,
          105,
          106,
          107,
          108,
          109,
          110,
          111,
          112,
          113,
          114,
          115,
          116,
          117,
          118,
          119,
          120,
          121,
          122,
          123,
          124,
          125,
          126,
          127,
          128,
          129,
          130,
          131,
          132,
          133,
          134,
          135,
          136,
          137,
          138,
          139,
          140,
          141,
          142,
          143,
          144,
          145,
          146,
          147,
          148,
          149,
          150,
          151,
          152,
          153,
          154,
          155,
          156,
          157,
          158,
          159,
          160,
          161,
          162,
          163,
          164,
          165,
          166,
          167,
          168,
          169,
          170,
          171,
          172,
          173,
          174,
          175,
          176,
          177,
          178,
          179,
          180,
          181,
          182,
          183,
          184,
          185,
          186,
          187,
          188,
          189,
          190,
          191,
          192,
          193,
          194,
          195,
          196,
          197,
          198,
          199,
          200,
          201,
          202,
          203,
          204,
          205,
          206,
          207,
          208,
          209,
          210,
          211,
          212,
          213,
          214,
          215,
          216,
          217,
          218,
          219,
          220,
          221,
          222,
          223,
          224,
          225,
          226,
          227,
          228,
          229,
          230,
          231,
          232,
          233,
          234,
          235,
          236,
          237,
          238,
          239,
          240,
          241,
          242,
          243,
          244,
          245,
          246,
          247,
          248,
          249,
          250,
          251,
          252,
          253,
          254,
          255,
          256,
          257,
          258,
          259,
          260,
          261,
          262,
          263,
          264,
          265,
          266,
          267,
          268,
          269,
          270,
          271,
          272,
          273,
          274,
          275,
          276,
          277,
          278,
          279,
          280,
          281,
          282,
          283,
          284,
          285,
          286,
          287,
          288,
          289,
          290,
          291,
          292,
          293,
          294,
          295,
          296,
          297,
          298,
          299,
          300,
          301,
          302,
          303,
          304,
          305,
          306,
          307,
          308,
          309,
          310,
          311,
          312,
          313,
          314,
          315,
          316,
          317,
          318,
          319,
          320,
          321,
          322,
          323,
          324,
          325,
          326,
          327,
          328,
          329,
          330,
          331,
          332,
          333,
          334,
          335,
          336,
          337,
          338,
          339,
          340,
          341,
          342,
          343,
          344,
          345,
          346,
          347,
          348,
          349,
          350,
          351,
          352,
          353,
          354,
          355,
          356,
          357,
          358,
          359,
          360,
          361,
          362,
          363,
          364,
          365,
          366,
          367,
          368,
          369,
          370,
          371,
          372,
          373,
          374,
          375,
          376,
          377,
          378,
          379,
          380,
          381,
          382,
          383,
          384,
          385,
          386,
          387,
          388,
          389,
          390,
          391,
          392,
          393,
          394,
          395,
          396,
          397,
          398,
          399,
          400,
          401,
          402,
          403,
          404,
          405,
          406,
          407,
          408,
          409,
          410,
          411,
          412,
          413,
          414,
          415,
          416,
          417,
          418,
          419,
          420,
          421,
          422,
          423,
          424,
          425,
          426,
          427,
          428,
          429,
          430,
          431,
          432,
          433,
          434,
          435,
          436,
          437,
          438,
          439,
          440,
          441,
          442,
          443,
          444,
          445,
          446,
          447,
          448,
          449,
          450,
          451,
          452,
          453,
          454,
          455,
          456,
          457,
          458,
          459,
          460,
          461,
          462,
          463,
          464,
          465,
          466,
          467,
          468,
          469,
          470,
          471,
          472,
          473,
          474,
          475,
          476,
          477,
          478,
          479,
          480,
          481,
          482,
          483,
          484,
          485,
          486,
          487,
          488,
          489,
          490,
          491,
          492,
          493,
          494,
          495,
          496,
          497,
          498,
          499,
          500,
          501,
          502,
          503,
          504,
          505,
          506,
          507,
          508,
          509,
          510,
          511
        ],
        "right_indices": [
          69,
          183,
          290,
          347,
          455,
          72,
          133,
          156,
          176,
          226,
          357,
          173,
          307,
          437,
          457,
          154,
          417,
          390,
          76,
          395,
          14,
          28,
          320,
          474,
          501,
          81,
          99,
          475,
          335,
          490,
          323,
          262,
          305,
          371,
          67,
          376,
          280,
          399,
          196,
          449,
          218,
          432,
          58,
          80,
          78,
          206,
          177,
          261,
          382,
          229,
          253,
          410,
          463,
          291,
          32,
          237,
          294,
          507,
          247,
          492,
          493,
          274,
          180,
          315,
          2,
          36,
          65,
          219,
          172,
          179,
          408,
          383,
          211,
          255,
          20,
          472,
          115,
          26,
          470,
          224,
          121,
          47,
          100,
          508,
          70,
          482,
          254,
          446,
          366,
          284,
          458,
          364,
          413,
          29,
          404,
          188,
          487,
          248,
          322,
          360,
          365,
          126,
          352,
          86,
          351,
          296,
          231,
          102,
          95,
          142,
          311,
          23,
          166,
          178,
          448,
          191,
          440,
          74,
          502,
          75,
          215,
          170,
          195,
          289,
          4,
          251,
          484,
          79,
          49,
          326,
          259,
          21,
          314,
          9,
          6,
          443,
          362,
          199,
          19,
          201,
          13,
          258,
          403,
          104,
          187,
          397,
          483,
          39,
          8,
          465,
          359,
          317,
          163,
          111,
          301,
          418,
          250,
          438,
          340,
          125,
          97,
          299,
          327,
          221,
          109,
          48,
          415,
          276,
          456,
          270,
          433,
          473,
          139,
          243,
          193,
          286,
          103,
          467,
          240,
          361,
          277,
          304,
          499,
          236,
          194,
          445,
          381,
          461,
          498,
          488,
          88,
          202,
          17,
          135,
          220,
          66,
          157,
          12,
          344,
          444,
          200,
          168,
          238,
          491,
          122,
          46,
          7,
          210,
          159,
          160,
          33,
          207,
          385,
          114,
          434,
          52,
          354,
          494,
          252,
          150,
          140,
          105,
          117,
          423,
          509,
          37,
          134,
          343,
          278,
          223,
          279,
          35,
          412,
          82,
          181,
          342,
          398,
          462,
          59,
          152,
          27,
          245,
          184,
          131,
          268,
          349,
          153,
          460,
          293,
          260,
          350,
          393,
          495,
          386,
          333,
          368,
          392,
          119,
          430,
          108,
          22,
          447,
          145,
          300,
          30,
          420,
          205,
          214,
          92,
          143,
          275,
          451,
          56,
          62,
          428,
          136,
          367,
          116,
          377,
          416,
          208,
          24,
          171,
          164,
          330,
          476,
          384,
          400,
          324,
          234,
          334,
          480,
          11,
          378,
          213,
          406,
          394,
          90,
          189,
          429,
          328,
          481,
          15,
          185,
          147,
          64,
          419,
          232,
          84,
          450,
          298,
          110,
          318,
          61,
          337,
          427,
          288,
          414,
          266,
          53,
          471,
          44,
          41,
          439,
          269,
          256,
          77,
          329,
          285,
          396,
          73,
          94,
          129,
          332,
          297,
          96,
          452,
          510,
          241,
          112,
          203,
          10,
          401,
          130,
          355,
          295,
          71,
          146,
          356,
          113,
          138,
          425,
          233,
          45,
          228,
          148,
          374,
          369,
          55,
          212,
          123,
          16,
          167,
          244,
          346,
          504,
          435,
          459,
          486,
          464,
          267,
          190,
          246,
          83,
          257,
          222,
          43,
          3,
          51,
          426,
          85,
          442,
          132,
          489,
          186,
          313,
          40,
          127,
          321,
          477,
          169,
          405,
          411,
          319,
          310,
          124,
          263,
          339,
          287,
          379,
          424,
          106,
          137,
          341,
          454,
          151,
          175,
          98,
          431,
          353,
          158,
          174,
          209,
          0,
          63,
          57,
          469,
          370,
          303,
          282,
          505,
          348,
          292,
          372,
          120,
          230,
          162,
          31,
          264,
          453,
          387,
          358,
          373,
          149,
          479,
          265,
          54,
          38,
          496,
          107,
          336,
          409,
          363,
          273,
          197,
          271,
          506,
          511,
          485,
          204,
          309,
          155,
          192,
          182,
          302,
          436,
          239,
          42,
          468,
          375,
          283,
          249,
          25,
          68,
          144,
          391,
          225,
          281,
          272,
          380,
          217,
          101,
          478,
          89,
          503,
          441,
          60,
          345,
          421,
          242,
          308,
          227,
          407,
          402,
          165,
          422,
          198,
          1,
          216,
          18,
          388,
          118,
          312,
          93,
          338,
          50,
          91,
          466,
          389,
          316,
          306,
          161,
          500,
          235,
          325,
          34,
          5,
          87,
          128,
          497,
          331,
          141
        ]
      }
    },
    "fit_half_same_primary_atom": {
      "q": {
        "mean_absolute_cosine": 0.7346519087155632,
        "median_absolute_cosine": 0.7505624320353215,
        "minimum_absolute_cosine": 0.2895859579874465
      },
      "k": {
        "mean_absolute_cosine": 0.7609340576564296,
        "median_absolute_cosine": 0.7693461666431964,
        "minimum_absolute_cosine": 0.2180407505389616
      }
    }
  },
  "final_pattern": {
    "U54": 0.18920750249643456,
    "H54": 2.7830781533056013,
    "SH54": 2.4680582062506127,
    "RSH54": 1.2979882827935414,
    "PH54": 3.8618815445204993
  },
  "final_write": {
    "U54": 0.34073107428057503,
    "H54": 1.5143643950553698,
    "SH54": 1.4582110001926045,
    "RSH54": 0.9431645164412898,
    "PH54": 2.3947460945544417
  },
  "final_consumer": {
    "U54": 0.23054952747740545,
    "H54": 0.5551839914391713,
    "SH54": 0.5293746838644912,
    "RSH54": 0.41876193982764637,
    "PH54": 0.7017684103472948
  },
  "final_ce": {
    "U54": 0.02534390240907669,
    "H54": 0.061274074018001556,
    "SH54": 0.055393853535254944,
    "RSH54": 0.0411934033036232,
    "PH54": 0.08619471887747476
  },
  "predicates": [
    true,
    true,
    false,
    false
  ],
  "null": true,
  "licensed": false,
  "runtime_s": 17.309802055358887
}
ATTENTION0 ARCHETYPAL PROFILE HULL DONE
