SINGLE ARM: S2146 skip-a16 config + per-head zero evals at attn16
a2-input probe acc 0.69
fit a2
fit a3
fit a4
fit a5
fit a6
fit a7
fit a8
fit a9
fit a10
fit a11
fit a12
fit a13
fit a14
fit a15
fit a16
fit a17
L1 (+38 heads): C +2.0113 | fresh +2.3207
fit a10L
fit a11L
fit a12L
fit a13L
fit a14L
fit a15L
fit a17L
  zero attn16 head 0: L2 fresh +2.5399  (d=+0.0306)
  zero attn16 head 1: L2 fresh +2.5135  (d=+0.0043)
  zero attn16 head 2: L2 fresh +2.5001  (d=-0.0091)
  zero attn16 head 3: L2 fresh +2.5583  (d=+0.0491)
  zero attn16 head 4: L2 fresh +2.5422  (d=+0.0330)
  zero attn16 head 5: L2 fresh +2.5133  (d=+0.0041)
  zero attn16 head 6: L2 fresh +2.5086  (d=-0.0006)
  zero attn16 head 7: L2 fresh +2.5096  (d=+0.0003)
  zero attn16 head 8: L2 fresh +2.5090  (d=-0.0002)
  zero attn16 head all: L2 fresh +2.6280  (d=+0.1187)
  window 0 (7 docs): L2 fresh +2.5092
  window 1 (42 docs): L2 fresh +2.7195
  window 2 (17 docs): L2 fresh +2.3791
  window 3 (23 docs): L2 fresh +2.6035
  window 4 (43 docs): L2 fresh +2.6544
  window 5 (26 docs): L2 fresh +2.5863
  window 6 (35 docs): L2 fresh +2.3739
  window 7 (35 docs): L2 fresh +2.4578
L2 empirical: C +2.2392 | fresh +2.5092 | tail-attn increment +0.1885
(a) L2 <= +2.75 fresh: HELD
(b) increment in [0.30,0.55]: FAILED
per-head damage: [0.0306, 0.0043, -0.0091, 0.0491, 0.033, 0.0041, -0.0006, 0.0003, -0.0002]  (median +0.0041, max +0.0491); all-zero +0.1187, sum +0.1115
(a) max +0.0491 >= 2 x median +0.0041: HELD
(b) |sum - d_all| = 0.0072 <= 0.05: HELD
(c) skip16 FR L2_F 2.5092 vs 2.5091 (tol 0.01): HELD
wrote /workspace/tensor_language/basis_aligned/bilinear_quotient/attn16_head_marginals_results.json (122s)
