a2-input probe acc 0.69
fit a2
fit a3
fit a4
fit a5
fit a6
fit a7
fit a8
fit a9
fit a10
fit a11
fit a12
fit a13
fit a14
fit a15
fit a16
fit a17
none     : gap +1.5039 | b6 1.741 b7 1.688 b17 0.592
all_nine : gap +0.7132 | b6 0.712 b7 1.151 b17 0.394
h0       : gap +1.3726 | b6 1.754 b7 1.789 b17 0.560
h1       : gap +1.3797 | b6 1.704 b7 1.676 b17 0.569
h2       : gap +1.4937 | b6 1.635 b7 1.629 b17 0.594
h3       : gap +1.4552 | b6 1.701 b7 1.662 b17 0.581
h4       : gap +1.4861 | b6 1.721 b7 1.665 b17 0.586
h5       : gap +1.3640 | b6 1.684 b7 1.693 b17 0.565
h6       : gap +1.3838 | b6 1.650 b7 1.628 b17 0.562
h8       : gap +1.4444 | b6 1.688 b7 1.653 b17 0.578
ladder: h5 0.177 > h0 0.166 > h1 0.157 > h6 0.152 > h8 0.075 > h3 0.062 > h4 0.022 > h2 0.013
(d) b6 1.7415; all-nine gap +0.7132 vs +0.7132: HELD
(a) top-2 sum 0.343 >= 0.509: FAILED
(b) top head h5 == h5: HELD
(c) sum of singles 0.824 within 30% of 0.849: HELD
wrote /workspace/tensor_language/basis_aligned/bilinear_quotient/attn5_head_price_ladder_results.json (76s)
