L0 done
L1 done
L2 done
L3 done
L4 done
L5 done
L6 done
L7 done
L8 done
L9 done
L10 done
L11 done
L12 done
L13 done
L14 done
L15 done
L16 done
L17 done
other   : 155 heads, layers [0, 1, 2, 3, 4, 5, 6, 7, 8, 9, 10, 11, 12, 13, 14, 15, 16, 17]
diffuse :   6 heads, layers [0, 2, 4, 7, 9]
self    :   1 heads, layers [1]
(a) >=4 multi-layer families (['other']): FAILED
(b) ind heads in L3-5: 0/0: FAILED
(c) shuffle null <= half (0.000 vs 0.000): FAILED
wrote /workspace/tensor_language/basis_aligned/bilinear_quotient/attn_motifs_results.json (1s)
