SINGLE ARM: S2146 skip-a16 config + joint six-head zero at attn16
a2-input probe acc 0.69
fit a2
fit a3
fit a4
fit a5
fit a6
fit a7
fit a8
fit a9
fit a10
fit a11
fit a12
fit a13
fit a14
fit a15
fit a16
fit a17
L1 (+38 heads): C +2.0113 | fresh +2.3208
fit a10L
fit a11L
fit a12L
fit a13L
fit a14L
fit a15L
fit a17L
  heads 1,2,5,6,7,8 zeroed: L2 fresh +2.5075  (d=-0.0017)
  window 0 (7 docs): L2 fresh +2.5092
  window 1 (42 docs): L2 fresh +2.7197
  window 2 (17 docs): L2 fresh +2.3789
  window 3 (23 docs): L2 fresh +2.6035
  window 4 (43 docs): L2 fresh +2.6546
  window 5 (26 docs): L2 fresh +2.5864
  window 6 (35 docs): L2 fresh +2.3741
  window 7 (35 docs): L2 fresh +2.4579
L2 empirical: C +2.2393 | fresh +2.5092 | tail-attn increment +0.1884
(a) L2 <= +2.75 fresh: HELD
(b) increment in [0.30,0.55]: FAILED
(a) |-0.0017 - (-0.0012)| = 0.0005 <= 0.01: HELD
(b) d -0.0017 <= +0.01: HELD
(c) skip16 FR L2_F 2.5092 vs 2.5091 (tol 0.01): HELD
wrote /workspace/tensor_language/basis_aligned/bilinear_quotient/attn16_three_heads_results.json (112s)
