ARM 1/2: full S2144 config (motifs at 2-9), per-position CE captured
a2-input probe acc 0.69
fit a2
fit a3
fit a4
fit a5
fit a6
fit a7
fit a8
fit a9
fit a10
fit a11
fit a12
fit a13
fit a14
fit a15
fit a16
fit a17
L1 (+38 heads): C +2.0113 | fresh +2.3207
fit a10L
fit a11L
fit a12L
fit a13L
fit a14L
fit a15L
fit a16L
fit a17L
  window 0 (7 docs): L2 fresh +2.6663
  window 1 (42 docs): L2 fresh +2.9354
  window 2 (17 docs): L2 fresh +2.6118
  window 3 (23 docs): L2 fresh +2.8499
  window 4 (43 docs): L2 fresh +2.9137
  window 5 (26 docs): L2 fresh +2.7954
  window 6 (35 docs): L2 fresh +2.5818
  window 7 (35 docs): L2 fresh +2.6641
L2 empirical: C +2.4190 | fresh +2.6663 | tail-attn increment +0.3456
(a) L2 <= +2.75 fresh: HELD
(b) increment in [0.30,0.55]: HELD
ARM 2/2: block-5 motifs REAL (attn5 untouched), per-position CE captured
a2-input probe acc 0.69
fit a2
fit a3
fit a4
fit a5
fit a6
fit a7
fit a8
fit a9
fit a10
fit a11
fit a12
fit a13
fit a14
fit a15
fit a16
fit a17
L1 (+38 heads): C +1.9720 | fresh +2.2720
fit a10L
fit a11L
fit a12L
fit a13L
fit a14L
fit a15L
fit a16L
fit a17L
  window 0 (7 docs): L2 fresh +2.6019
  window 1 (42 docs): L2 fresh +2.8876
  window 2 (17 docs): L2 fresh +2.5386
  window 3 (23 docs): L2 fresh +2.8073
  window 4 (43 docs): L2 fresh +2.8393
  window 5 (26 docs): L2 fresh +2.7323
  window 6 (35 docs): L2 fresh +2.5354
  window 7 (35 docs): L2 fresh +2.6068
L2 empirical: C +2.3692 | fresh +2.6019 | tail-attn increment +0.3299
(a) L2 <= +2.75 fresh: HELD
(b) increment in [0.30,0.55]: HELD
total +1979.4; class shares: digit:-0.011 bclose:+0.002 newline:+0.029 sentend:+0.040 comma:+0.077 name:+0.015 rep:+0.002 subword:+0.059 ind:+0.322 other:+0.464
(a) ind share +0.322 <= 0.30: FAILED
(b) structural combined +0.148 >= 0.30: FAILED
(c) full FR L2_F 2.6663 vs 2.6662 (tol 0.01): HELD
wrote /workspace/tensor_language/basis_aligned/bilinear_quotient/attn5_motif_class_results.json (225s)
