ARM 1/2: skip-a16, all nine heads (S2146 reproduction)
a2-input probe acc 0.69
fit a2
fit a3
fit a4
fit a5
fit a6
fit a7
fit a8
fit a9
fit a10
fit a11
fit a12
fit a13
fit a14
fit a15
fit a16
fit a17
L1 (+38 heads): C +2.0113 | fresh +2.3207
fit a10L
fit a11L
fit a12L
fit a13L
fit a14L
fit a15L
fit a17L
  window 0 (7 docs): L2 fresh +2.5092
  window 1 (42 docs): L2 fresh +2.7194
  window 2 (17 docs): L2 fresh +2.3793
  window 3 (23 docs): L2 fresh +2.6034
  window 4 (43 docs): L2 fresh +2.6546
  window 5 (26 docs): L2 fresh +2.5863
  window 6 (35 docs): L2 fresh +2.3738
  window 7 (35 docs): L2 fresh +2.4579
L2 empirical: C +2.2390 | fresh +2.5092 | tail-attn increment +0.1885
(a) L2 <= +2.75 fresh: HELD
(b) increment in [0.30,0.55]: FAILED
ARM 2/2: skip-a16, heads 16.1/2/6/7/8 zeroed throughout (four-head attn16)
a2-input probe acc 0.69
fit a2
fit a3
fit a4
fit a5
fit a6
fit a7
fit a8
fit a9
fit a10
fit a11
fit a12
fit a13
fit a14
fit a15
fit a16
fit a17
L1 (+38 heads): C +2.0024 | fresh +2.3133
fit a10L
fit a11L
fit a12L
fit a13L
fit a14L
fit a15L
fit a17L
  window 0 (7 docs): L2 fresh +2.5096
  window 1 (42 docs): L2 fresh +2.7197
  window 2 (17 docs): L2 fresh +2.3881
  window 3 (23 docs): L2 fresh +2.6143
  window 4 (43 docs): L2 fresh +2.6652
  window 5 (26 docs): L2 fresh +2.6053
  window 6 (35 docs): L2 fresh +2.3843
  window 7 (35 docs): L2 fresh +2.4658
L2 empirical: C +2.2426 | fresh +2.5051 | tail-attn increment +0.1918
(a) L2 <= +2.75 fresh: HELD
(b) increment in [0.30,0.55]: FAILED
three - nine per window: [0.0004, 0.0003, 0.0088, 0.0109, 0.0106, 0.019, 0.0105, 0.0079]  median +0.0097
(a) median +0.0097 <= +0.005: FAILED
(b) <= +0.01 on 4/8 (bar 6): FAILED
(c) nine-head vs S2146 per-window median |delta| 0.0001 <= 0.005: HELD
wrote /workspace/tensor_language/basis_aligned/bilinear_quotient/attn16_four_heads_w8_results.json (218s)
