ARM 1/3: full S2144 config
a2-input probe acc 0.69
fit a2
fit a3
fit a4
fit a5
fit a6
fit a7
fit a8
fit a9
fit a10
fit a11
fit a12
fit a13
fit a14
fit a15
fit a16
fit a17
L1 (+38 heads): C +2.0112 | fresh +2.3207
fit a10L
fit a11L
fit a12L
fit a13L
fit a14L
fit a15L
fit a16L
fit a17L
  window 0 (7 docs): L2 fresh +2.6662
  window 1 (42 docs): L2 fresh +2.9355
  window 2 (17 docs): L2 fresh +2.6119
  window 3 (23 docs): L2 fresh +2.8497
  window 4 (43 docs): L2 fresh +2.9137
  window 5 (26 docs): L2 fresh +2.7953
  window 6 (35 docs): L2 fresh +2.5817
  window 7 (35 docs): L2 fresh +2.6640
L2 empirical: C +2.4191 | fresh +2.6662 | tail-attn increment +0.3454
(a) L2 <= +2.75 fresh: HELD
(b) increment in [0.30,0.55]: HELD
ARM: block-3 motifs REAL
a2-input probe acc 0.69
fit a2
fit a3
fit a4
fit a5
fit a6
fit a7
fit a8
fit a9
fit a10
fit a11
fit a12
fit a13
fit a14
fit a15
fit a16
fit a17
L1 (+38 heads): C +1.8302 | fresh +2.1679
fit a10L
fit a11L
fit a12L
fit a13L
fit a14L
fit a15L
fit a16L
fit a17L
  window 0 (7 docs): L2 fresh +2.4968
  window 1 (42 docs): L2 fresh +2.7404
  window 2 (17 docs): L2 fresh +2.4696
  window 3 (23 docs): L2 fresh +2.5987
  window 4 (43 docs): L2 fresh +2.7332
  window 5 (26 docs): L2 fresh +2.5728
  window 6 (35 docs): L2 fresh +2.4388
  window 7 (35 docs): L2 fresh +2.4847
L2 empirical: C +2.2538 | fresh +2.4968 | tail-attn increment +0.3289
(a) L2 <= +2.75 fresh: HELD
(b) increment in [0.30,0.55]: HELD
  b3 total +5203.5: digit:+0.028 bclose:+0.005 newline:+0.016 sentend:+0.043 comma:+0.060 name:+0.018 rep:-0.002 subword:+0.448 ind:+0.200 other:+0.186
ARM: block-4 motifs REAL
a2-input probe acc 0.69
fit a2
fit a3
fit a4
fit a5
fit a6
fit a7
fit a8
fit a9
fit a10
fit a11
fit a12
fit a13
fit a14
fit a15
fit a16
fit a17
L1 (+38 heads): C +1.7914 | fresh +2.1951
fit a10L
fit a11L
fit a12L
fit a13L
fit a14L
fit a15L
fit a16L
fit a17L
  window 0 (7 docs): L2 fresh +2.4870
  window 1 (42 docs): L2 fresh +2.6650
  window 2 (17 docs): L2 fresh +2.3849
  window 3 (23 docs): L2 fresh +2.5539
  window 4 (43 docs): L2 fresh +2.6232
  window 5 (26 docs): L2 fresh +2.4744
  window 6 (35 docs): L2 fresh +2.3370
  window 7 (35 docs): L2 fresh +2.4310
L2 empirical: C +2.2042 | fresh +2.4870 | tail-attn increment +0.2919
(a) L2 <= +2.75 fresh: HELD
(b) increment in [0.30,0.55]: FAILED
  b4 total +5503.2: digit:+0.026 bclose:+0.004 newline:+0.006 sentend:+0.024 comma:+0.054 name:+0.025 rep:-0.008 subword:+0.393 ind:+0.143 other:+0.333
(a) b3 top class subword in (subword,other): HELD
(b) subword monotone 0.453 > 0.4478 > 0.3931: HELD
(c) full FR L2_F 2.6662 vs 2.6662 (tol 0.01): HELD
wrote /workspace/tensor_language/basis_aligned/bilinear_quotient/attn34_motif_class_results.json (338s)
