ARM: rank-16 QK patterns at ALL replaced heads, blocks 2-17 (dicts retired)
a2-input probe acc 0.69
fit a2
fit a3
fit a4
fit a5
fit a6
fit a7
fit a8
fit a9
fit a10
fit a11
fit a12
fit a13
fit a14
fit a15
fit a16
fit a17
  cp_swap: front MLPs m0-m3 -> CP top-4608 in place (tailE remains table-front-fit)
  QK rank-128 factors built for all motif heads
  QK rank-96 factors built for tail blocks 10-17
  tail QK hooks registered (gated)
L1 (+38 heads): C +0.2201 | fresh +0.2073
  window 0 (7 docs): L2 fresh +0.0530
  window 1 (42 docs): L2 fresh +0.0629
  window 2 (17 docs): L2 fresh +0.0572
  window 3 (23 docs): L2 fresh +0.0585
  window 4 (43 docs): L2 fresh +0.1180
  window 5 (26 docs): L2 fresh +0.0713
  window 6 (35 docs): L2 fresh +0.0462
  window 7 (35 docs): L2 fresh +0.0517
L2 empirical: C +0.0394 | fresh +0.0550 | tail-attn increment -0.1523
(a) L2 <= +2.75 fresh: HELD
(b) increment in [0.30,0.55]: FAILED
  per-class dCE: digit:+0.036 bclose:+0.038 newline:+0.023 sentend:+0.021 comma:+0.031 name:+0.107 rep:-0.033 subword:+0.046 ind:+0.031 other:+0.070
  era Spearman vs rung-132: 0.3859 over 62
  median member/ref ratio 0.776; tau-curve {'0.5': 11, '1.0': 44, '1.5': 54, '2.0': 55, '3.0': 62}
L2 fresh +0.0550 (was +1.8765); census +0.0527 (was +1.9474); increment -0.1523; valid 11/62
(a) GLOBAL-SYMMETRIC: census +0.0527 in [0.048, 0.062]: HELD
(b) valid 11 >= 11; margin 0.776: HELD
(c) census in [0.01, 0.12]; era rho 0.3859: HELD
wrote /workspace/tensor_language/basis_aligned/bilinear_quotient/band_mirror_results.json (139s)
