mlp0 done
mlp1 done
mlp2 done
mlp3 done
mlp4 done
mlp5 done
mlp6 done
mlp7 done
mlp8 done
mlp9 done
mlp10 done
mlp11 done
mlp12 done
mlp13 done
mlp14 done
mlp15 done
mlp16 done
mlp17 done
attn0 done
attn1 done
attn2 done
attn3 done
attn4 done
attn5 done
attn6 done
attn7 done
attn8 done
attn9 done
attn10 done
attn11 done
attn12 done
attn13 done
attn14 done
attn15 done
attn16 done
attn17 done
attn0: top mlp0 |rho| 0.346 UP
attn1: top mlp0 |rho| 0.378 UP
attn2: top mlp1 |rho| 0.414 UP
attn3: top mlp1 |rho| 0.370 UP
attn4: top mlp1 |rho| 0.328 UP
attn5: top mlp1 |rho| 0.355 UP
attn6: top mlp1 |rho| 0.249 UP
attn7: top mlp1 |rho| 0.263 UP
attn8: top mlp0 |rho| 0.151 UP
attn9: top mlp1 |rho| 0.198 UP
attn10: top mlp9 |rho| 0.143 UP
attn11: top mlp1 |rho| 0.128 UP
attn12: top mlp11 |rho| 0.110 UP
attn13: top mlp11 |rho| 0.142 UP
attn14: top mlp17 |rho| 0.099 down
attn15: top mlp0 |rho| 0.049 UP
attn16: top mlp12 |rho| 0.092 UP
attn17: top mlp16 |rho| 0.197 UP

upstream 17/18 (94%) | cargo edge rank 23 | null 12/18
(a) >=60%: HELD
(b) cargo top-5: FAILED
(c) null 40-60%: FAILED
wrote /workspace/tensor_language/basis_aligned/bilinear_quotient/bilin18_kinship_fresh_results.json (34s)
