attn 0: top MLP partner mlp1 (0.32)
attn 1: top MLP partner mlp0 (0.39)  <= self
attn 2: top MLP partner mlp1 (0.42)  <= self
attn 3: top MLP partner mlp1 (0.37)  <= self
attn 4: top MLP partner mlp1 (0.34)  <= self
attn 5: top MLP partner mlp1 (0.34)  <= self
attn 6: top MLP partner mlp0 (0.23)  <= self
attn 7: top MLP partner mlp1 (0.26)  <= self
attn 8: top MLP partner mlp7 (0.18)  <= self
attn 9: top MLP partner mlp1 (0.18)  <= self
attn10: top MLP partner mlp9 (0.16)  <= self
attn11: top MLP partner mlp13 (0.12)
attn12: top MLP partner mlp5 (0.09)  <= self
attn13: top MLP partner mlp11 (0.17)  <= self
attn14: top MLP partner mlp5 (0.10)  <= self
attn15: top MLP partner mlp13 (0.08)  <= self
attn16: top MLP partner mlp12 (0.09)  <= self
attn17: top MLP partner mlp16 (0.21)  <= self

upstream fraction 16/18 | cargo edge rank 19/324 | shuffled-null upstream 11/18
(a) relay directionality (>=60%): HELD
(b) cargo edge top-5: FAILED
(c) null undirected: HELD
wrote /workspace/tensor_language/basis_aligned/bilinear_quotient/bilin18_kinship_map_results.json (3s)
