mlp0: net +0.0453
mlp2: net +0.0259
mlp3: net +0.0320
mlp4: net +0.1122
mlp6: net -0.0022
mlp7: net +0.0203
mlp8: net -0.0019
mlp10: net +0.0059
mlp12: net +0.0055
mlp13: net +0.0094
mlp14: net +0.0030
mlp17: net +0.4605
attn0: net +0.2366
attn3: net +0.1248
attn4: net +0.2020
attn5: net +0.1304
attn7: net +0.0455
attn8: net +0.0893
attn9: net +0.0620
attn10: net -0.0147
attn11: net +0.0664
attn12: net +0.0487
attn15: net -0.0003
attn17: net +0.0159

36 components | pairwise med 0.07 | depth-smooth 35/36 | within 0.09 vs cross 0.06
(a) distinguishable at scale: HELD
(b) depth-smooth (>=60%): HELD
(c) type separation in fingerprints: HELD
wrote /workspace/tensor_language/basis_aligned/bilinear_quotient/bilin18_fingerprint_atlas_results.json and /workspace/tensor_language/basis_aligned/bilinear_quotient/bilin18_fingerprint_atlas.pt (23s)
