L 0: weighted-mean delta 0.3438 | max 0.408 | dead 0.0000% | median m 6.078
L 1: weighted-mean delta 0.3811 | max 0.499 | dead 0.0000% | median m 6.151
L 2: weighted-mean delta 0.3541 | max 0.463 | dead 0.0000% | median m 5.977
L 3: weighted-mean delta 0.3520 | max 0.526 | dead 0.0000% | median m 5.948
L 4: weighted-mean delta 0.3508 | max 0.455 | dead 0.0000% | median m 5.863
L 5: weighted-mean delta 0.3979 | max 0.495 | dead 0.0000% | median m 6.247
L 6: weighted-mean delta 0.3895 | max 0.477 | dead 0.0000% | median m 6.156
L 7: weighted-mean delta 0.3759 | max 0.501 | dead 0.0000% | median m 6.096
L 8: weighted-mean delta 0.3554 | max 0.446 | dead 0.0000% | median m 6.213
L 9: weighted-mean delta 0.3383 | max 0.441 | dead 0.0000% | median m 6.105
L10: weighted-mean delta 0.3265 | max 0.421 | dead 0.0000% | median m 6.009
L11: weighted-mean delta 0.3171 | max 0.381 | dead 0.0000% | median m 6.146
L12: weighted-mean delta 0.3117 | max 0.458 | dead 0.0000% | median m 6.228
L13: weighted-mean delta 0.3071 | max 0.421 | dead 0.0000% | median m 6.121
L14: weighted-mean delta 0.3011 | max 0.435 | dead 0.0000% | median m 6.081
L15: weighted-mean delta 0.3274 | max 0.540 | dead 0.0000% | median m 6.089
L16: weighted-mean delta 0.3284 | max 0.573 | dead 0.0000% | median m 6.061
L17: weighted-mean delta 0.2793 | max 0.644 | dead 0.0000% | median m 6.403

(a) near-balanced everywhere (<=0.15): FAILED (worst L5 at 0.398)
(b) dead units <1%: HELD
(c) m_i invariance sanity: HELD
wrote /workspace/tensor_language/basis_aligned/bilinear_quotient/bilin18_gauge_defect_results.json (0s)
