mlp0: net +0.2494
mlp1: net -0.0024
mlp2: net +0.0280
mlp3: net +0.0644
mlp4: net +0.0359
mlp5: net +0.0608
mlp6: net +0.0820
mlp7: net +0.0305
mlp8: net +0.0128
mlp9: net +0.0263
mlp10: net +0.0602
mlp11: net +0.2843
attn0: net +0.3070
attn1: net +0.4474
attn2: net +0.3637
attn3: net +0.1540
attn4: net +0.3575
attn5: net +0.2476
attn6: net +0.1925
attn7: net +0.1108
attn8: net +0.1278
attn9: net +0.0798
attn10: net +0.0683
attn11: net +0.0262

24 comps | pairwise 0.09 | smooth 22/24 | within 0.13 vs cross 0.08
(a) distinguishable: HELD
(b) depth-smooth: HELD
(c) type-marked: HELD
wrote /workspace/tensor_language/basis_aligned/bilinear_quotient/bilin12_atlas_results.json and /workspace/tensor_language/basis_aligned/bilinear_quotient/bilin12_atlas.pt (11s)
