  L |l0*x_prev|   |l1*x0|   |attn|    |mlp|   |post|
  0        6.09      6.09    12.92  1436.04  1441.48
  1       18.30      8.00    50.23   149.45   180.68
  2      357.13      8.00   225.85   460.35   768.14
  3      441.08      8.00   229.59   619.57  1007.09
  4      466.17      8.00   335.23   548.90  1031.50
  5       66.48      5.06   239.13    73.29   335.64
  6      164.54      5.88    87.89    52.03   288.16
  7      234.13      8.00    56.94    36.93   305.32
  8      429.36      8.00    56.22    61.54   475.68
  9      429.23      8.00    89.69    75.91   546.36
 10      480.20      8.00    61.91    64.47   547.37
 11      675.66      8.00    83.34   124.17   815.67
 12      847.54      8.00    48.71   118.84   941.22
 13      900.78      8.00    64.91   130.86   987.49
 14     1041.50      8.00    89.24   125.45  1062.77
 15     1262.04      8.00    61.67   332.37  1244.67
 16     1478.04      8.00    95.38   938.00  1567.16
 17     1603.89      8.00   195.16  1851.19  2570.68

(a) L1/L5 embedding-dominated (>=2x): FAILED
(b) stream dominates from L7 (>=2x): HELD
(c) mlp share declines with depth (<=3 inversions): FAILED
wrote /workspace/tensor_language/basis_aligned/bilinear_quotient/bilin18_lambda_norms_results.json (1s)
