ce_full 3.0852
attn0: meanabl 0.269 | window-recovery 0.944 | shuffled-null -0.007
attn1: meanabl 0.197 | window-recovery 0.825 | shuffled-null -0.703
attn2: meanabl 0.127 | window-recovery 0.643 | shuffled-null -0.374
attn3: meanabl 0.102 | window-recovery 0.488 | shuffled-null -0.274
attn4: meanabl 0.217 | window-recovery 0.615 | shuffled-null -0.389
attn5: meanabl 0.124 | window-recovery 0.089 | shuffled-null -0.126
attn6: meanabl 0.051 | window-recovery 0.373 | shuffled-null -0.118
attn7: meanabl 0.056 | window-recovery 0.281 | shuffled-null -0.141
attn8: meanabl 0.031 | window-recovery 0.05 | shuffled-null -0.077
attn9: meanabl 0.056 | window-recovery 0.035 | shuffled-null -0.186
attn10: meanabl 0.021 | window-recovery 0.181 | shuffled-null -0.119
attn11: meanabl 0.037 | window-recovery 0.027 | shuffled-null -0.177
attn12: meanabl 0.008 | window-recovery -0.001 | shuffled-null -0.173
attn13: meanabl 0.017 | window-recovery 0.008 | shuffled-null -0.113
attn14: meanabl 0.021 | window-recovery -0.04 | shuffled-null -0.091
attn15: meanabl 0.006 | window-recovery 0.068 | shuffled-null 0.047
attn16: meanabl 0.010 | window-recovery 0.05 | shuffled-null -0.074
attn17: meanabl 0.011 | window-recovery 0.168 | shuffled-null -0.333
window-recovery by band: front(0-2) 0.804 | gatherers(3-5) 0.397 | middle(6-14) 0.102 | late(15-17) 0.095
pred_a front-local-high/middle-low True
wrote /workspace/tensor_language/basis_aligned/bilinear_quotient/bottomup_attn_all_results.json (90.6s)
