CANDIDATE BUILD MLP17 UNTRUNCATED | 5 arms x 2 coverage(s) | DISCOVERY ONLY

########## COVERAGE 5419 ##########
  [bqlib] coverage 5419 from fineweb_n96_skip80.pt: 36 tables, neighbour index and map solver built (4s)
  [bqlib] cache HIT  live     skip7000
  [bqlib] cache HIT  live     skip11000
  [bqlib] cache HIT  live     skip1200
  [bqlib] cache HIT  mix30m640 skip7000
  [bqlib] cache HIT  mix30m640 skip11000
  [bqlib] cache HIT  mix30m640 skip1200
  [bqlib] cache HIT  mix30m640 skip7000
  [bqlib] cache HIT  mix30m640 skip11000
  [bqlib] cache HIT  mix30m640 skip1200
  [bqlib] cache HIT  mix30m640 skip7000
  [bqlib] cache HIT  mix30m640 skip11000
  [bqlib] cache HIT  mix30m640 skip1200
  [bqlib] cache HIT  map512   skip7000
  [bqlib] cache HIT  map512   skip11000
  [bqlib] cache HIT  map512   skip1200
  [bqlib] cache HIT  mix30m640 skip7000
  [bqlib] cache HIT  mix30m640 skip11000
  [bqlib] cache HIT  mix30m640 skip1200

########## COVERAGE 16110 ##########
  [bqlib] coverage 16110 from fineweb_n480_skip80.pt: 36 tables, neighbour index and map solver built (5s)
  [bqlib] cache HIT  live     skip7000
  [bqlib] cache HIT  live     skip11000
  [bqlib] cache HIT  live     skip1200
  [bqlib] cache HIT  mix30m640 skip7000
  [bqlib] cache HIT  mix30m640 skip11000
  [bqlib] cache HIT  mix30m640 skip1200
  [bqlib] computed   mix30m640 skip7000 (1.4s)
  [bqlib] computed   mix30m640 skip11000 (1.3s)
  [bqlib] computed   mix30m640 skip1200 (0.7s)
  [bqlib] computed   mix30m640 skip7000 (1.3s)
  [bqlib] computed   mix30m640 skip11000 (1.3s)
  [bqlib] computed   mix30m640 skip1200 (0.7s)
  [bqlib] cache HIT  map512   skip7000
  [bqlib] cache HIT  map512   skip11000
  [bqlib] cache HIT  map512   skip1200
  [bqlib] cache HIT  mix30m640 skip7000
  [bqlib] cache HIT  mix30m640 skip11000
  [bqlib] cache HIT  mix30m640 skip1200

  §2017's mlp17 gain rebuilds to 0.00063/0.00030/0.00051 within 0.0002 nats on 3/3 roles  -> True
  and the candidate still beats the shipped build at 16,110, on 3/3 roles  -> True
  and it still clears §1947's 0.00025 price at 16,110 (>=2 roles)  -> True
  and mlp16 clears the price on fewer roles than mlp17, at one coverage or the other  -> True
  derived controls -> True   coverage_exact=True  inert_pairs_are_inert=True  some_differing_pair_moves=True  buckets_partition=True  live_identical=True  ref_shipped=True
  reference deviations: shipped 0.000000

pred_a True | pred_b True | pred_c True | pred_d True | pred_z True
wrote /workspace/tensor_language/basis_aligned/bilinear_quotient/ops/candidate_build_mlp17_untruncated_results.json (199.8s)
