Warning: You are sending unauthenticated requests to the HF Hub. Please set a HF_TOKEN to enable higher rate limits and faster downloads.
cap vocab 12360
targets 18039
a13 full: tgt +0.0532 jit +0.0130 rand +0.0148 else +0.0127
a14 full: tgt +0.0892 jit +0.0134 rand +0.0184 else +0.0169
13.0: solo +0.0216 (else +0.0035) | all-but +0.0290
13.1: solo -0.0016 (else +0.0008) | all-but +0.0547
13.2: solo +0.0038 (else +0.0007) | all-but +0.0492
13.3: solo -0.0033 (else +0.0022) | all-but +0.0556
13.4: solo +0.0024 (else +0.0002) | all-but +0.0507
13.5: solo +0.0295 (else -0.0011) | all-but +0.0216
13.6: solo -0.0000 (else +0.0009) | all-but +0.0531
13.7: solo +0.0006 (else +0.0004) | all-but +0.0525
13.8: solo -0.0031 (else +0.0046) | all-but +0.0561
14.0: solo -0.0014 (else +0.0025) | all-but +0.0871
14.1: solo +0.0025 (else +0.0011) | all-but +0.0828
14.2: solo -0.0078 (else +0.0011) | all-but +0.0972
14.3: solo -0.0010 (else +0.0012) | all-but +0.0903
14.4: solo +0.0343 (else +0.0036) | all-but +0.0412
14.5: solo -0.0006 (else +0.0004) | all-but +0.0898
14.6: solo +0.0198 (else +0.0006) | all-but +0.0584
14.7: solo +0.0241 (else -0.0012) | all-but +0.0561
14.8: solo -0.0006 (else +0.0011) | all-but +0.0899
per-layer top: a13={'head': 5, 'solo': 0.0295, 'share': 0.5545} a14={'head': 4, 'solo': 0.0343, 'share': 0.3845}
pred_a True | pred_b True | pred_c True
wrote /workspace/tensor_language/basis_aligned/bilinear_quotient/capitalized_band_ext_results.json (268.1s)
