Warning: You are sending unauthenticated requests to the HF Hub. Please set a HF_TOKEN to enable higher rate limits and faster downloads.
CE DOMINANCE CHECK | ranks (None, 16, 64) x depths (-1, 7, 10, 13), no ratios anywhere | settled program (context-free tables + output-NN fallback + rank-64 map) | DISCOVERY ONLY

  per-site norm calibration (live mean / row mean), measured on the LIVE model:
    attn L0:  2.71 L1:  2.49 L2:  2.26 L3:  2.13 L4:  4.37 L5:  1.00 L6:  1.02 L7:  3.61 L8:  3.59 L9:  4.83 L10:  3.80 L11:  4.49 L12:  6.72 L13:  6.39 L14:  7.07 L15:  6.33 L16:  5.70 L17:  5.59
    mlp  L0:  0.88 L1:  0.42 L2:  0.61 L3:  0.49 L4:  0.10 L5:  0.39 L6:  0.52 L7:  1.66 L8:  2.04 L9:  1.32 L10:  2.33 L11:  1.05 L12:  1.91 L13:  1.26 L14:  1.66 L15:  1.19 L16:  1.13 L17:  1.21

  arms  (57s)
  all_substituted      skip7000 13.55%  skip11000 14.25%  skip1200 13.64%
  all_sub_scaled       skip7000 12.16%  skip11000 12.81%  skip1200 12.10%
  live_model           skip7000 39.32%  skip11000 42.35%  skip1200 38.88%
  rNone_L-1            skip7000 13.55%  skip11000 14.25%  skip1200 13.64%
  rNone_L7             skip7000 20.06%  skip11000 20.68%  skip1200 19.44%
  rNone_L10            skip7000 27.41%  skip11000 28.81%  skip1200 26.92%
  rNone_L13            skip7000 32.85%  skip11000 34.98%  skip1200 32.37%
  r16_L-1              skip7000 11.68%  skip11000 12.45%  skip1200 12.10%
  r16_L7               skip7000 18.71%  skip11000 19.42%  skip1200 18.52%
  r16_L10              skip7000 26.59%  skip11000 27.92%  skip1200 26.50%
  r16_L13              skip7000 32.62%  skip11000 34.61%  skip1200 32.08%
  r64_L-1              skip7000 12.88%  skip11000 13.49%  skip1200 12.89%
  r64_L7               skip7000 19.31%  skip11000 19.82%  skip1200 18.85%
  r64_L10              skip7000 26.93%  skip11000 28.33%  skip1200 26.76%
  r64_L13              skip7000 32.80%  skip11000 34.74%  skip1200 32.26%

  cost / fidelity  (reals, top-1 per role)
    *r16_L-1        5.278M  skip7000 11.68%  skip11000 12.45%  skip1200 12.10%
    *r64_L-1       20.531M  skip7000 12.88%  skip11000 13.49%  skip1200 12.89%
    *r16_L7       194.044M  skip7000 18.71%  skip11000 19.42%  skip1200 18.52%
    *r64_L7       202.518M  skip7000 19.31%  skip11000 19.82%  skip1200 18.85%
     rNone_L-1    230.087M  skip7000 13.55%  skip11000 14.25%  skip1200 13.64%
    *r16_L10      264.832M  skip7000 26.59%  skip11000 27.92%  skip1200 26.50%
    *r64_L10      270.763M  skip7000 26.93%  skip11000 28.33%  skip1200 26.76%
     rNone_L7     318.938M  skip7000 20.06%  skip11000 20.68%  skip1200 19.44%
    *r16_L13      335.619M  skip7000 32.62%  skip11000 34.61%  skip1200 32.08%
    *r64_L13      339.008M  skip7000 32.80%  skip11000 34.74%  skip1200 32.26%
     rNone_L10    352.257M  skip7000 27.41%  skip11000 28.81%  skip1200 26.92%
    *rNone_L13    385.576M  skip7000 32.85%  skip11000 34.98%  skip1200 32.37%
   (* = on the Pareto frontier at every role)

  cost, CE and top-1 (lower CE is better):
   CP r16_L-1          5.278M  skip7000 CE 6.3592 top1 11.68%  skip11000 CE 6.3515 top1 12.45%  skip1200 CE 6.3224 top1 12.10%
   CP r64_L-1         20.531M  skip7000 CE 6.1733 top1 12.88%  skip11000 CE 6.1526 top1 13.49%  skip1200 CE 6.1446 top1 12.89%
   CP r16_L7         194.044M  skip7000 CE 5.6567 top1 18.71%  skip11000 CE 5.6179 top1 19.42%  skip1200 CE 5.6509 top1 18.52%
   CP r64_L7         202.518M  skip7000 CE 5.5174 top1 19.31%  skip11000 CE 5.4647 top1 19.82%  skip1200 CE 5.5122 top1 18.85%
      rNone_L-1      230.087M  skip7000 CE 6.0117 top1 13.55%  skip11000 CE 5.9848 top1 14.25%  skip1200 CE 6.0016 top1 13.64%
   CP r16_L10        264.832M  skip7000 CE 4.8802 top1 26.59%  skip11000 CE 4.7355 top1 27.92%  skip1200 CE 4.9070 top1 26.50%
   CP r64_L10        270.763M  skip7000 CE 4.7976 top1 26.93%  skip11000 CE 4.6478 top1 28.33%  skip1200 CE 4.8268 top1 26.76%
      rNone_L7       318.938M  skip7000 CE 5.4070 top1 20.06%  skip11000 CE 5.3522 top1 20.68%  skip1200 CE 5.4169 top1 19.44%
   CP r16_L13        335.619M  skip7000 CE 4.2123 top1 32.62%  skip11000 CE 4.0043 top1 34.61%  skip1200 CE 4.3146 top1 32.08%
   CP r64_L13        339.008M  skip7000 CE 4.1815 top1 32.80%  skip11000 CE 3.9736 top1 34.74%  skip1200 CE 4.2836 top1 32.26%
      rNone_L10      352.257M  skip7000 CE 4.7325 top1 27.41%  skip11000 CE 4.5882 top1 28.81%  skip1200 CE 4.7757 top1 26.92%
   CP rNone_L13      385.576M  skip7000 CE 4.1599 top1 32.85%  skip11000 CE 3.9556 top1 34.98%  skip1200 CE 4.2642 top1 32.37%
   (C = on the CE Pareto frontier at every role; P = on the top-1 frontier)

  on CE, r16_L7 does NOT beat the full-rank all-sites arm -> False  skip7000 5.6567 vs 6.0117  skip11000 5.6179 vs 5.9848  skip1200 5.6509 vs 6.0016
  fewer full-rank arms are dominated on CE than on top-1 -> False  skip7000 CE 3 vs top-1 3 of 4  skip11000 CE 3 vs top-1 3 of 4  skip1200 CE 3 vs top-1 3 of 4
  the two frontiers differ -> False  skip7000 CE ['r16_L-1', 'r16_L10', 'r16_L13', 'r16_L7', 'r64_L-1', 'r64_L10', 'r64_L13', 'r64_L7', 'rNone_L13'] vs top-1 ['r16_L-1', 'r16_L10', 'r16_L13', 'r16_L7', 'r64_L-1', 'r64_L10', 'r64_L13', 'r64_L7', 'rNone_L13']  skip11000 CE ['r16_L-1', 'r16_L10', 'r16_L13', 'r16_L7', 'r64_L-1', 'r64_L10', 'r64_L13', 'r64_L7', 'rNone_L13'] vs top-1 ['r16_L-1', 'r16_L10', 'r16_L13', 'r16_L7', 'r64_L-1', 'r64_L10', 'r64_L13', 'r64_L7', 'rNone_L13']  skip1200 CE ['r16_L-1', 'r16_L10', 'r16_L13', 'r16_L7', 'r64_L-1', 'r64_L10', 'r64_L13', 'r64_L7', 'rNone_L13'] vs top-1 ['r16_L-1', 'r16_L10', 'r16_L13', 'r16_L7', 'r64_L-1', 'r64_L10', 'r64_L13', 'r64_L7', 'rNone_L13']
  all-substituted and live reproduce §1789, coverage 5419 -> control True

pred_a False | pred_b False | pred_c False | pred_d True
wrote /workspace/tensor_language/basis_aligned/bilinear_quotient/ops/ce_dominance_check_results.json (301.6s)
