CEILING GAP DECOMPOSITION | program vs per-token ceiling, split by coverage | settled program (context-free tables + output-NN fallback + rank-64 map) | DISCOVERY ONLY

  per-site norm calibration (live mean / row mean), measured on the LIVE model:
    attn L0:  2.71 L1:  2.49 L2:  2.26 L3:  2.13 L4:  4.37 L5:  1.00 L6:  1.02 L7:  3.61 L8:  3.59 L9:  4.83 L10:  3.80 L11:  4.49 L12:  6.72 L13:  6.39 L14:  7.07 L15:  6.33 L16:  5.70 L17:  5.59
    mlp  L0:  0.88 L1:  0.42 L2:  0.61 L3:  0.49 L4:  0.10 L5:  0.39 L6:  0.52 L7:  1.66 L8:  2.04 L9:  1.32 L10:  2.33 L11:  1.05 L12:  1.91 L13:  1.26 L14:  1.66 L15:  1.19 L16:  1.13 L17:  1.21

  arms  (58s)
  all_substituted      skip7000 13.55%  skip11000 14.25%  skip1200 13.64%
  all_sub_scaled       skip7000 12.16%  skip11000 12.81%  skip1200 12.10%
  live_model           skip7000 39.32%  skip11000 42.35%  skip1200 38.88%

  arms  (169s)
  all_substituted        skip7000 13.55%  skip11000 14.25%  skip1200 13.64%
  live_model             skip7000 39.32%  skip11000 42.35%  skip1200 38.88%

  fit-context banks built; rows differing from the length-1 bank: [5419] of 5419 covered

  arms  (183s)
  B0_raw                 skip7000 23.20%  skip11000 25.38%  skip1200 23.26%
  B0_seq                 skip7000 30.25%  skip11000 32.59%  skip1200 29.11%

  ceiling lookup built for 5419 tokens (201s)

  skip7000  (27974 covered, 8890 uncovered scored positions)
    COVERED    live  3.29205   ceiling  6.03465   program  6.03465   program-ceiling -0.00000
    UNCOVERED  live  2.64927   ceiling  (none)     program  5.93936
    ALL-POSITION program  6.01167   (§1768 published  6.57512)

  skip11000  (27497 covered, 9367 uncovered scored positions)
    COVERED    live  3.09711   ceiling  5.97900   program  5.97900   program-ceiling -0.00000
    UNCOVERED  live  2.45715   ceiling  (none)     program  6.00172
    ALL-POSITION program  5.98477   (§1768 published  6.57289)

  skip1200  (13973 covered, 4459 uncovered scored positions)
    COVERED    live  3.40277   ceiling  5.96423   program  5.96423   program-ceiling -0.00000
    UNCOVERED  live  2.68972   ceiling  (none)     program  6.11891
    ALL-POSITION program  6.00165   (§1768 published      nan)

  the program MATCHES the ceiling on covered positions (<0.01) -> True  skip7000 -0.00000  skip11000 -0.00000
  and UNCOVERED positions are >=1.0 nats worse than covered -> False  skip7000 -0.0953  skip11000 +0.0227
  and the covered difference reproduces across roles (<0.02) -> True
  all-position program and live covered CE reproduce §1768 -> control False

wrote /workspace/tensor_language/basis_aligned/bilinear_quotient/ops/ceiling_gap_decomposition_results.json (207.3s)
