Warning: You are sending unauthenticated requests to the HF Hub. Please set a HF_TOKEN to enable higher rate limits and faster downloads.
CEILING COVERAGE ROBUSTNESS | n480 fit rows, ranks full/64 | settled program (context-free tables + output-NN fallback + rank-64 map) | DISCOVERY ONLY

  per-site norm calibration (live mean / row mean), measured on the LIVE model:
    attn L0:  2.66 L1:  2.47 L2:  2.19 L3:  2.07 L4:  4.30 L5:  0.99 L6:  1.01 L7:  3.55 L8:  3.30 L9:  4.77 L10:  3.73 L11:  4.40 L12:  6.40 L13:  5.89 L14:  6.59 L15:  6.04 L16:  5.32 L17:  5.55
    mlp  L0:  0.87 L1:  0.41 L2:  0.60 L3:  0.48 L4:  0.10 L5:  0.39 L6:  0.51 L7:  1.63 L8:  1.98 L9:  1.30 L10:  2.22 L11:  1.03 L12:  1.87 L13:  1.24 L14:  1.62 L15:  1.18 L16:  1.12 L17:  1.21

  arms  (49s)
  all_substituted      skip7000 13.93%  skip11000 14.71%  skip1200 14.01%
  all_sub_scaled       skip7000 12.20%  skip11000 12.96%  skip1200 12.11%
  live_model           skip7000 39.32%  skip11000 42.35%  skip1200 38.88%

  arms  (113s)
  all_substituted        skip7000 13.93%  skip11000 14.71%  skip1200 14.01%
  live_model             skip7000 39.32%  skip11000 42.35%  skip1200 38.88%

  arms  (127s)
  B0_raw                 skip7000 25.87%  skip11000 28.57%  skip1200 26.20%
  B0_seq                 skip7000 31.32%  skip11000 33.99%  skip1200 30.05%

  coverage 16110 types (2.97x §1834); ceiling CE skip7000 5.90775  skip11000 5.84750  skip1200 5.87767 (148s)
    rank full  covered skip7000  5.90775 (+0.00000)  skip11000  5.84750 (+-0.00000)  skip1200  5.87767 (+-0.00000)   (152s)
    rank 64    covered skip7000  6.18613 (+0.27839)  skip11000  6.14491 (+0.29741)  skip1200  6.13093 (+0.25327)   (242s)

  COVERED CE above the ceiling, by table rank:
    rank full  skip7000 +0.00000  skip11000 +-0.00000  skip1200 +-0.00000
    rank 64    skip7000 +0.27839  skip11000 +0.29741  skip1200 +0.25327

  ATTAINMENT survives a larger covered set (<0.001) -> True  skip7000 +0.000000  skip11000 -0.000000  skip1200 -0.000000
  and coverage actually GREW by >=20% -> True  16110 types vs §1834's 5419 (2.97x)
  and the rank-64 shortfall moves <0.05 from §1849 -> False  skip7000 +0.27839 vs §1849 +0.22327  skip11000 +0.29741 vs §1849 +0.23252  skip1200 +0.25327 vs §1849 +0.19774
  ceiling/live §1768, full-rank all-position §1811 -> control False

wrote /workspace/tensor_language/basis_aligned/bilinear_quotient/ops/ceiling_coverage_robustness_results.json (242.0s)
