curated 1000 rows from 646 documents
level 0: 108 probes
r.0: repl 0.999 class newline 0.026 n=38400 tokens [' late', ' as', ',', '.', ' not', ',']
  r.0.0: repl 0.997 class newline 0.133 n=5760 tokens ['\n\n', '\n\n', '.', ' Discovery', ' ', 'ERS']
    r.0.0.0: repl 0.998 class newline 0.328 n=864 tokens ['\n\n', ' Archive', '\n\n', 'ns', '--------------', '\n\n']
    r.0.0.1: repl 0.729 class newline 0.036 n=864 tokens ['250', '\n\n', '\n', '\n', '\n', ' ']
    r.0.0.2: repl 0.525 class newline 0.015 n=864 tokens ['9', 'D', 's', 'BIP', 'omore', '5']
    r.0.0.3: repl 0.536 class other 0.004 n=864 tokens ['\n\n', '>', '\n', '{', 'Sorry', 'ampton']
  r.0.1: repl 0.938 class newline 0.015 n=5760 tokens ['True', 'True', 'False', 'False', ')', 'False']
    r.0.1.0: repl 0.991 class newline 0.032 n=864 tokens ['{', 'void', '7', 'ings', ' ', ' NOW']
    r.0.1.1: repl 0.379 class newline 0.075 n=864 tokens ['250', '\n', '\n', '\n', '\n', '\n']
    r.0.1.2: repl 0.366 class newline 0.072 n=864 tokens ['}', '\n\n', '{', '------', ' */', ' Grade']
    r.0.1.3: repl 0.88 class newline 0.039 n=864 tokens [');', ' ', 'v', '\n', '\n', '5']
  r.0.2: repl 0.888 class newline 0.032 n=5760 tokens ['--------------', '--------------', ' ', '>', ' Archive', '.']
    r.0.2.0: repl 0.983 class newline 0.048 n=864 tokens ['--------------', 'Share', '.', 'B', '\n', '\n\n']
    r.0.2.1: repl 0.791 class newline 0.019 n=864 tokens ['\n', '\n', '\n', 'v', ')', 'v']
    r.0.2.2: repl 0.842 class newline 0.108 n=864 tokens [' 1', '\n', '6', '}', '\n', 'H']
    r.0.2.3: repl 0.666 class newline 0.02 n=864 tokens ['javascript', ' reads', 'void', '{', 'ty', 'ampton']
  r.0.3: repl 0.629 class newline 0.016 n=5760 tokens ['ty', ';', '\n\n', ' to', ' this', '">']
    r.0.3.0: repl 0.841 class newline 0.24 n=864 tokens ['\n\n', '\n', '\n', '\n', '>', '\n']
    r.0.3.1: repl 0.677 class rep 0.014 n=864 tokens [' {', 'N', 'recated', 'h', ':', '238']
    r.0.3.2: repl 0.973 class newline 0.056 n=864 tokens ['E', '.', 'D', 'H', '~~~~~~~~~~~~~~~~', '{']
    r.0.3.3: repl 0.789 class rep 0.022 n=864 tokens ['\n', '};', 'nd', ' ', 'omore', ' Reach']
r.1: repl 0.998 class ind 0.035 n=38400 tokens [':', ':', 'str', 'c', ']', ' Summary']
