ARM: rank-16 QK patterns at ALL replaced heads, blocks 2-17 (dicts retired)
a2-input probe acc 0.69
fit a2
fit a3
fit a4
fit a5
fit a6
fit a7
fit a8
fit a9
fit a10
fit a11
fit a12
fit a13
fit a14
fit a15
fit a16
fit a17
  cp_swap: front MLPs m0-m3 -> CP top-4608 in place (tailE remains table-front-fit)
  QK rank-96 factors built for all motif heads
  QK rank-96 factors built for tail blocks 10-17
  tail QK hooks registered (gated)
L1 (+38 heads): C +0.2449 | fresh +0.2341
  window 0 (7 docs): L2 fresh +0.0701
  window 1 (42 docs): L2 fresh +0.0814
  window 2 (17 docs): L2 fresh +0.0924
  window 3 (23 docs): L2 fresh +0.0785
  window 4 (43 docs): L2 fresh +0.1493
  window 5 (26 docs): L2 fresh +0.0894
  window 6 (35 docs): L2 fresh +0.0635
  window 7 (35 docs): L2 fresh +0.0684
L2 empirical: C +0.0580 | fresh +0.0745 | tail-attn increment -0.1596
(a) L2 <= +2.75 fresh: HELD
(b) increment in [0.30,0.55]: FAILED
cev saved: cev_purevalue.pt
  per-class dCE: digit:+0.052 bclose:+0.008 newline:+0.066 sentend:+0.025 comma:+0.049 name:+0.115 rep:-0.017 subword:+0.053 ind:+0.054 other:+0.087
  era Spearman vs rung-132: 0.4148 over 62
  median member/ref ratio 0.872; tau-curve {'0.5': 8, '1.0': 41, '1.5': 52, '2.0': 54, '3.0': 60}
L2 fresh +0.0745 (was +1.8765); census +0.0699 (was +1.9474); increment -0.1596; valid 8/62
(a) PURE-VALUE census +0.0699 in [0.005, 0.06]: FAILED
(b) valid 8 >= 10 (band cap lifted): FAILED
(c) census in [0.01, 0.12]; era rho 0.4148: HELD
wrote /workspace/tensor_language/basis_aligned/bilinear_quotient/cev_purevalue_results.json (151s)
