a2-input probe acc 0.69
fit a2
fit a3
fit a4
fit a5
fit a6
fit a7
fit a8
fit a9
fit a10
fit a11
fit a12
fit a13
fit a14
fit a15
fit a16
fit a17
metric for m0 at block 1: top eig 8.621e-10, floor 1.151e-11
metric for m2 at block 3: top eig 3.370e-09, floor 6.404e-11
metric for m3 at block 4: top eig 1.841e-09, floor 4.027e-11
metric for c4 at block 5: top eig 3.506e-09, floor 3.871e-11
metric for c5 at block 6: top eig 3.253e-07, floor 3.450e-10
metric for c6 at block 7: top eig 6.198e-07, floor 3.014e-09
metric for c7 at block 8: top eig 5.699e-07, floor 4.958e-09
metric for c8 at block 9: top eig 2.048e-07, floor 1.485e-09
metric for c9 at block 10: top eig 1.895e-07, floor 1.722e-09
eval-row block-6 observable r90 852
8 windows x 120 rows, document-disjoint; docs per window [7, 42, 17, 23, 43, 26, 35, 35]
