[mom] mlp8 rho_raw=-0.037 rho_moment=-0.219 dmg_top_mom=-0.0073 dmg_top_raw=-0.0033 algebra_err=2.64e-01 (SS2854 rho_raw=-0.343)
[mom] mlp10 rho_raw=-0.296 rho_moment=-0.163 dmg_top_mom=+0.0001 dmg_top_raw=-0.0038 algebra_err=2.13e+00 (SS2854 rho_raw=-0.548)
{
 "preds": {
  "pred_a_moment_weighted_predicts_damage": false,
  "pred_b_moment_weighting_beats_raw_eigenvalue": false,
  "pred_c_the_algebraic_identity_is_exact": false,
  "pred_d_moment_top_beats_eigen_top": false,
  "pred_e_raw_correlation_replicates_2854": false
 },
 "nulls": {
  "a_null_moment_no_better_than_chance": true,
  "b_null_no_gain": true,
  "d_null_no_top_gain": false
 },
 "summary": {
  "median_rho_raw": -0.16657255787690572,
  "median_rho_moment": -0.19085262563523434,
  "gain": -0.02428006775832861,
  "top_damage_ratio": 1.126251720773235,
  "median_algebra_rel_err": 1.1984682530164719,
  "median_algebra_rel_err_float64_diagnostic": 0.00020280933388810437,
  "max_repro_gap_vs_2854": 0.3067758328627894
 },
 "price": {
  "gpu_forwards": 450,
  "backwards": 0,
  "fitted_parameters": 0,
  "gpu_seconds": 7.1147589683532715
 }
}
