level 0: 108 probes
r.0: repl 0.98 class newline 0.05 n=11981 tokens ['/', ' )', '1', '2', '3', ' the']
  r.0.0: repl 0.944 class newline 0.207 n=1798 tokens ['tainment', '6', 'tainment', ' Court', '3', ' House']
    r.0.0.0: repl 0.997 class newline 0.463 n=270 tokens ['2', ' Abbey', 'head', 'tainment', '3', 'gate']
    r.0.0.1: repl 0.883 class name 0.118 n=270 tokens [' Dover', 'bourne', ' Hotel', 'ham', ' Eating', 'ster']
    r.0.0.2: repl 0.904 class name 0.015 n=270 tokens ['2', '2', '300', '3', ' Museum', 'ights']
    r.0.0.3: repl 0.778 class name 0.019 n=270 tokens ['3', ' BAR', ' BAR', ' House', 'UB', ' Market']
  r.0.1: repl 0.877 class newline 0.05 n=1798 tokens ['ham', '\n', '\n', '\n', '\n', '\n']
    r.0.1.0: repl 0.86 class newline 0.375 n=270 tokens ['1', '3', '2', '4', '3', ' ']
    r.0.1.1: repl 0.843 class name 0.085 n=270 tokens ['\n', ')', '\n', 'ights', '\n', 'ights']
    r.0.1.2: repl 0.957 class name 0.119 n=270 tokens ['tainment', ' Museum', ' House', ' Court', ' Abbey', '\n']
    r.0.1.3: repl 0.182 class digit 0.007 n=270 tokens ['ISH', '\n', 'UB', ' Steps', ' Canterbury', 'ights']
  r.0.2: repl 0.28 class newline 0.01 n=1798 tokens ['ster', 'ate', 'ities', ' the', ' t', '\n']
  r.0.3: repl 0.064 class other 0.009 n=1798 tokens ['4', '3', ' Rye', 'ment', '\n', '2']
r.1: repl 0.929 class ind 0.034 n=11981 tokens [' o', '\n', '\n', '\n', '\n', 'ING']
  r.1.0: repl 0.933 class newline 0.116 n=1798 tokens [' ', ' ', ' ', ' G', ' ', ' ']
    r.1.0.0: repl 0.978 class newline 0.44 n=270 tokens ['\n', '\n', '\n', '\n', '\n', '\n']
    r.1.0.1: repl 0.922 class subword 0.062 n=270 tokens ['LE', ' ', ' ', 'LE', ' ', ' W']
    r.1.0.2: repl 0.96 class subword 0.092 n=270 tokens ['2', '2', 'UB', '1', ' G', ' G']
    r.1.0.3: repl 0.938 class ind 0.058 n=270 tokens ['Information', '1', ' ', '2', ' Egyptian', ' ']
  r.1.1: repl 0.93 class newline 0.401 n=1798 tokens ['\n', '\n', '\n', ' House', ' Rooms', ' Tower']
    r.1.1.0: repl 0.989 class newline 0.577 n=270 tokens ['1', ' t', ' t', '1', ' t', ' t']
    r.1.1.1: repl 0.968 class newline 0.044 n=270 tokens ['M', '-', 'M', 'M', 'M', 'M']
    r.1.1.2: repl 0.909 class name 0.081 n=270 tokens [' t', ' t', ' t', ' Hastings', ' t', ' t']
    r.1.1.3: repl 0.353 class rep 0.044 n=270 tokens [' ', 'bourne', ' Dover', ' ', ' ', ' W']
  r.1.2: repl 0.793 class rep 0.018 n=1798 tokens [' the', ' between', ' the', ' Struct', ' G', ',']
    r.1.2.0: repl 0.621 class other 0.023 n=270 tokens [' S', ' ', ' ', ' S', ' S', ' included']
    r.1.2.1: repl 0.635 class ind 0.038 n=270 tokens ['Bus', '-', 'ights', 'ights', 'ights', '-']
    r.1.2.2: repl 0.465 class rep 0.035 n=270 tokens ['\n', '/', '\n', 'M', ' tourist', ' B']
    r.1.2.3: repl 0.152 class rep 0.023 n=270 tokens [' 9', ' 8', 'igo', ' t', ' New', ' t']
  r.1.3: repl 0.772 class sentend 0.014 n=1798 tokens [' Dover', 'bourne', ' Hastings', ' Sandwich', 'gate', ' House']
    r.1.3.0: repl 0.744 class newline 0.132 n=270 tokens ['400', '-', 'B', '\n', '-', 'rd']
    r.1.3.1: repl 0.607 class ind 0.039 n=270 tokens [' ', ' ', ' ', ' ', ' ', ' ']
    r.1.3.2: repl 0.193 class subword 0.047 n=270 tokens ['us', ' St', 'as', ' St', ' St', ' St']
    r.1.3.3: repl 0.077 class subword 0.022 n=270 tokens ['2', ' Rye', ' t', ' Sandwich', '-', '2']
r.2: repl 0.863 class newline 0.127 n=11981 tokens ['\n', ' t', ' m', '\n', '\n', '\n']
  r.2.0: repl 0.955 class newline 0.497 n=1798 tokens ['\n', '\n', '\n', '\n', '\n', '\n']
    r.2.0.0: repl 0.985 class newline 0.701 n=270 tokens [' Hotel', '\n', '\n', '\n', ' Hotel', '\n']
    r.2.0.1: repl 0.07 class ind 0.01 n=270 tokens ['ham', 'bourne', ')', '\n', ' Tower', ' Abbey']
    r.2.0.2: repl 0.301 class ind 0.057 n=270 tokens ['ley', '\n', 'tainment', '\n', '\n', '\n']
    r.2.0.3: repl 0.335 class newline 0.021 n=270 tokens ['\n', '\n', '\n', '\n', 'opping', '\n']
  r.2.1: repl 0.912 class other 0.047 n=1798 tokens ['3', '\n', ' m', '1', '\n', ' m']
    r.2.1.0: repl 0.928 class newline 0.114 n=270 tokens ['\n', ' Rye', 'opping', ' MAP', '\n', '\n']
    r.2.1.1: repl 0.857 class ind 0.148 n=270 tokens ['2', '\n', '\n', 'opping', '\n', ' ']
    r.2.1.2: repl 0.337 class bclose 0.024 n=270 tokens ['\n', ')', '\n', '2', '\n', 'alking']
    r.2.1.3: repl 0.514 class newline 0.04 n=270 tokens ['ights', 'ights', 'D', 'I', ' Abbey', '1']
  r.2.2: repl 0.908 class newline 0.079 n=1798 tokens ['3', '3', '4', '6', 'bourne', 'stairs']
    r.2.2.0: repl 0.942 class name 0.016 n=270 tokens ['ham', '\n', ' m', '\n', ' ', '\n']
    r.2.2.1: repl 0.161 class name 0.016 n=270 tokens ['ham', ')', ';', ' Dover', ' Abbey', ' Market']
    r.2.2.2: repl 0.11 class ind 0.065 n=270 tokens ['2', '1', '4', '\n', ' Tower', '3']
    r.2.2.3: repl 0.421 class newline 0.112 n=270 tokens ['\n', '\n', 'urn', 'ate', '\n', ')']
  r.2.3: repl 0.138 class newline 0.006 n=1798 tokens ['\n', '\n', ' ', ' hub', '\n', ' Tower']
r.3: repl 0.848 class newline 0.1 n=11981 tokens ['\n', 'T', '\n', '\n', '\n', ' 8']
  r.3.0: repl 0.48 class newline 0.256 n=1798 tokens ['\n', '\n', 'wick', ' Sandwich', '4', ' Rye']
  r.3.1: repl 0.489 class ind 0.106 n=1798 tokens [' ', ' –', ' and', ' the', ' making', ' Once']
  r.3.2: repl 0.414 class other 0.026 n=1798 tokens [' Bake', '\n', ' Rooms', ' Company', '\n', '3']
  r.3.3: repl 0.01 class newline 0.119 n=1798 tokens ['ating', '\n', 'UB', '2', ' House', ' House']
r.4: repl 0.382 class subword 0.011 n=11981 tokens ['ford', ' D', ' Queen', 'Royal', ',', 'us']
r.5: repl 0.589 class newline 0.009 n=11981 tokens [' House', '4', 'head', ' House', 'ham', '3']
r.6: repl 0.085 class subword 0.005 n=11981 tokens ['Le', '2', '###', '\n', ' Virgin', 'T']
r.7: repl 0.124 class bclose 0.009 n=11981 tokens ['3', ' Hotel', 'head', '\n', '\n', ' ']
r.8: repl 0.13 class sentend 0.005 n=11981 tokens ['\n', '\n', '\n', '\n', '\n', '\n']
r.9: repl 0.014 class newline 0.038 n=11981 tokens ['\n', '\n', '\n', '\n', 'o', '\n']
r.10: repl 0.026 class newline 0.005 n=11981 tokens ['IAN', 'ISH', '\n', '3', 'B', 'Train']
r.11: repl 0.166 class newline 0.008 n=11981 tokens ['3', '\n', '\n', 'ARK', '\n', '\n']
r.12: repl 0.276 class other 0.007 n=11981 tokens ['tainment', ' Palace', 'ights', 'City', 'ICE', ' Music']
r.13: repl 0.265 class bclose 0.018 n=11981 tokens ['\n', '\n', '\n', '\n', '\n', '\n']
r.14: repl 0.171 class other 0.008 n=11981 tokens ['\n', ' Hospital', '\n', ' BAR', '\n', 'ights']
r.15: repl 0.348 class bclose 0.004 n=11981 tokens ['\n', '\n', ')', ' He', ' House', ' having']
r.16: repl 0.061 class bclose 0.006 n=11981 tokens [' Sun', 'arms', ' MAP', '2', ' of', ' showed']
r.17: repl 0.017 class newline 0.009 n=11981 tokens ['\n', '\n', '\n', '\n', '\n', '\n']
r.18: repl 0.054 class newline 0.003 n=11981 tokens ['ARK', 'gate', 'EL', '\n', 'cling', '\n']
r.19: repl 0.228 class other 0.008 n=11981 tokens ['ights', ' Rye', 'a', ':', 'FE', '\n']
r.20: repl 0.022 class bclose 0.011 n=11981 tokens ['AR', '.', 'bury', ' show', ' tick', '\n']
r.21: repl 0.141 class other 0.012 n=11981 tokens [' City', ' in', '\n', '\n', 'igo', ' ']
r.22: repl 0.021 class comma 0.006 n=11981 tokens [' Tower', ' House', ' Steps', ' Rooms', ' Abbey', 'urn']
r.23: repl 0.074 class bclose 0.003 n=11981 tokens ['oya', 'ights', ' Hall', '3', 'ights', 'ian']
(d) all packs >=12 contexts: HELD

leaves 35 | new-structure 27 | child repl rate 0.60
(a) >=90 leaves: FAILED
(b) >=half new-structure: HELD
(c) child replication >=50%: HELD
wrote /workspace/tensor_language/basis_aligned/bilinear_quotient/circuit_tree3_results.json (608s)
