[census] attn0    e1=0.106 effrank= 43.6 zero=+1.4825 r32=+0.0561
[census] mlp0     e1=0.506 effrank=  3.7 zero=+2.6114 r32=+0.1710
[census] attn1    e1=0.933 effrank=  1.1 zero=+2.4256 r32=+0.0236
[census] mlp1     e1=0.150 effrank= 33.3 zero=+1.1760 r32=+0.8931
[census] attn2    e1=0.280 effrank= 11.9 zero=+0.3492 r32=+0.0364
[census] mlp2     e1=0.098 effrank= 67.8 zero=+0.1504 r32=+0.2375
[census] attn3    e1=0.146 effrank= 35.4 zero=+0.1409 r32=+0.0289
[census] mlp3     e1=0.176 effrank= 28.0 zero=+0.1295 r32=+0.1444
[census] attn4    e1=0.320 effrank=  9.4 zero=+0.2907 r32=+0.0517
[census] mlp4     e1=0.319 effrank=  9.0 zero=+0.4329 r32=+0.0811
[census] attn5    e1=0.981 effrank=  1.0 zero=+2.2109 r32=+0.0568
[census] mlp5     e1=0.635 effrank=  2.5 zero=+0.0888 r32=+0.0572
[census] attn6    e1=0.956 effrank=  1.1 zero=+0.1042 r32=+0.0394
[census] mlp6     e1=0.618 effrank=  2.6 zero=+0.0566 r32=+0.0563
[census] attn7    e1=0.872 effrank=  1.3 zero=+0.0621 r32=+0.0305
[census] mlp7     e1=0.244 effrank= 16.3 zero=+0.0498 r32=+0.0514
[census] attn8    e1=0.192 effrank= 24.9 zero=+0.0329 r32=+0.0249
[census] mlp8     e1=0.136 effrank= 44.8 zero=+0.0386 r32=+0.0355
[census] attn9    e1=0.759 effrank=  1.7 zero=+0.0430 r32=+0.0209
[census] mlp9     e1=0.316 effrank=  9.9 zero=+0.0357 r32=+0.0406
[census] attn10   e1=0.716 effrank=  1.9 zero=+0.0264 r32=+0.0094
[census] mlp10    e1=0.099 effrank= 79.9 zero=+0.0313 r32=+0.0321
[census] attn11   e1=0.435 effrank=  5.2 zero=+0.0350 r32=+0.0183
[census] mlp11    e1=0.440 effrank=  5.1 zero=+0.0288 r32=+0.0369
[census] attn12   e1=0.368 effrank=  6.9 zero=+0.0132 r32=+0.0043
[census] mlp12    e1=0.323 effrank=  9.4 zero=+0.0267 r32=+0.0306
[census] attn13   e1=0.161 effrank= 25.0 zero=+0.0180 r32=+0.0131
[census] mlp13    e1=0.371 effrank=  7.2 zero=+0.0277 r32=+0.0291
[census] attn14   e1=0.060 effrank= 67.1 zero=+0.0286 r32=+0.0239
[census] mlp14    e1=0.234 effrank= 17.5 zero=+0.0288 r32=+0.0206
[census] attn15   e1=0.153 effrank= 26.3 zero=+0.0102 r32=+0.0068
[census] mlp15    e1=0.767 effrank=  1.7 zero=+0.1388 r32=+0.0257
[census] attn16   e1=0.087 effrank= 37.8 zero=+0.0126 r32=+0.0117
[census] mlp16    e1=0.752 effrank=  1.7 zero=+0.9112 r32=+0.0295
[census] attn17   e1=0.595 effrank=  2.7 zero=+0.0135 r32=+0.0053
[census] mlp17    e1=0.655 effrank=  2.1 zero=+0.5891 r32=+0.0634
{
 "preds": {
  "pred_a_low_rank_writes_are_architectural": false,
  "pred_b_attn5_is_extreme_not_unique": true,
  "pred_c_cheap_surrogates_are_general": true,
  "pred_d_expensive_is_not_hard_to_approximate": false,
  "pred_e_instrument_reproduces_native_ce_matched": true
 },
 "nulls": {
  "a_null_writes_are_high_rank": false,
  "b_null_attn5_ordinary": false,
  "c_null_surrogates_expensive": false,
  "d_null_expensive_is_hard": false
 },
 "summary": {
  "median_top_direction_energy": 0.3214728534221649,
  "attn5_energy_rank": 1,
  "attn5_top_direction_energy": 0.9813449382781982,
  "median_rank32_damage": 0.03131842613220215,
  "median_zero_damage": 0.053179820378621345,
  "rho_zero_vs_rank32": 0.7142857142857143,
  "energy_rank_order_top8": [
   "attn5",
   "attn6",
   "attn1",
   "attn7",
   "mlp15",
   "attn9",
   "mlp16",
   "attn10"
  ],
  "most_expensive_top8": [
   "mlp0",
   "attn1",
   "attn5",
   "attn0",
   "mlp1",
   "mlp16",
   "mlp17",
   "mlp4"
  ]
 }
}
