[cc] counting_words.comma_list      v1=+1.66 v2=+2.26 v3=+0.36 best=v2_triple usable=True
[cc] keyed_line.counter_successor   v1=+1.51 v2=+2.02 v3=-3.20 best=v2_triple usable=True
[cc] month.successor                v1=-0.72 v2=+1.89 v3=+1.89 best=v2_triple usable=True
[cc] numbered_list.index_successor  v1=+0.20 v2=+1.54 v3=-1.22 best=v2_triple usable=True
[cc] numeric_run.last_plus_one      v1=+2.51 v2=+2.91 v3=+2.91 best=v2_triple usable=True
[cc] paren_list.index_successor     v1=+0.09 v2=+1.48 v3=-1.72 best=v2_triple usable=True
[cc] roman_list.index_successor     v1=+0.39 v2=+1.40 v3=-0.24 best=v2_triple usable=True
[cc] verbatim_repeat.copy           SKIPPED (no C family)
{
 "preds": {
  "pred_a_a_design_clears_the_bar_widely": true,
  "pred_b_the_best_design_beats_the_current_one": true,
  "pred_c_one_design_wins_across_behaviours": true,
  "pred_d_the_target_family_is_untouched": true,
  "pred_e_the_control_answer_is_not_the_successor": true
 },
 "nulls": {
  "a_null_still_broken": false,
  "b_null_no_improvement": false,
  "c_null_no_shared_design": false
 },
 "summary": {
  "n_usable": 7,
  "n_live": 7,
  "median_best_over_current": 2.630999952979852,
  "winning_designs": {
   "v2_triple": 7
  },
  "top_design": "v2_triple",
  "top_n": 7,
  "max_target_drift": 0.0,
  "control_successor_clashes": {
   "counting_words.comma_list": 0,
   "keyed_line.counter_successor": 0,
   "month.successor": 0,
   "numbered_list.index_successor": 0,
   "numeric_run.last_plus_one": 0,
   "paren_list.index_successor": 0,
   "roman_list.index_successor": 0
  },
  "control_noncopyable": {
   "counting_words.comma_list": 0,
   "keyed_line.counter_successor": 0,
   "month.successor": 0,
   "numbered_list.index_successor": 0,
   "numeric_run.last_plus_one": 0,
   "paren_list.index_successor": 0,
   "roman_list.index_successor": 0
  }
 },
 "price": {
  "gpu_forwards": 81
