Warning: You are sending unauthenticated requests to the HF Hub. Please set a HF_TOKEN to enable higher rate limits and faster downloads.
patterns cached
subspace built
bg maps L0
bg maps L1
bg maps L2
bg maps L3
bg maps L4
bg maps L5
bg maps L6
bg maps L7
bg maps L8
bg maps L9
bg maps L10
bg maps L11
bg maps L12
bg maps L13
bg maps L14
bg maps L15
bg maps L16
bg maps L17
question clean {'global': 2.9474, 'cls': 1.5097}
question bg {'global': 3.2493, 'cls': 1.7463}
question bg_ens {'global': 3.2488, 'cls': 1.8327}
question below_exact {'global': 2.9779, 'cls': 1.536}
question half_exact {'global': 3.0153, 'cls': 1.5595}
semicolon clean {'global': 2.9455, 'cls': 2.9485}
semicolon bg {'global': 3.2477, 'cls': 3.0343}
semicolon bg_ens {'global': 3.2453, 'cls': 3.0861}
semicolon below_exact {'global': 3.0175, 'cls': 2.9545}
semicolon half_exact {'global': 3.0127, 'cls': 2.9722}
close_paren clean {'global': 2.9524, 'cls': 1.1354}
close_paren bg {'global': 3.2548, 'cls': 1.2793}
close_paren bg_ens {'global': 3.2537, 'cls': 1.3208}
close_paren below_exact {'global': 3.0197, 'cls': 1.1973}
close_paren half_exact {'global': 3.0197, 'cls': 1.1973}
question {'bg_ens': {'global': 0.0017, 'cls': -0.3652}, 'below_exact': {'global': 0.899, 'cls': 0.8888}, 'half_exact': {'global': 0.7751, 'cls': 0.7895}}
semicolon {'bg_ens': {'global': 0.0079, 'cls': -0.6037}, 'below_exact': {'global': 0.7617, 'cls': 0.9301}, 'half_exact': {'global': 0.7776, 'cls': 0.7238}}
close_paren {'bg_ens': {'global': 0.0036, 'cls': -0.2884}, 'below_exact': {'global': 0.7774, 'cls': 0.5698}, 'half_exact': {'global': 0.7774, 'cls': 0.5698}}
pred_a True | pred_b True | pred_c True
wrote /workspace/tensor_language/basis_aligned/bilinear_quotient/circuit_extract4_results.json (296.3s)
