L 0: carried None | just-wrote 0.877 || resid→front 0.877 read 0.068 || WRITE→front 1.0 read 0.066
L 1: carried 0.494 | just-wrote 0.861 || resid→front 0.49 read 0.09 || WRITE→front 0.397 read 0.083
L 2: carried 0.708 | just-wrote 0.786 || resid→front 0.436 read 0.094 || WRITE→front 0.299 read 0.078
L 3: carried 0.74 | just-wrote 0.786 || resid→front 0.405 read 0.101 || WRITE→front 0.294 read 0.086
L 4: carried 0.768 | just-wrote 0.667 || resid→front 0.35 read 0.092 || WRITE→front 0.163 read 0.052
L 5: carried 0.698 | just-wrote 0.607 || resid→front 0.311 read 0.097 || WRITE→front 0.129 read 0.053
L 6: carried 0.773 | just-wrote 0.604 || resid→front 0.31 read 0.124 || WRITE→front 0.128 read 0.082
L 7: carried 0.814 | just-wrote 0.504 || resid→front 0.322 read 0.125 || WRITE→front 0.115 read 0.075
L 8: carried 0.837 | just-wrote 0.498 || resid→front 0.329 read 0.132 || WRITE→front 0.133 read 0.1
L 9: carried 0.792 | just-wrote 0.492 || resid→front 0.313 read 0.138 || WRITE→front 0.108 read 0.095
L10: carried 0.834 | just-wrote 0.503 || resid→front 0.303 read 0.147 || WRITE→front 0.105 read 0.094
L11: carried 0.847 | just-wrote 0.494 || resid→front 0.284 read 0.17 || WRITE→front 0.08 read 0.099
L12: carried 0.855 | just-wrote 0.45 || resid→front 0.266 read 0.159 || WRITE→front 0.068 read 0.107
L13: carried 0.856 | just-wrote 0.417 || resid→front 0.251 read 0.168 || WRITE→front 0.056 read 0.109
L14: carried 0.86 | just-wrote 0.328 || resid→front 0.236 read 0.177 || WRITE→front 0.032 read 0.058
L15: carried 0.855 | just-wrote 0.307 || resid→front 0.209 read 0.162 || WRITE→front 0.031 read 0.076
L16: carried 0.765 | just-wrote 0.381 || resid→front 0.16 read 0.153 || WRITE→front 0.028 read 0.049
L17: carried 0.748 | just-wrote 0.564 || resid→front 0.08 read 0.114 || WRITE→front 0.021 read 0.061

newly-written class becomes readout-ward (write_vs_read > write_vs_front) from layer: 11
wrote /workspace/tensor_language/basis_aligned/bilinear_quotient/class_carrier_trace_results.json (54.7s)
