ARM: rank-16 QK patterns at ALL replaced heads, blocks 2-17 (dicts retired)
a2-input probe acc 0.69
fit a2
fit a3
fit a4
fit a5
fit a6
fit a7
fit a8
fit a9
fit a10
fit a11
fit a12
fit a13
fit a14
fit a15
fit a16
fit a17
  cp_swap: front MLPs m0-m3 -> CP top-4608 in place (tailE remains table-front-fit)
  QK rank-32 factors built for all motif heads
  QK rank-32 factors built for tail blocks 10-17
  tail QK hooks registered (gated)
L1 (+38 heads): C +0.8153 | fresh +0.8033
  window 0 (7 docs): L2 fresh +0.6067
  window 1 (42 docs): L2 fresh +0.6048
  window 2 (17 docs): L2 fresh +0.5810
  window 3 (23 docs): L2 fresh +0.6093
  window 4 (43 docs): L2 fresh +0.6132
  window 5 (26 docs): L2 fresh +0.5845
  window 6 (35 docs): L2 fresh +0.5673
  window 7 (35 docs): L2 fresh +0.5508
L2 empirical: C +0.5743 | fresh +0.6412 | tail-attn increment -0.1621
(a) L2 <= +2.75 fresh: HELD
(b) increment in [0.30,0.55]: FAILED
  per-class dCE: digit:+0.478 bclose:+0.287 newline:+0.260 sentend:+0.235 comma:+0.214 name:+0.868 rep:+0.379 subword:+0.714 ind:+0.542 other:+0.714
L2 fresh +0.6412 (was +1.8765); census +0.6201 (was +1.9474); increment -0.1621; valid 0/62
(a) census +0.6201 <= 0.80: HELD
(b) name +0.8679 <= 1.35: HELD
(c) census >= 0.4: HELD
wrote /workspace/tensor_language/basis_aligned/bilinear_quotient/combo_max_results.json (119s)
