Warning: You are sending unauthenticated requests to the HF Hub. Please set a HF_TOKEN to enable higher rate limits and faster downloads.
W scored
Tn/Tr scored
comma W 19.32
comma Tn 1.74
comma Tr 0.89
question W 43.6
question Tn 79.26
question Tr 49.8
semicolon W 73.52
semicolon Tn 16.7
semicolon Tr 2.45
pronouns W 42.17
pronouns Tn 60.35
pronouns Tr 22.32
is W 2.44
is Tn 1.95
is Tr 1.39
the W 2.29
the Tn 0.49
the Tr 0.64
months W 3.54
months Tn 5.04
months Tr 2.48
close_paren W 185.76
close_paren Tn 69.25
close_paren Tr 43.21
{'W': 30.74, 'Tn': 10.87, 'Tr': 2.46}
pred_a True | pred_b True | pred_c True
wrote /workspace/tensor_language/basis_aligned/bilinear_quotient/compression_rank2_results.json (384.4s)
