Warning: You are sending unauthenticated requests to the HF Hub. Please set a HF_TOKEN to enable higher rate limits and faster downloads.
W scored
Tn/Tr scored
comma W 0.587
comma Tn 0.871
comma Tr 0.94
question W 1.134
question Tn 0.905
question Tr 1.089
semicolon W 1.115
semicolon Tn 0.447
semicolon Tr 0.237
pronouns W 3.667
pronouns Tn 4.289
pronouns Tr 3.712
is W 3.411
is Tn 3.366
is Tr 2.005
the W 1.348
the Tn 0.828
the Tr 1.534
months W 4.709
months Tn 2.914
months Tr 5.029
close_paren W 3.197
close_paren Tn 2.941
close_paren Tr 2.61
{'W': 2.396, 'Tn': 2.07, 'Tr': 2.144}
pred_a True | pred_b True | pred_c False
wrote /workspace/tensor_language/basis_aligned/bilinear_quotient/compression_rank_results.json (444.4s)
