ARM 1/3: full S2144 config
a2-input probe acc 0.69
fit a2
fit a3
fit a4
fit a5
fit a6
fit a7
fit a8
fit a9
fit a10
fit a11
fit a12
fit a13
fit a14
fit a15
fit a16
fit a17
L1 (+38 heads): C +2.0113 | fresh +2.3208
fit a10L
fit a11L
fit a12L
fit a13L
fit a14L
fit a15L
fit a16L
fit a17L
  window 0 (7 docs): L2 fresh +2.6663
  window 1 (42 docs): L2 fresh +2.9355
  window 2 (17 docs): L2 fresh +2.6120
  window 3 (23 docs): L2 fresh +2.8498
  window 4 (43 docs): L2 fresh +2.9137
  window 5 (26 docs): L2 fresh +2.7954
  window 6 (35 docs): L2 fresh +2.5818
  window 7 (35 docs): L2 fresh +2.6640
L2 empirical: C +2.4191 | fresh +2.6663 | tail-attn increment +0.3455
(a) L2 <= +2.75 fresh: HELD
(b) increment in [0.30,0.55]: HELD
ARM 2/3: block-5 motifs REAL
a2-input probe acc 0.69
fit a2
fit a3
fit a4
fit a5
fit a6
fit a7
fit a8
fit a9
fit a10
fit a11
fit a12
fit a13
fit a14
fit a15
fit a16
fit a17
L1 (+38 heads): C +1.9720 | fresh +2.2719
fit a10L
fit a11L
fit a12L
fit a13L
fit a14L
fit a15L
fit a16L
fit a17L
  window 0 (7 docs): L2 fresh +2.6019
  window 1 (42 docs): L2 fresh +2.8874
  window 2 (17 docs): L2 fresh +2.5389
  window 3 (23 docs): L2 fresh +2.8074
  window 4 (43 docs): L2 fresh +2.8391
  window 5 (26 docs): L2 fresh +2.7323
  window 6 (35 docs): L2 fresh +2.5356
  window 7 (35 docs): L2 fresh +2.6069
L2 empirical: C +2.3692 | fresh +2.6019 | tail-attn increment +0.3300
(a) L2 <= +2.75 fresh: HELD
(b) increment in [0.30,0.55]: HELD
ARM 3/3: skip-a16 (attn16 real)
a2-input probe acc 0.69
fit a2
fit a3
fit a4
fit a5
fit a6
fit a7
fit a8
fit a9
fit a10
fit a11
fit a12
fit a13
fit a14
fit a15
fit a16
fit a17
L1 (+38 heads): C +2.0113 | fresh +2.3208
fit a10L
fit a11L
fit a12L
fit a13L
fit a14L
fit a15L
fit a17L
  window 0 (7 docs): L2 fresh +2.5092
  window 1 (42 docs): L2 fresh +2.7195
  window 2 (17 docs): L2 fresh +2.3795
  window 3 (23 docs): L2 fresh +2.6035
  window 4 (43 docs): L2 fresh +2.6544
  window 5 (26 docs): L2 fresh +2.5864
  window 6 (35 docs): L2 fresh +2.3739
  window 7 (35 docs): L2 fresh +2.4578
L2 empirical: C +2.2392 | fresh +2.5092 | tail-attn increment +0.1884
(a) L2 <= +2.75 fresh: HELD
(b) increment in [0.30,0.55]: FAILED
binned Spearman(d5,d16): other +0.789 (71 bins) | ind +0.461 (44 bins)
(a) other rho +0.789 >= 0.3: HELD
(b) ind rho +0.461 >= 0.3: HELD
(c) full FR L2_F 2.6663 vs 2.6662 (tol 0.01): HELD
wrote /workspace/tensor_language/basis_aligned/bilinear_quotient/context_memory_edge_results.json (337s)
