step L5->L6 fit
step L6->L7 fit
step L7->L8 fit
step L8->L9 fit
step L9->L10 fit
step L10->L11 fit
step L11->L12 fit
step L12->L13 fit
step L13->L14 fit
rollout: base (0.635, 0.529) | +true-attn (0.728, 0.682) | +shuffled-attn (0.454, 0.281) | persistence (0.513, 0.129)
Traceback (most recent call last):
  File "/workspace/tensor_language/basis_aligned/bilinear_quotient/coord_dynamics_attn.py", line 166, in <module>
    main()
  File "/venv/main/lib/python3.12/site-packages/torch/utils/_contextlib.py", line 124, in decorate_context
    return func(*args, **kwargs)
           ^^^^^^^^^^^^^^^^^^^^^
  File "/workspace/tensor_language/basis_aligned/bilinear_quotient/coord_dynamics_attn.py", line 161, in main
    print(f"pred_a simple-dynamics {out['pred_a_simple_dynamics']} | pred_b context-limited {out['pred_b_context_limited']} | pred_c stateless {out['pred_c_stateless']}", flush=True)
                                    ~~~^^^^^^^^^^^^^^^^^^^^^^^^^^
KeyError: 'pred_a_simple_dynamics'
