ARM: rank-16 QK patterns at ALL replaced heads, blocks 2-17 (dicts retired)
a2-input probe acc 0.69
fit a2
fit a3
fit a4
fit a5
fit a6
fit a7
fit a8
fit a9
fit a10
fit a11
fit a12
fit a13
fit a14
fit a15
fit a16
fit a17
  cp_swap: front MLPs m0-m3 -> CP top-4608 in place (tailE remains table-front-fit)
  QK rank-128 factors built for all motif heads
  QK rank-64 factors built for tail blocks 10-17
  tail QK hooks registered (gated)
L1 (+38 heads): C +0.2408 | fresh +0.2113
  window 0 (7 docs): L2 fresh +0.0519
  window 1 (42 docs): L2 fresh +0.0617
  window 2 (17 docs): L2 fresh +0.0585
  window 3 (23 docs): L2 fresh +0.0580
  window 4 (43 docs): L2 fresh +0.1129
  window 5 (26 docs): L2 fresh +0.0703
  window 6 (35 docs): L2 fresh +0.0483
  window 7 (35 docs): L2 fresh +0.0498
L2 empirical: C +0.0558 | fresh +0.0596 | tail-attn increment -0.1517
(a) L2 <= +2.75 fresh: HELD
(b) increment in [0.30,0.55]: FAILED
  per-class dCE: digit:+0.038 bclose:+0.008 newline:+0.014 sentend:+0.005 comma:+0.017 name:+0.117 rep:-0.012 subword:+0.057 ind:+0.040 other:+0.081
  era Spearman vs rung-132: 0.3953 over 62
  median member/ref ratio 0.871; tau-curve {'0.5': 9, '1.0': 41, '1.5': 54, '2.0': 54, '3.0': 61}
L2 fresh +0.0596 (was +1.8765); census +0.0606 (was +1.9474); increment -0.1517; valid 9/62
(a) census +0.0606 <= 0.058: FAILED
(b) valid 9 >= 10; margin 0.871: FAILED
(c) census in [0.01, 0.12]; era rho 0.3953: HELD
wrote /workspace/tensor_language/basis_aligned/bilinear_quotient/corner_b16_results.json (133s)
