Warning: You are sending unauthenticated requests to the HF Hub. Please set a HF_TOKEN to enable higher rate limits and faster downloads.
COSINE-ROUTED FALLBACK at 5419 | arms ('nn', 'nn75', 'nn50', 'nn25', 'map64', 'map512') | routed per INPUT TOKEN on the neighbour cosine | top-1 AND CE | FULL table rank | DISCOVERY ONLY
  built the settled fallback and 36 tables (4s)
  scored map rank 0 on 3 roles (10s)
  scored map rank 64 on 3 roles (51s)
  scored map rank 64 on 3 roles (92s)
  scored map rank 64 on 3 roles (133s)
  scored map rank 64 on 3 roles (174s)
  scored map rank 512 on 3 roles (215s)

  routed fraction actually sent to the neighbour: nn75 0.750 (target 0.75)  nn50 0.501 (target 0.50)  nn25 0.250 (target 0.25)
  CHANGED top-1 between arms, summed over 3 roles:
    nn_vs_map64        covered inputs      0   uncovered inputs  11101
    nn75_vs_map64      covered inputs      0   uncovered inputs   8364
    nn50_vs_map64      covered inputs      0   uncovered inputs   5071
    nn25_vs_map64      covered inputs      0   uncovered inputs   2171
    map512_vs_map64    covered inputs      0   uncovered inputs   6936

  skip7000: uncovered n=8890 | live there top1 45.43% CE 2.64927
      nn      UNCOV top1 14.68% CE 5.96962 unseen-CE  9.8086 | POOLED top1 14.17% (+0.61pp) CE 6.01897 (+0.00730)
      nn75    UNCOV top1 14.09% CE 5.93091 unseen-CE  9.5653 | POOLED top1 14.02% (+0.47pp) CE 6.00963 (-0.00204)  <== DOMINATES DEPLOYED
      nn50    UNCOV top1 13.44% CE 5.93962 unseen-CE  9.3957 | POOLED top1 13.87% (+0.31pp) CE 6.01173 (+0.00006)
      nn25    UNCOV top1 12.82% CE 5.90928 unseen-CE  9.2086 | POOLED top1 13.72% (+0.17pp) CE 6.00442 (-0.00725)  <== DOMINATES DEPLOYED
      map64   UNCOV top1 12.14% CE 5.93936 unseen-CE  9.2283 | POOLED top1 13.55% (+0.00pp) CE 6.01167 (+0.00000)
      map512  UNCOV top1 13.05% CE 5.75421 unseen-CE  8.6842 | POOLED top1 13.77% (+0.22pp) CE 5.96702 (-0.04465)  <== DOMINATES DEPLOYED
      unseen-bucket CE deficit recovered vs nn->map512: nn75 21.6%  nn50 36.7%  nn25 53.4%

  skip11000: uncovered n=9367 | live there top1 49.28% CE 2.45715
      nn      UNCOV top1 14.25% CE 6.06522 unseen-CE  9.5864 | POOLED top1 14.66% (+0.41pp) CE 6.00091 (+0.01614)
      nn75    UNCOV top1 14.36% CE 5.99809 unseen-CE  9.2280 | POOLED top1 14.69% (+0.44pp) CE 5.98385 (-0.00092)  <== DOMINATES DEPLOYED
      nn50    UNCOV top1 13.65% CE 5.97890 unseen-CE  8.9891 | POOLED top1 14.51% (+0.26pp) CE 5.97897 (-0.00580)  <== DOMINATES DEPLOYED
      nn25    UNCOV top1 13.52% CE 5.96193 unseen-CE  8.9273 | POOLED top1 14.47% (+0.23pp) CE 5.97466 (-0.01011)  <== DOMINATES DEPLOYED
      map64   UNCOV top1 12.63% CE 6.00172 unseen-CE  8.9362 | POOLED top1 14.25% (+0.00pp) CE 5.98477 (+0.00000)
      map512  UNCOV top1 13.10% CE 5.81156 unseen-CE  8.4242 | POOLED top1 14.37% (+0.12pp) CE 5.93645 (-0.04832)  <== DOMINATES DEPLOYED
      unseen-bucket CE deficit recovered vs nn->map512: nn75 30.8%  nn50 51.4%  nn25 56.7%

  skip1200: uncovered n=4459 | live there top1 46.11% CE 2.68972
      nn      UNCOV top1 13.90% CE 6.14240 unseen-CE  9.4706 | POOLED top1 14.24% (+0.60pp) CE 6.00733 (+0.00568)
      nn75    UNCOV top1 13.39% CE 6.10875 unseen-CE  9.2140 | POOLED top1 14.12% (+0.47pp) CE 5.99919 (-0.00246)  <== DOMINATES DEPLOYED
      nn50    UNCOV top1 12.78% CE 6.07431 unseen-CE  8.9656 | POOLED top1 13.97% (+0.33pp) CE 5.99086 (-0.01079)  <== DOMINATES DEPLOYED
      nn25    UNCOV top1 12.27% CE 6.09945 unseen-CE  8.9821 | POOLED top1 13.85% (+0.20pp) CE 5.99694 (-0.00471)  <== DOMINATES DEPLOYED
      map64   UNCOV top1 11.44% CE 6.11891 unseen-CE  8.9277 | POOLED top1 13.64% (+0.00pp) CE 6.00165 (+0.00000)
      map512  UNCOV top1 11.75% CE 5.95066 unseen-CE  8.4115 | POOLED top1 13.72% (+0.08pp) CE 5.96095 (-0.04070)  <== DOMINATES DEPLOYED
      unseen-bucket CE deficit recovered vs nn->map512: nn75 24.2%  nn50 47.7%  nn25 46.1%

  a routed arm beats BOTH endpoints on uncovered top-1 (>=2 roles) -> False  best nn75 1/3  (all: nn75:1 nn50:0 nn25:0)
  and that arm recovers >=50% of the unseen-bucket CE deficit (>=2 roles) -> False  0/3
  and a routed arm DOMINATES the deployed design on both instruments (>=2 roles) -> True  best nn75 3/3  (all: nn75:3 nn50:2 nn25:3)
  coverage 5419, arms inert at covered inputs, partitions, LIVE identical, nn/map64 reproduce §1937/§1938 (top1 0.004pp, CE 0.00000), route fracs within 0.0006 -> control True

pred_a False | pred_b False | pred_c True | pred_d True
wrote /workspace/tensor_language/basis_aligned/bilinear_quotient/ops/cosine_routed_fallback_results.json (215.6s)
