Warning: You are sending unauthenticated requests to the HF Hub. Please set a HF_TOKEN to enable higher rate limits and faster downloads.
COVERAGE-SPECIFIC BUILD | {'mlp': 768, 'attn': 384} vs {'mlp': 768, 'attn': 256} vs deployed | 5,419 | DISCOVERY ONLY

########## COVERAGE 5419 ##########
  [bqlib] coverage 5419 from fineweb_n96_skip80.pt: 36 tables, neighbour index and map solver built (4s)
  [bqlib] cache HIT  live     skip7000
  [bqlib] cache HIT  live     skip11000
  [bqlib] cache HIT  live     skip1200
  [bqlib] cache HIT  map64    skip7000
  [bqlib] cache HIT  map64    skip11000
  [bqlib] cache HIT  map64    skip1200
  [bqlib] cache HIT  mix25m512 skip7000
  [bqlib] cache HIT  mix25m512 skip11000
  [bqlib] cache HIT  mix25m512 skip1200
  [bqlib] cache HIT  mix25m512 skip7000
  [bqlib] cache HIT  mix25m512 skip11000
  [bqlib] cache HIT  mix25m512 skip1200

  skip7000   unseen-rate top vs bottom unc_mass quartile: +0.402
    deployed         0-0 2.66%  125+ 63.5%  CE 6.01167
    blend_768_256    0-0 3.42%  125+ 63.2%  CE 5.94788
    blend_768_384    0-0 3.51%  125+ 63.1%  CE 5.94617

  skip11000   unseen-rate top vs bottom unc_mass quartile: +0.410
    deployed         0-0 6.24%  125+ 62.9%  CE 5.98477
    blend_768_256    0-0 5.88%  125+ 62.5%  CE 5.91648
    blend_768_384    0-0 5.95%  125+ 62.5%  CE 5.91443

  skip1200   unseen-rate top vs bottom unc_mass quartile: +0.448
    deployed         0-0 3.59%  125+ 63.4%  CE 6.00165
    blend_768_256    0-0 3.34%  125+ 63.4%  CE 5.93606
    blend_768_384    0-0 3.34%  125+ 63.3%  CE 5.93468

  the extra attention lowers CE significantly (>=2 roles) -> True  3/3  -9.94 -11.86 -5.53
  and it clears §1947's 0.010 nats/100M threshold (>=2 roles) -> True  2/3  0.0113 0.0135 0.0091
  and it does not deepen the unseen-bucket deficit (>=2 roles) -> True  3/3
  coverage {'c5419': 5419}, 0 same-spec pairs inert and 3 differing-spec pairs not, at covered inputs: True; buckets partition, live identical 0.0e+00, §1951 CE reproduced within 0.000000, route fracs within 0.0000 -> control True

pred_a True | pred_b True | pred_c True | pred_d True
wrote /workspace/tensor_language/basis_aligned/bilinear_quotient/ops/coverage_specific_build_results.json (4.3s)
