COVERAGE VS FALLBACK | 4 arms x 2 coverage(s) | DISCOVERY ONLY

########## COVERAGE 5419 ##########
  [bqlib] coverage 5419 from fineweb_n96_skip80.pt: 36 tables, neighbour index and map solver built (4s)
  [bqlib] cache HIT  live     skip7000
  [bqlib] cache HIT  live     skip11000
  [bqlib] cache HIT  live     skip1200
  [bqlib] cache HIT  mix30m640 skip7000
  [bqlib] cache HIT  mix30m640 skip11000
  [bqlib] cache HIT  mix30m640 skip1200
  [bqlib] cache HIT  map64    skip7000
  [bqlib] cache HIT  map64    skip11000
  [bqlib] cache HIT  map64    skip1200
  [bqlib] cache HIT  map512   skip7000
  [bqlib] cache HIT  map512   skip11000
  [bqlib] cache HIT  map512   skip1200
  [bqlib] computed   map512   skip7000 (1.4s)
  [bqlib] computed   map512   skip11000 (1.3s)
  [bqlib] computed   map512   skip1200 (0.6s)

########## COVERAGE 16110 ##########
  [bqlib] coverage 16110 from fineweb_n480_skip80.pt: 36 tables, neighbour index and map solver built (5s)
  [bqlib] cache HIT  live     skip7000
  [bqlib] cache HIT  live     skip11000
  [bqlib] cache HIT  live     skip1200
  [bqlib] cache HIT  mix30m640 skip7000
  [bqlib] cache HIT  mix30m640 skip11000
  [bqlib] cache HIT  mix30m640 skip1200
  [bqlib] cache HIT  map64    skip7000
  [bqlib] cache HIT  map64    skip11000
  [bqlib] cache HIT  map64    skip1200
  [bqlib] cache HIT  map512   skip7000
  [bqlib] cache HIT  map512   skip11000
  [bqlib] cache HIT  map512   skip1200
  [bqlib] cache HIT  map512   skip7000
  [bqlib] cache HIT  map512   skip11000
  [bqlib] cache HIT  map512   skip1200

  raising coverage buys more CE than the entire fallback lever at 5,419  -> True
  and the fallback lever is worth less at 16,110 than at 5,419  -> True
  and the converged build is better at 16,110 than at 5,419 on 3/3 roles  -> True
  derived controls -> True   coverage_exact=True  inert_pairs_are_inert=True  differing_pairs_do_move=True  buckets_partition=True  live_identical=True  ref_rich_fallback=True
  reference deviations: rich_fallback 0.000000

pred_a True | pred_b True | pred_c True | pred_z True
wrote /workspace/tensor_language/basis_aligned/bilinear_quotient/ops/coverage_vs_fallback_results.json (50.4s)
