ARM: rank-16 QK patterns at ALL replaced heads, blocks 2-17 (dicts retired)
a2-input probe acc 0.69
fit a2
fit a3
fit a4
fit a5
fit a6
fit a7
fit a8
fit a9
fit a10
fit a11
fit a12
fit a13
fit a14
fit a15
fit a16
fit a17
  cp_swap: front MLPs m0-m3 -> CP top-1152 in place (tailE remains table-front-fit)
  QK rank-64 factors built for all motif heads
  QK rank-64 factors built for tail blocks 10-17
  tail QK hooks registered (gated)
L1 (+38 heads): C +2.8253 | fresh +2.3695
  window 0 (7 docs): L2 fresh +2.1778
  window 1 (42 docs): L2 fresh +2.3032
  window 2 (17 docs): L2 fresh +2.5846
  window 3 (23 docs): L2 fresh +2.6526
  window 4 (43 docs): L2 fresh +2.3038
  window 5 (26 docs): L2 fresh +2.1968
  window 6 (35 docs): L2 fresh +2.0193
  window 7 (35 docs): L2 fresh +1.9595
L2 empirical: C +2.6485 | fresh +2.1864 | tail-attn increment -0.1832
(a) L2 <= +2.75 fresh: HELD
(b) increment in [0.30,0.55]: FAILED
  per-class dCE: digit:+2.338 bclose:+1.232 newline:+1.179 sentend:+1.331 comma:+1.264 name:+2.985 rep:+2.342 subword:+2.790 ind:+1.907 other:+2.387
  era Spearman vs rung-132: 0.7873 over 62
  median member/ref ratio 4.252; tau-curve {'0.5': 0, '1.0': 1, '1.5': 1, '2.0': 3, '3.0': 19}
L2 fresh +2.1864 (was +1.8765); census +2.2048 (was +1.9474); increment -0.1832; valid 0/62
(a) census +2.2048 >= 0.30: HELD
(b) valid 0 <= 4; margin 4.252: HELD
(c) census in [0.10, 2.5]; era rho 0.7873: HELD
wrote /workspace/tensor_language/basis_aligned/bilinear_quotient/cp_global1152_results.json (120s)
