ARM: rank-16 QK patterns at ALL replaced heads, blocks 2-17 (dicts retired)
a2-input probe acc 0.69
fit a2
fit a3
fit a4
fit a5
fit a6
fit a7
fit a8
fit a9
fit a10
fit a11
fit a12
fit a13
fit a14
fit a15
fit a16
fit a17
  cp_swap: front MLPs m0-m3 -> CP top-4608 in place (tailE remains table-front-fit)
  QK rank-64 factors built for all motif heads
  QK rank-64 factors built for tail blocks 10-17
  tail QK hooks registered (gated)
L1 (+38 heads): C +0.6466 | fresh +0.5746
  window 0 (7 docs): L2 fresh +0.3917
  window 1 (42 docs): L2 fresh +0.4351
  window 2 (17 docs): L2 fresh +0.4366
  window 3 (23 docs): L2 fresh +0.4660
  window 4 (43 docs): L2 fresh +0.5182
  window 5 (26 docs): L2 fresh +0.4091
  window 6 (35 docs): L2 fresh +0.4344
  window 7 (35 docs): L2 fresh +0.3894
L2 empirical: C +0.4046 | fresh +0.4003 | tail-attn increment -0.1743
(a) L2 <= +2.75 fresh: HELD
(b) increment in [0.30,0.55]: FAILED
  per-class dCE: digit:+0.337 bclose:+0.286 newline:+0.118 sentend:+0.098 comma:+0.208 name:+0.679 rep:+0.308 subword:+0.500 ind:+0.338 other:+0.466
  era Spearman vs rung-132: 0.5665 over 62
  median member/ref ratio 2.026; tau-curve {'0.5': 1, '1.0': 4, '1.5': 18, '2.0': 30, '3.0': 49}
L2 fresh +0.4003 (was +1.8765); census +0.4075 (was +1.9474); increment -0.1743; valid 1/62
(a) census +0.4075 <= 0.35: FAILED
(b) valid 1 >= 1; margin 2.026: HELD
(c) census in [0.02, 2.5]; era rho 0.5665: HELD
wrote /workspace/tensor_language/basis_aligned/bilinear_quotient/cp_sketch256_results.json (130s)
