ARM: rank-16 QK patterns at ALL replaced heads, blocks 2-17 (dicts retired)
a2-input probe acc 0.69
fit a2
fit a3
fit a4
fit a5
fit a6
fit a7
fit a8
fit a9
fit a10
fit a11
fit a12
fit a13
fit a14
fit a15
fit a16
fit a17
  cp_swap: front MLPs m0-m3 -> CP top-4608 in place (tailE remains table-front-fit)
  QK rank-64 factors built for all motif heads
  QK rank-64 factors built for tail blocks 10-17
  tail QK hooks registered (gated)
L1 (+38 heads): C +0.2851 | fresh +0.2613
  window 0 (7 docs): L2 fresh +0.0933
  window 1 (42 docs): L2 fresh +0.1021
  window 2 (17 docs): L2 fresh +0.0900
  window 3 (23 docs): L2 fresh +0.1002
  window 4 (43 docs): L2 fresh +0.1361
  window 5 (26 docs): L2 fresh +0.1104
  window 6 (35 docs): L2 fresh +0.0741
  window 7 (35 docs): L2 fresh +0.0881
L2 empirical: C +0.0975 | fresh +0.1018 | tail-attn increment -0.1595
(a) L2 <= +2.75 fresh: HELD
(b) increment in [0.30,0.55]: FAILED
  per-class dCE: digit:+0.065 bclose:+0.065 newline:+0.034 sentend:+0.013 comma:+0.033 name:+0.169 rep:-0.029 subword:+0.094 ind:+0.065 other:+0.138
  era Spearman vs rung-132: 0.3742 over 62
  median member/ref ratio 1.072; tau-curve {'0.5': 4, '1.0': 26, '1.5': 48, '2.0': 54, '3.0': 57}
L2 fresh +0.1018 (was +1.8765); census +0.1015 (was +1.9474); increment -0.1595; valid 4/62
(a) census +0.1015 <= 0.15: HELD
(b) valid 4 >= 5; margin 1.072: FAILED
(c) census in [0.01, 1.2]; era rho 0.3742: HELD
wrote /workspace/tensor_language/basis_aligned/bilinear_quotient/cp_topk1152_results.json (128s)
