ARM: rank-16 QK patterns at ALL replaced heads, blocks 2-17 (dicts retired)
a2-input probe acc 0.69
fit a2
fit a3
fit a4
fit a5
fit a6
fit a7
fit a8
fit a9
fit a10
fit a11
fit a12
fit a13
fit a14
fit a15
fit a16
fit a17
  cp_swap: front MLPs m0-m3 -> CP top-4608 in place (tailE remains table-front-fit)
  QK rank-64 factors built for all motif heads
  QK rank-64 factors built for tail blocks 10-17
  tail QK hooks registered (gated)
L1 (+38 heads): C +0.5186 | fresh +0.4528
  window 0 (7 docs): L2 fresh +0.2675
  window 1 (42 docs): L2 fresh +0.2943
  window 2 (17 docs): L2 fresh +0.2917
  window 3 (23 docs): L2 fresh +0.3060
  window 4 (43 docs): L2 fresh +0.3748
  window 5 (26 docs): L2 fresh +0.2944
  window 6 (35 docs): L2 fresh +0.2508
  window 7 (35 docs): L2 fresh +0.2526
L2 empirical: C +0.3027 | fresh +0.2760 | tail-attn increment -0.1768
(a) L2 <= +2.75 fresh: HELD
(b) increment in [0.30,0.55]: FAILED
  per-class dCE: digit:+0.231 bclose:+0.216 newline:+0.066 sentend:+0.088 comma:+0.128 name:+0.409 rep:+0.172 subword:+0.266 ind:+0.197 other:+0.341
  era Spearman vs rung-132: 0.4185 over 62
  median member/ref ratio 1.642; tau-curve {'0.5': 1, '1.0': 11, '1.5': 26, '2.0': 44, '3.0': 54}
L2 fresh +0.2760 (was +1.8765); census +0.2692 (was +1.9474); increment -0.1768; valid 1/62
(a) census +0.2692 <= 0.45: HELD
(b) valid 1 >= 1; margin 1.642: HELD
(c) census in [0.01, 1.5]; era rho 0.4185: HELD
wrote /workspace/tensor_language/basis_aligned/bilinear_quotient/cp_topk288_results.json (128s)
