ARM: rank-16 QK patterns at ALL replaced heads, blocks 2-17 (dicts retired)
a2-input probe acc 0.69
fit a2
fit a3
fit a4
fit a5
fit a6
fit a7
fit a8
fit a9
fit a10
fit a11
fit a12
fit a13
fit a14
fit a15
fit a16
fit a17
  cp_swap: front MLPs m0-m3 -> CP top-4608 in place (tailE remains table-front-fit)
  QK rank-128 factors built for all motif heads
  QK rank-96 factors built for tail blocks 10-17
  tail QK hooks registered (gated)
L1 (+38 heads): C +0.2627 | fresh +0.2291
  window 0 (7 docs): L2 fresh +0.0723
  window 1 (42 docs): L2 fresh +0.0840
  window 2 (17 docs): L2 fresh +0.0819
  window 3 (23 docs): L2 fresh +0.0807
  window 4 (43 docs): L2 fresh +0.1377
  window 5 (26 docs): L2 fresh +0.0940
  window 6 (35 docs): L2 fresh +0.0627
  window 7 (35 docs): L2 fresh +0.0721
L2 empirical: C +0.0792 | fresh +0.0756 | tail-attn increment -0.1535
(a) L2 <= +2.75 fresh: HELD
(b) increment in [0.30,0.55]: FAILED
  per-class dCE: digit:+0.043 bclose:+0.044 newline:+0.025 sentend:+0.022 comma:+0.034 name:+0.124 rep:+0.024 subword:+0.063 ind:+0.044 other:+0.097
  era Spearman vs rung-132: 0.3766 over 62
  median member/ref ratio 0.913; tau-curve {'0.5': 8, '1.0': 39, '1.5': 51, '2.0': 54, '3.0': 59}
L2 fresh +0.0756 (was +1.8765); census +0.0718 (was +1.9474); increment -0.1535; valid 8/62
(a) census +0.0718 <= 0.075: HELD
(b) valid 8 >= 8; margin 0.913: HELD
(c) census in [0.01, 0.15]; era rho 0.3766: HELD
wrote /workspace/tensor_language/basis_aligned/bilinear_quotient/ct96_topk_results.json (134s)
