Warning: You are sending unauthenticated requests to the HF Hub. Please set a HF_TOKEN to enable higher rate limits and faster downloads.
a0 heads mapped
a1 heads mapped
a2 heads mapped
a3 heads mapped
a4 heads mapped
a5 heads mapped
a6 heads mapped
a7 heads mapped
a8 heads mapped
a9 heads mapped
a10 heads mapped
a11 heads mapped
a12 heads mapped
a13 heads mapped
a14 heads mapped
a15 heads mapped
a16 heads mapped
a17 heads mapped
0.0: n=99 mass=62 hist={'word': 0.667, 'punct': 0.25, 'digit': 0.039, 'capitalized': 0.017, 'quote': 0.015, 'fragment': 0.013}
0.3: n=10892 mass=7621 hist={'word': 0.663, 'capitalized': 0.123, 'fragment': 0.102, 'punct': 0.086, 'digit': 0.015, 'quote': 0.006, 'newline': 0.005, 'close_brk': 0.001}
0.5: n=95 mass=78 hist={'word': 0.582, 'newline': 0.152, 'punct': 0.119, 'fragment': 0.11, 'capitalized': 0.036}
0.6: n=167 mass=122 hist={'fragment': 0.343, 'word': 0.306, 'capitalized': 0.241, 'punct': 0.063, 'digit': 0.029, 'newline': 0.014, 'quote': 0.005}
0.7: n=142 mass=60 hist={'word': 0.596, 'capitalized': 0.178, 'fragment': 0.113, 'punct': 0.082, 'pipe': 0.015, 'digit': 0.014, 'quote': 0.003}
0.8: n=416 mass=287 hist={'word': 0.728, 'punct': 0.2, 'capitalized': 0.055, 'fragment': 0.013, 'digit': 0.002, 'close_brk': 0.002, 'newline': 0.001}
1.0: n=74 mass=36 hist={'word': 0.596, 'fragment': 0.23, 'capitalized': 0.11, 'punct': 0.034, 'quote': 0.02, 'newline': 0.01}
1.1: n=2800 mass=1921 hist={'word': 0.316, 'fragment': 0.237, 'capitalized': 0.193, 'punct': 0.151, 'digit': 0.069, 'newline': 0.014, 'close_brk': 0.009, 'quote': 0.006, 'pipe': 0.004, 'other': 0.001}
1.3: n=758 mass=507 hist={'word': 0.713, 'capitalized': 0.148, 'fragment': 0.063, 'punct': 0.049, 'quote': 0.013, 'digit': 0.012, 'newline': 0.002}
1.4: n=1387 mass=658 hist={'word': 0.649, 'capitalized': 0.157, 'fragment': 0.073, 'punct': 0.069, 'digit': 0.046, 'newline': 0.004, 'quote': 0.003, 'close_brk': 0.001}
1.5: n=448 mass=218 hist={'word': 0.817, 'punct': 0.116, 'capitalized': 0.045, 'fragment': 0.014, 'quote': 0.008}
1.6: n=81 mass=52 hist={'word': 0.934, 'capitalized': 0.053, 'punct': 0.013}
1.7: n=107 mass=43 hist={'word': 0.726, 'capitalized': 0.116, 'punct': 0.107, 'fragment': 0.051}
1.8: n=475 mass=211 hist={'word': 0.653, 'punct': 0.123, 'capitalized': 0.103, 'fragment': 0.101, 'digit': 0.016, 'quote': 0.004, 'newline': 0.001}
2.0: n=210 mass=112 hist={'word': 0.569, 'close_brk': 0.116, 'capitalized': 0.079, 'newline': 0.062, 'punct': 0.055, 'fragment': 0.055, 'digit': 0.041, 'quote': 0.02, 'pipe': 0.003}
2.2: n=668 mass=321 hist={'word': 0.733, 'punct': 0.103, 'capitalized': 0.079, 'fragment': 0.062, 'quote': 0.01, 'newline': 0.007, 'digit': 0.006}
2.3: n=1173 mass=715 hist={'word': 0.823, 'punct': 0.078, 'capitalized': 0.042, 'fragment': 0.031, 'digit': 0.017, 'quote': 0.004, 'newline': 0.004, 'other': 0.001, 'close_brk': 0.001}
2.5: n=3107 mass=2113 hist={'word': 0.532, 'fragment': 0.2, 'capitalized': 0.165, 'punct': 0.047, 'digit': 0.034, 'newline': 0.013, 'quote': 0.009, 'pipe': 0.0}
2.6: n=564 mass=273 hist={'word': 0.677, 'punct': 0.13, 'fragment': 0.092, 'capitalized': 0.071, 'digit': 0.021, 'close_brk': 0.004, 'quote': 0.002, 'newline': 0.002}
2.7: n=490 mass=192 hist={'word': 0.694, 'capitalized': 0.103, 'punct': 0.102, 'fragment': 0.063, 'digit': 0.018, 'quote': 0.017, 'newline': 0.004}
2.8: n=129 mass=70 hist={'word': 0.617, 'capitalized': 0.128, 'fragment': 0.113, 'punct': 0.08, 'newline': 0.023, 'digit': 0.022, 'quote': 0.017}
3.0: n=308 mass=128 hist={'word': 0.724, 'punct': 0.12, 'capitalized': 0.114, 'fragment': 0.024, 'quote': 0.01, 'digit': 0.004, 'newline': 0.004}
3.1: n=62 mass=23 hist={'word': 0.75, 'fragment': 0.1, 'capitalized': 0.062, 'punct': 0.054, 'quote': 0.015, 'digit': 0.011, 'newline': 0.007}
3.2: n=83 mass=40 hist={'fragment': 0.475, 'word': 0.27, 'capitalized': 0.117, 'punct': 0.09, 'quote': 0.039, 'digit': 0.006, 'newline': 0.004}
3.3: n=323 mass=188 hist={'word': 0.68, 'punct': 0.163, 'capitalized': 0.062, 'fragment': 0.043, 'digit': 0.024, 'newline': 0.021, 'quote': 0.006, 'close_brk': 0.002}
3.4: n=609 mass=251 hist={'word': 0.801, 'punct': 0.076, 'capitalized': 0.074, 'fragment': 0.033, 'quote': 0.007, 'digit': 0.005, 'newline': 0.003}
3.5: n=1374 mass=596 hist={'word': 0.683, 'capitalized': 0.128, 'punct': 0.103, 'fragment': 0.058, 'digit': 0.012, 'close_brk': 0.008, 'newline': 0.005, 'quote': 0.004}
3.6: n=270 mass=119 hist={'word': 0.692, 'fragment': 0.123, 'capitalized': 0.081, 'punct': 0.077, 'quote': 0.014, 'digit': 0.013}
3.7: n=89 mass=43 hist={'punct': 0.376, 'fragment': 0.214, 'word': 0.183, 'digit': 0.171, 'capitalized': 0.048, 'quote': 0.008}
3.8: n=643 mass=388 hist={'word': 0.559, 'capitalized': 0.195, 'fragment': 0.116, 'punct': 0.073, 'digit': 0.04, 'quote': 0.011, 'newline': 0.004, 'pipe': 0.0}
4.0: n=1380 mass=612 hist={'word': 0.618, 'punct': 0.137, 'capitalized': 0.105, 'fragment': 0.084, 'digit': 0.021, 'quote': 0.015, 'close_brk': 0.012, 'newline': 0.006, 'pipe': 0.0}
4.1: n=1266 mass=554 hist={'word': 0.809, 'punct': 0.084, 'capitalized': 0.058, 'fragment': 0.035, 'digit': 0.01, 'quote': 0.004}
4.2: n=84 mass=41 hist={'fragment': 0.239, 'capitalized': 0.223, 'word': 0.201, 'digit': 0.196, 'punct': 0.094, 'newline': 0.047}
4.3: n=75 mass=39 hist={'fragment': 0.381, 'word': 0.259, 'punct': 0.128, 'digit': 0.111, 'capitalized': 0.076, 'newline': 0.036, 'quote': 0.009}
4.4: n=209 mass=167 hist={'word': 0.576, 'punct': 0.361, 'quote': 0.032, 'fragment': 0.018, 'capitalized': 0.008, 'digit': 0.004, 'newline': 0.001}
4.5: n=1316 mass=604 hist={'word': 0.788, 'capitalized': 0.099, 'fragment': 0.053, 'punct': 0.044, 'digit': 0.01, 'quote': 0.004, 'newline': 0.002}
4.6: n=203 mass=62 hist={'word': 0.777, 'punct': 0.092, 'capitalized': 0.08, 'fragment': 0.019, 'digit': 0.014, 'newline': 0.013, 'quote': 0.005}
4.7: n=740 mass=286 hist={'word': 0.767, 'punct': 0.096, 'capitalized': 0.065, 'fragment': 0.041, 'digit': 0.019, 'quote': 0.006, 'newline': 0.003, 'close_brk': 0.002}
4.8: n=71 mass=22 hist={'word': 0.762, 'capitalized': 0.17, 'fragment': 0.036, 'punct': 0.022, 'newline': 0.01}
5.0: n=877 mass=330 hist={'word': 0.666, 'punct': 0.168, 'capitalized': 0.1, 'fragment': 0.046, 'quote': 0.009, 'newline': 0.008, 'digit': 0.004}
5.1: n=268 mass=100 hist={'word': 0.532, 'capitalized': 0.205, 'fragment': 0.179, 'punct': 0.045, 'quote': 0.015, 'newline': 0.011, 'digit': 0.01, 'close_brk': 0.004}
5.2: n=170 mass=63 hist={'word': 0.692, 'capitalized': 0.177, 'fragment': 0.063, 'punct': 0.058, 'digit': 0.008, 'quote': 0.003}
5.3: n=871 mass=420 hist={'word': 0.889, 'capitalized': 0.053, 'fragment': 0.024, 'punct': 0.024, 'digit': 0.007, 'quote': 0.003}
5.4: n=345 mass=131 hist={'word': 0.826, 'capitalized': 0.092, 'fragment': 0.037, 'newline': 0.019, 'punct': 0.014, 'digit': 0.013}
5.5: n=611 mass=490 hist={'word': 0.413, 'fragment': 0.279, 'capitalized': 0.138, 'punct': 0.097, 'digit': 0.031, 'quote': 0.02, 'newline': 0.011, 'pipe': 0.006, 'close_brk': 0.004}
5.6: n=999 mass=382 hist={'word': 0.753, 'capitalized': 0.112, 'punct': 0.069, 'fragment': 0.032, 'digit': 0.025, 'quote': 0.008, 'close_brk': 0.001}
5.7: n=1425 mass=634 hist={'word': 0.514, 'punct': 0.202, 'capitalized': 0.137, 'fragment': 0.056, 'newline': 0.035, 'close_brk': 0.026, 'quote': 0.016, 'digit': 0.012, 'pipe': 0.001}
5.8: n=885 mass=407 hist={'word': 0.903, 'punct': 0.041, 'capitalized': 0.026, 'quote': 0.014, 'fragment': 0.011, 'digit': 0.004, 'close_brk': 0.001}
6.0: n=141 mass=47 hist={'fragment': 0.343, 'word': 0.326, 'capitalized': 0.203, 'newline': 0.091, 'quote': 0.014, 'punct': 0.009, 'digit': 0.008, 'close_brk': 0.005}
6.1: n=1435 mass=523 hist={'word': 0.681, 'capitalized': 0.142, 'fragment': 0.081, 'punct': 0.071, 'digit': 0.014, 'quote': 0.008, 'newline': 0.002, 'close_brk': 0.0}
6.3: n=2899 mass=1577 hist={'word': 0.552, 'fragment': 0.322, 'capitalized': 0.069, 'punct': 0.037, 'digit': 0.013, 'quote': 0.005, 'newline': 0.001}
6.5: n=182 mass=87 hist={'punct': 0.385, 'fragment': 0.19, 'word': 0.175, 'newline': 0.13, 'capitalized': 0.069, 'digit': 0.038, 'close_brk': 0.012}
6.6: n=63 mass=41 hist={'close_brk': 0.336, 'fragment': 0.28, 'capitalized': 0.132, 'punct': 0.128, 'quote': 0.097, 'word': 0.027}
6.7: n=851 mass=413 hist={'word': 0.508, 'capitalized': 0.238, 'fragment': 0.161, 'digit': 0.051, 'punct': 0.035, 'quote': 0.006, 'close_brk': 0.001, 'newline': 0.0}
6.8: n=63 mass=32 hist={'punct': 0.584, 'word': 0.15, 'quote': 0.108, 'fragment': 0.078, 'capitalized': 0.064, 'newline': 0.01, 'pipe': 0.006}
7.0: n=2596 mass=1226 hist={'word': 0.664, 'capitalized': 0.142, 'fragment': 0.138, 'punct': 0.028, 'digit': 0.026, 'quote': 0.002, 'newline': 0.001}
7.1: n=308 mass=115 hist={'word': 0.732, 'capitalized': 0.112, 'punct': 0.098, 'fragment': 0.04, 'digit': 0.013, 'quote': 0.004}
7.2: n=221 mass=93 hist={'word': 0.487, 'newline': 0.277, 'fragment': 0.076, 'close_brk': 0.061, 'capitalized': 0.05, 'punct': 0.025, 'quote': 0.017, 'digit': 0.008}
7.3: n=78 mass=32 hist={'word': 0.476, 'punct': 0.279, 'capitalized': 0.11, 'digit': 0.092, 'fragment': 0.043}
7.5: n=58 mass=17 hist={'word': 0.556, 'punct': 0.363, 'fragment': 0.049, 'newline': 0.02, 'digit': 0.013}
7.7: n=216 mass=80 hist={'word': 0.892, 'capitalized': 0.036, 'punct': 0.036, 'fragment': 0.029, 'quote': 0.004, 'digit': 0.003}
7.8: n=2697 mass=1193 hist={'word': 0.929, 'fragment': 0.028, 'capitalized': 0.02, 'punct': 0.018, 'digit': 0.003, 'quote': 0.001, 'newline': 0.0, 'close_brk': 0.0}
8.1: n=623 mass=298 hist={'word': 0.911, 'fragment': 0.031, 'capitalized': 0.03, 'digit': 0.015, 'punct': 0.011, 'quote': 0.001}
8.2: n=352 mass=322 hist={'newline': 0.749, 'word': 0.076, 'capitalized': 0.075, 'fragment': 0.051, 'punct': 0.041, 'digit': 0.007, 'quote': 0.001}
8.3: n=554 mass=443 hist={'fragment': 0.481, 'word': 0.227, 'digit': 0.18, 'capitalized': 0.098, 'punct': 0.01, 'quote': 0.003}
8.4: n=204 mass=119 hist={'word': 0.881, 'capitalized': 0.051, 'digit': 0.018, 'fragment': 0.018, 'punct': 0.018, 'close_brk': 0.012, 'quote': 0.002}
8.6: n=65 mass=26 hist={'punct': 0.559, 'capitalized': 0.144, 'fragment': 0.124, 'word': 0.111, 'close_brk': 0.032, 'digit': 0.018, 'newline': 0.014}
8.7: n=356 mass=247 hist={'word': 0.466, 'digit': 0.365, 'fragment': 0.108, 'capitalized': 0.056, 'punct': 0.005}
8.8: n=433 mass=197 hist={'word': 0.762, 'fragment': 0.106, 'punct': 0.077, 'capitalized': 0.042, 'digit': 0.007, 'quote': 0.003, 'newline': 0.003}
9.1: n=547 mass=226 hist={'word': 0.945, 'capitalized': 0.019, 'fragment': 0.017, 'punct': 0.014, 'quote': 0.005}
9.3: n=162 mass=57 hist={'word': 0.468, 'fragment': 0.199, 'punct': 0.195, 'capitalized': 0.105, 'quote': 0.033}
9.4: n=293 mass=107 hist={'word': 0.84, 'digit': 0.055, 'fragment': 0.052, 'capitalized': 0.033, 'punct': 0.016, 'quote': 0.004}
9.5: n=103 mass=29 hist={'word': 0.623, 'punct': 0.347, 'digit': 0.017, 'fragment': 0.013}
9.6: n=874 mass=548 hist={'word': 0.864, 'capitalized': 0.106, 'fragment': 0.021, 'punct': 0.007, 'quote': 0.001, 'digit': 0.001}
9.7: n=2459 mass=1038 hist={'word': 0.735, 'fragment': 0.111, 'capitalized': 0.08, 'punct': 0.054, 'digit': 0.013, 'quote': 0.004, 'close_brk': 0.002}
9.8: n=766 mass=348 hist={'word': 0.629, 'capitalized': 0.117, 'fragment': 0.115, 'punct': 0.101, 'digit': 0.022, 'newline': 0.009, 'other': 0.004, 'quote': 0.003}
10.1: n=57 mass=18 hist={'word': 0.962, 'capitalized': 0.024, 'fragment': 0.014}
10.2: n=479 mass=195 hist={'word': 0.597, 'newline': 0.274, 'fragment': 0.047, 'punct': 0.039, 'capitalized': 0.038, 'pipe': 0.003, 'quote': 0.001, 'digit': 0.001}
10.3: n=57 mass=21 hist={'word': 0.888, 'fragment': 0.069, 'capitalized': 0.043}
10.4: n=174 mass=67 hist={'word': 0.675, 'fragment': 0.177, 'capitalized': 0.106, 'punct': 0.035, 'newline': 0.007}
10.5: n=791 mass=333 hist={'punct': 0.505, 'word': 0.371, 'capitalized': 0.064, 'fragment': 0.039, 'quote': 0.012, 'newline': 0.006, 'close_brk': 0.001, 'digit': 0.001}
10.6: n=175 mass=64 hist={'quote': 0.54, 'punct': 0.271, 'word': 0.18, 'capitalized': 0.009}
10.7: n=67 mass=30 hist={'punct': 0.91, 'quote': 0.073, 'word': 0.017}
10.8: n=74 mass=21 hist={'word': 0.523, 'capitalized': 0.14, 'punct': 0.134, 'quote': 0.114, 'fragment': 0.09}
11.0: n=257 mass=120 hist={'newline': 0.535, 'word': 0.315, 'capitalized': 0.068, 'punct': 0.029, 'fragment': 0.028, 'digit': 0.016, 'pipe': 0.005, 'quote': 0.003}
11.1: n=334 mass=119 hist={'word': 0.894, 'capitalized': 0.059, 'fragment': 0.027, 'punct': 0.012, 'quote': 0.005, 'digit': 0.003}
11.2: n=1514 mass=977 hist={'word': 0.744, 'fragment': 0.174, 'capitalized': 0.06, 'punct': 0.018, 'quote': 0.004, 'digit': 0.001}
11.3: n=552 mass=350 hist={'word': 0.802, 'fragment': 0.169, 'capitalized': 0.026, 'punct': 0.001, 'digit': 0.001}
11.4: n=69 mass=60 hist={'capitalized': 0.817, 'fragment': 0.089, 'word': 0.083, 'punct': 0.009, 'digit': 0.003}
11.5: n=233 mass=175 hist={'quote': 0.389, 'punct': 0.253, 'fragment': 0.169, 'digit': 0.102, 'capitalized': 0.056, 'close_brk': 0.017, 'word': 0.015}
11.6: n=1368 mass=697 hist={'word': 0.701, 'fragment': 0.166, 'capitalized': 0.112, 'punct': 0.014, 'digit': 0.006, 'quote': 0.001, 'newline': 0.0}
11.7: n=147 mass=42 hist={'punct': 0.527, 'word': 0.376, 'close_brk': 0.042, 'capitalized': 0.04, 'fragment': 0.015}
11.8: n=78 mass=37 hist={'word': 0.843, 'punct': 0.084, 'capitalized': 0.047, 'quote': 0.026}
12.1: n=54 mass=28 hist={'word': 0.701, 'capitalized': 0.156, 'digit': 0.104, 'fragment': 0.03, 'punct': 0.008}
12.2: n=66 mass=20 hist={'word': 0.537, 'capitalized': 0.223, 'fragment': 0.221, 'punct': 0.018}
12.3: n=51 mass=19 hist={'word': 0.443, 'capitalized': 0.425, 'fragment': 0.112, 'punct': 0.02}
12.4: n=454 mass=300 hist={'word': 0.847, 'capitalized': 0.094, 'fragment': 0.059}
12.5: n=66 mass=20 hist={'punct': 0.502, 'word': 0.498}
12.6: n=295 mass=90 hist={'punct': 0.488, 'newline': 0.384, 'capitalized': 0.113, 'digit': 0.011, 'close_brk': 0.004}
13.0: n=747 mass=420 hist={'capitalized': 0.401, 'word': 0.373, 'fragment': 0.205, 'punct': 0.012, 'digit': 0.007, 'quote': 0.002}
13.1: n=90 mass=36 hist={'word': 0.782, 'fragment': 0.132, 'quote': 0.081, 'newline': 0.005}
13.2: n=274 mass=103 hist={'word': 0.73, 'capitalized': 0.229, 'fragment': 0.041}
13.3: n=194 mass=95 hist={'punct': 0.678, 'quote': 0.117, 'word': 0.115, 'digit': 0.065, 'fragment': 0.018, 'capitalized': 0.005, 'close_brk': 0.003}
13.5: n=221 mass=196 hist={'capitalized': 0.754, 'fragment': 0.132, 'punct': 0.072, 'word': 0.036, 'close_brk': 0.006}
13.8: n=496 mass=458 hist={'close_brk': 0.675, 'quote': 0.222, 'word': 0.05, 'punct': 0.035, 'capitalized': 0.012, 'fragment': 0.005, 'pipe': 0.002}
14.0: n=105 mass=36 hist={'word': 0.854, 'capitalized': 0.096, 'fragment': 0.049}
14.1: n=87 mass=37 hist={'word': 0.893, 'capitalized': 0.073, 'fragment': 0.022, 'digit': 0.011}
14.3: n=81 mass=38 hist={'word': 0.834, 'capitalized': 0.077, 'fragment': 0.044, 'punct': 0.035, 'digit': 0.01}
14.4: n=827 mass=487 hist={'capitalized': 0.45, 'word': 0.414, 'fragment': 0.122, 'digit': 0.012, 'punct': 0.001, 'quote': 0.001}
14.6: n=299 mass=164 hist={'punct': 0.342, 'word': 0.271, 'digit': 0.168, 'capitalized': 0.127, 'fragment': 0.044, 'quote': 0.021, 'close_brk': 0.013, 'other': 0.01, 'pipe': 0.004}
14.7: n=109 mass=69 hist={'capitalized': 0.443, 'digit': 0.271, 'word': 0.13, 'punct': 0.101, 'quote': 0.031, 'fragment': 0.025}
14.8: n=95 mass=40 hist={'punct': 0.443, 'word': 0.327, 'close_brk': 0.141, 'capitalized': 0.058, 'quote': 0.023, 'pipe': 0.007}
15.1: n=143 mass=52 hist={'word': 0.588, 'punct': 0.265, 'close_brk': 0.071, 'capitalized': 0.061, 'newline': 0.008, 'quote': 0.006}
15.5: n=176 mass=66 hist={'word': 0.994, 'capitalized': 0.006}
15.7: n=51 mass=19 hist={'word': 0.897, 'capitalized': 0.06, 'fragment': 0.043}
16.0: n=197 mass=104 hist={'word': 0.661, 'capitalized': 0.304, 'fragment': 0.036}
16.2: n=55 mass=56 hist={'newline': 0.98, 'punct': 0.01, 'pipe': 0.01}
16.3: n=158 mass=74 hist={'word': 0.488, 'capitalized': 0.41, 'fragment': 0.082, 'digit': 0.017, 'quote': 0.002}
16.4: n=139 mass=59 hist={'word': 0.698, 'capitalized': 0.293, 'fragment': 0.009}
16.5: n=71 mass=57 hist={'capitalized': 0.908, 'word': 0.06, 'fragment': 0.032}
16.8: n=68 mass=17 hist={'word': 0.985, 'fragment': 0.015}
17.0: n=135 mass=63 hist={'word': 0.621, 'capitalized': 0.331, 'fragment': 0.04, 'digit': 0.008}
17.2: n=399 mass=195 hist={'capitalized': 0.394, 'punct': 0.27, 'word': 0.248, 'quote': 0.07, 'fragment': 0.015, 'digit': 0.004}
17.3: n=52 mass=26 hist={'punct': 0.645, 'word': 0.343, 'capitalized': 0.012}
17.4: n=271 mass=111 hist={'word': 0.948, 'capitalized': 0.052}
17.6: n=439 mass=210 hist={'fragment': 0.704, 'word': 0.199, 'capitalized': 0.045, 'punct': 0.032, 'digit': 0.013, 'newline': 0.005, 'pipe': 0.001, 'quote': 0.001}
novel: [{'head': '4.4', 'class': 'punct', 'frac': 0.361, 'n': 209}, {'head': '6.5', 'class': 'punct', 'frac': 0.385, 'n': 182}, {'head': '7.2', 'class': 'newline', 'frac': 0.277, 'n': 221}, {'head': '8.2', 'class': 'newline', 'frac': 0.749, 'n': 352}, {'head': '9.5', 'class': 'punct', 'frac': 0.347, 'n': 103}, {'head': '10.2', 'class': 'newline', 'frac': 0.274, 'n': 479}, {'head': '10.6', 'class': 'quote', 'frac': 0.54, 'n': 175}, {'head': '10.6', 'class': 'punct', 'frac': 0.271, 'n': 175}, {'head': '11.0', 'class': 'newline', 'frac': 0.535, 'n': 257}, {'head': '11.5', 'class': 'quote', 'frac': 0.389, 'n': 233}, {'head': '11.5', 'class': 'punct', 'frac': 0.253, 'n': 233}, {'head': '11.7', 'class': 'punct', 'frac': 0.527, 'n': 147}, {'head': '12.6', 'class': 'punct', 'frac': 0.488, 'n': 295}, {'head': '12.6', 'class': 'newline', 'frac': 0.384, 'n': 295}, {'head': '13.3', 'class': 'punct', 'frac': 0.678, 'n': 194}, {'head': '14.6', 'class': 'punct', 'frac': 0.342, 'n': 299}, {'head': '14.7', 'class': 'digit', 'frac': 0.271, 'n': 109}, {'head': '15.1', 'class': 'punct', 'frac': 0.265, 'n': 143}, {'head': '16.3', 'class': 'capitalized', 'frac': 0.41, 'n': 158}, {'head': '17.2', 'class': 'punct', 'frac': 0.27, 'n': 399}]
pred_a True | pred_b True (0.90) | pred_c True (9)
wrote /workspace/tensor_language/basis_aligned/bilinear_quotient/damage_cluster_mine_heads_results.json (526.2s)
