Warning: You are sending unauthenticated requests to the HF Hub. Please set a HF_TOKEN to enable higher rate limits and faster downloads.
a0 mapped (mean dCE 0.2972)
a1 mapped (mean dCE 0.1945)
a2 mapped (mean dCE 0.1555)
a3 mapped (mean dCE 0.1262)
a4 mapped (mean dCE 0.2507)
a5 mapped (mean dCE 0.1394)
a6 mapped (mean dCE 0.0588)
a7 mapped (mean dCE 0.0610)
a8 mapped (mean dCE 0.0397)
a9 mapped (mean dCE 0.0551)
a10 mapped (mean dCE 0.0228)
a11 mapped (mean dCE 0.0378)
a12 mapped (mean dCE 0.0095)
a13 mapped (mean dCE 0.0176)
a14 mapped (mean dCE 0.0268)
a15 mapped (mean dCE 0.0068)
a16 mapped (mean dCE 0.0113)
a17 mapped (mean dCE 0.0115)
a0: n=37589 mass=44079 hist={'word': 0.735, 'capitalized': 0.093, 'punct': 0.075, 'fragment': 0.067, 'digit': 0.014, 'quote': 0.007, 'newline': 0.006, 'close_brk': 0.002, 'pipe': 0.001, 'other': 0.0}
a1: n=21042 mass=21858 hist={'word': 0.558, 'capitalized': 0.153, 'fragment': 0.145, 'punct': 0.096, 'digit': 0.029, 'newline': 0.008, 'quote': 0.006, 'pipe': 0.002, 'close_brk': 0.002, 'other': 0.0}
a2: n=13773 mass=12660 hist={'word': 0.62, 'capitalized': 0.152, 'fragment': 0.094, 'punct': 0.084, 'digit': 0.022, 'newline': 0.014, 'quote': 0.01, 'close_brk': 0.002, 'pipe': 0.002}
a3: n=8941 mass=7289 hist={'word': 0.662, 'capitalized': 0.121, 'punct': 0.099, 'fragment': 0.072, 'newline': 0.018, 'digit': 0.014, 'quote': 0.009, 'close_brk': 0.003, 'pipe': 0.002, 'other': 0.0}
a4: n=28648 mass=27310 hist={'word': 0.739, 'punct': 0.099, 'capitalized': 0.08, 'fragment': 0.05, 'digit': 0.009, 'quote': 0.009, 'newline': 0.007, 'close_brk': 0.005, 'pipe': 0.0}
a5: n=11109 mass=8840 hist={'word': 0.696, 'capitalized': 0.121, 'punct': 0.088, 'fragment': 0.059, 'digit': 0.013, 'newline': 0.009, 'quote': 0.007, 'close_brk': 0.005, 'pipe': 0.001}
a6: n=6691 mass=4005 hist={'word': 0.423, 'fragment': 0.301, 'punct': 0.111, 'capitalized': 0.105, 'digit': 0.029, 'newline': 0.018, 'close_brk': 0.005, 'quote': 0.005, 'pipe': 0.002}
a7: n=5778 mass=2939 hist={'word': 0.752, 'fragment': 0.083, 'capitalized': 0.068, 'punct': 0.063, 'digit': 0.017, 'newline': 0.013, 'quote': 0.002, 'close_brk': 0.002, 'pipe': 0.001}
a8: n=5502 mass=4423 hist={'word': 0.423, 'fragment': 0.304, 'digit': 0.136, 'capitalized': 0.072, 'punct': 0.042, 'newline': 0.019, 'close_brk': 0.003, 'quote': 0.001}
a9: n=5268 mass=2940 hist={'word': 0.697, 'fragment': 0.104, 'punct': 0.088, 'capitalized': 0.081, 'digit': 0.018, 'quote': 0.007, 'newline': 0.003, 'close_brk': 0.001, 'pipe': 0.0}
a10: n=4093 mass=1672 hist={'word': 0.495, 'punct': 0.251, 'quote': 0.076, 'fragment': 0.074, 'capitalized': 0.063, 'newline': 0.03, 'digit': 0.009, 'pipe': 0.001, 'close_brk': 0.001}
a11: n=4909 mass=2965 hist={'word': 0.634, 'fragment': 0.163, 'capitalized': 0.085, 'punct': 0.057, 'quote': 0.025, 'digit': 0.02, 'newline': 0.013, 'close_brk': 0.003, 'pipe': 0.0}
a12: n=2029 mass=800 hist={'word': 0.575, 'punct': 0.149, 'capitalized': 0.132, 'newline': 0.071, 'fragment': 0.061, 'digit': 0.012, 'quote': 0.001}
a13: n=3082 mass=1886 hist={'word': 0.305, 'capitalized': 0.237, 'close_brk': 0.211, 'quote': 0.09, 'fragment': 0.085, 'punct': 0.056, 'pipe': 0.007, 'digit': 0.007, 'newline': 0.0}
a14: n=4543 mass=3659 hist={'word': 0.505, 'capitalized': 0.313, 'punct': 0.081, 'fragment': 0.051, 'digit': 0.032, 'newline': 0.01, 'close_brk': 0.004, 'quote': 0.002, 'pipe': 0.001}
a15: n=1339 mass=389 hist={'word': 0.673, 'punct': 0.165, 'capitalized': 0.104, 'fragment': 0.042, 'close_brk': 0.007, 'newline': 0.005, 'digit': 0.003, 'quote': 0.001, 'pipe': 0.001}
a16: n=1923 mass=1139 hist={'word': 0.472, 'capitalized': 0.421, 'fragment': 0.047, 'newline': 0.029, 'pipe': 0.015, 'punct': 0.009, 'close_brk': 0.004, 'digit': 0.002, 'quote': 0.0}
a17: n=4542 mass=2077 hist={'word': 0.525, 'capitalized': 0.195, 'fragment': 0.177, 'punct': 0.08, 'quote': 0.013, 'digit': 0.006, 'close_brk': 0.002, 'newline': 0.0, 'pipe': 0.0}
novel: [{'layer': 13, 'class': 'capitalized', 'frac': 0.237, 'n': 3082}, {'layer': 14, 'class': 'capitalized', 'frac': 0.313, 'n': 4543}]
pred_a True | pred_b False (0.31) | pred_c True
wrote /workspace/tensor_language/basis_aligned/bilinear_quotient/damage_cluster_mine_results.json (136.5s)
