ARM base (capturing means)
a2-input probe acc 0.69
fit a2
fit a3
fit a4
fit a5
fit a6
fit a7
fit a8
fit a9
fit a10
fit a11
fit a12
fit a13
fit a14
fit a15
fit a16
fit a17
L1 (+38 heads): C +2.0112 | fresh +2.3207
fit a10L
fit a11L
fit a12L
fit a13L
fit a14L
fit a15L
fit a16L
fit a17L
  window 0 (7 docs): L2 fresh +2.6662
  window 1 (42 docs): L2 fresh +2.9355
  window 2 (17 docs): L2 fresh +2.6118
  window 3 (23 docs): L2 fresh +2.8498
  window 4 (43 docs): L2 fresh +2.9139
  window 5 (26 docs): L2 fresh +2.7954
  window 6 (35 docs): L2 fresh +2.5818
  window 7 (35 docs): L2 fresh +2.6640
L2 empirical: C +2.4190 | fresh +2.6662 | tail-attn increment +0.3455
(a) L2 <= +2.75 fresh: HELD
(b) increment in [0.30,0.55]: HELD
ARM a8/zero
a2-input probe acc 0.69
fit a2
fit a3
fit a4
fit a5
fit a6
fit a7
fit a8
fit a9
fit a10
fit a11
fit a12
fit a13
fit a14
fit a15
fit a16
fit a17
a8 ablated (zero) for this arm
L1 (+38 heads): C +2.0044 | fresh +2.3129
fit a10L
fit a11L
fit a12L
fit a13L
fit a14L
fit a15L
fit a16L
fit a17L
  window 0 (7 docs): L2 fresh +2.6187
  window 1 (42 docs): L2 fresh +2.8544
  window 2 (17 docs): L2 fresh +2.3682
  window 3 (23 docs): L2 fresh +2.7343
  window 4 (43 docs): L2 fresh +2.8437
  window 5 (26 docs): L2 fresh +2.6920
  window 6 (35 docs): L2 fresh +2.5006
  window 7 (35 docs): L2 fresh +2.5861
L2 empirical: C +2.4102 | fresh +2.6585 | tail-attn increment +0.3457
(a) L2 <= +2.75 fresh: HELD
(b) increment in [0.30,0.55]: HELD
ARM a8/mean
a2-input probe acc 0.69
fit a2
fit a3
fit a4
fit a5
fit a6
fit a7
fit a8
fit a9
fit a10
fit a11
fit a12
fit a13
fit a14
fit a15
fit a16
fit a17
a8 ablated (mean) for this arm
L1 (+38 heads): C +2.0025 | fresh +2.3106
fit a10L
fit a11L
fit a12L
fit a13L
fit a14L
fit a15L
fit a16L
fit a17L
  window 0 (7 docs): L2 fresh +2.6111
  window 1 (42 docs): L2 fresh +2.8485
  window 2 (17 docs): L2 fresh +2.3676
  window 3 (23 docs): L2 fresh +2.7334
  window 4 (43 docs): L2 fresh +2.8412
  window 5 (26 docs): L2 fresh +2.6865
  window 6 (35 docs): L2 fresh +2.5037
  window 7 (35 docs): L2 fresh +2.5820
L2 empirical: C +2.4086 | fresh +2.6566 | tail-attn increment +0.3460
(a) L2 <= +2.75 fresh: HELD
(b) increment in [0.30,0.55]: HELD
a8: zero -0.0077 mean -0.0096 dc_share 9600001.0
ARM a5/zero
a2-input probe acc 0.69
fit a2
fit a3
fit a4
fit a5
fit a6
fit a7
fit a8
fit a9
fit a10
fit a11
fit a12
fit a13
fit a14
fit a15
fit a16
fit a17
a5 ablated (zero) for this arm
L1 (+38 heads): C +2.0148 | fresh +2.3222
fit a10L
fit a11L
fit a12L
fit a13L
fit a14L
fit a15L
fit a16L
fit a17L
  window 0 (7 docs): L2 fresh +0.5621
  window 1 (42 docs): L2 fresh +0.6073
  window 2 (17 docs): L2 fresh +0.1397
  window 3 (23 docs): L2 fresh +0.4170
  window 4 (43 docs): L2 fresh +0.8115
  window 5 (26 docs): L2 fresh +0.5015
  window 6 (35 docs): L2 fresh +0.3900
  window 7 (35 docs): L2 fresh +0.5943
L2 empirical: C +2.4440 | fresh +2.6853 | tail-attn increment +0.3631
(a) L2 <= +2.75 fresh: HELD
(b) increment in [0.30,0.55]: HELD
ARM a5/mean
a2-input probe acc 0.69
fit a2
fit a3
fit a4
fit a5
fit a6
fit a7
fit a8
fit a9
fit a10
fit a11
fit a12
fit a13
fit a14
fit a15
fit a16
fit a17
a5 ablated (mean) for this arm
L1 (+38 heads): C +2.0131 | fresh +2.3237
fit a10L
fit a11L
fit a12L
fit a13L
fit a14L
fit a15L
fit a16L
fit a17L
  window 0 (7 docs): L2 fresh +2.4358
  window 1 (42 docs): L2 fresh +2.7638
  window 2 (17 docs): L2 fresh +2.4580
  window 3 (23 docs): L2 fresh +2.7050
  window 4 (43 docs): L2 fresh +2.7439
  window 5 (26 docs): L2 fresh +2.6284
  window 6 (35 docs): L2 fresh +2.4410
  window 7 (35 docs): L2 fresh +2.4723
L2 empirical: C +2.4138 | fresh +2.6635 | tail-attn increment +0.3397
(a) L2 <= +2.75 fresh: HELD
(b) increment in [0.30,0.55]: HELD
a5: zero +0.0191 mean -0.0027 dc_share 1.141
ARM m13/zero
a2-input probe acc 0.69
fit a2
fit a3
fit a4
fit a5
fit a6
fit a7
fit a8
fit a9
fit a10
fit a11
fit a12
fit a13
fit a14
fit a15
fit a16
fit a17
m13 ablated (zero) for this arm
L1 (+38 heads): C +2.0865 | fresh +2.3908
fit a10L
fit a11L
fit a12L
fit a13L
fit a14L
fit a15L
fit a16L
fit a17L
  window 0 (7 docs): L2 fresh +2.6947
  window 1 (42 docs): L2 fresh +2.9367
  window 2 (17 docs): L2 fresh +2.6085
  window 3 (23 docs): L2 fresh +2.8686
  window 4 (43 docs): L2 fresh +2.9193
  window 5 (26 docs): L2 fresh +2.8049
  window 6 (35 docs): L2 fresh +2.5879
  window 7 (35 docs): L2 fresh +2.6737
L2 empirical: C +2.4776 | fresh +2.7272 | tail-attn increment +0.3363
(a) L2 <= +2.75 fresh: HELD
(b) increment in [0.30,0.55]: HELD
ARM m13/mean
a2-input probe acc 0.69
fit a2
fit a3
fit a4
fit a5
fit a6
fit a7
fit a8
fit a9
fit a10
fit a11
fit a12
fit a13
fit a14
fit a15
fit a16
fit a17
m13 ablated (mean) for this arm
L1 (+38 heads): C +2.0852 | fresh +2.3786
fit a10L
fit a11L
fit a12L
fit a13L
fit a14L
fit a15L
fit a16L
fit a17L
  window 0 (7 docs): L2 fresh +2.7027
  window 1 (42 docs): L2 fresh +2.9648
  window 2 (17 docs): L2 fresh +2.6169
  window 3 (23 docs): L2 fresh +2.8942
  window 4 (43 docs): L2 fresh +2.9484
  window 5 (26 docs): L2 fresh +2.8411
  window 6 (35 docs): L2 fresh +2.6228
  window 7 (35 docs): L2 fresh +2.6967
L2 empirical: C +2.5010 | fresh +2.7342 | tail-attn increment +0.3556
(a) L2 <= +2.75 fresh: HELD
(b) increment in [0.30,0.55]: HELD
m13: zero +0.0610 mean +0.0680 dc_share -0.115
ARM m14/zero
a2-input probe acc 0.69
fit a2
fit a3
fit a4
fit a5
fit a6
fit a7
fit a8
fit a9
fit a10
fit a11
fit a12
fit a13
fit a14
fit a15
fit a16
fit a17
m14 ablated (zero) for this arm
L1 (+38 heads): C +2.0621 | fresh +2.3509
fit a10L
fit a11L
fit a12L
fit a13L
fit a14L
fit a15L
fit a16L
fit a17L
  window 0 (7 docs): L2 fresh +2.6606
  window 1 (42 docs): L2 fresh +2.9221
  window 2 (17 docs): L2 fresh +2.6173
  window 3 (23 docs): L2 fresh +2.8522
  window 4 (43 docs): L2 fresh +2.9145
  window 5 (26 docs): L2 fresh +2.7951
  window 6 (35 docs): L2 fresh +2.5676
  window 7 (35 docs): L2 fresh +2.6616
L2 empirical: C +2.4627 | fresh +2.6925 | tail-attn increment +0.3415
(a) L2 <= +2.75 fresh: HELD
(b) increment in [0.30,0.55]: HELD
ARM m14/mean
a2-input probe acc 0.69
fit a2
fit a3
fit a4
fit a5
fit a6
fit a7
fit a8
fit a9
fit a10
fit a11
fit a12
fit a13
fit a14
fit a15
fit a16
fit a17
m14 ablated (mean) for this arm
L1 (+38 heads): C +2.0780 | fresh +2.3639
fit a10L
fit a11L
fit a12L
fit a13L
fit a14L
fit a15L
fit a16L
fit a17L
  window 0 (7 docs): L2 fresh +2.6897
  window 1 (42 docs): L2 fresh +2.9614
  window 2 (17 docs): L2 fresh +2.6277
  window 3 (23 docs): L2 fresh +2.8896
  window 4 (43 docs): L2 fresh +2.9574
  window 5 (26 docs): L2 fresh +2.8355
  window 6 (35 docs): L2 fresh +2.6074
  window 7 (35 docs): L2 fresh +2.6915
L2 empirical: C +2.4885 | fresh +2.7164 | tail-attn increment +0.3525
(a) L2 <= +2.75 fresh: HELD
(b) increment in [0.30,0.55]: HELD
INSTRUMENT FAIL: m14 zero < mean by more than 0.01
