Warning: You are sending unauthenticated requests to the HF Hub. Please set a HF_TOKEN to enable higher rate limits and faster downloads.
clean 2.9455
unit stats done
mlp4 K=64: rec 0.3330
mlp4 K=256: rec 0.4297
mlp4 K=1024: rec 0.7032
mlp5 K=64: rec 0.1785
mlp5 K=256: rec 0.3394
mlp5 K=1024: rec 0.6577
mlp6 K=64: rec 0.4488
mlp6 K=256: rec 0.5250
mlp6 K=1024: rec 0.7098
mlp7 K=64: rec 0.3014
mlp7 K=256: rec 0.4058
mlp7 K=1024: rec 0.6119
mlp8 K=64: rec 0.4008
mlp8 K=256: rec 0.4793
mlp8 K=1024: rec 0.6446
mlp9 K=64: rec 0.4217
mlp9 K=256: rec 0.4892
mlp9 K=1024: rec 0.6474
mlp10 K=64: rec 0.3434
mlp10 K=256: rec 0.4218
mlp10 K=1024: rec 0.5939
pred_a False | pred_b False | pred_c False
wrote /workspace/tensor_language/basis_aligned/bilinear_quotient/deep_units_a_results.json (305.1s)
