Warning: You are sending unauthenticated requests to the HF Hub. Please set a HF_TOKEN to enable higher rate limits and faster downloads.
clean 2.9455
unit stats done
mlp7 zero-shot ce 2.9855 rec 0.3014
/workspace/tensor_language/basis_aligned/bilinear_quotient/deep_trained2.py:138: UserWarning: Converting a tensor with requires_grad=True to a scalar may lead to unexpected behavior.
Consider using tensor.detach() first. (Triggered internally at /pytorch/torch/csrc/autograd/generated/python_variable_methods.cpp:836.)
  print(f"  L{L} step {step} loss {float(loss):.4f}", flush=True)
  L7 step 0 loss 3.1951
  L7 step 100 loss 3.0706
  L7 step 200 loss 3.2457
mlp7: {'ce_zeroshot': 2.9855, 'rec_zeroshot': 0.3014, 'ce_trained': 2.9939, 'fid_opt': 0.1412, 'rec_trained': 0.1548, 'linall_ref': 0.4595}
mlp8 zero-shot ce 2.9743 rec 0.4008
  L8 step 0 loss 3.2828
  L8 step 100 loss 3.0580
  L8 step 200 loss 3.1133
mlp8: {'ce_zeroshot': 2.9743, 'rec_zeroshot': 0.4008, 'ce_trained': 2.9882, 'fid_opt': 0.1003, 'rec_trained': 0.1134, 'linall_ref': 0.4568}
mlp9 zero-shot ce 2.9745 rec 0.4217
  L9 step 0 loss 3.1169
  L9 step 100 loss 3.0957
  L9 step 200 loss 3.2652
mlp9: {'ce_zeroshot': 2.9745, 'rec_zeroshot': 0.4217, 'ce_trained': 2.9894, 'fid_opt': 0.1155, 'rec_trained': 0.1261, 'linall_ref': 0.4819}
mlp14 zero-shot ce 2.9719 rec 0.1250
  L14 step 0 loss 3.3343
  L14 step 100 loss 3.2892
  L14 step 200 loss 3.3263
mlp14: {'ce_zeroshot': 2.9719, 'rec_zeroshot': 0.125, 'ce_trained': 2.998, 'fid_opt': -0.7468, 'rec_trained': -0.741, 'linall_ref': 0.3401}
pred_a True | pred_b False | pred_c False
wrote /workspace/tensor_language/basis_aligned/bilinear_quotient/deep_trained2_results.json (184.9s)
