Warning: You are sending unauthenticated requests to the HF Hub. Please set a HF_TOKEN to enable higher rate limits and faster downloads.
clean 2.9455
unit stats done
mlp11 K=64: rec 0.3977
mlp11 K=256: rec 0.4496
mlp11 K=1024: rec 0.6072
mlp12 K=64: rec 0.3739
mlp12 K=256: rec 0.4275
mlp12 K=1024: rec 0.5818
mlp13 K=64: rec 0.3471
mlp13 K=256: rec 0.4092
mlp13 K=1024: rec 0.5661
mlp14 K=64: rec 0.1250
mlp14 K=256: rec 0.1974
mlp14 K=1024: rec 0.4170
mlp15 K=64: rec 0.2362
mlp15 K=256: rec 0.3210
mlp15 K=1024: rec 0.5147
mlp16 K=64: rec 0.6295
mlp16 K=256: rec 0.7800
mlp16 K=1024: rec 0.8497
mlp17 K=64: rec 0.6399
mlp17 K=256: rec 0.7943
mlp17 K=1024: rec 0.8876
pred_a False | pred_b False | pred_c False
wrote /workspace/tensor_language/basis_aligned/bilinear_quotient/deep_units_b_results.json (309.0s)
