a2-input probe acc 0.69
fit a2
fit a3
fit a4
fit a5
fit a6
fit a7
fit a8
fit a9
fit a10
fit a11
fit a12
fit a13
fit a14
fit a15
fit a16
fit a17
L1 (+38 heads): C +1.9801 | fresh +2.2872
fit a10L
fit a11L
fit a12L
fit a13L
fit a14L
fit a15L
fit a16L
fit a17L
deploy-program gated fraction: 19.55%
Traceback (most recent call last):
  File "/workspace/tensor_language/basis_aligned/bilinear_quotient/deploy_gated.py", line 673, in <module>
    if __name__=='__main__': main()
                             ^^^^^^
  File "/venv/main/lib/python3.12/site-packages/torch/utils/_contextlib.py", line 124, in decorate_context
    return func(*args, **kwargs)
           ^^^^^^^^^^^^^^^^^^^^^
  File "/workspace/tensor_language/basis_aligned/bilinear_quotient/deploy_gated.py", line 655, in main
    baseC2=evalG(order2,ML,None)-float(baseFr.mean())
           ^^^^^
NameError: name 'evalG' is not defined. Did you mean: 'evalC'?
