Warning: You are sending unauthenticated requests to the HF Hub. Please set a HF_TOKEN to enable higher rate limits and faster downloads.
DEPLOYABLE TABLE | length-1 vs FIT-CONTEXT vs eval-empirical rows | settled program (context-free tables + output-NN fallback + rank-64 map) | DISCOVERY ONLY

  per-site norm calibration (live mean / row mean), measured on the LIVE model:
    attn L0:  2.71 L1:  2.49 L2:  2.26 L3:  2.13 L4:  4.37 L5:  1.00 L6:  1.02 L7:  3.61 L8:  3.59 L9:  4.83 L10:  3.80 L11:  4.49 L12:  6.72 L13:  6.39 L14:  7.07 L15:  6.33 L16:  5.70 L17:  5.59
    mlp  L0:  0.88 L1:  0.42 L2:  0.61 L3:  0.49 L4:  0.10 L5:  0.39 L6:  0.52 L7:  1.66 L8:  2.04 L9:  1.32 L10:  2.33 L11:  1.05 L12:  1.91 L13:  1.26 L14:  1.66 L15:  1.19 L16:  1.13 L17:  1.21

  arms  (47s)
  all_substituted      skip7000 13.55%  skip11000 14.25%  skip1200 13.64%
  all_sub_scaled       skip7000 12.16%  skip11000 12.81%  skip1200 12.10%
  live_model           skip7000 39.32%  skip11000 42.35%  skip1200 38.88%

  arms  (111s)
  all_substituted        skip7000 13.55%  skip11000 14.25%  skip1200 13.64%
  live_model             skip7000 39.32%  skip11000 42.35%  skip1200 38.88%

  empirical row banks built; rows differing from the length-1 bank: {'mlp5': 5419, 'mlp4': 5419} (covered 5419)

  arms  (126s)
  B0_raw                 skip7000 23.20%  skip11000 25.38%  skip1200 23.26%
  B0_seq                 skip7000 30.25%  skip11000 32.59%  skip1200 29.11%
  L1_mlp5_raw            skip7000 13.46%  skip11000 14.00%  skip1200 13.93%
  L1_mlp5_seq            skip7000 14.47%  skip11000 14.57%  skip1200 14.61%
  EM_mlp5_raw            skip7000 22.31%  skip11000 23.32%  skip1200 21.64%
  EM_mlp5_seq            skip7000 26.69%  skip11000 27.45%  skip1200 25.04%
  FIT_mlp5_raw           skip7000 21.49%  skip11000 23.10%  skip1200 21.61%
  FIT_mlp5_seq           skip7000 25.70%  skip11000 27.08%  skip1200 25.05%
  L1_mlp4_raw            skip7000  1.00%  skip11000  1.11%  skip1200  0.97%
  L1_mlp4_seq            skip7000 18.77%  skip11000 20.13%  skip1200 18.93%
  EM_mlp4_raw            skip7000  3.78%  skip11000  3.87%  skip1200  3.63%
  EM_mlp4_seq            skip7000 13.02%  skip11000 13.63%  skip1200 12.92%
  FIT_mlp4_raw           skip7000  3.76%  skip11000  3.89%  skip1200  3.62%
  FIT_mlp4_seq           skip7000 12.75%  skip11000 13.46%  skip1200 12.62%
  allsub_gain5           skip7000 13.55%  skip11000 14.25%  skip1200 13.64%

  gap fraction recovered, all roles:
    B0         skip7000 raw   37.4% seq   64.8%  skip11000 raw   39.6% seq   65.3%  skip1200 raw   38.1% seq   61.3%
    L1_mlp5    skip7000 raw   -0.4% seq    3.6%  skip11000 raw   -0.9% seq    1.1%  skip1200 raw    1.1% seq    3.8%
    EM_mlp5    skip7000 raw   34.0% seq   51.0%  skip11000 raw   32.3% seq   47.0%  skip1200 raw   31.7% seq   45.2%
    FIT_mlp5   skip7000 raw   30.8% seq   47.1%  skip11000 raw   31.5% seq   45.7%  skip1200 raw   31.6% seq   45.2%
    L1_mlp4    skip7000 raw  -48.7% seq   20.3%  skip11000 raw  -46.7% seq   20.9%  skip1200 raw  -50.2% seq   21.0%
    EM_mlp4    skip7000 raw  -37.9% seq   -2.1%  skip11000 raw  -36.9% seq   -2.2%  skip1200 raw  -39.7% seq   -2.9%
    FIT_mlp4   skip7000 raw  -38.0% seq   -3.1%  skip11000 raw  -36.9% seq   -2.8%  skip1200 raw  -39.7% seq   -4.0%

  TABLE vs SITE (skip7000, sequential; B0 64.8%):
    mlp5  length-1   3.6%  empirical  51.0%  rescue +47.4% of a 61.2% stake (77.5%)   §1842 table gap 2.78
    mlp4  length-1  20.3%  empirical  -2.1%  rescue -22.3% of a 44.5% stake (-50.1%)   §1842 table gap 9.92

  the DEPLOYABLE table recovers most of it (FIT_mlp5 >=27.3%) -> True  FIT_mlp5 47.1% vs L1 3.6% and EM 51.0%
  and it GENERALISES across roles (<10pp spread) -> True  skip7000 47.1%  skip11000 45.7%  skip1200 45.2%
  and mlp4 INVERSION persists with the fit table -> True  FIT -3.1% vs L1 20.3% (EM -2.1%)
  B0 §1829, length-1 arms §1834, banks differ on exactly 5419 rows -> control True
wrote /workspace/tensor_language/basis_aligned/bilinear_quotient/ops/deployable_table_results.json (262.3s)
