Warning: You are sending unauthenticated requests to the HF Hub. Please set a HF_TOKEN to enable higher rate limits and faster downloads.
CANONICAL .rowcache/fineweb_n480_skip80.pt: 3 chunks x 160 rows x 20 seeds (receipt sha256[:16]=815b21618c2e477e)
  --- the@mlp5: SITE=5, 12 upstream components (TOP-4 share is NOT comparable across sites; separation IS)
  the@mlp5  fresh     sep 35/60 | mean gap +0.0249 | lambda [0.7728, 0.7884, 0.7819] | null20 0.7561
  --- the@mlp8: SITE=8, 18 upstream components (TOP-4 share is NOT comparable across sites; separation IS)
  the@mlp8  fresh     sep 54/60 | mean gap +0.0699 | lambda [0.7209, 0.7145, 0.7255] | null20 0.6504
  --- the@mlp11: SITE=11, 24 upstream components (TOP-4 share is NOT comparable across sites; separation IS)
  the@mlp11 fresh     sep 24/60 | mean gap -0.0115 | lambda [0.5102, 0.5001, 0.4729] | null20 0.5059
  --- the@mlp14: SITE=14, 30 upstream components (TOP-4 share is NOT comparable across sites; separation IS)
  the@mlp14 fresh     sep 55/60 | mean gap +0.0838 | lambda [0.518, 0.5021, 0.5097] | null20 0.4262
  --- the@mlp17: SITE=17, 36 upstream components (TOP-4 share is NOT comparable across sites; separation IS)
  the@mlp17 fresh     sep 54/60 | mean gap -0.1080 | lambda [0.4373, 0.438, 0.4393] | null20 0.5462
  --- and@mlp5: SITE=5, 12 upstream components (TOP-4 share is NOT comparable across sites; separation IS)
  and@mlp5  fresh     sep 57/60 | mean gap -0.0953 | lambda [0.713, 0.7146, 0.7269] | null20 0.8135
  --- and@mlp8: SITE=8, 18 upstream components (TOP-4 share is NOT comparable across sites; separation IS)
  and@mlp8  fresh     sep 49/60 | mean gap -0.0783 | lambda [0.5404, 0.529, 0.57] | null20 0.6248
  --- and@mlp11: SITE=11, 24 upstream components (TOP-4 share is NOT comparable across sites; separation IS)
  and@mlp11 fresh     sep 45/60 | mean gap +0.0329 | lambda [0.5287, 0.5333, 0.523] | null20 0.4955
  --- and@mlp14: SITE=14, 30 upstream components (TOP-4 share is NOT comparable across sites; separation IS)
  and@mlp14 fresh     sep 50/60 | mean gap +0.0410 | lambda [0.429, 0.4442, 0.4298] | null20 0.3933
  --- and@mlp17: SITE=17, 36 upstream components (TOP-4 share is NOT comparable across sites; separation IS)
  and@mlp17 fresh     sep 47/60 | mean gap -0.0739 | lambda [0.3579, 0.3556, 0.3526] | null20 0.4292
  --- is@mlp5: SITE=5, 12 upstream components (TOP-4 share is NOT comparable across sites; separation IS)
  is@mlp5   fresh     sep 60/60 | mean gap +0.1471 | lambda [0.9249, 0.9694, 0.9331] | null20 0.7954
  --- is@mlp8: SITE=8, 18 upstream components (TOP-4 share is NOT comparable across sites; separation IS)
  is@mlp8   fresh     sep 55/60 | mean gap +0.0806 | lambda [0.7112, 0.7193, 0.7294] | null20 0.6393
  --- is@mlp11: SITE=11, 24 upstream components (TOP-4 share is NOT comparable across sites; separation IS)
  is@mlp11  fresh     sep 33/60 | mean gap +0.0108 | lambda [0.5397, 0.5425, 0.5418] | null20 0.5305
  --- is@mlp14: SITE=14, 30 upstream components (TOP-4 share is NOT comparable across sites; separation IS)
  is@mlp14  fresh     sep 36/60 | mean gap -0.0233 | lambda [0.3958, 0.4203, 0.4397] | null20 0.4419
  --- is@mlp17: SITE=17, 36 upstream components (TOP-4 share is NOT comparable across sites; separation IS)
  is@mlp17  fresh     sep 52/60 | mean gap -0.0787 | lambda [0.374, 0.3787, 0.3864] | null20 0.4584

  DEPTH PROFILE per class, sites [5, 8, 11, 14, 17], 60 trials each:
    class  separation (5,8,11,14,17)      mean gap                               min@11  pos@14  monotone
    the    [35 54 24 55 54]              [+0.025 +0.070 -0.011 +0.084 -0.108]  YES    YES      no
    and    [57 49 45 50 47]              [-0.095 -0.078 +0.033 +0.041 -0.074]  YES    YES      no
    is     [60 55 33 36 52]              [+0.147 +0.081 +0.011 -0.023 -0.079]  YES     no      no
  §1635 ` at` reference:  [54 31 17 40 51]  min@11 YES  pos@14 YES  monotone no
  classes with min at mlp11: 3/3 | positive gap at mlp14: 2/3 | monotone profiles: 0/3

pred_a True | pred_b True | pred_c True
wrote /workspace/tensor_language/basis_aligned/bilinear_quotient/depth_multiclass_results.json (1217.6s)
