DOES THE MAP WANT PER SITE RANK | 7 arms x 2 coverage(s) | DISCOVERY ONLY

########## COVERAGE 5419 ##########
  [bqlib] coverage 5419 from fineweb_n96_skip80.pt: 36 tables, neighbour index and map solver built (4s)
  [bqlib] cache HIT  live     skip7000
  [bqlib] cache HIT  live     skip11000
  [bqlib] cache HIT  live     skip1200
  [bqlib] cache HIT  mix30m640 skip7000
  [bqlib] cache HIT  mix30m640 skip11000
  [bqlib] cache HIT  mix30m640 skip1200
  [bqlib] cache HIT  mix30m640 skip7000
  [bqlib] cache HIT  mix30m640 skip11000
  [bqlib] cache HIT  mix30m640 skip1200
  [bqlib] computed   mix30m256@mlp0,mlp1,mlp2,mlp3,mlp4,mlp5,mlp6,mlp7,mlp8,mlp9+mix30m640@mlp10,mlp11,mlp12,mlp13,mlp14,mlp15,mlp16,mlp17,attn0,attn1,attn2,attn3,attn4,attn5,attn6,attn7,attn8,attn9,attn10,attn11,attn12,attn13,attn14,attn15,attn16,attn17 skip7000 (1.3s)
  [bqlib] computed   mix30m256@mlp0,mlp1,mlp2,mlp3,mlp4,mlp5,mlp6,mlp7,mlp8,mlp9+mix30m640@mlp10,mlp11,mlp12,mlp13,mlp14,mlp15,mlp16,mlp17,attn0,attn1,attn2,attn3,attn4,attn5,attn6,attn7,attn8,attn9,attn10,attn11,attn12,attn13,attn14,attn15,attn16,attn17 skip11000 (1.3s)
  [bqlib] computed   mix30m256@mlp0,mlp1,mlp2,mlp3,mlp4,mlp5,mlp6,mlp7,mlp8,mlp9+mix30m640@mlp10,mlp11,mlp12,mlp13,mlp14,mlp15,mlp16,mlp17,attn0,attn1,attn2,attn3,attn4,attn5,attn6,attn7,attn8,attn9,attn10,attn11,attn12,attn13,attn14,attn15,attn16,attn17 skip1200 (0.6s)
  [bqlib] computed   mix30m256@mlp0,mlp1,mlp2,mlp3,mlp4,mlp5+mix30m640@mlp6,mlp7,mlp8,mlp9,mlp10,mlp11,mlp12,mlp13,mlp14,mlp15,mlp16,mlp17,attn0,attn1,attn2,attn3,attn4,attn5,attn6,attn7,attn8,attn9,attn10,attn11,attn12,attn13,attn14,attn15,attn16,attn17 skip7000 (1.3s)
  [bqlib] computed   mix30m256@mlp0,mlp1,mlp2,mlp3,mlp4,mlp5+mix30m640@mlp6,mlp7,mlp8,mlp9,mlp10,mlp11,mlp12,mlp13,mlp14,mlp15,mlp16,mlp17,attn0,attn1,attn2,attn3,attn4,attn5,attn6,attn7,attn8,attn9,attn10,attn11,attn12,attn13,attn14,attn15,attn16,attn17 skip11000 (1.3s)
  [bqlib] computed   mix30m256@mlp0,mlp1,mlp2,mlp3,mlp4,mlp5+mix30m640@mlp6,mlp7,mlp8,mlp9,mlp10,mlp11,mlp12,mlp13,mlp14,mlp15,mlp16,mlp17,attn0,attn1,attn2,attn3,attn4,attn5,attn6,attn7,attn8,attn9,attn10,attn11,attn12,attn13,attn14,attn15,attn16,attn17 skip1200 (0.7s)
  [bqlib] computed   mix30m256@mlp0,mlp1,mlp2,mlp3,mlp4,mlp5,mlp6,mlp7,mlp8,mlp9,mlp10,mlp11,mlp12,mlp13,mlp14,mlp15,mlp16,mlp17+mix30m640@attn0,attn1,attn2,attn3,attn4,attn5,attn6,attn7,attn8,attn9,attn10,attn11,attn12,attn13,attn14,attn15,attn16,attn17 skip7000 (1.3s)
  [bqlib] computed   mix30m256@mlp0,mlp1,mlp2,mlp3,mlp4,mlp5,mlp6,mlp7,mlp8,mlp9,mlp10,mlp11,mlp12,mlp13,mlp14,mlp15,mlp16,mlp17+mix30m640@attn0,attn1,attn2,attn3,attn4,attn5,attn6,attn7,attn8,attn9,attn10,attn11,attn12,attn13,attn14,attn15,attn16,attn17 skip11000 (1.3s)
  [bqlib] computed   mix30m256@mlp0,mlp1,mlp2,mlp3,mlp4,mlp5,mlp6,mlp7,mlp8,mlp9,mlp10,mlp11,mlp12,mlp13,mlp14,mlp15,mlp16,mlp17+mix30m640@attn0,attn1,attn2,attn3,attn4,attn5,attn6,attn7,attn8,attn9,attn10,attn11,attn12,attn13,attn14,attn15,attn16,attn17 skip1200 (0.7s)
  [bqlib] cache HIT  map512   skip7000
  [bqlib] cache HIT  map512   skip11000
  [bqlib] cache HIT  map512   skip1200
  [bqlib] cache HIT  mix30m640 skip7000
  [bqlib] cache HIT  mix30m640 skip11000
  [bqlib] cache HIT  mix30m640 skip1200

########## COVERAGE 16110 ##########
  [bqlib] coverage 16110 from fineweb_n480_skip80.pt: 36 tables, neighbour index and map solver built (5s)
  [bqlib] cache HIT  live     skip7000
  [bqlib] cache HIT  live     skip11000
  [bqlib] cache HIT  live     skip1200
  [bqlib] cache HIT  mix30m640 skip7000
  [bqlib] cache HIT  mix30m640 skip11000
  [bqlib] cache HIT  mix30m640 skip1200
  [bqlib] cache HIT  mix30m640 skip7000
  [bqlib] cache HIT  mix30m640 skip11000
  [bqlib] cache HIT  mix30m640 skip1200
  [bqlib] computed   mix30m256@mlp0,mlp1,mlp2,mlp3,mlp4,mlp5,mlp6,mlp7,mlp8,mlp9+mix30m640@mlp10,mlp11,mlp12,mlp13,mlp14,mlp15,mlp16,mlp17,attn0,attn1,attn2,attn3,attn4,attn5,attn6,attn7,attn8,attn9,attn10,attn11,attn12,attn13,attn14,attn15,attn16,attn17 skip7000 (1.3s)
  [bqlib] computed   mix30m256@mlp0,mlp1,mlp2,mlp3,mlp4,mlp5,mlp6,mlp7,mlp8,mlp9+mix30m640@mlp10,mlp11,mlp12,mlp13,mlp14,mlp15,mlp16,mlp17,attn0,attn1,attn2,attn3,attn4,attn5,attn6,attn7,attn8,attn9,attn10,attn11,attn12,attn13,attn14,attn15,attn16,attn17 skip11000 (1.3s)
  [bqlib] computed   mix30m256@mlp0,mlp1,mlp2,mlp3,mlp4,mlp5,mlp6,mlp7,mlp8,mlp9+mix30m640@mlp10,mlp11,mlp12,mlp13,mlp14,mlp15,mlp16,mlp17,attn0,attn1,attn2,attn3,attn4,attn5,attn6,attn7,attn8,attn9,attn10,attn11,attn12,attn13,attn14,attn15,attn16,attn17 skip1200 (0.7s)
  [bqlib] computed   mix30m256@mlp0,mlp1,mlp2,mlp3,mlp4,mlp5+mix30m640@mlp6,mlp7,mlp8,mlp9,mlp10,mlp11,mlp12,mlp13,mlp14,mlp15,mlp16,mlp17,attn0,attn1,attn2,attn3,attn4,attn5,attn6,attn7,attn8,attn9,attn10,attn11,attn12,attn13,attn14,attn15,attn16,attn17 skip7000 (1.3s)
  [bqlib] computed   mix30m256@mlp0,mlp1,mlp2,mlp3,mlp4,mlp5+mix30m640@mlp6,mlp7,mlp8,mlp9,mlp10,mlp11,mlp12,mlp13,mlp14,mlp15,mlp16,mlp17,attn0,attn1,attn2,attn3,attn4,attn5,attn6,attn7,attn8,attn9,attn10,attn11,attn12,attn13,attn14,attn15,attn16,attn17 skip11000 (1.5s)
  [bqlib] computed   mix30m256@mlp0,mlp1,mlp2,mlp3,mlp4,mlp5+mix30m640@mlp6,mlp7,mlp8,mlp9,mlp10,mlp11,mlp12,mlp13,mlp14,mlp15,mlp16,mlp17,attn0,attn1,attn2,attn3,attn4,attn5,attn6,attn7,attn8,attn9,attn10,attn11,attn12,attn13,attn14,attn15,attn16,attn17 skip1200 (2.0s)
  [bqlib] computed   mix30m256@mlp0,mlp1,mlp2,mlp3,mlp4,mlp5,mlp6,mlp7,mlp8,mlp9,mlp10,mlp11,mlp12,mlp13,mlp14,mlp15,mlp16,mlp17+mix30m640@attn0,attn1,attn2,attn3,attn4,attn5,attn6,attn7,attn8,attn9,attn10,attn11,attn12,attn13,attn14,attn15,attn16,attn17 skip7000 (2.1s)
  [bqlib] computed   mix30m256@mlp0,mlp1,mlp2,mlp3,mlp4,mlp5,mlp6,mlp7,mlp8,mlp9,mlp10,mlp11,mlp12,mlp13,mlp14,mlp15,mlp16,mlp17+mix30m640@attn0,attn1,attn2,attn3,attn4,attn5,attn6,attn7,attn8,attn9,attn10,attn11,attn12,attn13,attn14,attn15,attn16,attn17 skip11000 (1.3s)
  [bqlib] computed   mix30m256@mlp0,mlp1,mlp2,mlp3,mlp4,mlp5,mlp6,mlp7,mlp8,mlp9,mlp10,mlp11,mlp12,mlp13,mlp14,mlp15,mlp16,mlp17+mix30m640@attn0,attn1,attn2,attn3,attn4,attn5,attn6,attn7,attn8,attn9,attn10,attn11,attn12,attn13,attn14,attn15,attn16,attn17 skip1200 (0.7s)
  [bqlib] cache HIT  map512   skip7000
  [bqlib] cache HIT  map512   skip11000
  [bqlib] cache HIT  map512   skip1200
  [bqlib] cache HIT  mix30m640 skip7000
  [bqlib] cache HIT  mix30m640 skip11000
  [bqlib] cache HIT  mix30m640 skip1200
  [bqlib] note: 36 differing-spec pair(s) flip no covered-input top-1 -- legal for a site-subset difference, e.g. ('best_2020', 'cheap10')

  §2020's build rebuilds to 0.003300 / 0.007621 pooled within 0.0002 nats  -> True
  and a rank-256 map at MLP layers 0-9 costs less than its 0.00089 saving at 5,419  -> True
  but cutting it at all eighteen costs more than its 0.00160 saving  -> True
  and the shallow cut is still free at 16,110  -> True
  derived controls -> True   coverage_exact=True  inert_pairs_are_inert=True  some_differing_pair_moves=True  buckets_partition=True  live_identical=True  ref_shipped=True
  reference deviations: shipped 0.000000

pred_a True | pred_b True | pred_c True | pred_d True | pred_z True
wrote /workspace/tensor_language/basis_aligned/bilinear_quotient/ops/does_the_map_want_per_site_rank_results.json (213.4s)
