DOES ATTENTION SPIKE TOO | 8 arms x 1 coverage(s) | DISCOVERY ONLY

########## COVERAGE 5419 ##########
  [bqlib] coverage 5419 from fineweb_n96_skip80.pt: 36 tables, neighbour index and map solver built (4s)
  [bqlib] cache HIT  live     skip7000
  [bqlib] cache HIT  live     skip11000
  [bqlib] cache HIT  live     skip1200
  [bqlib] computed   mix30m640 skip7000 (1.4s)
  [bqlib] computed   mix30m640 skip11000 (1.3s)
  [bqlib] computed   mix30m640 skip1200 (0.6s)
  [bqlib] computed   mix30m640 skip7000 (1.3s)
  [bqlib] computed   mix30m640 skip11000 (1.3s)
  [bqlib] computed   mix30m640 skip1200 (0.7s)
  [bqlib] computed   mix30m640 skip7000 (1.3s)
  [bqlib] computed   mix30m640 skip11000 (1.3s)
  [bqlib] computed   mix30m640 skip1200 (0.6s)
  [bqlib] computed   mix30m640 skip7000 (1.3s)
  [bqlib] computed   mix30m640 skip11000 (1.3s)
  [bqlib] computed   mix30m640 skip1200 (0.6s)
  [bqlib] computed   mix30m640 skip7000 (1.3s)
  [bqlib] computed   mix30m640 skip11000 (1.3s)
  [bqlib] computed   mix30m640 skip1200 (0.6s)
  [bqlib] cache HIT  mix30m640 skip7000
  [bqlib] cache HIT  mix30m640 skip11000
  [bqlib] cache HIT  mix30m640 skip1200
  [bqlib] cache HIT  mix30m640 skip7000
  [bqlib] cache HIT  mix30m640 skip11000
  [bqlib] cache HIT  mix30m640 skip1200
  [bqlib] cache HIT  map512   skip7000
  [bqlib] cache HIT  map512   skip11000
  [bqlib] cache HIT  map512   skip1200

  a lone compiled attention 4 costs more than 1 nat (>=2 roles) -- the spike is layer 4, not mlp4  -> False
  and the attention profile peaks at layer 4 as the MLP one does (3/3 roles)  -> True
  and attention 7, above the boundary, costs under 0.5 nats -- as mlp7 did  -> True
  derived controls -> True   coverage_exact=True  inert_pairs_are_inert=True  some_differing_pair_moves=True  buckets_partition=True  live_identical=True  ref_mlp4=True  ref_full_program=True
  reference deviations: mlp4 0.000000  full_program 0.000000

pred_a False | pred_b True | pred_c True | pred_z True
wrote /workspace/tensor_language/basis_aligned/bilinear_quotient/ops/does_attention_spike_too_results.json (60.5s)
