Warning: You are sending unauthenticated requests to the HF Hub. Please set a HF_TOKEN to enable higher rate limits and faster downloads.
DOES THE CONSTANT BREAK | dispersion + direction per head at L(4, 5, 6) | settled program (context-free tables + output-NN fallback + rank-64 map) | DISCOVERY ONLY

  per-site norm calibration (live mean / row mean), measured on the LIVE model:
    attn L0:  2.71 L1:  2.49 L2:  2.26 L3:  2.13 L4:  4.37 L5:  1.00 L6:  1.02 L7:  3.61 L8:  3.59 L9:  4.83 L10:  3.80 L11:  4.49 L12:  6.72 L13:  6.39 L14:  7.07 L15:  6.33 L16:  5.70 L17:  5.59
    mlp  L0:  0.88 L1:  0.42 L2:  0.61 L3:  0.49 L4:  0.10 L5:  0.39 L6:  0.52 L7:  1.66 L8:  2.04 L9:  1.32 L10:  2.33 L11:  1.05 L12:  1.91 L13:  1.26 L14:  1.66 L15:  1.19 L16:  1.13 L17:  1.21

  arms  (47s)
  all_substituted      skip7000 13.55%  skip11000 14.25%  skip1200 13.64%
  all_sub_scaled       skip7000 12.16%  skip11000 12.81%  skip1200 12.10%
  live_model           skip7000 39.32%  skip11000 42.35%  skip1200 38.88%
  [live] reconstruction residual (must be ~0): L4 4.08e-07  L5 2.96e-07  L6 3.69e-07
  [compiled] reconstruction residual (must be ~0): L4 3.61e-07  L5 2.81e-07  L6 4.33e-07

  across-position dispersion  std/||mean||  (a CONSTANT head is ~0):
    L4:  h0  2.602->   0.429  h1  3.266->   0.584  h2  1.065->   0.352  h3  6.711->   1.718  h4  4.341->   0.417  h5  3.106->   0.684  h6  2.105->   0.648  h7  3.059->   0.637  h8  1.170->   0.339
    L5:  h0  1.784->   3.247  h1  1.985->   0.192  h2  0.664->   0.299  h3  3.927->   0.386  h4  1.910->   0.187  h5  3.109->   0.167  h6  1.303->   0.286  h7  0.100->   0.340  h8  2.876->   0.170
    L6:  h0  3.671->   0.991  h1  0.339->   0.262  h2  3.701->   0.963  h3  0.734->   0.250  h4  4.288->   0.281  h5  1.780->   3.996  h6  0.857->   0.220  h7  1.966->   0.291  h8  3.602->   0.289

  cosine(live mean vector, compiled mean vector):
    L4:  h0 +0.572  h1 -0.145  h2 +0.891  h3 +0.357  h4 -0.268  h5 +0.479  h6 -0.370  h7 +0.528  h8 +0.353
    L5:  h0 +0.194  h1 +0.306  h2 +0.954  h3 +0.354  h4 +0.328  h5 +0.190  h6 +0.902  h7 +0.999  h8 +0.505
    L6:  h0 +0.212  h1 +0.992  h2 +0.463  h3 +0.989  h4 +0.792  h5 -0.527  h6 +0.952  h7 +0.786  h8 +0.304

  per-head mean output norm, live -> compiled:
    L4:  h0   3143.8->    14302.7  h1   3138.2->     3947.5  h2   1823.0->    48334.0  h3   1845.0->     1488.2  h4   1399.6->    10045.1  h5   3111.3->     4376.7  h6   1984.2->     1759.0  h7   3247.3->     3711.9  h8   2305.9->    17930.3
    L5:  h0    242.3->      113.5  h1    247.2->     2145.9  h2    505.7->   121745.9  h3    331.9->      321.1  h4    273.8->     9313.1  h5    247.7->     9132.5  h6    518.3->    43507.3  h7   6657.8->  1057986.8  h8    358.0->     2365.2
    L6:  h0    113.7->      336.7  h1   1786.0->   190732.3  h2     61.2->      174.6  h3    761.3->     7267.0  h4     88.9->     2070.4  h5    115.3->      246.8  h6    190.8->     3887.3  h7    205.1->     8313.1  h8     87.5->     1904.2

  §1089 reproduces: 5.7 is CONSTANT live (disp <0.15) -> True  0.0997  (median other L5 head 1.910)
  and it STOPS being constant when compiled (disp >1.0) -> False  0.3398
  and it writes a DIFFERENT direction, not a scaled one (cos <0.50) -> False  +0.9990
  decomposition exact + norms reproduce §1818 -> control True

pred_a True | pred_b False | pred_c False | pred_d True
wrote /workspace/tensor_language/basis_aligned/bilinear_quotient/ops/does_the_constant_break_results.json (170.8s)
