{"stage": "ladder", "block": 0, "k": 32, "ce_added": 0.1652737855911255}
{"stage": "ladder", "block": 0, "k": 64, "ce_added": 0.08551231026649475}
{"stage": "ladder", "block": 0, "k": 128, "ce_added": 0.04031771421432495}
{"stage": "ladder", "block": 0, "k": 256, "ce_added": 0.015993773937225342}
{"stage": "ladder", "block": 0, "k": 512, "ce_added": 0.004278093576431274}
{"stage": "ladder", "block": 1, "k": 32, "ce_added": 0.8833657205104828}
{"stage": "ladder", "block": 1, "k": 64, "ce_added": 0.3567197024822235}
{"stage": "ladder", "block": 1, "k": 128, "ce_added": 0.09070059657096863}
{"stage": "ladder", "block": 1, "k": 256, "ce_added": 0.02007991075515747}
{"stage": "ladder", "block": 1, "k": 512, "ce_added": 0.004023492336273193}
{"stage": "ladder", "block": 2, "k": 32, "ce_added": 0.22036638855934143}
{"stage": "ladder", "block": 2, "k": 64, "ce_added": 0.10071563720703125}
{"stage": "ladder", "block": 2, "k": 128, "ce_added": 0.04103386402130127}
{"stage": "ladder", "block": 2, "k": 256, "ce_added": 0.01374092698097229}
{"stage": "ladder", "block": 2, "k": 512, "ce_added": 0.0035348832607269287}
{"stage": "ladder", "block": 3, "k": 32, "ce_added": 0.13001692295074463}
{"stage": "ladder", "block": 3, "k": 64, "ce_added": 0.07004287838935852}
{"stage": "ladder", "block": 3, "k": 128, "ce_added": 0.034951359033584595}
{"stage": "ladder", "block": 3, "k": 256, "ce_added": 0.013854742050170898}
{"stage": "ladder", "block": 3, "k": 512, "ce_added": 0.004164367914199829}
{"stage": "table", "block": 0, "ce_added": 0.8742592036724091}
{"stage": "table", "block": 1, "ce_added": 1.6401675939559937}
{"stage": "table", "block": 2, "ce_added": 4.049835026264191}
{"stage": "table", "block": 3, "ce_added": 6.808574974536896}
{
 "preds": {
  "pred_a_instrument": true,
  "pred_b_mlp1_dense": false,
  "pred_c_isolated_token_program_mlp1": false,
  "pred_d_token_R2_mlp1": false
 },
 "nulls": {
  "b_null_k256_le_.05": true,
  "c_null_table_ge_k32_price": true,
  "d_null_r2_le_.2": true
 },
 "ladder": {
  "0": {
   "32": 0.1652737855911255,
   "64": 0.08551231026649475,
   "128": 0.04031771421432495,
   "256": 0.015993773937225342,
   "512": 0.004278093576431274
  },
  "1": {
   "32": 0.8833657205104828,
   "64": 0.3567197024822235,
   "128": 0.09070059657096863,
   "256": 0.02007991075515747,
   "512": 0.004023492336273193
  },
  "2": {
   "32": 0.22036638855934143,
   "64": 0.10071563720703125,
   "128": 0.04103386402130127,
   "256": 0.01374092698097229,
   "512": 0.0035348832607269287
  },
  "3": {
   "32": 0.13001692295074463,
   "64": 0.07004287838935852,
   "128": 0.034951359033584595,
   "256": 0.013854742050170898,
   "512": 0.004164367914199829
  }
 },
 "tables": {
  "0": 0.8742592036724091,
  "1": 1.6401675939559937,
  "2": 4.049835026264191,
  "3": 6.808574974536896
 },
 "joint": 9.806903421878815
}
