{"stage": "heads_done", "t": 54.7}
{"stage": "baseline", "ce": 3.032240092754364, "t": 55.2}
{"stage": "arms", "EARLY22_OWN_768": 0.057, "ALL36_768": 0.1965, "EARLY22_WIN3_768": 0.0841, "EARLY22_LOO_768": 0.1267, "EARLY22_NBR_768": 0.1382, "ALL36_SPLIT8_768": 0.2183, "t": 63.9}
{
 "preds": {
  "pred_a_instrument": true,
  "pred_b_sliding_window_is_free": false,
  "pred_c_frame_predictable_from_neighbours": false,
  "pred_d_leave_one_out": false,
  "pred_e_settled_from_block_8": true
 },
 "nulls": {
  "b_null_ge_.06": false,
  "c_null_ge_.10": false,
  "d_null_ge_.08": false,
  "e_null_ge_.10": false
 },
 "ce_added": {
  "EARLY22_OWN_768": 0.05698782205581665,
  "ALL36_768": 0.1965300738811493,
  "EARLY22_WIN3_768": 0.08405071496963501,
  "EARLY22_LOO_768": 0.1267165243625641,
  "EARLY22_NBR_768": 0.13820388913154602,
  "ALL36_SPLIT8_768": 0.21833711862564087
 },
 "gaps": {
  "WIN3_minus_own": 0.02706289291381836,
  "LOO_minus_own": 0.06972870230674744,
  "NBR_minus_own": 0.08121606707572937,
  "split8_minus_all36": 0.021807044744491577
 }
}
