{"stage": "heads_done", "t": 14.0}
{"stage": "baseline", "ce": 3.032240092754364, "t": 14.4}
{"stage": "arms", "SPLIT8_1024": 0.0374, "LATE_ATTN_768": 0.0153, "EARLY_ATTN_512": 0.0171, "EARLY_ATTN_PAT_512": 0.0079, "EARLY_ATTN_VAL_512": 0.0085, "EARLY_ATTN_Q_512": 0.004, "EARLY_ATTN_K_512": 0.0039, "EARLY_ATTN_768": 0.0045, "EARLY_ATTN_PAT_768": 0.0023, "EARLY_ATTN_VAL_768": 0.0021, "t": 20.9}
{
 "preds": {
  "pred_a_instrument": true,
  "pred_b_pattern_dominates_early_too": false,
  "pred_c_query_side_dominates_early_too": false,
  "pred_d_sides_additive": true,
  "pred_e_early_attention_is_a_minor_width_consumer": true
 },
 "nulls": {
  "b_null_val_ge_1.5x_pat": false,
  "c_null_key_ge_query": false,
  "d_null_sum_le_.5x_or_ge_1.5x": false,
  "e_null_early_attn_512_ge_.098": false
 },
 "ce_added": {
  "SPLIT8_1024": 0.03738698363304138,
  "LATE_ATTN_768": 0.015339851379394531,
  "EARLY_ATTN_512": 0.01710072159767151,
  "EARLY_ATTN_PAT_512": 0.007899761199951172,
  "EARLY_ATTN_VAL_512": 0.008473902940750122,
  "EARLY_ATTN_Q_512": 0.004011929035186768,
  "EARLY_ATTN_K_512": 0.003858119249343872,
  "EARLY_ATTN_768": 0.00449022650718689,
  "EARLY_ATTN_PAT_768": 0.002346336841583252,
  "EARLY_ATTN_VAL_768": 0.0021109580993652344
 },
 "summary": {
  "pat_share_512": 0.461954845287162,
  "val_share_512": 0.4955289689005847,
  "sum_over_total_512": 0.9574838141877468,
  "q_over_k_512": 1.0398665193848151,
  "pat_share_768": 0.5225430917188236
 }
}
