{"stage": "fit", "mlp1_eff_rank": 319.8672804100158, "t": 8.5}
{"stage": "baseline", "ce": 3.032240092754364, "t": 8.9}
{"stage": "k", "k": 32, "joint": 2.3925939202308655, "sum_single": 1.4270891547203064, "factor": 1.6765553240433582, "t": 13.4}
{"stage": "k", "k": 64, "joint": 1.6465884447097778, "sum_single": 0.6333222985267639, "factor": 2.599921791069218, "t": 17.9}
{"stage": "k", "k": 128, "joint": 0.6919083595275879, "sum_single": 0.209788978099823, "factor": 3.29811587717616, "t": 22.4}
{"stage": "k", "k": 256, "joint": 0.13545456528663635, "sum_single": 0.0639505684375763, "factor": 2.1181135460720237, "t": 26.9}
{"stage": "k", "k": 512, "joint": 0.021118849515914917, "sum_single": 0.01441684365272522, "factor": 1.4648733123996123, "t": 31.4}
{
 "preds": {
  "pred_a_instrument": true,
  "pred_b_early_superadditive": true,
  "pred_c_factor_decays": false,
  "pred_d_early_stack_price_512": true,
  "pred_e_early_costs_more_than_late": true
 },
 "nulls": {
  "b_null_f32_le_1.1": false,
  "c_null_f512_ge_f32": false,
  "d_null_joint512_ge_.30": false,
  "e_null_joint128_le_.30": false
 },
 "joint": {
  "32": 2.3925939202308655,
  "64": 1.6465884447097778,
  "128": 0.6919083595275879,
  "256": 0.13545456528663635,
  "512": 0.021118849515914917
 },
 "factor": {
  "32": 1.6765553240433582,
  "64": 2.599921791069218,
  "128": 3.29811587717616,
  "256": 2.1181135460720237,
  "512": 1.4648733123996123
 }
}
