{
  "calls": 2208,
  "checks": {
    "background_stability_contexts_passing": 2,
    "mapping_contexts_passing": {
      "source_first_to_target_first": 5,
      "source_first_to_target_second": 5,
      "source_second_to_target_first": 6,
      "source_second_to_target_second": 6
    },
    "product_control_contexts_passing": 4,
    "total_background_stability_contexts": 16,
    "total_contexts": 8
  },
  "elapsed_seconds": 51.223819732666016,
  "fixed_pairing_outcome": false,
  "pred_a_valid_physical_instrument": true,
  "pred_b_product_level_positive_control": false,
  "pred_c_both_source_factors_fill_target_first": false,
  "pred_d_both_source_factors_fill_target_second": false,
  "pred_e_branch_exchangeable_downstream_family": false,
  "pred_f_donor_background_stability": false,
  "product_only_outcome": false,
  "rung": 533,
  "status": "completed"
}
