{
  "execution_price": {
    "deployed_parameters_added": 0,
    "deployed_parameters_saved": 0,
    "forwards": 2500,
    "peak_gpu_memory_bytes": 3159521280
  },
  "next_step": "change_observation_set_before_search",
  "predictions": {
    "pred_a_exact_supported_untouched_instrument": true,
    "pred_b_copy_score_relation_recovers": true,
    "pred_c_task_and_circuit_patterns_reject_controls": false,
    "pred_d_closed_under_early_service_removal": false,
    "pred_e_action_assay_calibrated": false
  },
  "rung": 499,
  "runtime_s": 55.89840388298035,
  "status": "complete",
  "strong_null": true
}
