{
  "execution_price": {
    "deployed_parameters_added": 0,
    "deployed_parameters_saved": 0,
    "forwards": 2500,
    "peak_gpu_memory_bytes": 3159521280
  },
  "next_step": "register_four_score_directed_search_with_mlp9_and_task_observations",
  "predictions": {
    "pred_a_exact_live_reader_instrument": true,
    "pred_b_mlp9_reads_known_score_relation": true,
    "pred_c_mlp9_rejects_typed_controls": true,
    "pred_d_reader_stable_under_early_removal": true,
    "pred_e_reader_copy_task_selective": true,
    "pred_f_named_reader_calibrated": true
  },
  "rung": 500,
  "runtime_s": 56.44763159751892,
  "status": "complete",
  "strong_null": false
}
