{
  "execution_price": {
    "deployed_parameters_added": 0,
    "deployed_parameters_saved": 0,
    "discovery_forwards": 8125,
    "peak_gpu_memory_bytes": 3159521280,
    "scale_forwards": 24,
    "validation_forwards": 0
  },
  "next_step": "calibrated_known_edge_isolated_then_decompose_its_mlp9_source_pairs",
  "predictions": {
    "pred_a_exact_live_isolated_instrument": true,
    "pred_b_calibration_tripwires_reproduce": true,
    "pred_c_new_confirmed_directed_edge": false,
    "pred_d_graph_semantics_typed": false,
    "pred_e_heldout_graph_validation": false,
    "pred_f_reusable_copy_score_graph": false
  },
  "rung": 501,
  "runtime_s": 176.5240912437439,
  "status": "complete",
  "strong_null": true,
  "validation_opened": false
}
