{
  "execution_price": {
    "deployed_parameters_saved": 0,
    "outer_forwards": 192,
    "peak_gpu_memory_bytes": 3159521280,
    "searched_pair_reader_candidates": 72
  },
  "interchange": null,
  "next_step": "split_equality_terms_into_qk_score_and_value_output_pieces",
  "patch": null,
  "predictions": {
    "pred_a_instrument": true,
    "pred_b_fit_task_conditioned_pair_reader": false,
    "pred_c_heldout_response_transfer": false,
    "pred_d_heldout_causal_patch": false,
    "pred_e_heldout_interchange": false
  },
  "response_validation": null,
  "rung": 458,
  "runtime_s": 14.001482248306274,
  "selected": null,
  "status": "complete",
  "strong_null": true
}
