evaluated FineWeb windows 4/1256
evaluated FineWeb windows 8/1256
evaluated FineWeb windows 12/1256
evaluated FineWeb windows 16/1256
evaluated FineWeb windows 20/1256
evaluated FineWeb windows 24/1256
evaluated FineWeb windows 28/1256
evaluated FineWeb windows 32/1256
evaluated FineWeb windows 36/1256
evaluated FineWeb windows 40/1256
evaluated FineWeb windows 44/1256
evaluated FineWeb windows 48/1256
evaluated FineWeb windows 52/1256
evaluated FineWeb windows 56/1256
evaluated FineWeb windows 60/1256
evaluated FineWeb windows 64/1256
evaluated FineWeb windows 68/1256
evaluated FineWeb windows 72/1256
evaluated FineWeb windows 76/1256
evaluated FineWeb windows 80/1256
evaluated FineWeb windows 84/1256
evaluated FineWeb windows 88/1256
evaluated FineWeb windows 92/1256
evaluated FineWeb windows 96/1256
evaluated FineWeb windows 100/1256
evaluated FineWeb windows 104/1256
evaluated FineWeb windows 108/1256
evaluated FineWeb windows 112/1256
evaluated FineWeb windows 116/1256
evaluated FineWeb windows 120/1256
evaluated FineWeb windows 124/1256
evaluated FineWeb windows 128/1256
evaluated FineWeb windows 132/1256
evaluated FineWeb windows 136/1256
evaluated FineWeb windows 140/1256
evaluated FineWeb windows 144/1256
evaluated FineWeb windows 148/1256
evaluated FineWeb windows 152/1256
evaluated FineWeb windows 156/1256
evaluated FineWeb windows 160/1256
evaluated FineWeb windows 164/1256
evaluated FineWeb windows 168/1256
evaluated FineWeb windows 172/1256
evaluated FineWeb windows 176/1256
evaluated FineWeb windows 180/1256
evaluated FineWeb windows 184/1256
evaluated FineWeb windows 188/1256
evaluated FineWeb windows 192/1256
evaluated FineWeb windows 196/1256
evaluated FineWeb windows 200/1256
evaluated FineWeb windows 204/1256
evaluated FineWeb windows 208/1256
evaluated FineWeb windows 212/1256
evaluated FineWeb windows 216/1256
evaluated FineWeb windows 220/1256
evaluated FineWeb windows 224/1256
evaluated FineWeb windows 228/1256
evaluated FineWeb windows 232/1256
evaluated FineWeb windows 236/1256
evaluated FineWeb windows 240/1256
evaluated FineWeb windows 244/1256
evaluated FineWeb windows 248/1256
evaluated FineWeb windows 252/1256
evaluated FineWeb windows 256/1256
evaluated FineWeb windows 260/1256
evaluated FineWeb windows 264/1256
evaluated FineWeb windows 268/1256
evaluated FineWeb windows 272/1256
evaluated FineWeb windows 276/1256
evaluated FineWeb windows 280/1256
evaluated FineWeb windows 284/1256
evaluated FineWeb windows 288/1256
evaluated FineWeb windows 292/1256
evaluated FineWeb windows 296/1256
evaluated FineWeb windows 300/1256
evaluated FineWeb windows 304/1256
evaluated FineWeb windows 308/1256
evaluated FineWeb windows 312/1256
evaluated FineWeb windows 316/1256
evaluated FineWeb windows 320/1256
evaluated FineWeb windows 324/1256
evaluated FineWeb windows 328/1256
evaluated FineWeb windows 332/1256
evaluated FineWeb windows 336/1256
evaluated FineWeb windows 340/1256
evaluated FineWeb windows 344/1256
evaluated FineWeb windows 348/1256
evaluated FineWeb windows 352/1256
evaluated FineWeb windows 356/1256
evaluated FineWeb windows 360/1256
evaluated FineWeb windows 364/1256
evaluated FineWeb windows 368/1256
evaluated FineWeb windows 372/1256
evaluated FineWeb windows 376/1256
evaluated FineWeb windows 380/1256
evaluated FineWeb windows 384/1256
evaluated FineWeb windows 388/1256
evaluated FineWeb windows 392/1256
evaluated FineWeb windows 396/1256
evaluated FineWeb windows 400/1256
evaluated FineWeb windows 404/1256
evaluated FineWeb windows 408/1256
evaluated FineWeb windows 412/1256
evaluated FineWeb windows 416/1256
evaluated FineWeb windows 420/1256
evaluated FineWeb windows 424/1256
evaluated FineWeb windows 428/1256
evaluated FineWeb windows 432/1256
evaluated FineWeb windows 436/1256
evaluated FineWeb windows 440/1256
evaluated FineWeb windows 444/1256
evaluated FineWeb windows 448/1256
evaluated FineWeb windows 452/1256
evaluated FineWeb windows 456/1256
evaluated FineWeb windows 460/1256
evaluated FineWeb windows 464/1256
evaluated FineWeb windows 468/1256
evaluated FineWeb windows 472/1256
evaluated FineWeb windows 476/1256
evaluated FineWeb windows 480/1256
evaluated FineWeb windows 484/1256
evaluated FineWeb windows 488/1256
evaluated FineWeb windows 492/1256
evaluated FineWeb windows 496/1256
evaluated FineWeb windows 500/1256
evaluated FineWeb windows 504/1256
evaluated FineWeb windows 508/1256
evaluated FineWeb windows 512/1256
evaluated FineWeb windows 516/1256
evaluated FineWeb windows 520/1256
evaluated FineWeb windows 524/1256
evaluated FineWeb windows 528/1256
evaluated FineWeb windows 532/1256
evaluated FineWeb windows 536/1256
evaluated FineWeb windows 540/1256
evaluated FineWeb windows 544/1256
evaluated FineWeb windows 548/1256
evaluated FineWeb windows 552/1256
evaluated FineWeb windows 556/1256
evaluated FineWeb windows 560/1256
evaluated FineWeb windows 564/1256
evaluated FineWeb windows 568/1256
evaluated FineWeb windows 572/1256
evaluated FineWeb windows 576/1256
evaluated FineWeb windows 580/1256
evaluated FineWeb windows 584/1256
evaluated FineWeb windows 588/1256
evaluated FineWeb windows 592/1256
evaluated FineWeb windows 596/1256
evaluated FineWeb windows 600/1256
evaluated FineWeb windows 604/1256
evaluated FineWeb windows 608/1256
evaluated FineWeb windows 612/1256
evaluated FineWeb windows 616/1256
evaluated FineWeb windows 620/1256
evaluated FineWeb windows 624/1256
evaluated FineWeb windows 628/1256
evaluated FineWeb windows 632/1256
evaluated FineWeb windows 636/1256
evaluated FineWeb windows 640/1256
evaluated FineWeb windows 644/1256
evaluated FineWeb windows 648/1256
evaluated FineWeb windows 652/1256
evaluated FineWeb windows 656/1256
evaluated FineWeb windows 660/1256
evaluated FineWeb windows 664/1256
evaluated FineWeb windows 668/1256
evaluated FineWeb windows 672/1256
evaluated FineWeb windows 676/1256
evaluated FineWeb windows 680/1256
evaluated FineWeb windows 684/1256
evaluated FineWeb windows 688/1256
evaluated FineWeb windows 692/1256
evaluated FineWeb windows 696/1256
evaluated FineWeb windows 700/1256
evaluated FineWeb windows 704/1256
evaluated FineWeb windows 708/1256
evaluated FineWeb windows 712/1256
evaluated FineWeb windows 716/1256
evaluated FineWeb windows 720/1256
evaluated FineWeb windows 724/1256
evaluated FineWeb windows 728/1256
evaluated FineWeb windows 732/1256
evaluated FineWeb windows 736/1256
evaluated FineWeb windows 740/1256
evaluated FineWeb windows 744/1256
evaluated FineWeb windows 748/1256
evaluated FineWeb windows 752/1256
evaluated FineWeb windows 756/1256
evaluated FineWeb windows 760/1256
evaluated FineWeb windows 764/1256
evaluated FineWeb windows 768/1256
evaluated FineWeb windows 772/1256
evaluated FineWeb windows 776/1256
evaluated FineWeb windows 780/1256
evaluated FineWeb windows 784/1256
evaluated FineWeb windows 788/1256
evaluated FineWeb windows 792/1256
evaluated FineWeb windows 796/1256
evaluated FineWeb windows 800/1256
evaluated FineWeb windows 804/1256
evaluated FineWeb windows 808/1256
evaluated FineWeb windows 812/1256
evaluated FineWeb windows 816/1256
evaluated FineWeb windows 820/1256
evaluated FineWeb windows 824/1256
evaluated FineWeb windows 828/1256
evaluated FineWeb windows 832/1256
evaluated FineWeb windows 836/1256
evaluated FineWeb windows 840/1256
evaluated FineWeb windows 844/1256
evaluated FineWeb windows 848/1256
evaluated FineWeb windows 852/1256
evaluated FineWeb windows 856/1256
evaluated FineWeb windows 860/1256
evaluated FineWeb windows 864/1256
evaluated FineWeb windows 868/1256
evaluated FineWeb windows 872/1256
evaluated FineWeb windows 876/1256
evaluated FineWeb windows 880/1256
evaluated FineWeb windows 884/1256
evaluated FineWeb windows 888/1256
evaluated FineWeb windows 892/1256
evaluated FineWeb windows 896/1256
evaluated FineWeb windows 900/1256
evaluated FineWeb windows 904/1256
evaluated FineWeb windows 908/1256
evaluated FineWeb windows 912/1256
evaluated FineWeb windows 916/1256
evaluated FineWeb windows 920/1256
evaluated FineWeb windows 924/1256
evaluated FineWeb windows 928/1256
evaluated FineWeb windows 932/1256
evaluated FineWeb windows 936/1256
evaluated FineWeb windows 940/1256
evaluated FineWeb windows 944/1256
evaluated FineWeb windows 948/1256
evaluated FineWeb windows 952/1256
evaluated FineWeb windows 956/1256
evaluated FineWeb windows 960/1256
evaluated FineWeb windows 964/1256
evaluated FineWeb windows 968/1256
evaluated FineWeb windows 972/1256
evaluated FineWeb windows 976/1256
evaluated FineWeb windows 980/1256
evaluated FineWeb windows 984/1256
evaluated FineWeb windows 988/1256
evaluated FineWeb windows 992/1256
evaluated FineWeb windows 996/1256
evaluated FineWeb windows 1000/1256
evaluated FineWeb windows 1004/1256
evaluated FineWeb windows 1008/1256
evaluated FineWeb windows 1012/1256
evaluated FineWeb windows 1016/1256
evaluated FineWeb windows 1020/1256
evaluated FineWeb windows 1024/1256
evaluated FineWeb windows 1028/1256
evaluated FineWeb windows 1032/1256
evaluated FineWeb windows 1036/1256
evaluated FineWeb windows 1040/1256
evaluated FineWeb windows 1044/1256
evaluated FineWeb windows 1048/1256
evaluated FineWeb windows 1052/1256
evaluated FineWeb windows 1056/1256
evaluated FineWeb windows 1060/1256
evaluated FineWeb windows 1064/1256
evaluated FineWeb windows 1068/1256
evaluated FineWeb windows 1072/1256
evaluated FineWeb windows 1076/1256
evaluated FineWeb windows 1080/1256
evaluated FineWeb windows 1084/1256
evaluated FineWeb windows 1088/1256
evaluated FineWeb windows 1092/1256
evaluated FineWeb windows 1096/1256
evaluated FineWeb windows 1100/1256
evaluated FineWeb windows 1104/1256
evaluated FineWeb windows 1108/1256
evaluated FineWeb windows 1112/1256
evaluated FineWeb windows 1116/1256
evaluated FineWeb windows 1120/1256
evaluated FineWeb windows 1124/1256
evaluated FineWeb windows 1128/1256
evaluated FineWeb windows 1132/1256
evaluated FineWeb windows 1136/1256
evaluated FineWeb windows 1140/1256
evaluated FineWeb windows 1144/1256
evaluated FineWeb windows 1148/1256
evaluated FineWeb windows 1152/1256
evaluated FineWeb windows 1156/1256
evaluated FineWeb windows 1160/1256
evaluated FineWeb windows 1164/1256
evaluated FineWeb windows 1168/1256
evaluated FineWeb windows 1172/1256
evaluated FineWeb windows 1176/1256
evaluated FineWeb windows 1180/1256
evaluated FineWeb windows 1184/1256
evaluated FineWeb windows 1188/1256
evaluated FineWeb windows 1192/1256
evaluated FineWeb windows 1196/1256
evaluated FineWeb windows 1200/1256
evaluated FineWeb windows 1204/1256
evaluated FineWeb windows 1208/1256
evaluated FineWeb windows 1212/1256
evaluated FineWeb windows 1216/1256
evaluated FineWeb windows 1220/1256
evaluated FineWeb windows 1224/1256
evaluated FineWeb windows 1228/1256
evaluated FineWeb windows 1232/1256
evaluated FineWeb windows 1236/1256
evaluated FineWeb windows 1240/1256
evaluated FineWeb windows 1244/1256
evaluated FineWeb windows 1248/1256
evaluated FineWeb windows 1252/1256
evaluated FineWeb windows 1256/1256
{
  "coverage": {
    "wave_A": 0.9354501962661743,
    "wave_B": 0.9371935129165649,
    "pooled": 0.9363523721694946
  },
  "integrity": {
    "call_counts": {
      "candidate_original_down_calls": 0,
      "poison_canary_calls": 1,
      "c512_proxy_calls": 1256
    },
    "phase_site_call_counts": {
      "mlp1_teacher_capture": {
        "1": 1256
      },
      "mlp2_teacher_capture": {
        "2": 1256
      },
      "parent_replay_mlp_sites": {
        "0": 1256,
        "1": 1256,
        "2": 628,
        "3": 1256,
        "4": 1256,
        "5": 1256,
        "6": 1256,
        "7": 1256,
        "8": 1256,
        "9": 1256,
        "10": 1256,
        "11": 1256,
        "12": 1256,
        "13": 1256,
        "14": 1256,
        "15": 1256,
        "16": 1256,
        "17": 1256
      },
      "crossed_suffix_replay": {
        "3": 2512,
        "4": 2512,
        "5": 2512,
        "6": 2512,
        "7": 2512,
        "8": 2512,
        "9": 2512,
        "10": 2512,
        "11": 2512,
        "12": 2512,
        "13": 2512,
        "14": 2512,
        "15": 2512,
        "16": 2512,
        "17": 2512
      },
      "crossed_forbidden_teacher": {
        "1": 0,
        "2": 0
      }
    },
    "observed_hashes": {
      "source_closure_sha256": "1efb44ae71f043250e5bb42da16d44a1e0cf0e692d905892e0b24f7820359520",
      "row_receipt_sha256": "f9b6be90167e7fb1c8d17d7ffcfa41db918416a91a4f5726f7a01253a0eb43d1",
      "row_tensor_sha256": "f41f493ae4fae42cd8e0e4ab97b93b83d682d428a672db4a16e40772ae4c12f1",
      "c512_program_sha256": "3ecf43b485d343bc5413e817dbd4236e5ce6cdaa7a3e0e653214e812b84ce470",
      "model_checkpoint_sha256": "680d6c26cf05af2e9b5eaac1d52fa1c9e4ea443f60a7c74ad211740e317d6de3",
      "model_config_sha256": "428042bfd807ba36f8b4326395440fbbebe52cd3d040212e6fef14a4fdf2d83c",
      "inherited_currency_sha256": "fd6d33dd04d6b8560bb0f2d7c068e0fc2e5e9418a24ff67cd517fc47de1ae963",
      "control_contract_sha256": "51a561cfa237889b28b8c6569fab76a6211f317804850dc230c84c6b97ddc243",
      "repair_amendment_sha256": "33cb9773294717ae80694ef7ab377710c400c78830c7bcb2eba1d3212895207c"
    },
    "parent_replay": {
      "exact_live": {
        "raw_logits_max_abs": 0.0,
        "capped_logits_max_abs": 0.0,
        "ce_abs": 0.0,
        "passes": true
      },
      "candidate_live": {
        "raw_logits_max_abs": 0.0,
        "capped_logits_max_abs": 0.0,
        "ce_abs": 0.0,
        "passes": true
      },
      "exact_mlp2_omit": {
        "raw_logits_max_abs": 0.0,
        "capped_logits_max_abs": 0.0,
        "ce_abs": 0.0,
        "passes": true
      },
      "candidate_mlp2_omit": {
        "raw_logits_max_abs": 0.0,
        "capped_logits_max_abs": 0.0,
        "ce_abs": 0.0,
        "passes": true
      }
    },
    "same_realization_delta": {
      "max_abs": 0.0,
      "passes": true
    },
    "carried_state_identity": {
      "x0_max_abs": 0.0,
      "v1_max_abs": 0.0,
      "passes": true
    },
    "control_checks": {
      "derangement_bijection": true,
      "donor_arrays_indexed_by_permutation": true,
      "derangement_no_same_document": true,
      "derangement_wave_cell_preserving": true,
      "control_realization_sha256": "2c358a0b13c753cea49576c8a5285788cb78a91ecc340c8f259ac2483c63adc0",
      "native_control_norm_max_abs_error": 0.0009765625,
      "native_control_norm_max_allowance_ratio": 0.023186203092336655,
      "native_control_norm_all_positions_within_bound": true,
      "passes": true
    },
    "scoring_currency": {
      "centered_capped_logit_rms": 2.584135756182981,
      "matches_authority": true
    }
  },
  "decisions": {
    "mlp2_suppression_replicates": false,
    "complete_compensation": false,
    "aligned_mlp2_write_compensates": false,
    "component_status": {
      "prewrite_state": "inconclusive",
      "write_on_exact_state": "inconclusive",
      "write_on_candidate_state": "inconclusive",
      "interaction": "inconclusive"
    }
  },
  "runtime_s": 208.23569512367249
}
wrote /workspace/tensor_language/basis_aligned/bilinear_quotient/mlp0_c512_mlp2_compensation_v2_results.json
