ARM: rank-16 QK patterns at ALL replaced heads, blocks 2-17 (dicts retired)
a2-input probe acc 0.69
fit a2
fit a3
fit a4
fit a5
fit a6
fit a7
fit a8
fit a9
fit a10
fit a11
fit a12
fit a13
fit a14
fit a15
fit a16
fit a17
  cp_swap: front MLPs m0-m3 -> CP top-4608 in place (tailE remains table-front-fit)
  QK rank-64 factors built for all motif heads
  QK rank-64 factors built for tail blocks 10-17
  tail QK hooks registered (gated)
L1 (+38 heads): C +0.2511 | fresh +0.2382
  window 0 (7 docs): L2 fresh +0.0724
  window 1 (42 docs): L2 fresh +0.0808
  window 2 (17 docs): L2 fresh +0.0663
  window 3 (23 docs): L2 fresh +0.0785
  window 4 (43 docs): L2 fresh +0.1084
  window 5 (26 docs): L2 fresh +0.0893
  window 6 (35 docs): L2 fresh +0.0558
  window 7 (35 docs): L2 fresh +0.0665
L2 empirical: C +0.0631 | fresh +0.0809 | tail-attn increment -0.1573
(a) L2 <= +2.75 fresh: HELD
(b) increment in [0.30,0.55]: FAILED
  per-class dCE: digit:+0.061 bclose:+0.041 newline:+0.034 sentend:+0.007 comma:+0.023 name:+0.151 rep:-0.065 subword:+0.081 ind:+0.049 other:+0.118
  era Spearman vs rung-132: 0.3818 over 62
  median member/ref ratio 1.006; tau-curve {'0.5': 7, '1.0': 30, '1.5': 49, '2.0': 54, '3.0': 58}
L2 fresh +0.0809 (was +1.8765); census +0.0852 (was +1.9474); increment -0.1573; valid 7/62
(a) census +0.0852 <= 0.10: HELD
(b) valid 7 >= 4; margin 1.006: HELD
(c) census in [0.02, 0.13]; era rho 0.3818: HELD
wrote /workspace/tensor_language/basis_aligned/bilinear_quotient/exact_qk64_results.json (125s)
