{
  "all_required_gates_pass": false,
  "decision": "downstream_use_decomposition_null",
  "evaluated_splits": [
    "FIT"
  ],
  "model_forwards": 379,
  "next_step": "retain_R576_broad_carrier_and_do_not_promote_R582_component",
  "pred_a_exact_prefix_and_bilinear_decomposition": true,
  "pred_b_selective_downstream_action_component": false,
  "pred_c_cross_representation_reuse": false,
  "pred_d_evidence_derived_terminal": true,
  "selected_component": null
}
Traceback (most recent call last):
  File "/workspace/tensor_language/basis_aligned/bilinear_quotient/ops/execute_numbered_list_cached_value_downstream_use_rung590.py", line 306, in <module>
    main()
  File "/workspace/tensor_language/basis_aligned/bilinear_quotient/ops/execute_numbered_list_cached_value_downstream_use_rung590.py", line 301, in main
    report = dispatch(os.environ)
             ^^^^^^^^^^^^^^^^^^^^
  File "/workspace/tensor_language/basis_aligned/bilinear_quotient/ops/execute_numbered_list_cached_value_downstream_use_rung590.py", line 294, in dispatch
    raise RuntimeError("R590 verified scientific entry point unexpectedly returned")
RuntimeError: R590 verified scientific entry point unexpectedly returned
