Warning: You are sending unauthenticated requests to the HF Hub. Please set a HF_TOKEN to enable higher rate limits and faster downloads.
attn maps built
{
 "clean": {
  "global": 2.9483,
  "class": 2.3912
 },
 "bg": {
  "global": 3.11,
  "class": 2.5889
 },
 "bg_plus_circuit": {
  "global": 3.0981,
  "class": 2.6471
 },
 "bg_class_rise": 0.1978,
 "const_class_rise_ref": 2.562,
 "rec_in_bg": -0.2942,
 "rec_const_ref": 0.2295
}
pred_a True | pred_b False | pred_c True
wrote /workspace/tensor_language/basis_aligned/bilinear_quotient/extraction_bg_p_results.json (58.3s)
