swiglu18 L5: rank-0 +0.4846
swiglu18 L6: rank-0 +0.1716
swiglu18 L7: rank-0 +0.0917
swiglu18 L8: rank-0 +0.0918
swiglu18 L9: rank-0 +0.0963
swiglu18 L10: rank-0 +0.0950
swiglu18 L11: rank-0 +0.0971
swiglu18 L12: rank-0 +0.0744
swiglu18 L13: rank-0 +0.0558
swiglu18 L14: rank-0 +0.0556
swiglu18 L15: rank-0 +0.0364
sqrd12 L3: rank-0 +0.7550
sqrd12 L4: rank-0 +0.3739
sqrd12 L5: rank-0 +0.2092
sqrd12 L6: rank-0 +0.2526
sqrd12 L7: rank-0 +0.1455
sqrd12 L8: rank-0 +0.1316
sqrd12 L9: rank-0 +0.1633
sqrd12 L10: rank-0 +0.1208

swiglu18 licensed [15] | sqrd12 licensed []
(a) 18L licenses >=2: FAILED
(b) 12L licenses <=1: HELD
wrote /workspace/tensor_language/basis_aligned/bilinear_quotient/family_size_scan_results.json (15s)
