bilin12 L 3: span-8 deletion +0.0644
bilin12 L 4: span-8 deletion +0.0359
bilin12 L 5: span-8 deletion +0.0608
bilin12 L 6: span-8 deletion +0.0820
bilin12 L 7: span-8 deletion +0.0305
bilin12 L 8: span-8 deletion +0.0128
bilin12 L 9: span-8 deletion +0.0263
bilin12 L10: span-8 deletion +0.0602
swiglu18 L 5: span-8 deletion +0.0199
swiglu18 L 6: span-8 deletion +0.0144
swiglu18 L 7: span-8 deletion +0.0166
swiglu18 L 8: span-8 deletion +0.0068
swiglu18 L 9: span-8 deletion +0.0106
swiglu18 L10: span-8 deletion +0.0117
swiglu18 L11: span-8 deletion +0.0152
swiglu18 L12: span-8 deletion +0.0108
swiglu18 L13: span-8 deletion -0.0020
swiglu18 L14: span-8 deletion +0.0061
swiglu18 L15: span-8 deletion -0.0296  <-- IMPROVES

bilin12 improves: [] | swiglu18 improves: [15]
(a) bilin12 <=1: HELD
(b) swiglu18 <=1: HELD
wrote /workspace/tensor_language/basis_aligned/bilinear_quotient/family_regularizer_results.json (16s)
