level 0: 108 probes
r.0: repl 0.998 class newline 0.05 n=11981 tokens ['/', ' )', '1', '2', '3', ' the']
  r.0.0: repl 0.997 class newline 0.207 n=1798 tokens ['tainment', '6', 'tainment', ' Court', '3', ' House']
    r.0.0.0: repl 0.996 class newline 0.463 n=270 tokens ['2', ' Abbey', 'head', 'tainment', '3', 'gate']
    r.0.0.1: repl 0.945 class name 0.118 n=270 tokens [' Dover', 'bourne', ' Hotel', 'ham', ' Eating', 'ster']
    r.0.0.2: repl 0.851 class name 0.015 n=270 tokens ['2', '2', '300', '3', ' Museum', 'ights']
    r.0.0.3: repl 0.084 class name 0.019 n=270 tokens ['3', ' BAR', ' BAR', ' House', 'UB', ' Market']
  r.0.1: repl 0.981 class newline 0.05 n=1798 tokens ['ham', '\n', '\n', '\n', '\n', '\n']
    r.0.1.0: repl 0.966 class newline 0.374 n=270 tokens ['1', '3', '2', '4', '3', ' ']
    r.0.1.1: repl 0.94 class name 0.085 n=270 tokens ['\n', ')', '\n', 'ights', '\n', ' Palace']
    r.0.1.2: repl 0.903 class name 0.121 n=270 tokens ['tainment', ' Museum', ' House', ' Court', ' Abbey', '\n']
    r.0.1.3: repl 0.454 class digit 0.007 n=270 tokens ['ISH', '\n', 'UB', ' Canterbury', ' Steps', 'ights']
  r.0.2: repl 0.92 class newline 0.01 n=1798 tokens ['ster', 'ate', 'ities', ' the', ' t', '\n']
    r.0.2.0: repl 0.997 class newline 0.173 n=270 tokens ['1', 'head', '2', '3', '4', ' {']
    r.0.2.1: repl 0.988 class ind 0.005 n=270 tokens [' House', '\n', 'eping', '\n', '\n', 'ights']
    r.0.2.2: repl 0.878 class bclose 0.003 n=270 tokens ['\n', '\n', '\n', '\n', '\n', '\n']
    r.0.2.3: repl 0.885 class newline 0.072 n=270 tokens ['3', ' Market', 'S', ' Eating', ' ;', '\n']
  r.0.3: repl 0.888 class other 0.009 n=1798 tokens ['4', '3', ' Rye', 'ment', '\n', '2']
    r.0.3.0: repl 0.771 class newline 0.182 n=270 tokens ['3', '3', ')', ')', '4', '3']
    r.0.3.1: repl 0.854 class newline 0.128 n=270 tokens ['head', '6', ',', '\n', 'opping', '2']
    r.0.3.2: repl 0.85 class newline 0.006 n=270 tokens [' Dover', 'ham', '4', ' Hastings', '300', ' Sandwich']
    r.0.3.3: repl 0.344 class newline 0.009 n=270 tokens [' House', ' Hotel', ' Rye', ' House', ':', '6']
r.1: repl 0.991 class ind 0.034 n=11981 tokens [' o', '\n', '\n', '\n', '\n', 'ING']
  r.1.0: repl 0.984 class newline 0.116 n=1798 tokens [' ', ' ', ' ', ' G', ' ', ' ']
    r.1.0.0: repl 0.997 class newline 0.44 n=270 tokens ['\n', '\n', '\n', '\n', '\n', '\n']
    r.1.0.1: repl 0.986 class subword 0.062 n=270 tokens ['LE', ' ', ' ', 'LE', ' ', ' W']
    r.1.0.2: repl 0.766 class subword 0.092 n=270 tokens ['2', '2', 'UB', '1', ' G', ' G']
    r.1.0.3: repl 0.695 class ind 0.058 n=270 tokens ['Information', '1', ' ', '2', ' Egyptian', ' ']
  r.1.1: repl 0.98 class newline 0.401 n=1798 tokens ['\n', '\n', '\n', ' House', ' Rooms', ' Tower']
    r.1.1.0: repl 0.998 class newline 0.577 n=270 tokens ['1', ' t', ' t', '1', ' t', ' t']
    r.1.1.1: repl 0.977 class newline 0.044 n=270 tokens ['M', '-', 'M', 'M', 'M', 'M']
    r.1.1.2: repl 0.917 class name 0.081 n=270 tokens [' t', ' t', ' t', ' Hastings', ' t', ' t']
    r.1.1.3: repl 0.714 class rep 0.044 n=270 tokens [' ', 'bourne', ' Dover', ' ', ' ', ' W']
  r.1.2: repl 0.981 class rep 0.018 n=1798 tokens [' the', ' between', ' the', ' Struct', ' G', ',']
    r.1.2.0: repl 0.982 class other 0.022 n=270 tokens [' S', ' ', ' ', ' S', ' included', ' S']
    r.1.2.1: repl 0.945 class ind 0.038 n=270 tokens ['Bus', '-', 'ights', 'ights', '-', 'ights']
    r.1.2.2: repl 0.244 class rep 0.049 n=270 tokens ['\n', '/', '\n', ' tourist', 'M', 'LE']
    r.1.2.3: repl 0.26 class digit 0.017 n=270 tokens [' 9', ' 8', 'igo', ' ', ' St', ' New']
  r.1.3: repl 0.956 class sentend 0.014 n=1798 tokens [' Dover', 'bourne', ' Hastings', ' Sandwich', 'gate', ' House']
    r.1.3.0: repl 0.84 class newline 0.132 n=270 tokens ['400', '-', 'B', '\n', '-', 'rd']
    r.1.3.1: repl 0.64 class ind 0.039 n=270 tokens [' ', ' ', ' ', ' ', ' ', ' ']
    r.1.3.2: repl 0.508 class subword 0.047 n=270 tokens ['us', ' St', 'as', ' St', ' St', ' St']
    r.1.3.3: repl 0.385 class subword 0.022 n=270 tokens ['2', ' Rye', ' t', ' Sandwich', '-', '2']
r.2: repl 0.943 class newline 0.127 n=11981 tokens ['\n', ' t', ' m', '\n', '\n', '\n']
  r.2.0: repl 0.992 class newline 0.497 n=1798 tokens ['\n', '\n', '\n', '\n', '\n', '\n']
    r.2.0.0: repl 0.991 class newline 0.701 n=270 tokens [' Hotel', '\n', '\n', '\n', ' Hotel', '\n']
    r.2.0.1: repl 0.089 class ind 0.008 n=270 tokens ['ham', 'bourne', ')', ' Tower', '\n', ' Abbey']
    r.2.0.2: repl 0.208 class ind 0.059 n=270 tokens ['ley', '\n', '\n', 'tainment', '\n', '\n']
    r.2.0.3: repl 0.627 class newline 0.019 n=270 tokens ['\n', '\n', '\n', '\n', '\n', '\n']
  r.2.1: repl 0.985 class other 0.047 n=1798 tokens ['3', '\n', ' m', '1', '\n', ' m']
    r.2.1.0: repl 0.952 class newline 0.116 n=270 tokens ['\n', ' Rye', 'opping', ' MAP', '\n', '\n']
    r.2.1.1: repl 0.833 class ind 0.15 n=270 tokens ['2', '\n', '\n', 'opping', '\n', '\n']
    r.2.1.2: repl 0.038 class bclose 0.026 n=270 tokens ['\n', '\n', ')', '\n', 'alking', '2']
    r.2.1.3: repl 0.059 class newline 0.039 n=270 tokens ['ights', 'ights', 'I', ' Abbey', 'D', '3']
  r.2.2: repl 0.979 class newline 0.079 n=1798 tokens ['3', '3', '4', '6', 'bourne', 'stairs']
    r.2.2.0: repl 0.945 class name 0.015 n=270 tokens ['ham', '\n', ' m', '\n', ' ', '\n']
    r.2.2.1: repl 0.333 class name 0.017 n=270 tokens ['ham', ')', ';', ' Dover', ' Abbey', ' Market']
    r.2.2.2: repl 0.6 class ind 0.069 n=270 tokens ['2', '1', '4', '\n', ' Tower', '3']
    r.2.2.3: repl 0.234 class newline 0.107 n=270 tokens ['\n', '\n', 'urn', 'ate', '\n', '\n']
  r.2.3: repl 0.635 class newline 0.006 n=1798 tokens ['\n', '\n', ' ', ' hub', '\n', ' Tower']
    r.2.3.0: repl 0.596 class newline 0.2 n=270 tokens ['B', 'iverse', ' Tower', ' Dover', 'ley', 'chard']
    r.2.3.1: repl 0.4 class newline 0.03 n=270 tokens ['t', 'fell', ' t', '\n', 'is', 'AL']
    r.2.3.2: repl 0.651 class ind 0.012 n=270 tokens [' St', ' St', 'Bus', 'G', 'CA', '300']
    r.2.3.3: repl 0.892 class ind 0.016 n=270 tokens ['\n', 'c', '\n', '\n', '2', '6']
r.3: repl 0.93 class newline 0.1 n=11981 tokens ['\n', 'T', '\n', '\n', '\n', ' 8']
  r.3.0: repl 0.834 class newline 0.256 n=1798 tokens ['\n', '\n', 'wick', ' Sandwich', '4', ' Rye']
    r.3.0.0: repl 0.984 class newline 0.479 n=270 tokens [' Sandwich', 'ights', 'wick', '\n', ' ', '3']
    r.3.0.1: repl 0.923 class newline 0.031 n=270 tokens [' Rye', '\n', ' Hastings', ' Shopping', '2', ' Dover']
    r.3.0.2: repl 0.525 class newline 0.045 n=270 tokens ['\n', '\n', '\n', '\n', '\n', '\n']
    r.3.0.3: repl 0.558 class ind 0.035 n=270 tokens ['uton', '\n', 'head', '\n', '.', ' In']
  r.3.1: repl 0.777 class ind 0.106 n=1798 tokens [' ', ' –', ' and', ' the', ' making', ' Once']
    r.3.1.0: repl 0.942 class newline 0.366 n=270 tokens [' Sandwich', 'ate', ' Battle', ')', ' Dover', '\n']
    r.3.1.1: repl 0.89 class newline 0.14 n=270 tokens ['6', '\n', '\n', '2', '\n', '\n']
    r.3.1.2: repl 0.176 class newline 0.063 n=270 tokens ['}', '\n', ';', ' ', ' ', ';']
    r.3.1.3: repl 0.293 class bclose 0.006 n=270 tokens ['4', ' Entertainment', 'Street', '{', ' Rye', 'ICE']
  r.3.2: repl 0.485 class other 0.026 n=1798 tokens [' Bake', '\n', ' Rooms', ' Company', '\n', '3']
  r.3.3: repl 0.425 class newline 0.119 n=1798 tokens ['ating', '\n', 'UB', '2', ' House', ' House']
r.4: repl 0.296 class subword 0.011 n=11981 tokens ['ford', ' D', ' Queen', 'Royal', ',', 'us']
r.5: repl 0.316 class newline 0.009 n=11981 tokens [' House', '4', 'head', ' House', 'ham', '3']
r.6: repl 0.885 class subword 0.005 n=11981 tokens ['Le', '2', '###', '\n', ' Virgin', 'T']
  r.6.0: repl 0.985 class bclose 0.019 n=1798 tokens ['\n', 'B', '3', '\n', 'ights', '\n']
    r.6.0.0: repl 0.982 class bclose 0.144 n=270 tokens ['ham', 'B', 'IC', 'tainment', ' MAP', ' MAP']
    r.6.0.1: repl 0.606 class bclose 0.104 n=270 tokens [' Court', 'ster', 'bourne', 'EL', 'ment', '\n']
    r.6.0.2: repl 0.501 class newline 0.097 n=270 tokens ['4', '3', '3', '3', '\n', '1']
    r.6.0.3: repl 0.783 class bclose 0.085 n=270 tokens ['opping', '2', '6', 'ating', ' best', 'opping']
  r.6.1: repl 0.988 class newline 0.117 n=1798 tokens ['4', 'ment', '1', ' 8', '\n', '\n']
    r.6.1.0: repl 0.968 class newline 0.318 n=270 tokens ['2', 'ment', '\n', '4', 'er', 'pur']
    r.6.1.1: repl 0.664 class bclose 0.022 n=270 tokens ['head', ' )', ' Palace', '\n', ' tower', '3']
    r.6.1.2: repl 0.597 class name 0.011 n=270 tokens [' Rye', ' Shopping', ' Eating', '\n', '\n', '\n']
    r.6.1.3: repl 0.445 class ind 0.034 n=270 tokens [' Court', ' in', '2', ' ', 'opping', ' essential']
  r.6.2: repl 0.988 class subword 0.005 n=1798 tokens [' Canterbury', 'ights', '\n', 'opping', ' Rye', ' St']
    r.6.2.0: repl 0.904 class subword 0.013 n=270 tokens ['ights', 'ights', '\n', ' Rye', 'bourne', ' Canterbury']
    r.6.2.1: repl 0.76 class newline 0.013 n=270 tokens [' Sandwich', ' Gallery', '\n', ' Information', 'tainment', 'opping']
    r.6.2.2: repl 0.56 class newline 0.177 n=270 tokens [' the', ' Museum', '\n', ' Entertainment', '\n', '\n']
    r.6.2.3: repl 0.573 class subword 0.008 n=270 tokens [' House', ' Palace', '\n', ' Rye', '\n', '\n']
  r.6.3: repl 0.984 class bclose 0.018 n=1798 tokens [' Rye', ' Dover', 'a', ':', ' Sandwich', 'head']
    r.6.3.0: repl 0.636 class ind 0.028 n=270 tokens [' Rye', ' Dover', ' Battle', ' Sandwich', 'head', ' Hastings']
    r.6.3.1: repl 0.611 class bclose 0.041 n=270 tokens [' m', 'SHIP', '400', '2', '2', '1']
    r.6.3.2: repl 0.664 class bclose 0.183 n=270 tokens ['\n', '\n', '\n', '\n', ' conventional', '\n']
    r.6.3.3: repl 0.401 class other 0.004 n=270 tokens [' Rye', 'ham', '\n', ' Battle', ' best', ' Rooms']
r.7: repl 0.882 class bclose 0.009 n=11981 tokens ['3', ' Hotel', 'head', '\n', '\n', ' ']
  r.7.0: repl 0.938 class newline 0.319 n=1798 tokens ['\n', '\n', '\n', '\n', '\n', '\n']
    r.7.0.0: repl 0.969 class newline 0.434 n=270 tokens ['\n', ' House', ' Hastings', ' Hotel', '\n', ' Rooms']
    r.7.0.1: repl 0.964 class subword 0.018 n=270 tokens [' Sandwich', ' ', '200', 'ley', 'Car', ' Dover']
    r.7.0.2: repl 0.848 class bclose 0.044 n=270 tokens [' Eating', ' Shopping', ' Entertainment', '\n', '\n', ' Sandwich']
    r.7.0.3: repl 0.305 class newline 0.031 n=270 tokens ['\n', '4', '6', '1', ' Tower', ' Rooms']
  r.7.1: repl 0.937 class newline 0.118 n=1798 tokens [';', ' History', ',', ';', '\n', ' Sun']
    r.7.1.0: repl 0.996 class newline 0.137 n=270 tokens ['1', ' m', ' life', ' s', ' Canterbury', 'ains']
    r.7.1.1: repl 0.808 class newline 0.042 n=270 tokens ['2', ' ', '\n', '2', '\n', 'ate']
    r.7.1.2: repl 0.423 class bclose 0.108 n=270 tokens ['urn', ' Steps', ' Rye', ' Eating', '3', ' House']
    r.7.1.3: repl 0.072 class newline 0.006 n=270 tokens ['2', ' Sandwich', 'tainment', ' Rye', 'ights', 'head']
  r.7.2: repl 0.973 class newline 0.041 n=1798 tokens ['400', '500', ' Rye', 'ights', 'UB', '\n']
    r.7.2.0: repl 0.646 class newline 0.074 n=270 tokens [' Rye', ' Rye', '3', '\n', 'ley', ' Sandwich']
    r.7.2.1: repl 0.616 class newline 0.06 n=270 tokens ['B', ' s', ' SHOW', ' r', '\n', ' Rye']
    r.7.2.2: repl 0.741 class bclose 0.089 n=270 tokens ['2', '3', '3', '4', ' m', '6']
    r.7.2.3: repl 0.413 class newline 0.011 n=270 tokens ['3', ' Tours', 'head', ')', ' ', '3']
  r.7.3: repl 0.808 class rep 0.009 n=1798 tokens ['\n', '\n', '\n', '\n', '\n', ' open']
    r.7.3.0: repl 0.948 class newline 0.056 n=270 tokens ['3', ' ', ' SHOW', '6', 'bone', ' Tower']
    r.7.3.1: repl 0.968 class newline 0.153 n=270 tokens ['4', ' Hotel', '\n', '4', '\n', '\n']
    r.7.3.2: repl 0.9 class newline 0.007 n=270 tokens ['B', '\n', 'ARK', '\n', '\n', ' ']
    r.7.3.3: repl 0.116 class rep 0.01 n=270 tokens [' Hotel', '\n', ')', '\n', ' Hotel', 'test']
r.8: repl 0.859 class sentend 0.005 n=11981 tokens ['\n', '\n', '\n', '\n', '\n', '\n']
  r.8.0: repl 0.944 class newline 0.501 n=1798 tokens [' Dover', '\n', '\n', '\n', '\n', '\n']
    r.8.0.0: repl 0.985 class newline 0.606 n=270 tokens [' Sandwich', ' Rye', 'ights', ' Dover', 'head', 'ate']
    r.8.0.1: repl 0.951 class subword 0.007 n=270 tokens ['wick', 'tainment', 'tainment', '\n', ' Alchemy', '\n']
    r.8.0.2: repl 0.962 class name 0.024 n=270 tokens ['RY', 'uton', 'UB', 'ENCY', 'IC', ' Once']
    r.8.0.3: repl 0.961 class newline 0.031 n=270 tokens ['opping', 'gate', 'don', ' Rye', ' Once', ' Dover']
  r.8.1: repl 0.937 class bclose 0.01 n=1798 tokens ['tainment', 'opping', '\n', '2', '\n', '1']
    r.8.1.0: repl 0.975 class bclose 0.063 n=270 tokens ['\n', 'B', 'tainment', '\n', 'tainment', '\n']
    r.8.1.1: repl 0.934 class newline 0.17 n=270 tokens ['don', ' Rye', 'ating', 'ment', ' Dover', 'bourne']
    r.8.1.2: repl 0.9 class bclose 0.024 n=270 tokens ['opping', ' Shopping', 'ster', '6', 'tainment', ' Sun']
    r.8.1.3: repl 0.532 class newline 0.021 n=270 tokens [' Abbey', ' Gallery', '3', '1', '2', '6']
  r.8.2: repl 0.947 class ind 0.033 n=1798 tokens [' along', ' which', ',', ' new', '.', ' Once']
    r.8.2.0: repl 0.712 class newline 0.44 n=270 tokens ['\n', '\n', ' {', '\n', '\n', '\n']
    r.8.2.1: repl 0.143 class newline 0.077 n=270 tokens ['gate', 'stairs', 'bourne', ' Abbey', ' Dover', ' Hotel']
    r.8.2.2: repl 0.164 class ind 0.078 n=270 tokens [' the', "'s", ' the', ' increasing', ' And', '(']
    r.8.2.3: repl 0.996 class other 0.052 n=270 tokens [' t', 'com', '\n', '\n', ',', '\n']
  r.8.3: repl 0.579 class bclose 0.03 n=1798 tokens ['head', 'uton', 'ham', ' Hotel', 'wick', ' Rye']
r.9: repl 0.742 class newline 0.038 n=11981 tokens ['\n', '\n', '\n', '\n', 'o', '\n']
  r.9.0: repl 0.99 class newline 0.39 n=1798 tokens ['3', 'ment', 'opping', ' House', 'ating', 'ights']
    r.9.0.0: repl 0.997 class newline 0.578 n=270 tokens [' Court', 'as', ' c', ' House', 'grounds', ' m']
    r.9.0.1: repl 0.991 class other 0.027 n=270 tokens [' Tours', ' Rooms', '-', '2', ';', 'opping']
    r.9.0.2: repl 0.975 class newline 0.048 n=270 tokens ['ating', 'ent', '\n', '-', ' the', '2']
    r.9.0.3: repl 0.977 class sentend 0.007 n=270 tokens [' Access', ' Information', 'oya', 'ights', ' Once', ' Canterbury']
  r.9.1: repl 0.987 class ind 0.027 n=1798 tokens [' to', '\n', 'B', '400', ' the', ';']
    r.9.1.0: repl 0.983 class ind 0.075 n=270 tokens [' Gallery', 'as', ' snacks', ' Court', ' increased', ' House']
    r.9.1.1: repl 0.827 class newline 0.119 n=270 tokens [' Eating', ' Tours', 'head', ' History', '\n', 'ights']
    r.9.1.2: repl 0.763 class ind 0.037 n=270 tokens [' of', ' What', 'el', ' House', ' House', '2']
    r.9.1.3: repl 0.804 class name 0.039 n=270 tokens [' Café', ' On', 'London', "'s", 'aine', 'the']
  r.9.2: repl 0.083 class ind 0.014 n=1798 tokens [' {', ' major', ' Rye', ' rich', ' Gallery', ' biggest']
  r.9.3: repl 0.06 class ind 0.019 n=1798 tokens [';', ';', ';', ';', '\n', 'as']
r.10: repl 0.557 class newline 0.005 n=11981 tokens ['IAN', 'ISH', '\n', '3', 'B', 'Train']
r.11: repl 0.414 class newline 0.008 n=11981 tokens ['3', '\n', '\n', 'ARK', '\n', '\n']
r.12: repl 0.064 class other 0.007 n=11981 tokens ['tainment', ' Palace', 'ights', 'City', 'ICE', ' Music']
r.13: repl 0.425 class bclose 0.018 n=11981 tokens ['\n', '\n', '\n', '\n', '\n', '\n']
r.14: repl 0.397 class other 0.008 n=11981 tokens ['\n', ' Hospital', '\n', ' BAR', '\n', 'ights']
r.15: repl 0.41 class bclose 0.004 n=11981 tokens ['\n', '\n', ')', ' He', ' House', ' having']
r.16: repl 0.288 class bclose 0.006 n=11981 tokens [' Sun', 'arms', ' MAP', '2', ' of', ' showed']
r.17: repl 0.204 class newline 0.009 n=11981 tokens ['\n', '\n', '\n', '\n', '\n', '\n']
r.18: repl 0.545 class newline 0.003 n=11981 tokens ['ARK', 'gate', 'EL', '\n', 'cling', '\n']
r.19: repl 0.513 class other 0.008 n=11981 tokens ['ights', ' Rye', 'a', ':', 'FE', '\n']
r.20: repl 0.517 class bclose 0.011 n=11981 tokens ['AR', '.', 'bury', ' show', ' tick', '\n']
r.21: repl 0.779 class other 0.012 n=11981 tokens [' City', ' in', '\n', '\n', 'igo', ' ']
  r.21.0: repl 0.994 class newline 0.275 n=1798 tokens ['ARK', ' SHOW', 'RE', 'ICE', '\n', '\n']
    r.21.0.0: repl 0.998 class newline 0.762 n=270 tokens [' M', ' Battle', ' F', ' Carnival', ' F', 'ICE']
    r.21.0.1: repl 0.935 class name 0.007 n=270 tokens ['\n', '\n', '\n', '\n', 'ights', '\n']
    r.21.0.2: repl 0.893 class other 0.012 n=270 tokens ['ICE', 'card', ')', '\n', ' been', 'ADS']
    r.21.0.3: repl 0.851 class subword 0.01 n=270 tokens ['ities', 'ities', ' Market', 'UM', 'UM', ' F']
  r.21.1: repl 0.115 class ind 0.032 n=1798 tokens ['a', 'ment', ' House', ' Tower', '6', 'RY']
  r.21.2: repl 0.042 class bclose 0.02 n=1798 tokens [' Overview', '\n', '2', ' Bridge', ' D', 'ster']
  r.21.3: repl 0.895 class newline 0.048 n=1798 tokens [' Cath', '\n', '\n', '\n', '\n', ' south']
    r.21.3.0: repl 0.968 class newline 0.252 n=270 tokens ['asons', 'club', ' ', 'LE', ' 16', 'LE']
    r.21.3.1: repl 0.299 class newline 0.048 n=270 tokens [' hier', 'PU', '\n', 'PU', 'Information', '\n']
    r.21.3.2: repl 0.044 class newline 0.044 n=270 tokens ['\n', ' and', 'UB', ',', ' L', 'Est']
    r.21.3.3: repl 0.261 class bclose 0.027 n=270 tokens ['\n', '\n', '\n', '\n', '\n', '\n']
r.22: repl 0.357 class comma 0.006 n=11981 tokens [' Tower', ' House', ' Steps', ' Rooms', ' Abbey', 'urn']
r.23: repl 0.401 class bclose 0.003 n=11981 tokens ['oya', 'ights', ' Hall', '3', 'ights', 'ian']
tree built: 118 leaves; program search
fold features m0 added
fold features m1 added
fold features m2 added
fold features m3 added
library: 168 features
r.0: heldout 0.56 null 0.48 prog [['prev1_fold_m2_d0']]
r.0.0: heldout 0.70 null 0.45 prog [['NOT class_other', 'NOT prev1_class_other', 'NOT class_digit']]
r.0.0.0: heldout 0.82 null 0.27 prog [['NOT prev1_starts_space', 'NOT class_other', 'NOT class_subword']]
r.0.0.1: heldout 0.85 null 0.61 prog [['class_newline'], ['NOT prev2_starts_space', 'NOT prev2_fold_m2_d6', 'fold_m1_d4']]
r.0.0.2: heldout 0.75 null 0.51 prog [['NOT dist_nl_ge6', 'NOT class_other']]
r.0.1: heldout 0.68 null 0.49 prog [['NOT class_other', 'NOT class_ind', 'NOT class_comma']]
r.0.1.0: heldout 0.87 null 0.55 prog [['class_newline'], ['prev2_mid_word', 'fold_m1_d5', 'NOT prev1_class_other']]
r.0.1.1: heldout 0.81 null 0.67 prog [['class_newline', 'NOT prev1_class_sentend']]
r.0.1.2: heldout 0.83 null 0.57 prog [['NOT starts_space', 'fold_m1_d7', 'NOT prev2_class_ind'], ['class_newline']]
r.0.2: heldout 0.62 null 0.48 prog [['NOT starts_space', 'NOT class_other', 'NOT prev_newline']]
r.0.2.0: heldout 0.71 null 0.47 prog [['NOT starts_space', 'NOT prev_newline', 'NOT prev1_class_ind'], ['class_newline']]
r.0.2.1: heldout 0.76 null 0.48 prog [['class_newline']]
r.0.2.2: heldout 0.74 null 0.39 prog [['class_newline']]
r.0.2.3: heldout 0.77 null 0.49 prog [['NOT class_other', 'NOT prev1_class_other', 'NOT prev_newline']]
r.0.3: heldout 0.62 null 0.56 prog [['NOT class_other', 'NOT prev1_class_other']]
r.0.3.0: heldout 0.83 null 0.54 prog [['class_newline']]
r.0.3.1: heldout 0.69 null 0.58 prog [['NOT class_other', 'NOT prev1_fold_m1_d1']]
r.0.3.2: heldout 0.73 null 0.44 prog [['class_newline'], ['NOT class_other', 'NOT is_punct']]
r.1: heldout 0.62 null 0.50 prog [['NOT fold_m0_d1', 'NOT class_comma']]
r.1.0: heldout 0.71 null 0.51 prog [['NOT class_other', 'fold_m2_d0', 'NOT is_punct']]
r.1.0.0: heldout 0.77 null 0.51 prog [['dist_nl_le2', 'fold_m0_d7']]
r.1.0.1: heldout 0.63 null 0.56 prog [['fold_m0_d7', 'fold_m1_d0', 'NOT prev1_fold_m3_d5']]
r.1.0.2: heldout 0.75 null 0.43 prog [['NOT class_other', 'NOT prev1_fold_m0_d1', 'NOT prev1_class_ind']]
r.1.0.3: heldout 0.74 null 0.45 prog [['NOT class_other', 'fold_m1_d4'], ['NOT fold_m1_d1', 'prev1_fold_m2_d3', 'fold_m1_d5']]
r.1.1: heldout 0.77 null 0.56 prog [['NOT class_other', 'NOT is_punct', 'NOT prev2_class_newline']]
r.1.1.0: heldout 0.80 null 0.38 prog [['NOT class_other', 'prev1_fold_m0_d2', 'fold_m1_d5']]
r.1.1.1: heldout 0.79 null 0.50 prog [['NOT class_other', 'fold_m2_d0', 'fold_m1_d5'], ['NOT prev2_dist_nl_ge6', 'NOT prev1_class_ind', 'NOT prev1_fold_m2_d6']]
r.1.1.2: heldout 0.73 null 0.58 prog [['NOT prev2_dist_nl_ge6', 'NOT is_punct']]
r.1.1.3: heldout 0.74 null 0.51 prog [['NOT class_other', 'NOT class_ind', 'NOT prev_newline'], ['fold_m1_d4', 'fold_m2_d0', 'NOT prev1_is_newline']]
r.1.2: heldout 0.65 null 0.54 prog [['NOT class_other', 'NOT prev_newline']]
r.1.2.0: heldout 0.64 null 0.45 prog [['NOT fold_m0_d1', 'fold_m0_d5']]
r.1.2.1: heldout 0.53 null 0.51 prog [['NOT fold_m3_d1', 'fold_m2_d0', 'prev2_fold_m2_d2']]
r.1.3: heldout 0.64 null 0.65 prog [['NOT class_other']]
r.1.3.0: heldout 0.66 null 0.57 prog [['NOT class_other', 'NOT prev1_fold_m0_d0']]
r.1.3.1: heldout 0.71 null 0.51 prog [['NOT class_other', 'NOT class_digit', 'NOT prev2_class_sentend'], ['NOT fold_m0_d1', 'fold_m0_d2', 'NOT prev1_class_ind']]
r.2: heldout 0.62 null 0.52 prog [['NOT prev1_class_other', 'NOT class_other']]
r.2.0: heldout 0.80 null 0.53 prog [['class_newline']]
r.2.0.0: heldout 0.75 null 0.48 prog [['NOT class_other', 'fold_m0_d7', 'NOT is_punct']]
r.2.0.3: heldout 0.81 null 0.32 prog [['seen_before', 'fold_m1_d5'], ['NOT class_other', 'NOT prev1_class_other', 'NOT is_digit']]
r.2.1: heldout 0.67 null 0.49 prog [['NOT class_other', 'NOT prev1_class_other']]
r.2.1.0: heldout 0.73 null 0.47 prog [['class_newline'], ['NOT class_other', 'NOT prev1_class_other']]
r.2.1.1: heldout 0.78 null 0.69 prog [['fold_m1_d4', 'seen_before', 'NOT fold_m0_d0']]
r.2.2: heldout 0.70 null 0.45 prog [['NOT class_other', 'NOT prev1_class_other']]
r.2.2.0: heldout 0.76 null 0.57 prog [['NOT class_other', 'NOT class_digit', 'fold_m1_d7']]
r.2.2.2: heldout 0.80 null 0.56 prog [['NOT class_other', 'NOT prev1_class_other', 'NOT is_digit'], ['class_newline']]
r.2.3: heldout 0.64 null 0.52 prog [['NOT class_other', 'NOT class_ind', 'NOT class_digit']]
r.2.3.2: heldout 0.71 null 0.39 prog [['NOT fold_m0_d1', 'NOT fold_m1_d1', 'NOT is_punct']]
r.2.3.3: heldout 0.65 null 0.47 prog [['NOT class_other', 'NOT class_ind', 'NOT class_digit']]
r.3: heldout 0.64 null 0.44 prog [['NOT class_other', 'NOT prev1_class_other']]
r.3.0: heldout 0.76 null 0.45 prog [['NOT class_other', 'NOT prev1_class_other']]
r.3.0.0: heldout 0.78 null 0.46 prog [['NOT class_other', 'NOT prev1_class_other', 'NOT prev1_class_comma'], ['class_newline']]
r.3.0.1: heldout 0.80 null 0.56 prog [['NOT class_other', 'NOT class_subword', 'NOT class_name']]
r.3.1: heldout 0.72 null 0.43 prog [['NOT class_other', 'NOT class_digit', 'NOT class_subword']]
r.3.1.0: heldout 0.86 null 0.40 prog [['NOT class_other', 'NOT class_subword', 'NOT class_name']]
r.3.1.1: heldout 0.78 null 0.54 prog [['NOT class_other', 'NOT prev1_class_other', 'NOT prev_newline']]
r.6: heldout 0.55 null 0.53 prog [['NOT dist_nl_ge6']]
r.6.0: heldout 0.66 null 0.51 prog [['NOT class_other', 'NOT prev1_class_other']]
r.6.0.0: heldout 0.78 null 0.63 prog [['NOT class_other', 'NOT prev1_fold_m2_d6', 'prev1_fold_m1_d4']]
r.6.0.1: heldout 0.77 null 0.54 prog [['class_newline'], ['NOT class_other', 'NOT prev1_fold_m1_d1', 'NOT prev1_class_other']]
r.6.0.3: heldout 0.72 null 0.42 prog [['NOT class_other', 'NOT class_subword', 'NOT prev1_class_ind']]
r.6.1: heldout 0.66 null 0.54 prog [['NOT class_other', 'NOT class_ind', 'NOT prev_newline']]
r.6.1.0: heldout 0.73 null 0.66 prog [['class_newline']]
r.6.1.1: heldout 0.64 null 0.48 prog [['NOT class_other', 'NOT is_punct', 'NOT prev_newline']]
r.6.2: heldout 0.60 null 0.52 prog [['NOT prev2_dist_nl_ge6'], ['NOT prev1_fold_m1_d1', 'NOT is_punct']]
r.6.2.0: heldout 0.72 null 0.42 prog [['class_newline'], ['NOT class_other', 'NOT prev1_fold_m1_d1']]
r.6.2.1: heldout 0.68 null 0.46 prog [['class_newline']]
r.6.3: heldout 0.60 null 0.47 prog [['NOT class_other', 'NOT class_digit']]
r.6.3.0: heldout 0.60 null 0.51 prog [['NOT class_other', 'fold_m0_d2']]
