ARM: rung-127 build + name oracle at tail-attn AND tailE
a2-input probe acc 0.69
fit a2
fit a3
fit a4
fit a5
fit a6
fit a7
fit a8
fit a9
fit a10
fit a11
fit a12
fit a13
fit a14
fit a15
fit a16
fit a17
  cp_swap: front MLPs m0-m3 -> CP top-3456 in place (tailE remains table-front-fit)
L1 (+38 heads): C +1.4744 | fresh +1.5466
  captured real-trajectory tail-attention targets
fit a10L
fit a11L
fit a12L
fit a13L
fit a14L
fit a15L
fit a16L
fit a17L
  window 0 (7 docs): L2 fresh +1.8630
  window 1 (42 docs): L2 fresh +2.1677
  window 2 (17 docs): L2 fresh +2.1974
  window 3 (23 docs): L2 fresh +2.2074
  window 4 (43 docs): L2 fresh +2.4030
  window 5 (26 docs): L2 fresh +2.0628
  window 6 (35 docs): L2 fresh +1.9420
  window 7 (35 docs): L2 fresh +1.9300
L2 empirical: C +1.8616 | fresh +1.8630 | tail-attn increment +0.3164
(a) L2 <= +2.75 fresh: HELD
(b) increment in [0.30,0.55]: HELD
  per-class dCE: digit:+1.251 bclose:+1.012 newline:+0.389 sentend:+0.339 comma:+0.285 name:+1.730 rep:+1.708 subword:+2.319 ind:+1.994 other:+2.116
L2 fresh +1.8630 (was +1.8765); census +1.9076 (was +1.9474); increment +0.3164; valid 0/62
(a) [bar 1.9] name +1.7296 <= 1.0: HELD
(b) census +1.9076 <= 1.90: FAILED
(c) L1F invariant, increment +0.3164 in [0.15, 0.36]: HELD
wrote /workspace/tensor_language/basis_aligned/bilinear_quotient/frontier_nameoracle2_results.json (129s)
