ARMS: plain / seq_traj / seq_frame CP fronts, TEST half certificates
a2-input probe acc 0.69
fit a2
fit a3
fit a4
fit a5
fit a6
fit a7
fit a8
fit a9
fit a10
fit a11
fit a12
fit a13
fit a14
fit a15
fit a16
fit a17
L1 (+38 heads): C +1.3231 | fresh +1.7582
  traj: refit cf0
  traj: refit cf1
  traj: refit cf2
  traj: refit cf3
  frame: refit cf0
  frame: refit cf1
  frame: refit cf2
  frame: refit cf3
  arm plain done
  arm seq_traj done
  arm seq_frame done
  window 0 (7 docs): L2 fresh +1.7582
  window 1 (42 docs): L2 fresh +1.8578
  window 2 (17 docs): L2 fresh +1.5883
  window 3 (23 docs): L2 fresh +1.6498
  window 4 (43 docs): L2 fresh +1.8177
  window 5 (26 docs): L2 fresh +1.6989
  window 6 (35 docs): L2 fresh +1.5813
  window 7 (35 docs): L2 fresh +1.7011
L2 empirical: C +1.3231 | fresh +1.7582 | tail-attn increment +0.0000
(a) L2 <= +2.75 fresh: HELD
(b) increment in [0.30,0.55]: FAILED
  plain      agg +0.9342  valid 0/62 (test half)
  seq_traj   agg +0.4367  valid 1/62 (test half)
  seq_frame  agg +0.5582  valid 1/62 (test half)
(a) seq_traj +0.4367 <= 0.45 x plain (+0.4204): FAILED
(b) valid(seq_traj) 1 >= 5: FAILED
(c) seq_frame <= plain and plain ~ anchor: HELD
wrote /workspace/tensor_language/basis_aligned/bilinear_quotient/frontier_cp_seqfit_results.json (123s)
