ARM 1/4: norm-2304 + assembly-conditioned Fisher at sites 5/6
a2-input probe acc 0.69
fit a2
fit a3
fit a4
fit a5
fit a6
fit a7
fit a8
fit a9
fit a10
fit a11
fit a12
fit a13
fit a14
fit a15
fit a16
fit a17
L1 (+38 heads): C +1.9801 | fresh +2.2871
fit a10L
fit a11L
fit a12L
fit a13L
fit a14L
fit a15L
fit a16L
fit a17L
  window 0 (7 docs): L2 fresh +2.6735
  window 1 (42 docs): L2 fresh +2.9704
  window 2 (17 docs): L2 fresh +2.7325
  window 3 (23 docs): L2 fresh +2.9634
  window 4 (43 docs): L2 fresh +2.9546
  window 5 (26 docs): L2 fresh +2.8355
  window 6 (35 docs): L2 fresh +2.6407
  window 7 (35 docs): L2 fresh +2.7055
L2 empirical: C +2.4233 | fresh +2.6735 | tail-attn increment +0.3864
assembly-conditioned Fisher top-8 collected at site 5
assembly-conditioned Fisher top-8 collected at site 6
(a) L2 <= +2.75 fresh: HELD
(b) increment in [0.30,0.55]: HELD
ARM 2/4: conditioned-576 (S2134 reproduction)
a2-input probe acc 0.69
fit a2
fit a3
fit a4
fit a5
fit a6
fit a7
fit a8
fit a9
fit a10
fit a11
fit a12
fit a13
fit a14
fit a15
fit a16
fit a17
L1 (+38 heads): C +2.1724 | fresh +2.4721
fit a10L
fit a11L
fit a12L
fit a13L
fit a14L
fit a15L
fit a16L
fit a17L
  window 0 (7 docs): L2 fresh +2.8373
  window 1 (42 docs): L2 fresh +3.0974
  window 2 (17 docs): L2 fresh +2.8588
  window 3 (23 docs): L2 fresh +3.0198
  window 4 (43 docs): L2 fresh +3.0797
  window 5 (26 docs): L2 fresh +2.9593
  window 6 (35 docs): L2 fresh +2.7330
  window 7 (35 docs): L2 fresh +2.8438
L2 empirical: C +2.5945 | fresh +2.8373 | tail-attn increment +0.3652
(a) L2 <= +2.75 fresh: FAILED
(b) increment in [0.30,0.55]: HELD
ARM 3/4: conditioned-144 (sixteenth price)
a2-input probe acc 0.69
fit a2
fit a3
fit a4
fit a5
fit a6
fit a7
fit a8
fit a9
fit a10
fit a11
fit a12
fit a13
fit a14
fit a15
fit a16
fit a17
L1 (+38 heads): C +2.1617 | fresh +2.4159
fit a10L
fit a11L
fit a12L
fit a13L
fit a14L
fit a15L
fit a16L
fit a17L
  window 0 (7 docs): L2 fresh +2.7660
  window 1 (42 docs): L2 fresh +3.0482
  window 2 (17 docs): L2 fresh +2.7906
  window 3 (23 docs): L2 fresh +2.9826
  window 4 (43 docs): L2 fresh +3.0226
  window 5 (26 docs): L2 fresh +2.9089
  window 6 (35 docs): L2 fresh +2.7397
  window 7 (35 docs): L2 fresh +2.7779
L2 empirical: C +2.5684 | fresh +2.7660 | tail-attn increment +0.3501
(a) L2 <= +2.75 fresh: FAILED
(b) increment in [0.30,0.55]: HELD
ARM 4/4: K-0 (Down-bias only, the null)
a2-input probe acc 0.69
fit a2
fit a3
fit a4
fit a5
fit a6
fit a7
fit a8
fit a9
fit a10
fit a11
fit a12
fit a13
fit a14
fit a15
fit a16
fit a17
L1 (+38 heads): C +2.8714 | fresh +2.8674
fit a10L
fit a11L
fit a12L
fit a13L
fit a14L
fit a15L
fit a16L
fit a17L
  window 0 (7 docs): L2 fresh +3.2390
  window 1 (42 docs): L2 fresh +3.5807
  window 2 (17 docs): L2 fresh +3.4178
  window 3 (23 docs): L2 fresh +3.8086
  window 4 (43 docs): L2 fresh +3.5592
  window 5 (26 docs): L2 fresh +3.4785
  window 6 (35 docs): L2 fresh +3.3148
  window 7 (35 docs): L2 fresh +3.2532
L2 empirical: C +3.4449 | fresh +3.2390 | tail-attn increment +0.3717
(a) L2 <= +2.75 fresh: FAILED
(b) increment in [0.30,0.55]: HELD
cond576 - norm per window: [0.1638, 0.127, 0.1263, 0.0564, 0.1251, 0.1238, 0.0923, 0.1383]
cond144 - cond576 per window: [-0.0713, -0.0492, -0.0682, -0.0372, -0.0571, -0.0504, 0.0067, -0.0659]
K0 - cond576 per window: [0.4017, 0.4833, 0.559, 0.7888, 0.4795, 0.5192, 0.5818, 0.4094]
(a) cond-144 median -0.0537 >= -0.01: FAILED
(b) K0 median +0.5012 <= -0.05: FAILED
(c) cond-576 median +0.1257 vs 0.1277 (tol 0.015): HELD
wrote /workspace/tensor_language/basis_aligned/bilinear_quotient/frontier_cond_floor_results.json (469s)
