ARM: rank-16 QK patterns at ALL replaced heads, blocks 2-17 (dicts retired)
a2-input probe acc 0.69
fit a2
fit a3
fit a4
fit a5
fit a6
fit a7
fit a8
fit a9
fit a10
fit a11
fit a12
fit a13
fit a14
fit a15
fit a16
fit a17
  cp_swap: front MLPs m0-m3 -> CP top-4608 in place (tailE remains table-front-fit)
  QK rank-96 factors built for all motif heads
  QK rank-96 factors built for tail blocks 10-17
  tail QK hooks registered (gated)
L1 (+38 heads): C +0.2347 | fresh +0.2154
  window 0 (7 docs): L2 fresh +0.0593
  window 1 (42 docs): L2 fresh +0.0696
  window 2 (17 docs): L2 fresh +0.0562
  window 3 (23 docs): L2 fresh +0.0635
  window 4 (43 docs): L2 fresh +0.1039
  window 5 (26 docs): L2 fresh +0.0770
  window 6 (35 docs): L2 fresh +0.0527
  window 7 (35 docs): L2 fresh +0.0560
L2 empirical: C +0.0482 | fresh +0.0626 | tail-attn increment -0.1528
(a) L2 <= +2.75 fresh: HELD
(b) increment in [0.30,0.55]: FAILED
  per-class dCE: digit:+0.044 bclose:+0.041 newline:+0.030 sentend:+0.015 comma:+0.025 name:+0.121 rep:-0.061 subword:+0.058 ind:+0.029 other:+0.088
  era Spearman vs rung-132: 0.3932 over 62
  median member/ref ratio 0.857; tau-curve {'0.5': 9, '1.0': 41, '1.5': 53, '2.0': 54, '3.0': 61}
L2 fresh +0.0626 (was +1.8765); census +0.0622 (was +1.9474); increment -0.1528; valid 9/62
(a) |census +0.0622 - 0.0622| <= 0.015: HELD
(b) valid 9 >= 9; margin 0.857: HELD
(c) |L2F +0.0626 - 0.0626| <= 0.015: HELD
wrote /workspace/tensor_language/basis_aligned/bilinear_quotient/frontier_claim_qk96_results.json (127s)
