ARMS: m2 single-site CP top-K, K in 288/576/1152/2304/4608 - census rows
a2-input probe acc 0.69
fit a2
fit a3
fit a4
fit a5
fit a6
fit a7
fit a8
fit a9
fit a10
fit a11
fit a12
fit a13
fit a14
fit a15
fit a16
fit a17
L1 (+38 heads): C +1.3231 | fresh +1.7582
  m2 CP K=288 done
  m2 CP K=576 done
  m2 CP K=1152 done
  m2 CP K=2304 done
  m2 CP K=4608 done
  window 0 (7 docs): L2 fresh +1.7582
  window 1 (42 docs): L2 fresh +1.8578
  window 2 (17 docs): L2 fresh +1.5877
  window 3 (23 docs): L2 fresh +1.6498
  window 4 (43 docs): L2 fresh +1.8177
  window 5 (26 docs): L2 fresh +1.6989
  window 6 (35 docs): L2 fresh +1.5813
  window 7 (35 docs): L2 fresh +1.7011
L2 empirical: C +1.3231 | fresh +1.7582 | tail-attn increment +0.0000
(a) L2 <= +2.75 fresh: HELD
(b) increment in [0.30,0.55]: FAILED
  K_288   agg +0.1093  valid 4/62
  K_576   agg +0.0822  valid 7/62
  K_1152  agg +0.0504  valid 11/62
  K_2304  agg +0.0207  valid 29/62
  K_4608  agg +0.0000  valid 62/62
table anchor +0.3072 (57.9M values); CP-576 +0.0822 (2.0M values)
(a) agg(576) +0.0822 <= 0.5 x table (+0.1536): HELD
(b) valid(1152) 11 >= 10: HELD
(c) monotone + K4608 exact (+0.0000): HELD
wrote /workspace/tensor_language/basis_aligned/bilinear_quotient/frontier_m2_cp_results.json (134s)
