ARM: identical rung-136 build; Pareto claim bars registered
a2-input probe acc 0.69
fit a2
fit a3
fit a4
fit a5
fit a6
fit a7
fit a8
fit a9
fit a10
fit a11
fit a12
fit a13
fit a14
fit a15
fit a16
fit a17
  cp_swap: front MLPs m0-m3 -> CP top-4608 in place (tailE remains table-front-fit)
L1 (+38 heads): C +1.1233 | fresh +1.3640
  captured real-trajectory tail-attention targets
fit a10L
fit a11L
fit a12L
fit a13L
fit a14L
fit a15L
fit a16L
fit a17L
  window 0 (7 docs): L2 fresh +1.6599
  window 1 (42 docs): L2 fresh +1.8756
  window 2 (17 docs): L2 fresh +1.9254
  window 3 (23 docs): L2 fresh +1.8679
  window 4 (43 docs): L2 fresh +2.1058
  window 5 (26 docs): L2 fresh +1.7788
  window 6 (35 docs): L2 fresh +1.7249
  window 7 (35 docs): L2 fresh +1.7165
L2 empirical: C +1.4941 | fresh +1.6599 | tail-attn increment +0.2958
(a) L2 <= +2.75 fresh: HELD
(b) increment in [0.30,0.55]: FAILED
  per-class dCE: digit:+1.048 bclose:+0.879 newline:+0.238 sentend:+0.280 comma:+0.216 name:+2.865 rep:+1.374 subword:+2.005 ind:+1.790 other:+1.867
L2 fresh +1.6599 (was +1.8765); census +1.7202 (was +1.9474); increment +0.2958; valid 0/62
(a) L2F +1.6599 <= 1.70: HELD
(b) |census +1.7202 - 1.7202| <= 0.015: HELD
(c) valid 0 <= 5: HELD
wrote /workspace/tensor_language/basis_aligned/bilinear_quotient/frontier_claim4608_results.json (127s)
