RUN 1/2: per-layer grid -- every tail layer at every scale, one fitted stack
a2-input probe acc 0.69
fit a2
fit a3
fit a4
fit a5
fit a6
fit a7
fit a8
fit a9
fit a10
fit a11
fit a12
fit a13
fit a14
fit a15
fit a16
fit a17
L1 (+38 heads): C +1.9801 | fresh +2.2871
fit a10L
fit a11L
fit a12L
fit a13L
fit a14L
fit a15L
fit a16L
fit a17L
L2 empirical: C +2.4233 | fresh +2.6736 | tail-attn increment +0.3864
L2 empirical per arm: baseline +2.6736 | L10s005 +2.5889 | L10s010 +2.5931 | L10s020 +2.5997 | L10s035 +2.6112 | L10s060 +2.6323 | L11s005 +2.6391 | L11s010 +2.6402 | L11s020 +2.6427 | L11s035 +2.6470 | L11s060 +2.6559 | L12s005 +2.6462 | L12s010 +2.6469 | L12s020 +2.6486 | L12s035 +2.6518 | L12s060 +2.6586 | L13s005 +2.6679 | L13s010 +2.6678 | L13s020 +2.6678 | L13s035 +2.6681 | L13s060 +2.6694 | L14s005 +2.6407 | L14s010 +2.6420 | L14s020 +2.6446 | L14s035 +2.6490 | L14s060 +2.6574 | L15s005 +2.6366 | L15s010 +2.6383 | L15s020 +2.6417 | L15s035 +2.6470 | L15s060 +2.6566 | L16s005 +2.6534 | L16s010 +2.6539 | L16s020 +2.6552 | L16s035 +2.6575 | L16s060 +2.6625 | L17s005 +2.6259 | L17s010 +2.6255 | L17s020 +2.6261 | L17s035 +2.6298 | L17s060 +2.6422
RUN 2/2: composed per-layer optimum {10: 0.05, 11: 0.05, 12: 0.05, 13: 0.1, 14: 0.05, 15: 0.05, 16: 0.05, 17: 0.1} vs the global 0.2
a2-input probe acc 0.69
fit a2
fit a3
fit a4
fit a5
fit a6
fit a7
fit a8
fit a9
fit a10
fit a11
fit a12
fit a13
fit a14
fit a15
fit a16
fit a17
L1 (+38 heads): C +1.9801 | fresh +2.2871
fit a10L
fit a11L
fit a12L
fit a13L
fit a14L
fit a15L
fit a16L
fit a17L
L2 empirical: C +2.4233 | fresh +2.6735 | tail-attn increment +0.3864
L2 empirical per arm: baseline +2.6735 | composed +2.4643 | global_best +2.4445
(a) baseline L2_F 2.6735 vs 2.6735: HELD
    best scale per layer: {10: 0.05, 11: 0.05, 12: 0.05, 13: 0.1, 14: 0.05, 15: 0.05, 16: 0.05, 17: 0.1}
(b) composed -0.2092 vs global -0.2290, beats by -0.0198 >= 0.01: FAILED
(c) additive prediction -0.2906, dev 0.0814 <= 0.05: FAILED
(d) global arm vs SS2898 -0.2291, dev 0.0001: HELD
    implied L2_F composed = 2.4643 (SS2896 adopted 2.4448)
wrote /workspace/tensor_language/basis_aligned/bilinear_quotient/frontier_tail_per_layer_optimum_results.json (328s)
