ARM: rung-127 build + bootstrap-averaged aXL dictionary fits (B=4)
a2-input probe acc 0.69
fit a2
fit a3
fit a4
fit a5
fit a6
fit a7
fit a8
fit a9
fit a10
fit a11
fit a12
fit a13
fit a14
fit a15
fit a16
fit a17
  cp_swap: front MLPs m0-m3 -> CP top-3456 in place (tailE remains table-front-fit)
L1 (+38 heads): C +1.4822 | fresh +1.5509
  captured real-trajectory tail-attention targets
fit a10L
fit a11L
fit a12L
fit a13L
fit a14L
fit a15L
fit a16L
fit a17L
  window 0 (7 docs): L2 fresh +1.8784
  window 1 (42 docs): L2 fresh +2.1901
  window 2 (17 docs): L2 fresh +2.2122
  window 3 (23 docs): L2 fresh +2.2207
  window 4 (43 docs): L2 fresh +2.4248
  window 5 (26 docs): L2 fresh +2.0802
  window 6 (35 docs): L2 fresh +1.9654
  window 7 (35 docs): L2 fresh +1.9436
L2 empirical: C +1.8907 | fresh +1.8784 | tail-attn increment +0.3275
(a) L2 <= +2.75 fresh: HELD
(b) increment in [0.30,0.55]: HELD
  per-class dCE: digit:+1.252 bclose:+1.022 newline:+0.349 sentend:+0.338 comma:+0.289 name:+3.131 rep:+1.708 subword:+2.325 ind:+1.997 other:+2.118
  median member-absdce ratio vs rung-132 baseline: 0.9997 over 62 circuits
L2 fresh +1.8784 (was +1.8765); census +1.9490 (was +1.9474); increment +0.3275; valid 0/62
(a) median dispersion ratio 0.9997 <= 0.97: FAILED
(b) census +1.9490 <= 1.97: HELD
(c) increment +0.3275 in [0.25, 0.45], census >= 1.4: HELD
wrote /workspace/tensor_language/basis_aligned/bilinear_quotient/frontier_bootavg_results.json (128s)
