ARM: rung-123 build + motif-alpha refit under the CP front
a2-input probe acc 0.69
fit a2
fit a3
fit a4
fit a5
fit a6
fit a7
fit a8
fit a9
fit a10
fit a11
fit a12
fit a13
fit a14
fit a15
fit a16
fit a17
  cp_swap: front MLPs m0-m3 -> CP top-3456 in place (tailE remains table-front-fit)
  motif alphas refit under the CP-front stream
L1 (+38 heads): C +1.4790 | fresh +1.5492
fit a10L
fit a11L
fit a12L
fit a13L
fit a14L
fit a15L
fit a16L
fit a17L
  window 0 (7 docs): L2 fresh +2.0563
  window 1 (42 docs): L2 fresh +2.3416
  window 2 (17 docs): L2 fresh +2.3554
  window 3 (23 docs): L2 fresh +2.3756
  window 4 (43 docs): L2 fresh +2.5596
  window 5 (26 docs): L2 fresh +2.2352
  window 6 (35 docs): L2 fresh +2.0645
  window 7 (35 docs): L2 fresh +2.0617
L2 empirical: C +2.0041 | fresh +2.0563 | tail-attn increment +0.5071
(a) L2 <= +2.75 fresh: HELD
(b) increment in [0.30,0.55]: HELD
L2 fresh +2.0563 (was +2.0553); census +2.1378 (was +2.1359); increment +0.5071
(a) census +2.1378 <= 1.85: FAILED
(b) L2F +2.0563 <= 1.95: FAILED
(c) increment in [0.25, 0.60] and census >= 1.0: HELD
wrote /workspace/tensor_language/basis_aligned/bilinear_quotient/frontier_motif_refit_results.json (128s)
