ARM 1/6: norm-2304 everywhere (anchor)
a2-input probe acc 0.69
fit a2
fit a3
fit a4
fit a5
fit a6
fit a7
fit a8
fit a9
fit a10
fit a11
fit a12
fit a13
fit a14
fit a15
fit a16
fit a17
L1 (+38 heads): C +1.9801 | fresh +2.2871
fit a10L
fit a11L
fit a12L
fit a13L
fit a14L
fit a15L
fit a16L
fit a17L
  window 0 (7 docs): L2 fresh +2.6736
  window 1 (42 docs): L2 fresh +2.9704
  window 2 (17 docs): L2 fresh +2.7325
  window 3 (23 docs): L2 fresh +2.9634
  window 4 (43 docs): L2 fresh +2.9546
  window 5 (26 docs): L2 fresh +2.8355
  window 6 (35 docs): L2 fresh +2.6409
  window 7 (35 docs): L2 fresh +2.7056
L2 empirical: C +2.4233 | fresh +2.6736 | tail-attn increment +0.3864
(a) L2 <= +2.75 fresh: HELD
(b) increment in [0.30,0.55]: HELD
ARM 2/6: best = mlp45-2304 + c69-576 (S2140 reproduction)
a2-input probe acc 0.69
fit a2
fit a3
fit a4
fit a5
fit a6
fit a7
fit a8
fit a9
fit a10
fit a11
fit a12
fit a13
fit a14
fit a15
fit a16
fit a17
L1 (+38 heads): C +2.0116 | fresh +2.3163
fit a10L
fit a11L
fit a12L
fit a13L
fit a14L
fit a15L
fit a16L
fit a17L
  window 0 (7 docs): L2 fresh +2.6691
  window 1 (42 docs): L2 fresh +2.9424
  window 2 (17 docs): L2 fresh +2.6409
  window 3 (23 docs): L2 fresh +2.8614
  window 4 (43 docs): L2 fresh +2.9224
  window 5 (26 docs): L2 fresh +2.8147
  window 6 (35 docs): L2 fresh +2.6111
  window 7 (35 docs): L2 fresh +2.6778
L2 empirical: C +2.4275 | fresh +2.6691 | tail-attn increment +0.3528
(a) L2 <= +2.75 fresh: HELD
(b) increment in [0.30,0.55]: HELD
ARM 3/6: c6@288, others 576
a2-input probe acc 0.69
fit a2
fit a3
fit a4
fit a5
fit a6
fit a7
fit a8
fit a9
fit a10
fit a11
fit a12
fit a13
fit a14
fit a15
fit a16
fit a17
L1 (+38 heads): C +2.0327 | fresh +2.3318
fit a10L
fit a11L
fit a12L
fit a13L
fit a14L
fit a15L
fit a16L
fit a17L
  window 0 (7 docs): L2 fresh +2.6753
  window 1 (42 docs): L2 fresh +2.9455
  window 2 (17 docs): L2 fresh +2.6703
  window 3 (23 docs): L2 fresh +2.8629
  window 4 (43 docs): L2 fresh +2.9352
  window 5 (26 docs): L2 fresh +2.8241
  window 6 (35 docs): L2 fresh +2.6424
  window 7 (35 docs): L2 fresh +2.6923
L2 empirical: C +2.4400 | fresh +2.6753 | tail-attn increment +0.3435
(a) L2 <= +2.75 fresh: HELD
(b) increment in [0.30,0.55]: HELD
ARM 4/6: c7@288, others 576
a2-input probe acc 0.69
fit a2
fit a3
fit a4
fit a5
fit a6
fit a7
fit a8
fit a9
fit a10
fit a11
fit a12
fit a13
fit a14
fit a15
fit a16
fit a17
L1 (+38 heads): C +2.0241 | fresh +2.3174
fit a10L
fit a11L
fit a12L
fit a13L
fit a14L
fit a15L
fit a16L
fit a17L
  window 0 (7 docs): L2 fresh +2.6735
  window 1 (42 docs): L2 fresh +2.9573
  window 2 (17 docs): L2 fresh +2.6848
  window 3 (23 docs): L2 fresh +2.8829
  window 4 (43 docs): L2 fresh +2.9329
  window 5 (26 docs): L2 fresh +2.8334
  window 6 (35 docs): L2 fresh +2.6293
  window 7 (35 docs): L2 fresh +2.6915
L2 empirical: C +2.4416 | fresh +2.6735 | tail-attn increment +0.3561
(a) L2 <= +2.75 fresh: HELD
(b) increment in [0.30,0.55]: HELD
ARM 5/6: c8@288, others 576
a2-input probe acc 0.69
fit a2
fit a3
fit a4
fit a5
fit a6
fit a7
fit a8
fit a9
fit a10
fit a11
fit a12
fit a13
fit a14
fit a15
fit a16
fit a17
L1 (+38 heads): C +2.0075 | fresh +2.3157
fit a10L
fit a11L
fit a12L
fit a13L
fit a14L
fit a15L
fit a16L
fit a17L
  window 0 (7 docs): L2 fresh +2.6637
  window 1 (42 docs): L2 fresh +2.9360
  window 2 (17 docs): L2 fresh +2.6281
  window 3 (23 docs): L2 fresh +2.8491
  window 4 (43 docs): L2 fresh +2.9216
  window 5 (26 docs): L2 fresh +2.8063
  window 6 (35 docs): L2 fresh +2.5869
  window 7 (35 docs): L2 fresh +2.6710
L2 empirical: C +2.4177 | fresh +2.6637 | tail-attn increment +0.3480
(a) L2 <= +2.75 fresh: HELD
(b) increment in [0.30,0.55]: HELD
ARM 6/6: c9@288, others 576
a2-input probe acc 0.69
fit a2
fit a3
fit a4
fit a5
fit a6
fit a7
fit a8
fit a9
fit a10
fit a11
fit a12
fit a13
fit a14
fit a15
fit a16
fit a17
L1 (+38 heads): C +2.0148 | fresh +2.3232
fit a10L
fit a11L
fit a12L
fit a13L
fit a14L
fit a15L
fit a16L
fit a17L
  window 0 (7 docs): L2 fresh +2.6741
  window 1 (42 docs): L2 fresh +2.9455
  window 2 (17 docs): L2 fresh +2.6322
  window 3 (23 docs): L2 fresh +2.8632
  window 4 (43 docs): L2 fresh +2.9157
  window 5 (26 docs): L2 fresh +2.8089
  window 6 (35 docs): L2 fresh +2.6072
  window 7 (35 docs): L2 fresh +2.6744
L2 empirical: C +2.4278 | fresh +2.6741 | tail-attn increment +0.3509
(a) L2 <= +2.75 fresh: HELD
(b) increment in [0.30,0.55]: HELD
c6@288 - best per window: [0.0062, 0.0031, 0.0294, 0.0015, 0.0128, 0.0094, 0.0313, 0.0145]  median +0.0111
c7@288 - best per window: [0.0044, 0.0149, 0.0439, 0.0215, 0.0105, 0.0187, 0.0182, 0.0137]  median +0.0166
c8@288 - best per window: [-0.0054, -0.0064, -0.0128, -0.0123, -0.0008, -0.0084, -0.0242, -0.0068]  median -0.0076
c9@288 - best per window: [0.005, 0.0031, -0.0087, 0.0018, -0.0067, -0.0058, -0.0039, -0.0034]  median -0.0036
(a) min layer median -0.0076 <= +0.005: HELD
(b) additivity |+0.0164 - 0.0217| = 0.0053 <= 0.015: HELD
(c) best median -0.0289 vs -0.0290 (tol 0.015): HELD
wrote /workspace/tensor_language/basis_aligned/bilinear_quotient/frontier_c69_perlayer_results.json (671s)
