ARM 1/2: norm selection + assembly-conditioned Fisher collection
a2-input probe acc 0.69
fit a2
fit a3
fit a4
fit a5
fit a6
fit a7
fit a8
fit a9
fit a10
fit a11
fit a12
fit a13
fit a14
fit a15
fit a16
fit a17
L1 (+38 heads): C +1.9802 | fresh +2.2871
fit a10L
fit a11L
fit a12L
fit a13L
fit a14L
fit a15L
fit a16L
fit a17L
  window 0 (7 docs): L2 fresh +2.6735
  window 1 (42 docs): L2 fresh +2.9704
  window 2 (17 docs): L2 fresh +2.7323
  window 3 (23 docs): L2 fresh +2.9634
  window 4 (43 docs): L2 fresh +2.9546
  window 5 (26 docs): L2 fresh +2.8355
  window 6 (35 docs): L2 fresh +2.6407
  window 7 (35 docs): L2 fresh +2.7056
L2 empirical: C +2.4233 | fresh +2.6735 | tail-attn increment +0.3864
assembly-conditioned Fisher top-8 collected at site 5
assembly-conditioned Fisher top-8 collected at site 6
(a) L2 <= +2.75 fresh: HELD
(b) increment in [0.30,0.55]: HELD
ARM 2/2: ASSEMBLY-conditioned true-Fisher top-8 selection at mlp4/mlp5
a2-input probe acc 0.69
fit a2
fit a3
fit a4
fit a5
fit a6
fit a7
fit a8
fit a9
fit a10
fit a11
fit a12
fit a13
fit a14
fit a15
fit a16
fit a17
L1 (+38 heads): C +2.0584 | fresh +2.3986
fit a10L
fit a11L
fit a12L
fit a13L
fit a14L
fit a15L
fit a16L
fit a17L
  window 0 (7 docs): L2 fresh +2.7707
  window 1 (42 docs): L2 fresh +3.0313
  window 2 (17 docs): L2 fresh +2.7677
  window 3 (23 docs): L2 fresh +2.9326
  window 4 (43 docs): L2 fresh +2.9884
  window 5 (26 docs): L2 fresh +2.8964
  window 6 (35 docs): L2 fresh +2.6603
  window 7 (35 docs): L2 fresh +2.7784
L2 empirical: C +2.4846 | fresh +2.7707 | tail-attn increment +0.3722
(a) L2 <= +2.75 fresh: FAILED
(b) increment in [0.30,0.55]: HELD
per-window gain (asm - norm): [0.0972, 0.0609, 0.0354, -0.0308, 0.0338, 0.0609, 0.0196, 0.0728]
(a) median gain +0.0481 >= 0.04: HELD
(b) positive on 7/8 (bar 7): HELD
(c) norm FR L2_F 2.6735 vs 2.6735 (tol 0.01): HELD
wrote /workspace/tensor_language/basis_aligned/bilinear_quotient/frontier_asm_fresh8_results.json (245s)
