ONE pipeline run, 7 evaluations against the same fitted stack
a2-input probe acc 0.69
fit a2
fit a3
fit a4
fit a5
fit a6
fit a7
fit a8
fit a9
fit a10
fit a11
fit a12
fit a13
fit a14
fit a15
fit a16
fit a17
L1 (+38 heads): C +1.9801 | fresh +2.2871
fit a10L
fit a11L
fit a12L
fit a13L
fit a14L
fit a15L
fit a16L
fit a17L
L2 empirical: C +2.4232 | fresh +2.6736 | tail-attn increment +0.3864
L2 empirical per arm: baseline +2.6736 | lw_empty +2.7866 | s000 +2.4872 | s025 +2.4448 | s050 +2.4873 | s075 +2.5717 | s100 +2.6736
(a) baseline L2_F 2.6736 vs 2.6735 (tol .05): HELD
(b) LW:={} arm +0.1130 vs SS2881 +0.1740, dev 0.0610 <= 0.02: FAILED
(c) LW:={} vs LW[k]:=0 gap 0.2994 >= 0.1: HELD
(d) scales below 1 improving: [0.0, 0.25, 0.5, 0.75], best s=0.25 at -0.2288 fresh / -0.1530 fit: HELD
(e) max deviation vs SS2893 grid 0.0003: HELD
wrote /workspace/tensor_language/basis_aligned/bilinear_quotient/frontier_tail_shrinkage_anchored_results.json (114s)
