ONE pipeline run, 8 evaluations against the same fitted stack
a2-input probe acc 0.69
fit a2
fit a3
fit a4
fit a5
fit a6
fit a7
fit a8
fit a9
fit a10
fit a11
fit a12
fit a13
fit a14
fit a15
fit a16
fit a17
L1 (+38 heads): C +1.9801 | fresh +2.2871
fit a10L
fit a11L
fit a12L
fit a13L
fit a14L
fit a15L
fit a16L
fit a17L
L2 empirical: C +2.4232 | fresh +2.6735 | tail-attn increment +0.3864
L2 empirical per arm: baseline +2.6735 | a2 +2.4789 | a3 +2.5155 | a4 +2.4794 | a23 +2.4657 | a24 +2.4227 | a34 +2.4223 | a234 +2.4334
(a) baseline L2_F 2.6735 vs 2.6735 (tol .05): HELD
    a2=+0.1946  a3=+0.1580  a4=+0.1941  a23=+0.2078  a24=+0.2508  a34=+0.2512  a234=+0.2401
(b) singles +0.5467 - triple +0.2401 = +0.3066 >= 0.1: HELD
(c) max single deviation vs SS2889 0.0001 <= 0.01: HELD
(e) 3/3 pairs subadditive: HELD
wrote /workspace/tensor_language/basis_aligned/bilinear_quotient/frontier_front_band_interaction_results.json (118s, 1 pipeline run instead of 8)
