ARM: exact rung-127 build, certificate rows saved
a2-input probe acc 0.69
fit a2
fit a3
fit a4
fit a5
fit a6
fit a7
fit a8
fit a9
fit a10
fit a11
fit a12
fit a13
fit a14
fit a15
fit a16
fit a17
  cp_swap: front MLPs m0-m3 -> CP top-3456 in place (tailE remains table-front-fit)
L1 (+38 heads): C +1.4822 | fresh +1.5509
  captured real-trajectory tail-attention targets
fit a10L
fit a11L
fit a12L
fit a13L
fit a14L
fit a15L
fit a16L
fit a17L
  window 0 (7 docs): L2 fresh +1.8764
  window 1 (42 docs): L2 fresh +2.1855
  window 2 (17 docs): L2 fresh +2.2063
  window 3 (23 docs): L2 fresh +2.2184
  window 4 (43 docs): L2 fresh +2.4205
  window 5 (26 docs): L2 fresh +2.0762
  window 6 (35 docs): L2 fresh +1.9654
  window 7 (35 docs): L2 fresh +1.9407
L2 empirical: C +1.8845 | fresh +1.8764 | tail-attn increment +0.3255
(a) L2 <= +2.75 fresh: HELD
(b) increment in [0.30,0.55]: HELD
L2 fresh +1.8764 (was +1.8765); census +1.9474 (was +1.9474); increment +0.3255; valid 0/62
(a) |census +1.9474 - 1.9474| <= 0.015: HELD
(b) valid 0 <= 5 via L2F +1.8764: HELD
(c) |L2F - 1.8765| <= 0.015, increment in [0.25, 0.40]: HELD
wrote /workspace/tensor_language/basis_aligned/bilinear_quotient/frontier_rows_results.json (128s)
