ARM: rung-127 build + middles Down-refit to OFFLINE real targets (rung 133)
a2-input probe acc 0.69
fit a2
fit a3
fit a4
fit a5
fit a6
fit a7
fit a8
fit a9
fit a10
fit a11
fit a12
fit a13
fit a14
fit a15
fit a16
fit a17
  cp_swap: front MLPs m0-m3 -> CP top-3456 in place (tailE remains table-front-fit)
L1 (+38 heads): C +1.4823 | fresh +1.5509
  captured real-trajectory tail-attention targets
  mid_traj: refit c4 Down (trajectory target)
  mid_traj: refit c5 Down (trajectory target)
  mid_traj: refit c6 Down (trajectory target)
  mid_traj: refit c7 Down (trajectory target)
  mid_traj: refit c8 Down (trajectory target)
  mid_traj: refit c9 Down (trajectory target)
fit a10L
fit a11L
fit a12L
fit a13L
fit a14L
fit a15L
fit a16L
fit a17L
  window 0 (7 docs): L2 fresh +2.0784
  window 1 (42 docs): L2 fresh +2.5813
  window 2 (17 docs): L2 fresh +2.9722
  window 3 (23 docs): L2 fresh +2.8162
  window 4 (43 docs): L2 fresh +2.7141
  window 5 (26 docs): L2 fresh +2.4666
  window 6 (35 docs): L2 fresh +2.4328
  window 7 (35 docs): L2 fresh +2.3456
L2 empirical: C +2.1856 | fresh +2.0784 | tail-attn increment +0.5275
(a) L2 <= +2.75 fresh: HELD
(b) increment in [0.30,0.55]: HELD
L2 fresh +2.0784 (was +1.8765); census +2.1482 (was +1.9474); increment +0.5275
(a) census +2.1482 <= 1.92: FAILED
(b) L2F +2.0784 <= 1.86: FAILED
(c) increment in [0.25, 0.45], census >= 1.4: FAILED
wrote /workspace/tensor_language/basis_aligned/bilinear_quotient/frontier_mid_real_results.json (142s)
