ARM 1/2: BASELINE -- reproduction of the published frontier
a2-input probe acc 0.69
fit a2
fit a3
fit a4
fit a5
fit a6
fit a7
fit a8
fit a9
fit a10
fit a11
fit a12
fit a13
fit a14
fit a15
fit a16
fit a17
L1 (+38 heads): C +1.9801 | fresh +2.2871
fit a10L
fit a11L
fit a12L
fit a13L
fit a14L
fit a15L
fit a16L
fit a17L
L2 empirical: C +2.4233 | fresh +2.6735 | tail-attn increment +0.3864
(a) L2 <= +2.75 fresh: HELD
(b) increment in [0.30,0.55]: HELD
ARM 2/2: BOTH halves dropped (tb := 0 AND A := 0) -- the MLP stage writes nothing
a2-input probe acc 0.63
fit a2
fit a3
fit a4
fit a5
fit a6
fit a7
fit a8
fit a9
fit a10
fit a11
fit a12
fit a13
fit a14
fit a15
fit a16
fit a17
L1 (+38 heads): C +6.3985 | fresh +5.7448
fit a10L
fit a11L
fit a12L
fit a13L
fit a14L
fit a15L
fit a16L
fit a17L
L2 empirical: C +6.8162 | fresh +5.8839 | tail-attn increment +0.1391
(a) L2 <= +2.75 fresh: FAILED
(b) increment in [0.30,0.55]: FAILED
(a) baseline L2_F 2.6735 vs 2.6735 (tol .05): HELD
(b) |additive 1.4350 - both 3.2104| = 1.7754 >= 0.2: HELD
(c) subadditivity gap -1.7754 >= 0.2: FAILED
(d) excess over the worse single drop +2.4568 >= 0.1: HELD
wrote /workspace/tensor_language/basis_aligned/bilinear_quotient/frontier_mlp_joint_drop_results.json (189s)
