ARM: rung-127 build + tailE rebuilt IN-FRAME (control for S2222)
a2-input probe acc 0.69
fit a2
fit a3
fit a4
fit a5
fit a6
fit a7
fit a8
fit a9
fit a10
fit a11
fit a12
fit a13
fit a14
fit a15
fit a16
fit a17
  cp_swap: front MLPs m0-m3 -> CP top-3456 in place (tailE remains table-front-fit)
L1 (+38 heads): C +1.4822 | fresh +1.5509
  captured real-trajectory tail-attention targets
  tailE rebuilt under the CP-front+motif frame
fit a10L
fit a11L
fit a12L
fit a13L
fit a14L
fit a15L
fit a16L
fit a17L
  window 0 (7 docs): L2 fresh +1.9343
  window 1 (42 docs): L2 fresh +2.1953
  window 2 (17 docs): L2 fresh +2.2099
  window 3 (23 docs): L2 fresh +2.2015
  window 4 (43 docs): L2 fresh +2.4317
  window 5 (26 docs): L2 fresh +2.0775
  window 6 (35 docs): L2 fresh +1.9718
  window 7 (35 docs): L2 fresh +1.9793
L2 empirical: C +1.8723 | fresh +1.9343 | tail-attn increment +0.3834
(a) L2 <= +2.75 fresh: HELD
(b) increment in [0.30,0.55]: HELD
L2 fresh +1.9343 (was +1.8765); census +1.9706 (was +1.9474); increment +0.3834; valid 0/62
(a) census +1.9706 <= 2.05: HELD
(b) L2F +1.9343 <= 1.95: HELD
(c) increment in [0.20, 0.70] and census >= 1.4: HELD
wrote /workspace/tensor_language/basis_aligned/bilinear_quotient/frontier_taile_ctrl_results.json (129s)
