ARM 1/3: BASELINE -- motif heads on all of a2-a9 (the published frontier)
a2-input probe acc 0.69
fit a2
fit a3
fit a4
fit a5
fit a6
fit a7
fit a8
fit a9
fit a10
fit a11
fit a12
fit a13
fit a14
fit a15
fit a16
fit a17
L1 (+38 heads): C +1.9801 | fresh +2.2871
fit a10L
fit a11L
fit a12L
fit a13L
fit a14L
fit a15L
fit a16L
fit a17L
L2 empirical: C +2.4232 | fresh +2.6735 | tail-attn increment +0.3864
(a) L2 <= +2.75 fresh: HELD
(b) increment in [0.30,0.55]: HELD
ARM 2/3: attention 5 restored to REAL (motif heads on the other seven layers)
a2-input probe acc 0.69
fit a2
fit a3
fit a4
fit a5
fit a6
fit a7
fit a8
fit a9
fit a10
fit a11
fit a12
fit a13
fit a14
fit a15
fit a16
fit a17
L1 (+38 heads): C +1.9801 | fresh +2.2871
fit a10L
fit a11L
fit a12L
fit a13L
fit a14L
fit a15L
fit a16L
fit a17L
L2 empirical: C +2.4010 | fresh +2.6138 | tail-attn increment +0.3267
(a) L2 <= +2.75 fresh: HELD
(b) increment in [0.30,0.55]: HELD
ARM 3/3: attention 2 restored to REAL -- control layer
a2-input probe acc 0.69
fit a2
fit a3
fit a4
fit a5
fit a6
fit a7
fit a8
fit a9
fit a10
fit a11
fit a12
fit a13
fit a14
fit a15
fit a16
fit a17
L1 (+38 heads): C +1.9801 | fresh +2.2871
fit a10L
fit a11L
fit a12L
fit a13L
fit a14L
fit a15L
fit a16L
fit a17L
L2 empirical: C +2.2258 | fresh +2.4789 | tail-attn increment +0.1918
(a) L2 <= +2.75 fresh: HELD
(b) increment in [0.30,0.55]: FAILED
(a) baseline L2_F 2.6735 vs 2.6735 (tol .05): HELD
(b) attn5 error share +0.0597 >= 0.15: FAILED
(c) vs control attn2 +0.1946, ratio 0.31 >= 3.0: FAILED
(d) both arms connected: HELD
wrote /workspace/tensor_language/basis_aligned/bilinear_quotient/frontier_attn5_error_share_results.json (283s)
