ARM: rung-127 build with block-5 attention REAL
a2-input probe acc 0.69
fit a2
fit a3
fit a4
fit a5
fit a6
fit a7
fit a8
fit a9
fit a10
fit a11
fit a12
fit a13
fit a14
fit a15
fit a16
fit a17
  cp_swap: front MLPs m0-m3 -> CP top-3456 in place (tailE remains table-front-fit)
L1 (+38 heads): C +1.4042 | fresh +1.4299
  captured real-trajectory tail-attention targets
fit a10L
fit a11L
fit a12L
fit a13L
fit a14L
fit a15L
fit a16L
fit a17L
  window 0 (7 docs): L2 fresh +1.7621
  window 1 (42 docs): L2 fresh +2.0927
  window 2 (17 docs): L2 fresh +2.0999
  window 3 (23 docs): L2 fresh +2.1517
  window 4 (43 docs): L2 fresh +2.3256
  window 5 (26 docs): L2 fresh +1.9822
  window 6 (35 docs): L2 fresh +1.8853
  window 7 (35 docs): L2 fresh +1.8342
L2 empirical: C +1.8021 | fresh +1.7621 | tail-attn increment +0.3322
(a) L2 <= +2.75 fresh: HELD
(b) increment in [0.30,0.55]: HELD
  per-class dCE: digit:+1.226 bclose:+0.991 newline:+0.405 sentend:+0.234 comma:+0.224 name:+3.081 rep:+1.565 subword:+2.268 ind:+1.891 other:+1.947
L2 fresh +1.7621 (was +1.8765); census +1.8257 (was +1.9474); increment +0.3322; valid 0/62
(a) census +1.8257 <= 1.80: FAILED
(b) subword +2.2677 <= 2.05: FAILED
(c) increment +0.3322 in [0.25, 0.45], census >= 1.4: HELD
wrote /workspace/tensor_language/basis_aligned/bilinear_quotient/frontier_attn5real_results.json (127s)
