62 circuits with masks; census rows (1000, 513)
ARM: all-motifs-real config evaluated per-position on the census rows
a2-input probe acc 0.69
fit a2
fit a3
fit a4
fit a5
fit a6
fit a7
fit a8
fit a9
fit a10
fit a11
fit a12
fit a13
fit a14
fit a15
fit a16
fit a17
L1 (+38 heads): C +1.7058 | fresh +1.9592
fit a10L
fit a11L
fit a12L
fit a13L
fit a14L
fit a15L
fit a16L
fit a17L
  window 0 (7 docs): L2 fresh +2.2540
  window 1 (42 docs): L2 fresh +2.5708
  window 2 (17 docs): L2 fresh +2.5711
  window 3 (23 docs): L2 fresh +2.8344
  window 4 (43 docs): L2 fresh +2.6187
  window 5 (26 docs): L2 fresh +2.4523
  window 6 (35 docs): L2 fresh +2.2661
  window 7 (35 docs): L2 fresh +2.3141
L2 empirical: C +2.2818 | fresh +2.2540 | tail-attn increment +0.2948
(a) L2 <= +2.75 fresh: HELD
(b) increment in [0.30,0.55]: FAILED
aggregate dCE +2.4307; valid 0/62; failing tail-localized fraction 0.32
(a) valid 0 >= 30: FAILED
(b) failing tail fraction 0.32 >= 0.6: FAILED
(c) aggregate +2.4307 in [0.5, 5.0]: HELD
wrote /workspace/tensor_language/basis_aligned/bilinear_quotient/frontier_certificate3_results.json (117s)
