RUN 1/1: fit the published stack, save it, and verify the dump round-trips
a2-input probe acc 0.69
fit a2
fit a3
fit a4
fit a5
fit a6
fit a7
fit a8
fit a9
fit a10
fit a11
fit a12
fit a13
fit a14
fit a15
fit a16
fit a17
L1 (+38 heads): C +1.9801 | fresh +2.2871
fit a10L
fit a11L
fit a12L
fit a13L
fit a14L
fit a15L
fit a16L
fit a17L
L2 empirical: C +2.4233 | fresh +2.6736 | tail-attn increment +0.3865
L2 per arm: baseline +2.6736 | reload_check +2.6736
(a) baseline L2_F 2.6736 vs 2.6735: HELD
(b) round-trip ok=True over 240 tensors, max dev 0.0: HELD
(c) entry kinds {'cv': 2, 'cp': 6, 'tableres': 6, 'linear': 1, 'attnd': 24, 'tail': 2}: HELD
(d) saved 1639.3 MB at /workspace/tensor_language/basis_aligned/bilinear_quotient/.fitcache/stack_5c5a8900d60fa34272bfe7184fad48c2.pt: HELD
(e) reloaded L2_F 2.6736 vs 2.6736, dev 0.000000: HELD
wrote /workspace/tensor_language/basis_aligned/bilinear_quotient/frontier_stack_dump_results.json (103s)
