ARMS: four CP triples, mixed Ks - census rows
a2-input probe acc 0.69
fit a2
fit a3
fit a4
fit a5
fit a6
fit a7
fit a8
fit a9
fit a10
fit a11
fit a12
fit a13
fit a14
fit a15
fit a16
fit a17
L1 (+38 heads): C +1.3230 | fresh +1.7582
  triple (0, 1, 2) done
  triple (0, 1, 3) done
  triple (0, 2, 3) done
  triple (1, 2, 3) done
  window 0 (7 docs): L2 fresh +1.7582
  window 1 (42 docs): L2 fresh +1.8578
  window 2 (17 docs): L2 fresh +1.5877
  window 3 (23 docs): L2 fresh +1.6496
  window 4 (43 docs): L2 fresh +1.8177
  window 5 (26 docs): L2 fresh +1.6988
  window 6 (35 docs): L2 fresh +1.5813
  window 7 (35 docs): L2 fresh +1.7011
L2 empirical: C +1.3230 | fresh +1.7582 | tail-attn increment +0.0000
(a) L2 <= +2.75 fresh: HELD
(b) increment in [0.30,0.55]: FAILED
  tri_012: agg +0.4087  pred2 +0.3392  K3 +0.0695
  tri_013: agg +0.3853  pred2 +0.3691  K3 +0.0162
  tri_023: agg +0.4181  pred2 +0.4147  K3 +0.0034
  tri_123: agg +0.5977  pred2 +0.4658  K3 +0.1319
(a) median |K3| 0.0428 <= 0.05: HELD
(b) tri_123 largest: HELD
(c) triple sanity: HELD
wrote /workspace/tensor_language/basis_aligned/bilinear_quotient/frontier_cp_triples_results.json (127s)
