ONE pipeline run, 10 evaluations against the same fitted stack
a2-input probe acc 0.69
fit a2
fit a3
fit a4
fit a5
fit a6
fit a7
fit a8
fit a9
fit a10
fit a11
fit a12
fit a13
fit a14
fit a15
fit a16
fit a17
L1 (+38 heads): C +1.9801 | fresh +2.2871
fit a10L
fit a11L
fit a12L
fit a13L
fit a14L
fit a15L
fit a16L
fit a17L
L2 empirical: C +2.4233 | fresh +2.6735 | tail-attn increment +0.3864
L2 per arm: baseline +2.6735 | TC +2.3521 | M125 +2.5131 | M150 +2.5212 | M200 +2.6876 | M250 +2.9171 | M300 +3.1729 | TCM125 +2.3372 | TCM150 +2.3988 | TCM200 +2.6142
(a) baseline L2_F 2.6735 vs 2.6735: HELD
    motif only: m=1.25:-0.1604  m=1.5:-0.1523  m=2.0:+0.0141  m=2.5:+0.2436  m=3.0:+0.4994
    T+C+motif : m=1.25:-0.3363  m=1.5:-0.2747  m=2.0:-0.0593
(b) TC -0.3214 vs SS2904 -0.3213, dev 0.0001: HELD
(c) best motif scale 1.25 (interior?): HELD
(d) best triple -0.3363 at m=1.25 beats TC by +0.0149: FAILED
    implied L2_F = 2.3372
wrote /workspace/tensor_language/basis_aligned/bilinear_quotient/frontier_motif_bracket_and_triple_results.json (124s)
