ARM 1/3: norm-2304 + assembly-conditioned Fisher at sites 5/6
a2-input probe acc 0.69
fit a2
fit a3
fit a4
fit a5
fit a6
fit a7
fit a8
fit a9
fit a10
fit a11
fit a12
fit a13
fit a14
fit a15
fit a16
fit a17
L1 (+38 heads): C +1.9801 | fresh +2.2872
fit a10L
fit a11L
fit a12L
fit a13L
fit a14L
fit a15L
fit a16L
fit a17L
  window 0 (7 docs): L2 fresh +2.6735
  window 1 (42 docs): L2 fresh +2.9704
  window 2 (17 docs): L2 fresh +2.7324
  window 3 (23 docs): L2 fresh +2.9632
  window 4 (43 docs): L2 fresh +2.9545
  window 5 (26 docs): L2 fresh +2.8354
  window 6 (35 docs): L2 fresh +2.6407
  window 7 (35 docs): L2 fresh +2.7056
L2 empirical: C +2.4233 | fresh +2.6735 | tail-attn increment +0.3864
assembly-conditioned Fisher top-8 collected at site 5
assembly-conditioned Fisher top-8 collected at site 6
(a) L2 <= +2.75 fresh: HELD
(b) increment in [0.30,0.55]: HELD
ARM 2/3: conditioned-2304 (S2129 reproduction)
a2-input probe acc 0.69
fit a2
fit a3
fit a4
fit a5
fit a6
fit a7
fit a8
fit a9
fit a10
fit a11
fit a12
fit a13
fit a14
fit a15
fit a16
fit a17
L1 (+38 heads): C +2.0585 | fresh +2.3984
fit a10L
fit a11L
fit a12L
fit a13L
fit a14L
fit a15L
fit a16L
fit a17L
  window 0 (7 docs): L2 fresh +2.7698
  window 1 (42 docs): L2 fresh +3.0312
  window 2 (17 docs): L2 fresh +2.7659
  window 3 (23 docs): L2 fresh +2.9314
  window 4 (43 docs): L2 fresh +2.9889
  window 5 (26 docs): L2 fresh +2.8971
  window 6 (35 docs): L2 fresh +2.6591
  window 7 (35 docs): L2 fresh +2.7785
L2 empirical: C +2.4828 | fresh +2.7698 | tail-attn increment +0.3715
(a) L2 <= +2.75 fresh: FAILED
(b) increment in [0.30,0.55]: HELD
ARM 3/3: conditioned-1152 (half price at mlp4/mlp5)
a2-input probe acc 0.69
fit a2
fit a3
fit a4
fit a5
fit a6
fit a7
fit a8
fit a9
fit a10
fit a11
fit a12
fit a13
fit a14
fit a15
fit a16
fit a17
L1 (+38 heads): C +2.1331 | fresh +2.4623
fit a10L
fit a11L
fit a12L
fit a13L
fit a14L
fit a15L
fit a16L
fit a17L
  window 0 (7 docs): L2 fresh +2.8190
  window 1 (42 docs): L2 fresh +3.0610
  window 2 (17 docs): L2 fresh +2.8062
  window 3 (23 docs): L2 fresh +2.9622
  window 4 (43 docs): L2 fresh +3.0360
  window 5 (26 docs): L2 fresh +2.9282
  window 6 (35 docs): L2 fresh +2.6923
  window 7 (35 docs): L2 fresh +2.8102
L2 empirical: C +2.5461 | fresh +2.8190 | tail-attn increment +0.3568
(a) L2 <= +2.75 fresh: FAILED
(b) increment in [0.30,0.55]: HELD
cond2304 - norm per window: [0.0963, 0.0608, 0.0335, -0.0318, 0.0344, 0.0617, 0.0184, 0.0729]
cond1152 - norm per window: [0.1455, 0.0906, 0.0738, -0.001, 0.0815, 0.0928, 0.0516, 0.1046]
(a) half-price median +0.0861 >= 0: HELD
(b) >= -0.01 on 8/8 (bar 6): HELD
(c) cond2304 median +0.0476 vs 0.0481 (tol 0.015): HELD
wrote /workspace/tensor_language/basis_aligned/bilinear_quotient/frontier_cond_halfprice_results.json (359s)
