a2-input probe acc 0.69
fit a2
fit a3
fit a4
fit a5
fit a6
fit a7
fit a8
fit a9
fit a10
fit a11
fit a12
fit a13
fit a14
fit a15
fit a16
fit a17
best config full +2.7486
LOO a0: +0.0000
LOO m0: +0.0095
LOO a1v: +0.0070
LOO m1: +0.0060
LOO m2: +0.0142
LOO m3: +0.0036
LOO tail m10: +0.0131
LOO tail m11: +0.0160
LOO tail m12: +0.0149
LOO tail m13: +0.0190
LOO tail m14: +0.0138
LOO tail m15: +0.0113
LOO tail m16: +0.0305
LOO tail m17: +0.0817
(a) m1 <= 0.35: HELD
(b) front MLP sum +0.033 <= 0.8: HELD
(c) all tail <= 0.15: HELD
wrote /workspace/tensor_language/basis_aligned/bilinear_quotient/front_tail_marginals_results.json (99s)
