ARM 1/3: BASELINE -- reproduction of the published frontier
a2-input probe acc 0.69
fit a2
fit a3
fit a4
fit a5
fit a6
fit a7
fit a8
fit a9
fit a10
fit a11
fit a12
fit a13
fit a14
fit a15
fit a16
fit a17
L1 (+38 heads): C +1.9801 | fresh +2.2872
fit a10L
fit a11L
fit a12L
fit a13L
fit a14L
fit a15L
fit a16L
fit a17L
L2 empirical: C +2.4233 | fresh +2.6735 | tail-attn increment +0.3864
(a) L2 <= +2.75 fresh: HELD
(b) increment in [0.30,0.55]: HELD
ARM 2/3: band a2-a9 -> ONE CONSTANT each (reproduces SS2875)
a2-input probe acc 0.69
COLLAPSED a2
fit a2
COLLAPSED a3
fit a3
COLLAPSED a4
fit a4
COLLAPSED a5
fit a5
COLLAPSED a6
fit a6
COLLAPSED a7
fit a7
COLLAPSED a8
fit a8
COLLAPSED a9
fit a9
fit a10
fit a11
fit a12
fit a13
fit a14
fit a15
fit a16
fit a17
L1 (+38 heads): C +1.9801 | fresh +2.2872
fit a10L
fit a11L
fit a12L
fit a13L
fit a14L
fit a15L
fit a16L
fit a17L
L2 empirical: C +2.4233 | fresh +2.6735 | tail-attn increment +0.3864
(a) L2 <= +2.75 fresh: HELD
(b) increment in [0.30,0.55]: HELD
ARM 3/3: band a2-a9 -> ZERO (the stage writes nothing = deleted)
a2-input probe acc 0.69
ZEROED a2
fit a2
ZEROED a3
fit a3
ZEROED a4
fit a4
ZEROED a5
fit a5
ZEROED a6
fit a6
ZEROED a7
fit a7
ZEROED a8
fit a8
ZEROED a9
fit a9
fit a10
fit a11
fit a12
fit a13
fit a14
fit a15
fit a16
fit a17
L1 (+38 heads): C +1.9801 | fresh +2.2871
fit a10L
fit a11L
fit a12L
fit a13L
fit a14L
fit a15L
fit a16L
fit a17L
L2 empirical: C +2.4233 | fresh +2.6735 | tail-attn increment +0.3864
(a) L2 <= +2.75 fresh: HELD
(b) increment in [0.30,0.55]: HELD
(a) baseline L2_F 2.6735 vs 2.6735 (tol .05): HELD
(b) separation +0.0000 >= 0.1 (zero-cost minus const-cost): FAILED
(c) const arm reproduces SS2875's 0.0000 (dev 0.0000): HELD
(d) deleting the stage costs +0.0000 >= 0.2: FAILED
wrote /workspace/tensor_language/basis_aligned/bilinear_quotient/frontier_band_constant_vs_deleted_results.json (279s)
