ONE pipeline run, 9 evaluations against the same fitted stack
a2-input probe acc 0.69
fit a2
fit a3
fit a4
fit a5
fit a6
fit a7
fit a8
fit a9
fit a10
fit a11
fit a12
fit a13
fit a14
fit a15
fit a16
fit a17
L1 (+38 heads): C +1.9801 | fresh +2.2871
fit a10L
fit a11L
fit a12L
fit a13L
fit a14L
fit a15L
fit a16L
fit a17L
L2 empirical: C +2.4232 | fresh +2.6735 | tail-attn increment +0.3864
L2 empirical per arm: baseline +2.6735 | s000 +2.4872 | s025 +2.4448 | s050 +2.4875 | s075 +2.5718 | s090 +2.6314 | s100 +2.6735 | s110 +2.7171 | s125 +2.7826
(a) baseline L2_F 2.6735 vs 2.6735 (tol .05): HELD
    fresh: s=0.0:-0.1863  s=0.25:-0.2287  s=0.5:-0.1860  s=0.75:-0.1017  s=0.9:-0.0421  s=1.0:+0.0000  s=1.1:+0.0436  s=1.25:+0.1091
    fit:   s=0.0:-0.0705  s=0.25:-0.1530  s=0.5:-0.1474  s=0.75:-0.0884  s=0.9:-0.0378  s=1.0:+0.0000  s=1.1:+0.0401  s=1.25:+0.1057
(b) scales below 1 that improve: [0.0, 0.25, 0.5, 0.75, 0.9]: HELD
(c) scale-0 -0.1863 vs SS2881 +0.1740, dev 0.3603: FAILED
wrote /workspace/tensor_language/basis_aligned/bilinear_quotient/frontier_tail_link_shrinkage_results.json (121s, 1 pipeline run instead of 9)
