a2-input probe acc 0.69
fit a2
fit a3
fit a4
fit a5
fit a6
fit a7
fit a8
fit a9
fit a10
fit a11
fit a12
fit a13
fit a14
fit a15
fit a16
fit a17
cfgE     : gap +1.5808 | rel-MSE b1 0.509 b5 0.783 b6 1.741 b7 1.688 b17 0.593 | 9s
m0-real  : gap +1.3136 | rel-MSE b1 0.000 b5 0.695 b6 1.526 b7 1.554 b17 0.522 | 8s
a1v-real : gap +1.6315 | rel-MSE b1 0.509 b5 0.787 b6 1.927 b7 1.861 b17 0.606 | 9s
m1-real  : gap +1.3962 | rel-MSE b1 0.509 b5 0.692 b6 1.307 b7 1.426 b17 0.543 | 9s
m2-real  : gap +1.2820 | rel-MSE b1 0.509 b5 0.688 b6 1.310 b7 1.398 b17 0.524 | 8s
m3-real  : gap +1.3399 | rel-MSE b1 0.509 b5 0.700 b6 1.847 b7 1.821 b17 0.542 | 8s
c4-real  : gap +1.4448 | rel-MSE b1 0.509 b5 0.719 b6 1.189 b7 1.234 b17 0.561 | 9s
c5-real  : gap +1.4098 | rel-MSE b1 0.509 b5 0.783 b6 1.372 b7 1.138 b17 0.548 | 9s
(d) cfgE block-6 rel-MSE 1.7415 vs 1.7415: HELD
(a) largest block-6 lever c4-real (delta +0.5521): FAILED
(b) amplification 0.5521 / 0.0642 = 8.60 >= 2: HELD
(c) rho(delta b6, delta CE) +0.071 >= 0.7: FAILED
wrote /workspace/tensor_language/basis_aligned/bilinear_quotient/front_piece_amplification_results.json (130s)
