62 circuits with masks; census rows (1000, 513)
ARM: tables+middles-only config (all attention real) on the census rows
a2-input probe acc 0.69
fit a2
fit a3
fit a4
fit a5
fit a6
fit a7
fit a8
fit a9
fit a10
fit a11
fit a12
fit a13
fit a14
fit a15
fit a16
fit a17
L1 (+38 heads): C +1.7058 | fresh +1.9592
  window 0 (7 docs): L2 fresh +1.9592
  window 1 (42 docs): L2 fresh +2.0832
  window 2 (17 docs): L2 fresh +1.8972
  window 3 (23 docs): L2 fresh +1.9702
  window 4 (43 docs): L2 fresh +2.0232
  window 5 (26 docs): L2 fresh +1.9290
  window 6 (35 docs): L2 fresh +1.7832
  window 7 (35 docs): L2 fresh +1.8829
L2 empirical: C +1.7058 | fresh +1.9592 | tail-attn increment +0.0000
(a) L2 <= +2.75 fresh: HELD
(b) increment in [0.30,0.55]: FAILED
aggregate dCE +2.0727; valid 0/62
(a) valid 0 >= 20: FAILED
(b) aggregate +2.0727 <= 2.0: FAILED
(c) aggregate +2.0727 in [0.5, 5.0]: HELD
wrote /workspace/tensor_language/basis_aligned/bilinear_quotient/frontier_certificate4_results.json (100s)
