ARMS: cp_front plain vs a2/a3-input splice - census rows
a2-input probe acc 0.69
fit a2
fit a3
fit a4
fit a5
fit a6
fit a7
fit a8
fit a9
fit a10
fit a11
fit a12
fit a13
fit a14
fit a15
fit a16
fit a17
L1 (+38 heads): C +1.3231 | fresh +1.7582
  arm plain done
  window 0 (7 docs): L2 fresh +1.7582
  window 1 (42 docs): L2 fresh +1.8578
  window 2 (17 docs): L2 fresh +1.5877
  window 3 (23 docs): L2 fresh +1.6498
  window 4 (43 docs): L2 fresh +1.8177
  window 5 (26 docs): L2 fresh +1.6988
  window 6 (35 docs): L2 fresh +1.5813
  window 7 (35 docs): L2 fresh +1.7010
L2 empirical: C +1.3231 | fresh +1.7582 | tail-attn increment +0.0000
(a) L2 <= +2.75 fresh: HELD
(b) increment in [0.30,0.55]: FAILED
  plain    agg +0.9427  valid 0/62
  spliced  agg +0.6526  valid 0/62
(a) spliced +0.6526 <= 0.6 x plain (+0.5656): FAILED
(b) valid(spliced) 0 >= 3: FAILED
(c) |plain - anchor| <= 0.015: HELD
wrote /workspace/tensor_language/basis_aligned/bilinear_quotient/frontier_attn_splice_results.json (119s)
