ARM: rung-127 build + ONE global h17 bias vector (train-half fit)
a2-input probe acc 0.69
fit a2
fit a3
fit a4
fit a5
fit a6
fit a7
fit a8
fit a9
fit a10
fit a11
fit a12
fit a13
fit a14
fit a15
fit a16
fit a17
  cp_swap: front MLPs m0-m3 -> CP top-3456 in place (tailE remains table-front-fit)
L1 (+38 heads): C +1.4822 | fresh +1.5509
  captured real-trajectory tail-attention targets
fit a10L
fit a11L
fit a12L
fit a13L
fit a14L
fit a15L
fit a16L
fit a17L
  GLOBAL h17 bias fit (norm 22308.363) applied at all positions
  window 0 (7 docs): L2 fresh +1.8764
  window 1 (42 docs): L2 fresh +2.1854
  window 2 (17 docs): L2 fresh +2.2065
  window 3 (23 docs): L2 fresh +2.2184
  window 4 (43 docs): L2 fresh +2.4206
  window 5 (26 docs): L2 fresh +2.0762
  window 6 (35 docs): L2 fresh +1.9653
  window 7 (35 docs): L2 fresh +1.9407
L2 empirical: C +1.8845 | fresh +1.8764 | tail-attn increment +0.3256
(a) L2 <= +2.75 fresh: HELD
(b) increment in [0.30,0.55]: HELD
  TEST-half certificates: 0/62 valid
L2 fresh +1.8764 (was +1.8765); census +3.0155 (was +1.9474); increment +0.3256; valid 0/62
(a) |census - 1.9474| <= 0.02; TEST valid 0/62: FAILED
(b) census +3.0155 <= 1.9524 (no harm) via L2F +1.8764: FAILED
(c) L1F invariant, census >= 1.4: HELD
wrote /workspace/tensor_language/basis_aligned/bilinear_quotient/frontier_globalbias_results.json (138s)
