ARM: rank-16 QK patterns at ALL replaced heads, blocks 2-17 (dicts retired)
a2-input probe acc 0.69
fit a2
fit a3
fit a4
fit a5
fit a6
fit a7
fit a8
fit a9
fit a10
fit a11
fit a12
fit a13
fit a14
fit a15
fit a16
fit a17
  cp_swap: front MLPs m0-m3 -> CP top-3456 in place (tailE remains table-front-fit)
  QK rank-16 factors built for all motif heads
  QK rank-16 factors built for tail blocks 10-17
  tail QK hooks registered (gated)
L1 (+38 heads): C +1.7007 | fresh +1.3497
  window 0 (7 docs): L2 fresh +1.2602
  window 1 (42 docs): L2 fresh +1.4944
  window 2 (17 docs): L2 fresh +1.7923
  window 3 (23 docs): L2 fresh +1.8335
  window 4 (43 docs): L2 fresh +1.5399
  window 5 (26 docs): L2 fresh +1.6504
  window 6 (35 docs): L2 fresh +1.4685
  window 7 (35 docs): L2 fresh +1.3203
L2 empirical: C +1.7007 | fresh +1.3497 | tail-attn increment +0.0000
(a) L2 <= +2.75 fresh: HELD
(b) increment in [0.30,0.55]: FAILED
  per-class dCE: digit:+0.942 bclose:+0.436 newline:+0.633 sentend:+0.537 comma:+0.404 name:+2.204 rep:+0.885 subword:+1.786 ind:+1.138 other:+1.331
L2 fresh +1.3497 (was +1.8765); census +1.2673 (was +1.9474); increment +0.0000; valid 0/62
(a) L2F +1.3497 <= 1.37: HELD
(b) |census +1.2673 - 1.2673| <= 0.015: HELD
(c) |L2F - 1.3498| <= 0.015: HELD
wrote /workspace/tensor_language/basis_aligned/bilinear_quotient/frontier_claim_allqk_results.json (120s)
