ARM 1/3: norm-2304 everywhere (S312 reproduction)
a2-input probe acc 0.69
fit a2
fit a3
fit a4
fit a5
fit a6
fit a7
fit a8
fit a9
fit a10
fit a11
fit a12
fit a13
fit a14
fit a15
fit a16
fit a17
L1 (+38 heads): C +1.9801 | fresh +2.2872
fit a10L
fit a11L
fit a12L
fit a13L
fit a14L
fit a15L
fit a16L
fit a17L
  window 0 (7 docs): L2 fresh +2.6736
  window 1 (42 docs): L2 fresh +2.9704
  window 2 (17 docs): L2 fresh +2.7325
  window 3 (23 docs): L2 fresh +2.9634
  window 4 (43 docs): L2 fresh +2.9546
  window 5 (26 docs): L2 fresh +2.8355
  window 6 (35 docs): L2 fresh +2.6407
  window 7 (35 docs): L2 fresh +2.7056
L2 empirical: C +2.4234 | fresh +2.6736 | tail-attn increment +0.3864
(a) L2 <= +2.75 fresh: HELD
(b) increment in [0.30,0.55]: HELD
ARM 2/3: halve mlp4/mlp5 only
a2-input probe acc 0.69
fit a2
fit a3
fit a4
fit a5
fit a6
fit a7
fit a8
fit a9
fit a10
fit a11
fit a12
fit a13
fit a14
fit a15
fit a16
fit a17
L1 (+38 heads): C +2.0180 | fresh +2.3291
fit a10L
fit a11L
fit a12L
fit a13L
fit a14L
fit a15L
fit a16L
fit a17L
  window 0 (7 docs): L2 fresh +2.7171
  window 1 (42 docs): L2 fresh +3.0211
  window 2 (17 docs): L2 fresh +2.7707
  window 3 (23 docs): L2 fresh +3.0759
  window 4 (43 docs): L2 fresh +3.0050
  window 5 (26 docs): L2 fresh +2.8767
  window 6 (35 docs): L2 fresh +2.7132
  window 7 (35 docs): L2 fresh +2.7498
L2 empirical: C +2.5096 | fresh +2.7171 | tail-attn increment +0.3880
(a) L2 <= +2.75 fresh: HELD
(b) increment in [0.30,0.55]: HELD
ARM 3/3: halve c6-c9 only
a2-input probe acc 0.69
fit a2
fit a3
fit a4
fit a5
fit a6
fit a7
fit a8
fit a9
fit a10
fit a11
fit a12
fit a13
fit a14
fit a15
fit a16
fit a17
L1 (+38 heads): C +1.9895 | fresh +2.2902
fit a10L
fit a11L
fit a12L
fit a13L
fit a14L
fit a15L
fit a16L
fit a17L
  window 0 (7 docs): L2 fresh +2.6645
  window 1 (42 docs): L2 fresh +2.9584
  window 2 (17 docs): L2 fresh +2.7196
  window 3 (23 docs): L2 fresh +2.9114
  window 4 (43 docs): L2 fresh +2.9609
  window 5 (26 docs): L2 fresh +2.8438
  window 6 (35 docs): L2 fresh +2.6142
  window 7 (35 docs): L2 fresh +2.6939
L2 empirical: C +2.4219 | fresh +2.6645 | tail-attn increment +0.3743
(a) L2 <= +2.75 fresh: HELD
(b) increment in [0.30,0.55]: HELD
damage added, halve mlp4/5 only, per window: [0.0435, 0.0507, 0.0382, 0.1125, 0.0504, 0.0412, 0.0725, 0.0442]
damage added, halve c6-c9 only, per window: [-0.0091, -0.012, -0.0129, -0.052, 0.0063, 0.0083, -0.0265, -0.0117]
(a) additivity |+0.0473 + -0.0118 - 0.0292| = 0.0063 <= 0.01: HELD
(b) mlp4/5 pay more: +0.0473 >= -0.0118: HELD
(c) norm-2304 L2_F 2.6736 vs 2.6735 (tol 0.01): HELD
wrote /workspace/tensor_language/basis_aligned/bilinear_quotient/frontier_halving_attrib_results.json (338s)
