ARM: full S2144 config with CP-3456 front swap - census rows
a2-input probe acc 0.69
fit a2
fit a3
fit a4
fit a5
fit a6
fit a7
fit a8
fit a9
fit a10
fit a11
fit a12
fit a13
fit a14
fit a15
fit a16
fit a17
  cp_swap: front MLPs m0-m3 -> CP top-3456 in place (tailE remains table-front-fit)
L1 (+38 heads): C +1.4822 | fresh +1.5509
fit a10L
fit a11L
fit a12L
fit a13L
fit a14L
fit a15L
fit a16L
fit a17L
  window 0 (7 docs): L2 fresh +2.0553
  window 1 (42 docs): L2 fresh +2.3427
  window 2 (17 docs): L2 fresh +2.3573
  window 3 (23 docs): L2 fresh +2.3860
  window 4 (43 docs): L2 fresh +2.5674
  window 5 (26 docs): L2 fresh +2.2377
  window 6 (35 docs): L2 fresh +2.0683
  window 7 (35 docs): L2 fresh +2.0582
L2 empirical: C +2.0052 | fresh +2.0553 | tail-attn increment +0.5045
(a) L2 <= +2.75 fresh: HELD
(b) increment in [0.30,0.55]: HELD
CP-front global config: agg +2.1358 (rung-99 anchor +2.8553); valid 0/62
(a) agg +2.1358 <= 1.6: FAILED
(b) valid 0 >= 3: FAILED
(c) agg in [0.8, 2.2] and >= 0.62: HELD
wrote /workspace/tensor_language/basis_aligned/bilinear_quotient/frontier_global_cp_results.json (126s)
