ARM: rank-16 QK patterns at ALL replaced heads, blocks 2-17 (dicts retired)
a2-input probe acc 0.69
fit a2
fit a3
fit a4
fit a5
fit a6
fit a7
fit a8
fit a9
fit a10
fit a11
fit a12
fit a13
fit a14
fit a15
fit a16
fit a17
  cp_swap: front MLPs m0-m3 -> CP top-4608 in place (tailE remains table-front-fit)
  QK rank-128 factors built for all motif heads
  QK rank-96 factors built for tail blocks 10-17
  tail QK hooks registered (gated)
L1 (+38 heads): C +0.2294 | fresh +0.2080
  window 0 (7 docs): L2 fresh +0.0532
  window 1 (42 docs): L2 fresh +0.0627
  window 2 (17 docs): L2 fresh +0.0583
  window 3 (23 docs): L2 fresh +0.0584
  window 4 (43 docs): L2 fresh +0.1169
  window 5 (26 docs): L2 fresh +0.0711
  window 6 (35 docs): L2 fresh +0.0471
  window 7 (35 docs): L2 fresh +0.0513
L2 empirical: C +0.0453 | fresh +0.0565 | tail-attn increment -0.1515
(a) L2 <= +2.75 fresh: HELD
(b) increment in [0.30,0.55]: FAILED
  per-class dCE: digit:+0.036 bclose:+0.018 newline:+0.026 sentend:+0.015 comma:+0.024 name:+0.107 rep:-0.030 subword:+0.050 ind:+0.029 other:+0.077
  era Spearman vs rung-132: 0.3955 over 62
  median member/ref ratio 0.811; tau-curve {'0.5': 11, '1.0': 43, '1.5': 54, '2.0': 54, '3.0': 61}
L2 fresh +0.0565 (was +1.8765); census +0.0553 (was +1.9474); increment -0.1515; valid 11/62
(a) |census +0.0553 - 0.0553| <= 0.015: HELD
(b) valid 11 >= 11; margin 0.811: HELD
(c) |L2F +0.0565 - 0.0565| <= 0.015: HELD
wrote /workspace/tensor_language/basis_aligned/bilinear_quotient/frontier_claim_ct96_results.json (132s)
