ARM: error anatomy of the six front replacements on 200 census rows
a2-input probe acc 0.69
fit a2
fit a3
fit a4
fit a5
fit a6
fit a7
fit a8
fit a9
fit a10
fit a11
fit a12
fit a13
fit a14
fit a15
fit a16
fit a17
L1 (+38 heads): C +1.3231 | fresh +1.7582
  a0   rel 0.0003  dcfrac 0.0710
  m0E  rel 0.5134  dcfrac 0.1162
  a1v  rel 0.3221  dcfrac 0.1912
  m1   rel 0.6377  dcfrac 0.1591
  m2E  rel 0.8074  dcfrac 0.1343
  m3E  rel 0.7438  dcfrac 0.1942
  window 0 (7 docs): L2 fresh +1.7582
  window 1 (42 docs): L2 fresh +1.8578
  window 2 (17 docs): L2 fresh +1.5881
  window 3 (23 docs): L2 fresh +1.6497
  window 4 (43 docs): L2 fresh +1.8177
  window 5 (26 docs): L2 fresh +1.6989
  window 6 (35 docs): L2 fresh +1.5813
  window 7 (35 docs): L2 fresh +1.7011
L2 empirical: C +1.3231 | fresh +1.7582 | tail-attn increment +0.0000
(a) L2 <= +2.75 fresh: HELD
(b) increment in [0.30,0.55]: FAILED
max-rel site m2E; link mean rel 0.8090 vs const 0.8510; dc-clean sites 3/6
(a) dcfrac <= 0.15 on 3/6 (bar 5): FAILED
(b) link 0.8090 >= 1.3 x const (1.1063) at m2E: FAILED
(c) all rel in [0.02, 1.5]: FAILED
wrote /workspace/tensor_language/basis_aligned/bilinear_quotient/frontier_front_anatomy_results.json (97s)
