ARMS: CP front all-2304 and all-3456 - census rows
a2-input probe acc 0.69
fit a2
fit a3
fit a4
fit a5
fit a6
fit a7
fit a8
fit a9
fit a10
fit a11
fit a12
fit a13
fit a14
fit a15
fit a16
fit a17
L1 (+38 heads): C +1.3230 | fresh +1.7582
  all-2304 done
  all-3456 done
  window 0 (7 docs): L2 fresh +1.7582
  window 1 (42 docs): L2 fresh +1.8577
  window 2 (17 docs): L2 fresh +1.5878
  window 3 (23 docs): L2 fresh +1.6499
  window 4 (43 docs): L2 fresh +1.8177
  window 5 (26 docs): L2 fresh +1.6988
  window 6 (35 docs): L2 fresh +1.5813
  window 7 (35 docs): L2 fresh +1.7011
L2 empirical: C +1.3230 | fresh +1.7582 | tail-attn increment +0.0000
(a) L2 <= +2.75 fresh: HELD
(b) increment in [0.30,0.55]: FAILED
  all_2304  agg +0.4887  valid 1/62
  all_3456  agg +0.1193  valid 2/62
(a) agg(all2304) +0.4887 <= 0.4: FAILED
(b) valid(all2304) 1 >= 5: FAILED
(c) agg(all3456) +0.1193 < all2304 and <= 0.20: HELD
wrote /workspace/tensor_language/basis_aligned/bilinear_quotient/frontier_cp_front2_results.json (112s)
