ONE pipeline run, 16 arms against the same fitted stack
a2-input probe acc 0.69
fit a2
fit a3
fit a4
fit a5
fit a6
fit a7
fit a8
fit a9
fit a10
fit a11
fit a12
fit a13
fit a14
fit a15
fit a16
fit a17
L1 (+38 heads): C +1.9802 | fresh +2.2871
fit a10L
fit a11L
fit a12L
fit a13L
fit a14L
fit a15L
fit a16L
fit a17L
L2 empirical: C +2.4233 | fresh +2.6736 | tail-attn increment +0.3865
L2 per arm: baseline +2.6736 | k0.25_s0.125 +2.7263 | k0.25_s0.25 +2.6411 | k0.25_s0.5 +2.6118 | k0.25_s0.75 +2.6408 | k0.25_s1.0 +2.6989 | k0.5_s0.125 +2.7050 | k0.5_s0.25 +2.6197 | k0.5_s0.5 +2.5983 | k0.5_s0.75 +2.6330 | k0.5_s1.0 +2.7032 | k1.0_s0.125 +2.6722 | k1.0_s0.25 +2.5859 | k1.0_s0.5 +2.5662 | k1.0_s0.75 +2.6067 | k1.0_s1.0 +2.6736
(a) baseline L2_F 2.6736 vs 2.6735: HELD
(b) identity cell (keep 1.0, scale 1.0) +0.0000, |.| <= 0.005: HELD
(c) cell (keep 1.0, scale 0.5) -0.1074 vs SS2902 -0.1074: HELD
    keep 0.25: s0.125 +0.0527 | s0.25 -0.0325 | s0.5 -0.0618 | s0.75 -0.0328 | s1.0 +0.0253   -> best scale 0.5
    keep 0.5: s0.125 +0.0314 | s0.25 -0.0539 | s0.5 -0.0753 | s0.75 -0.0406 | s1.0 +0.0296   -> best scale 0.5
    keep 1.0: s0.125 -0.0014 | s0.25 -0.0877 | s0.5 -0.1074 | s0.75 -0.0669 | s1.0 +0.0000   -> best scale 0.5
(d) optimal scale tracks survival: best@0.25 = 0.5 < best@1.0 = 0.5: FAILED
(e) every optimum interior to [0.125, 0.25, 0.5, 0.75, 1.0]: HELD
wrote /workspace/tensor_language/basis_aligned/bilinear_quotient/frontier_cp_keep_scale_results.json (167s, 16 arms x 3 windows in one run)
