62 circuits with masks; census rows (1000, 513)
ARM: skip-1416 config evaluated per-position on the census rows
a2-input probe acc 0.69
fit a2
fit a3
fit a4
fit a5
fit a6
fit a7
fit a8
fit a9
fit a10
fit a11
fit a12
fit a13
fit a14
fit a15
fit a16
fit a17
L1 (+38 heads): C +2.0113 | fresh +2.3208
fit a10L
fit a11L
fit a12L
fit a13L
fit a15L
fit a17L
  window 0 (7 docs): L2 fresh +2.4231
  window 1 (42 docs): L2 fresh +2.6078
  window 2 (17 docs): L2 fresh +2.3045
  window 3 (23 docs): L2 fresh +2.4899
  window 4 (43 docs): L2 fresh +2.5079
  window 5 (26 docs): L2 fresh +2.4512
  window 6 (35 docs): L2 fresh +2.3214
  window 7 (35 docs): L2 fresh +2.3471
L2 empirical: C +2.1395 | fresh +2.4231 | tail-attn increment +0.1023
(a) L2 <= +2.75 fresh: HELD
(b) increment in [0.30,0.55]: FAILED
aggregate dCE +2.5699; valid 0/62; a16 median improvement 1.20x
(a) a16 median improvement 1.20x >= 2: FAILED
(b) valid 0 >= 10: FAILED
(c) aggregate +2.5699 in [0.5, 5.0]: HELD
wrote /workspace/tensor_language/basis_aligned/bilinear_quotient/frontier_certificate2_results.json (118s)
