ARM 1/4: BASELINE -- the published frontier
a2-input probe acc 0.69
fit a2
fit a3
fit a4
fit a5
fit a6
fit a7
fit a8
fit a9
fit a10
fit a11
fit a12
fit a13
fit a14
fit a15
fit a16
fit a17
L1 (+38 heads): C +1.9801 | fresh +2.2871
fit a10L
fit a11L
fit a12L
fit a13L
fit a14L
fit a15L
fit a16L
fit a17L
L2 empirical: C +2.4233 | fresh +2.6735 | tail-attn increment +0.3864
(a) L2 <= +2.75 fresh: HELD
(b) increment in [0.30,0.55]: HELD
ARM 2/4: motif heads OFF -- attention 2-9 runs REAL instead of approximated
a2-input probe acc 0.69
fit a2
fit a3
fit a4
fit a5
fit a6
fit a7
fit a8
fit a9
fit a10
fit a11
fit a12
fit a13
fit a14
fit a15
fit a16
fit a17
L1 (+38 heads): C +1.9801 | fresh +2.2871
fit a10L
fit a11L
fit a12L
fit a13L
fit a14L
fit a15L
fit a16L
fit a17L
L2 empirical: C +2.2881 | fresh +2.2747 | tail-attn increment -0.0125
(a) L2 <= +2.75 fresh: HELD
(b) increment in [0.30,0.55]: FAILED
ARM 3/4: tail dictionaries OFF -- attention 10-17 runs REAL instead of approximated
a2-input probe acc 0.69
fit a2
fit a3
fit a4
fit a5
fit a6
fit a7
fit a8
fit a9
fit a10
fit a11
fit a12
fit a13
fit a14
fit a15
fit a16
fit a17
L1 (+38 heads): C +1.9801 | fresh +2.2871
fit a10L
fit a11L
fit a12L
fit a13L
fit a14L
fit a15L
fit a16L
fit a17L
L2 empirical: C +1.9801 | fresh +2.2871 | tail-attn increment +0.0000
(a) L2 <= +2.75 fresh: HELD
(b) increment in [0.30,0.55]: FAILED
ARM 4/4: BOTH off -- attention 2-17 runs REAL
a2-input probe acc 0.69
fit a2
fit a3
fit a4
fit a5
fit a6
fit a7
fit a8
fit a9
fit a10
fit a11
fit a12
fit a13
fit a14
fit a15
fit a16
fit a17
L1 (+38 heads): C +1.9801 | fresh +2.2871
fit a10L
fit a11L
fit a12L
fit a13L
fit a14L
fit a15L
fit a16L
fit a17L
L2 empirical: C +1.5809 | fresh +1.8613 | tail-attn increment -0.4258
(a) L2 <= +2.75 fresh: HELD
(b) increment in [0.30,0.55]: FAILED
(a) baseline L2_F 2.6735 vs 2.6735 (tol .05): HELD
(b) motif-head error share +0.3988 >= 0.3: HELD
(c) tail-dict error share +0.3864 >= 0.2: HELD
(d) both blocks move the number: HELD
(e) additivity drift 0.0270 <= 0.3: HELD
wrote /workspace/tensor_language/basis_aligned/bilinear_quotient/frontier_error_decomposition_results.json (376s)
