ARM 1/2: norm selection (reproduction of the published frontier)
a2-input probe acc 0.69
fit a2
fit a3
fit a4
fit a5
fit a6
fit a7
fit a8
fit a9
fit a10
fit a11
fit a12
fit a13
fit a14
fit a15
fit a16
fit a17
L1 (+38 heads): C +1.9801 | fresh +2.2871
fit a10L
fit a11L
fit a12L
fit a13L
fit a14L
fit a15L
fit a16L
fit a17L
L2 empirical: C +2.4232 | fresh +2.6735 | tail-attn increment +0.3864
(a) L2 <= +2.75 fresh: HELD
(b) increment in [0.30,0.55]: HELD
ARM 2/2: true-Fisher top-8 selection at mlp4/mlp5
a2-input probe acc 0.69
fit a2
fit a3
fit a4
fit a5
fit a6
fit a7
fit a8
fit a9
fit a10
fit a11
fit a12
fit a13
fit a14
fit a15
fit a16
fit a17
L1 (+38 heads): C +2.0172 | fresh +2.3508
fit a10L
fit a11L
fit a12L
fit a13L
fit a14L
fit a15L
fit a16L
fit a17L
L2 empirical: C +2.4482 | fresh +2.7210 | tail-attn increment +0.3703
(a) L2 <= +2.75 fresh: HELD
(b) increment in [0.30,0.55]: HELD
(a) norm L2_F 2.6735 vs 2.6735 (tol 0.05): HELD
(b) fresh gain -0.0475 >= 0.04: FAILED
(c) window-C gain -0.0250 >= -0.01: FAILED
wrote /workspace/tensor_language/basis_aligned/bilinear_quotient/frontier_fisher8_results.json (204s)
