ONE pipeline run, 13 arms against the same fitted stack
a2-input probe acc 0.69
fit a2
fit a3
fit a4
fit a5
fit a6
fit a7
fit a8
fit a9
fit a10
fit a11
fit a12
fit a13
fit a14
fit a15
fit a16
fit a17
L1 (+38 heads): C +1.9801 | fresh +2.2871
fit a10L
fit a11L
fit a12L
fit a13L
fit a14L
fit a15L
fit a16L
fit a17L
L2 empirical: C +2.4233 | fresh +2.6735 | tail-attn increment +0.3864
L2 per arm: baseline +2.6735 | svd_identity +2.6736 | G_uniform +2.2999 | rank32_alone +2.3906 | G_r16_s0.1 +2.3322 | G_r16_s0.25 +2.2965 | G_r16_s0.4 +2.2956 | G_r32_s0.1 +2.2983 | G_r32_s0.25 +2.2732 | G_r32_s0.4 +2.2800 | G_r64_s0.1 +2.3083 | G_r64_s0.25 +2.2834 | G_r64_s0.4 +2.2912
(a) baseline L2_F 2.6735 vs 2.6735: HELD
(b) SVD path at scale 1.0 +0.0001: HELD
(c) G uniform -0.3736 vs SS2912 -0.3736: HELD
(d) rank32 alone -0.2829 vs SS2921 -0.2828: HELD
    r=16: s0.1 -0.3413 | s0.25 -0.3770 | s0.4 -0.3779
    r=32: s0.1 -0.3752 | s0.25 -0.4003 | s0.4 -0.3935
    r=64: s0.1 -0.3652 | s0.25 -0.3901 | s0.4 -0.3823
(e) composed improvement: best G_r32_s0.25 -0.4003 vs G_uniform -0.3736 = +0.0267: HELD
(f) held out: -0.3757 vs -0.3539: HELD
(g) optimum interior: HELD
    standalone swap bought +0.0542, composed +0.0267, shortfall +0.0275
    implied L2_F 2.2732 (SS2912: 2.2999) | held out 2.2953 (SS2912: 2.3171)
wrote /workspace/tensor_language/basis_aligned/bilinear_quotient/frontier_rank_composition_results.json (162s, 13 arms x 3 windows in one run)
