ONE pipeline run, 7 evaluations against the same fitted stack
a2-input probe acc 0.69
fit a2
fit a3
fit a4
fit a5
fit a6
fit a7
fit a8
fit a9
fit a10
fit a11
fit a12
fit a13
fit a14
fit a15
fit a16
fit a17
L1 (+38 heads): C +1.9802 | fresh +2.2872
fit a10L
fit a11L
fit a12L
fit a13L
fit a14L
fit a15L
fit a16L
fit a17L
L2 empirical: C +2.4232 | fresh +2.6736 | tail-attn increment +0.3864
L2 per arm: baseline +2.6736 | cp_dropped +2.8875 | D050 +2.5661 | D075 +2.6066 | D090 +2.6434 | D110 +2.7061 | D125 +2.7553
(a) baseline L2_F 2.6736 vs 2.6735: HELD
(b) cp dropped +0.2139 vs SS2883-implied +0.2140, dev 0.0001: HELD
    fresh: s=0.5:-0.1075  s=0.75:-0.0670  s=0.9:-0.0302  s=1.1:+0.0325  s=1.25:+0.0817
    fit:   s=0.5:-0.1613  s=0.75:-0.1020  s=0.9:-0.0444  s=1.1:+0.0465  s=1.25:+0.1199
(c) scales improving: [0.5, 0.75, 0.9]: HELD
wrote /workspace/tensor_language/basis_aligned/bilinear_quotient/frontier_cp_unit_scale_results.json (114s)
