ONE pipeline run, 9 evaluations against the same fitted stack
a2-input probe acc 0.69
fit a2
fit a3
fit a4
fit a5
fit a6
fit a7
fit a8
fit a9
fit a10
fit a11
fit a12
fit a13
fit a14
fit a15
fit a16
fit a17
L1 (+38 heads): C +1.9801 | fresh +2.2871
fit a10L
fit a11L
fit a12L
fit a13L
fit a14L
fit a15L
fit a16L
fit a17L
L2 empirical: C +2.4232 | fresh +2.6735 | tail-attn increment +0.3864
L2 empirical per arm: baseline +2.6735 | a2 +2.4789 | a3 +2.5156 | a4 +2.4794 | a5 +2.6138 | a6 +2.6070 | a7 +2.6416 | a8 +2.6545 | a9 +2.6531
(a) baseline L2_F 2.6735 vs 2.6735 (tol .05): HELD
    shares: a2=+0.1946  a3=+0.1579  a4=+0.1941  a5=+0.0597  a6=+0.0665  a7=+0.0319  a8=+0.0190  a9=+0.0204
(b) top layer a2 at +0.1946, dominance 1.00 >= 1.5: FAILED
(c) a5 dev 0.0000, a2 dev 0.0000 <= 0.01: HELD
(e) refactor deviation 0.000000: HELD
wrote /workspace/tensor_language/basis_aligned/bilinear_quotient/frontier_motif_band_profile_results.json (122s, 1 pipeline run instead of 9)
