Warning: You are sending unauthenticated requests to the HF Hub. Please set a HF_TOKEN to enable higher rate limits and faster downloads.
whiteners built
attn maps built
context capture done
planks 0/1 context-fit
planks 2/17/3 context-fit
{'clean': 2.9455, 'mlp3_solo': 2.9608}
Traceback (most recent call last):
  File "/workspace/tensor_language/basis_aligned/bilinear_quotient/full_ship3.py", line 403, in <module>
    main()
  File "/workspace/tensor_language/basis_aligned/bilinear_quotient/full_ship3.py", line 372, in main
    opt.zero_grad(); loss.backward(); opt.step()
                     ^^^^^^^^^^^^^^^
  File "/venv/main/lib/python3.12/site-packages/torch/_tensor.py", line 631, in backward
    torch.autograd.backward(
  File "/venv/main/lib/python3.12/site-packages/torch/autograd/__init__.py", line 381, in backward
    _engine_run_backward(
  File "/venv/main/lib/python3.12/site-packages/torch/autograd/graph.py", line 869, in _engine_run_backward
    return Variable._execution_engine.run_backward(  # Calls into the C++ engine to run the backward pass
           ^^^^^^^^^^^^^^^^^^^^^^^^^^^^^^^^^^^^^^^^^^^^^^^^^^^^^^^^^^^^^^^^^^^^^^^^^^^^^^^^^^^^^^^^^^^^^^
RuntimeError: element 0 of tensors does not require grad and does not have a grad_fn
