GAIN STRUCTURE | per-head vs one-scalar, L5 and L6, and cross-layer transfer | settled program (context-free tables + output-NN fallback + rank-64 map) | DISCOVERY ONLY

  per-site norm calibration (live mean / row mean), measured on the LIVE model:
    attn L0:  2.71 L1:  2.49 L2:  2.26 L3:  2.13 L4:  4.37 L5:  1.00 L6:  1.02 L7:  3.61 L8:  3.59 L9:  4.83 L10:  3.80 L11:  4.49 L12:  6.72 L13:  6.39 L14:  7.07 L15:  6.33 L16:  5.70 L17:  5.59
    mlp  L0:  0.88 L1:  0.42 L2:  0.61 L3:  0.49 L4:  0.10 L5:  0.39 L6:  0.52 L7:  1.66 L8:  2.04 L9:  1.32 L10:  2.33 L11:  1.05 L12:  1.91 L13:  1.26 L14:  1.66 L15:  1.19 L16:  1.13 L17:  1.21

  arms  (47s)
  all_substituted      skip7000 13.55%  skip11000 14.25%  skip1200 13.64%
  all_sub_scaled       skip7000 12.16%  skip11000 12.81%  skip1200 12.10%
  live_model           skip7000 39.32%  skip11000 42.35%  skip1200 38.88%

  arms  (145s)
  all_substituted        skip7000 12.88%  skip11000 13.49%  skip1200 12.89%
  live_model             skip7000 39.32%  skip11000 42.35%  skip1200 38.88%
  L5live_raw             skip7000  1.00%  skip11000  1.11%  skip1200  0.97%
  L5live_perhead         skip7000 12.83%  skip11000 13.33%  skip1200 12.79%
  L5live_layerscalar     skip7000 12.85%  skip11000 13.29%  skip1200 12.84%
  L6live_raw             skip7000  2.34%  skip11000  2.19%  skip1200  1.92%
  L6live_perhead         skip7000 12.83%  skip11000 13.49%  skip1200 12.95%
  L6live_layerscalar     skip7000 12.86%  skip11000 13.38%  skip1200 12.87%
  L6live_wrongvec        skip7000  7.87%  skip11000  8.12%  skip1200  8.12%
  allsub_perhead5        skip7000 12.88%  skip11000 13.49%  skip1200 12.89%

  delta vs the all-substituted baseline (pp):
    skip7000   L5 raw  -11.88 perhead  -0.05 layerscalar   -0.03  |  L6 raw  -10.54 perhead  -0.05 L5-vec   -5.01
    skip11000  L5 raw  -12.37 perhead  -0.15 layerscalar   -0.19  |  L6 raw  -11.30 perhead  +0.00 L5-vec   -5.37
    skip1200   L5 raw  -11.92 perhead  -0.09 layerscalar   -0.05  |  L6 raw  -10.96 perhead  +0.07 L5-vec   -4.76

  per-head gains repair L6 too (>=90%) -> True  skip7000 99.5% of 10.54pp  skip11000 100.0% of 11.30pp  skip1200 100.6% of 10.96pp
  a SINGLE layer scalar is not enough at L5 (<50%) -> False  skip7000 99.7% (per-head 99.6%)  skip11000 98.4% (per-head 98.8%)  skip1200 99.6% (per-head 99.2%)
  L5's gain vector does NOT transfer to L6 (<25%) -> False  skip7000 52.5%  skip11000 52.5%  skip1200 56.6%
  L5 raw reproduces §1820, endpoints reproduce §1786 rank-64 + live, placement control exact -> True

pred_a True | pred_b False | pred_c False | pred_d True
wrote /workspace/tensor_language/basis_aligned/bilinear_quotient/ops/gain_structure_results.json (212.5s)
