Warning: You are sending unauthenticated requests to the HF Hub. Please set a HF_TOKEN to enable higher rate limits and faster downloads.
CANONICAL .rowcache/fineweb_n480_skip80.pt: 3 chunks x 160 rows (FRESH FineWeb; receipt sha256[:16]=815b21618c2e477e)

=== question rank-2 TOP=4 (published share 0.718) ===
  lambda  chunk0 n=  78 share=0.7257 top=['attn10', 'attn9', 'mlp9', 'mlp10'] recon=1.1e-07
  lambda  chunk1 n=  56 share=0.7359 top=['attn10', 'mlp9', 'attn9', 'mlp10'] recon=8.6e-08
  lambda  chunk2 n=  80 share=0.7390 top=['attn10', 'mlp9', 'attn9', 'mlp10'] recon=9.2e-08
  random  chunk0 n=  78 share=0.6119 top=['mlp10', 'attn9', 'attn10', 'mlp9'] recon=8.0e-08
  random  chunk1 n=  56 share=0.6052 top=['mlp10', 'mlp8', 'mlp9', 'attn11'] recon=7.8e-08
  random  chunk2 n=  80 share=0.5855 top=['mlp10', 'attn10', 'attn9', 'attn11'] recon=7.5e-08
  -> mean share lambda 0.7335 vs random 0.6009 | gaps [0.1138, 0.1307, 0.1535] | lambda-top absent from random [0, 2, 1]

=== the rank-2 TOP=4 (published share None) ===
  lambda  chunk0 n=1049 share=0.5102 top=['mlp9', 'mlp10', 'x0', 'mlp7'] recon=5.6e-07
  lambda  chunk1 n= 986 share=0.5001 top=['mlp9', 'mlp10', 'mlp7', 'mlp8'] recon=8.3e-08
  lambda  chunk2 n=1045 share=0.4729 top=['mlp9', 'mlp7', 'x0', 'attn11'] recon=1.8e-07
  random  chunk0 n=1049 share=0.5601 top=['mlp10', 'mlp9', 'x0', 'mlp8'] recon=8.0e-08
  random  chunk1 n= 986 share=0.5462 top=['mlp10', 'mlp9', 'attn11', 'mlp8'] recon=7.8e-08
  random  chunk2 n=1045 share=0.5280 top=['mlp10', 'mlp9', 'mlp8', 'mlp6'] recon=7.5e-08
  -> mean share lambda 0.4944 vs random 0.5448 | gaps [-0.0499, -0.0461, -0.0551] | lambda-top absent from random [1, 1, 3]

=== is rank-2 TOP=4 (published share None) ===
  lambda  chunk0 n= 240 share=0.5397 top=['mlp9', 'attn11', 'mlp10', 'mlp8'] recon=1.1e-07
  lambda  chunk1 n= 281 share=0.5425 top=['mlp9', 'mlp10', 'attn11', 'mlp8'] recon=2.1e-07
  lambda  chunk2 n= 250 share=0.5418 top=['mlp9', 'attn11', 'mlp10', 'mlp8'] recon=2.1e-07
  random  chunk0 n= 240 share=0.5810 top=['mlp10', 'mlp9', 'attn9', 'mlp8'] recon=8.0e-08
  random  chunk1 n= 281 share=0.6077 top=['mlp10', 'mlp9', 'attn9', 'mlp8'] recon=7.8e-08
  random  chunk2 n= 250 share=0.5732 top=['mlp10', 'mlp9', 'attn9', 'mlp8'] recon=7.5e-08
  -> mean share lambda 0.5413 vs random 0.5873 | gaps [-0.0413, -0.0652, -0.0314] | lambda-top absent from random [1, 1, 1]

=== comma rank-2 TOP=4 (published share None) ===
  lambda  chunk0 n=1226 share=0.5128 top=['attn10', 'mlp7', 'mlp8', 'mlp9'] recon=5.4e-07
  lambda  chunk1 n=1165 share=0.5002 top=['attn10', 'mlp7', 'mlp8', 'mlp9'] recon=7.1e-08
  lambda  chunk2 n=1208 share=0.4992 top=['attn10', 'mlp8', 'mlp7', 'mlp9'] recon=2.4e-07
  random  chunk0 n=1226 share=0.5198 top=['mlp10', 'attn9', 'mlp8', 'attn7'] recon=8.0e-08
  random  chunk1 n=1165 share=0.5248 top=['attn9', 'mlp10', 'mlp8', 'attn7'] recon=7.8e-08
  random  chunk2 n=1208 share=0.5027 top=['mlp10', 'attn9', 'mlp8', 'attn7'] recon=7.5e-08
  -> mean share lambda 0.5041 vs random 0.5158 | gaps [-0.007, -0.0246, -0.0035] | lambda-top absent from random [3, 3, 3]

=== and rank-2 TOP=4 (published share None) ===
  lambda  chunk0 n= 603 share=0.5287 top=['mlp10', 'attn9', 'x0', 'attn10'] recon=1.1e-07
  lambda  chunk1 n= 567 share=0.5333 top=['mlp10', 'attn9', 'mlp9', 'attn10'] recon=1.5e-08
  lambda  chunk2 n= 546 share=0.5230 top=['mlp10', 'mlp9', 'attn10', 'attn9'] recon=7.6e-08
  random  chunk0 n= 603 share=0.4673 top=['mlp10', 'attn9', 'mlp8', 'mlp9'] recon=8.0e-08
  random  chunk1 n= 567 share=0.4644 top=['mlp10', 'attn9', 'mlp8', 'attn7'] recon=7.8e-08
  random  chunk2 n= 546 share=0.5186 top=['attn9', 'mlp10', 'mlp8', 'attn11'] recon=7.5e-08
  -> mean share lambda 0.5283 vs random 0.4834 | gaps [0.0614, 0.0689, 0.0044] | lambda-top absent from random [2, 2, 2]

=== to rank-2 TOP=4 (published share None) ===
  lambda  chunk0 n= 646 share=0.6414 top=['mlp10', 'mlp9', 'mlp8', 'x0'] recon=3.9e-08
  lambda  chunk1 n= 650 share=0.6205 top=['mlp10', 'mlp9', 'mlp8', 'attn11'] recon=1.5e-07
  lambda  chunk2 n= 691 share=0.6338 top=['mlp10', 'mlp9', 'mlp8', 'attn11'] recon=9.3e-08
  random  chunk0 n= 646 share=0.4677 top=['mlp9', 'mlp10', 'mlp8', 'attn11'] recon=8.0e-08
  random  chunk1 n= 650 share=0.4825 top=['mlp8', 'mlp9', 'attn11', 'mlp10'] recon=7.8e-08
  random  chunk2 n= 691 share=0.5103 top=['attn11', 'mlp10', 'mlp9', 'mlp8'] recon=7.5e-08
  -> mean share lambda 0.6319 vs random 0.4868 | gaps [0.1737, 0.138, 0.1235] | lambda-top absent from random [1, 0, 0]

  SIGNED gap (lambda - null) per disjoint chunk, all mlp11 r2 TOP4:
    question  SCORED  S1625 +0.1468 | chunks +0.1138 +0.1307 +0.1535 | signs +++
    the       SCORED  S1625 -0.0360 | chunks -0.0499 -0.0461 -0.0551 | signs ---
    is        noise   S1625 +0.0037 | chunks -0.0413 -0.0652 -0.0314 | signs ---
    comma     noise   S1625 -0.0091 | chunks -0.0070 -0.0246 -0.0035 | signs ---
    and       SCORED  S1625 +0.0639 | chunks +0.0614 +0.0689 +0.0044 | signs +++
    to        SCORED  S1625 +0.1717 | chunks +0.1737 +0.1380 +0.1235 | signs +++
  sign agreements on the four scored classes: 12/12
  'the' below null in all 3: True   |   'to' >= +.10 in all 3: True
  (near-zero classes ['is', 'comma'] were registered as expected-unstable and are NOT scored)

pred_a True | pred_b True | pred_c True
wrote /workspace/tensor_language/basis_aligned/bilinear_quotient/gap_sign_stability_results.json (47.0s)
