Traceback (most recent call last):
  File "/workspace/tensor_language/basis_aligned/bilinear_quotient/gen_two_machines.py", line 219, in <module>
    main()
  File "/venv/main/lib/python3.12/site-packages/torch/utils/_contextlib.py", line 124, in decorate_context
    return func(*args, **kwargs)
           ^^^^^^^^^^^^^^^^^^^^^
  File "/workspace/tensor_language/basis_aligned/bilinear_quotient/gen_two_machines.py", line 184, in main
    prompt_cc = content_coords(prompts, xb_pool, Uc, V)
                ^^^^^^^^^^^^^^^^^^^^^^^^^^^^^^^^^^^^^^^
  File "/venv/main/lib/python3.12/site-packages/torch/utils/_contextlib.py", line 124, in decorate_context
    return func(*args, **kwargs)
           ^^^^^^^^^^^^^^^^^^^^^
  File "/workspace/tensor_language/basis_aligned/bilinear_quotient/gen_two_machines.py", line 108, in content_coords
    for i in range(0, seqs.shape[0], 8): fwd_logits(seqs[i:i+8])
                                         ^^^^^^^^^^^^^^^^^^^^^^^
  File "/workspace/tensor_language/basis_aligned/bilinear_quotient/gen_two_machines.py", line 39, in fwd_logits
    for blk in H: x, v1 = blk(x, v1, x0)
                          ^^^^^^^^^^^^^^
  File "/venv/main/lib/python3.12/site-packages/torch/nn/modules/module.py", line 1779, in _wrapped_call_impl
    return self._call_impl(*args, **kwargs)
           ^^^^^^^^^^^^^^^^^^^^^^^^^^^^^^^^
  File "/venv/main/lib/python3.12/site-packages/torch/nn/modules/module.py", line 1790, in _call_impl
    return forward_call(*args, **kwargs)
           ^^^^^^^^^^^^^^^^^^^^^^^^^^^^^
  File "/workspace/tensor_language/jacclust/tt_model.py", line 216, in forward
    x = x + self.mlp(F.rms_norm(x, (x.size(-1),)))
            ^^^^^^^^^^^^^^^^^^^^^^^^^^^^^^^^^^^^^^
  File "/venv/main/lib/python3.12/site-packages/torch/nn/modules/module.py", line 1779, in _wrapped_call_impl
    return self._call_impl(*args, **kwargs)
           ^^^^^^^^^^^^^^^^^^^^^^^^^^^^^^^^
  File "/venv/main/lib/python3.12/site-packages/torch/nn/modules/module.py", line 1885, in _call_impl
    return inner()
           ^^^^^^^
  File "/venv/main/lib/python3.12/site-packages/torch/nn/modules/module.py", line 1846, in inner
    hook_result = hook(self, args, result)
                  ^^^^^^^^^^^^^^^^^^^^^^^^
  File "/workspace/tensor_language/basis_aligned/bilinear_quotient/gen_two_machines.py", line 104, in h
    def h(mo, i_, o_): cap[L].append((i_[0] if isinstance(i_, tuple) else i_).detach().float().reshape(seqs.shape[0], -1, D))
                                     ^^^^^^^^^^^^^^^^^^^^^^^^^^^^^^^^^^^^^^^^^^^^^^^^^^^^^^^^^^^^^^^^^^^^^^^^^^^^^^^^^^^^^^^
RuntimeError: shape '[96, -1, 1152]' is invalid for input of size 589824
