Warning: You are sending unauthenticated requests to the HF Hub. Please set a HF_TOKEN to enable higher rate limits and faster downloads.
GRID MIDDLE COVERAGE | 192 of the n480 fit rows, ranks full/256/64/16/4 | settled program (context-free tables + output-NN fallback + rank-64 map) | DISCOVERY ONLY

  per-site norm calibration (live mean / row mean), measured on the LIVE model:
    attn L0:  2.69 L1:  2.48 L2:  2.23 L3:  2.10 L4:  4.34 L5:  0.99 L6:  1.02 L7:  3.58 L8:  3.44 L9:  4.80 L10:  3.76 L11:  4.45 L12:  6.56 L13:  6.14 L14:  6.88 L15:  6.19 L16:  5.52 L17:  5.58
    mlp  L0:  0.87 L1:  0.41 L2:  0.60 L3:  0.49 L4:  0.10 L5:  0.39 L6:  0.52 L7:  1.64 L8:  2.01 L9:  1.31 L10:  2.28 L11:  1.04 L12:  1.89 L13:  1.25 L14:  1.64 L15:  1.18 L16:  1.13 L17:  1.21

  arms  (49s)
  all_substituted      skip7000 13.74%  skip11000 14.57%  skip1200 13.79%
  all_sub_scaled       skip7000 12.13%  skip11000 12.85%  skip1200 12.04%
  live_model           skip7000 39.32%  skip11000 42.35%  skip1200 38.88%

  arms  (121s)
  all_substituted        skip7000 13.74%  skip11000 14.57%  skip1200 13.79%
  live_model             skip7000 39.32%  skip11000 42.35%  skip1200 38.88%

  arms  (134s)
  B0_raw                 skip7000 24.61%  skip11000 27.27%  skip1200 24.89%
  B0_seq                 skip7000 30.84%  skip11000 33.38%  skip1200 29.76%

  coverage 9054 types (1.67x §1834); ceiling CE skip7000 5.96070  skip11000 5.90524  skip1200 5.91433 (155s)
    rank full  covered skip7000  5.96070 (+-0.00000)  skip11000  5.90524 (+-0.00000)  skip1200  5.91433 (+-0.00000)   (158s)
    rank 256   covered skip7000  6.04007 (+0.07936)  skip11000  5.98705 (+0.08181)  skip1200  5.98276 (+0.06843)   (250s)
    rank 64    covered skip7000  6.21145 (+0.25074)  skip11000  6.17108 (+0.26584)  skip1200  6.14081 (+0.22648)   (335s)
    rank 16    covered skip7000  6.41445 (+0.45375)  skip11000  6.39003 (+0.48479)  skip1200  6.33532 (+0.42099)   (414s)
    rank 4     covered skip7000  6.71973 (+0.75903)  skip11000  6.71208 (+0.80684)  skip1200  6.64786 (+0.73353)   (495s)

  COVERED CE above the ceiling, by table rank:
    rank full  skip7000 +-0.00000  skip11000 +-0.00000  skip1200 +-0.00000
    rank 256   skip7000 +0.07936  skip11000 +0.08181  skip1200 +0.06843
    rank 64    skip7000 +0.25074  skip11000 +0.26584  skip1200 +0.22648
    rank 16    skip7000 +0.45375  skip11000 +0.48479  skip1200 +0.42099
    rank 4     skip7000 +0.75903  skip11000 +0.80684  skip1200 +0.73353

  ATTAINMENT survives a larger covered set (<0.001) -> True  skip7000 -0.000000  skip11000 -0.000000  skip1200 -0.000000
  and coverage actually GREW by >=20% -> True  9054 types vs §1834's 5419 (1.67x)

  LADDER at 9054 types, bracketed by §1849 (5419) and §1852 (16110):
    rank full  skip7000 -0.000000  skip11000 -0.000000  skip1200 -0.000000
    rank 256   skip7000 §1849 +0.06580 < HERE +0.07936 < §1852 +0.09252  skip11000 §1849 +0.06603 < HERE +0.08181 < §1852 +0.09844  skip1200 §1849 +0.05599 < HERE +0.06843 < §1852 +0.08049
    rank 64    skip7000 §1849 +0.22327 < HERE +0.25074 < §1852 +0.27839  skip11000 §1849 +0.23252 < HERE +0.26584 < §1852 +0.29741  skip1200 §1849 +0.19774 < HERE +0.22648 < §1852 +0.25327
    rank 16    skip7000 §1849 +0.42066 < HERE +0.45375 < §1852 +0.48135  skip11000 §1849 +0.44399 < HERE +0.48479 < §1852 +0.51846  skip1200 §1849 +0.38663 < HERE +0.42099 < §1852 +0.45230
    rank 4     skip7000 §1849 +0.70393 < HERE +0.75903 < §1852 +0.82377  skip11000 §1849 +0.74134 < HERE +0.80684 < §1852 +0.88141  skip1200 §1849 +0.67697 < HERE +0.73353 < §1852 +0.81035
  and the ladder shift is MONOTONE in coverage (between §1849 and §1852) -> True
    monotone in RANK at this coverage: True
  ceiling/live §1768, full-rank all-position §1811 -> control True

wrote /workspace/tensor_language/basis_aligned/bilinear_quotient/ops/grid_middle_coverage_results.json (494.8s)
