L0 zero: [0.002, 0.0, 0.001, 0.088, 0.0, 0.001, 0.004, 0.007, 0.005]
L0 const: [0.002, -0.0, 0.001, 0.079, -0.0, 0.001, 0.004, 0.002, 0.004]
L1 zero: [0.002, 0.062, 0.001, 0.01, 0.022, 0.007, 0.0, 0.006, 0.016]
L1 const: [0.002, 0.024, 0.001, 0.01, 0.015, 0.005, -0.0, 0.004, 0.004]
L2 zero: [0.004, 0.001, 0.01, 0.014, 0.001, 0.036, 0.009, 0.005, 0.005]
L2 const: [0.003, 0.001, 0.009, 0.014, 0.001, 0.028, 0.008, 0.004, 0.004]
L3 zero: [0.008, 0.001, 0.002, 0.003, 0.009, 0.011, 0.006, 0.002, 0.008]
L3 const: [0.006, 0.001, 0.001, 0.003, 0.008, 0.008, 0.006, 0.002, 0.006]
L4 zero: [0.013, 0.014, 0.003, 0.001, 0.004, 0.011, 0.005, 0.01, 0.006]
L4 const: [0.012, 0.013, 0.002, 0.001, 0.004, 0.011, 0.003, 0.01, 0.003]
L5 zero: [0.004, 0.004, 0.007, 0.007, 0.004, 0.009, 0.01, 0.912, 0.009]
L5 const: [0.003, 0.004, 0.005, 0.007, 0.003, 0.009, 0.01, 0.013, 0.009]
L6 zero: [0.001, 0.019, 0.001, 0.027, 0.001, 0.001, 0.002, 0.004, 0.001]
L6 const: [0.001, 0.008, 0.001, 0.023, 0.001, 0.001, 0.002, 0.003, 0.0]
L7 zero: [0.011, 0.003, 0.005, 0.001, 0.001, 0.001, 0.001, 0.003, 0.018]
L7 const: [0.013, 0.002, 0.004, 0.001, 0.001, 0.001, 0.001, 0.002, 0.018]
L8 zero: [0.0, 0.006, 0.005, 0.005, 0.002, 0.001, 0.001, 0.003, 0.004]
L8 const: [0.0, 0.006, 0.005, 0.005, 0.002, 0.001, 0.001, 0.003, 0.004]
L9 zero: [0.001, 0.003, 0.0, 0.002, 0.003, 0.001, 0.006, 0.017, 0.003]
L9 const: [0.001, 0.003, -0.0, 0.002, 0.003, 0.001, 0.005, 0.02, 0.002]
L10 zero: [0.001, 0.002, 0.004, 0.002, 0.003, 0.007, 0.001, 0.001, 0.001]
L10 const: [0.001, 0.002, 0.003, 0.001, 0.002, 0.005, 0.001, 0.001, 0.001]
L11 zero: [0.002, 0.003, 0.011, 0.003, 0.001, 0.003, 0.008, 0.001, 0.0]
L11 const: [0.002, 0.003, 0.011, 0.003, 0.0, 0.003, 0.01, 0.001, 0.0]
L12 zero: [0.001, 0.001, 0.001, 0.001, 0.003, 0.001, 0.002, 0.001, 0.0]
L12 const: [0.001, 0.001, 0.001, 0.001, 0.002, 0.001, 0.002, 0.0, 0.0]
L13 zero: [0.006, 0.001, 0.001, 0.002, 0.0, 0.001, 0.001, 0.0, 0.004]
L13 const: [0.006, 0.001, 0.001, 0.002, 0.0, 0.001, 0.001, 0.0, 0.004]
L14 zero: [0.002, 0.001, 0.001, 0.001, 0.006, 0.0, 0.002, 0.001, 0.001]
L14 const: [0.001, 0.001, 0.001, 0.001, 0.006, 0.0, 0.002, 0.001, 0.001]
L15 zero: [0.0, 0.002, 0.0, 0.001, 0.001, 0.001, 0.001, 0.0, 0.001]
L15 const: [0.0, 0.001, 0.0, 0.001, 0.001, 0.001, 0.0, 0.0, 0.001]
L16 zero: [0.001, 0.0, 0.002, 0.002, 0.002, 0.001, -0.0, 0.0, -0.0]
L16 const: [0.001, 0.0, 0.002, 0.002, 0.001, 0.001, -0.0, 0.0, 0.0]
L17 zero: [0.001, 0.002, 0.004, 0.0, 0.001, 0.0, 0.004, 0.0, 0.0]
L17 const: [0.001, 0.0, 0.003, 0.0, 0.001, 0.0, 0.003, 0.0, 0.001]
L5H7 const top-4: cost 1.3614
L5H7 const top-8: cost 1.4108
L5H7 const top-16: cost 1.646
L5H7 const top-32: cost 0.8958
L5H7 const top-64: cost 0.1391
sum zero 1.686 | sum const 0.645 (0.383) | top dynamic [(0.8987, 'L5H7'), (0.0379, 'L1H1'), (0.0116, 'L1H8'), (0.0108, 'L6H1'), (0.0087, 'L0H3')]
recov: L5H7 0.986 | L0H3 0.099 | L1H1 0.615 | preds a False b False c False
wrote /workspace/tensor_language/basis_aligned/bilinear_quotient/head_const_map_results.json (230.4s)
