layer 0 singles done
layer 1 singles done
layer 2 singles done
layer 3 singles done
layer 4 singles done
layer 5 singles done
layer 6 singles done
layer 7 singles done
layer 8 singles done
layer 9 singles done
layer 10 singles done
layer 11 singles done
layer 12 singles done
layer 13 singles done
layer 14 singles done
layer 15 singles done
layer 16 singles done
layer 17 singles done
sum-of-singles predicts 153 heads within +0.15
N=40: {'joint': -0.0773, 'sum_singles': -0.1004}
N=80: {'joint': -0.0432, 'sum_singles': -0.0845}
N=120: {'joint': 0.1683, 'sum_singles': -0.0139}
(a) >=60 heads within +0.15: HELD
(b) near-additive <=1.3x: FAILED
(c) fresh <=1.5x: FAILED
wrote /workspace/tensor_language/basis_aligned/bilinear_quotient/head_code_frontier_results.json (291s)
