a2-input probe acc 0.69
fit a2
fit a3
fit a4
fit a5
fit a6
fit a7
fit a8
fit a9
fit a10
fit a11
fit a12
fit a13
fit a14
fit a15
fit a16
fit a17
unablated: b5 0.783 b6 1.741 b7 1.688 | real CE 3.5352
h7 zeroed: b5 0.783 b6 1.600 b7 3.539 | real CE 4.4441 (cost +0.9089)
h4 zeroed: b5 0.783 b6 1.731 b7 1.701 | real CE cost +0.0047
h0 zeroed: b5 0.783 b6 1.763 b7 1.837 | real CE cost +0.0025
h6 zeroed: b5 0.783 b6 1.734 b7 1.686 | real CE cost +0.0140
(d) unablated block-6 rel-MSE 1.7415 vs 1.7415: HELD
(a) h7-zeroed block-6 rel-MSE 1.5996 <= 1.2190: FAILED
(b) controls block-6 >= 1.5674: HELD  [1.731, 1.763, 1.734]
(c) real-model cost of zeroing h7 +0.9089 <= 0.10: FAILED
wrote /workspace/tensor_language/basis_aligned/bilinear_quotient/head7_amplifier_results.json (81s)
