a2-input probe acc 0.69
fit a2
fit a3
fit a4
fit a5
fit a6
fit a7
fit a8
fit a9
fit a10
fit a11
fit a12
fit a13
fit a14
fit a15
fit a16
fit a17
none        : gap +1.5038 | b5 0.783 b6 1.742 b7 1.688 b17 0.593
h7_only     : gap +1.3553 | b5 0.783 b6 1.011 b7 1.265 b17 0.555
other_eight : gap +0.8323 | b5 0.783 b6 1.334 b7 1.576 b17 0.424
all_nine    : gap +0.7132 | b5 0.783 b6 0.712 b7 1.151 b17 0.394
(d) block-6 rel-MSE 1.7415 vs 1.7415: HELD
(a) recovery h7-only 0.188 <= 0.3 x all 1.000: HELD
(b) recovery other-eight 0.849 >= 0.6 x all: HELD
(c) block-6 drop h7-only +0.7309 >= 0.5 x all +1.0294: HELD
wrote /workspace/tensor_language/basis_aligned/bilinear_quotient/head_energy_vs_price_results.json (71s)
