motif batch 0 done (2s)
motif batch 4 done (3s)
layer 0 atlas done (3s)
layer 1 atlas done (4s)
layer 2 atlas done (4s)
layer 3 atlas done (5s)
layer 4 atlas done (6s)
layer 5 atlas done (6s)
layer 6 atlas done (7s)
layer 7 atlas done (7s)
layer 8 atlas done (8s)
layer 9 atlas done (9s)
layer 10 atlas done (9s)
layer 11 atlas done (10s)
layer 12 atlas done (10s)
layer 13 atlas done (11s)
layer 14 atlas done (12s)
layer 15 atlas done (12s)
layer 16 atlas done (13s)
layer 17 atlas done (13s)
new long-range heads: []
dominant-motif fraction 0.94 | succ rate high 0.0190 vs low 0.0158
(a) >=3 new long-range heads found: FAILED
(b) >=60% of heads have a dominant motif: HELD
(c) long-range heads read successors more: FAILED
wrote /workspace/tensor_language/basis_aligned/bilinear_quotient/head_atlas_results.json (13s)
