a2-input probe acc 0.68
fit a2
fit a3
fit a4
fit a5
fit a6
fit a7
fit a8
fit a9
fit a10
fit a11
fit a12
fit a13
fit a14
fit a15
fit a16
fit a17
Traceback (most recent call last):
  File "/workspace/tensor_language/basis_aligned/bilinear_quotient/hybrid_fold2.py", line 487, in <module>
    if __name__=='__main__': main()
                             ^^^^^^
  File "/venv/main/lib/python3.12/site-packages/torch/utils/_contextlib.py", line 124, in decorate_context
    return func(*args, **kwargs)
           ^^^^^^^^^^^^^^^^^^^^^
  File "/workspace/tensor_language/basis_aligned/bilinear_quotient/hybrid_fold2.py", line 469, in main
    hyF=evalHF(hyb,True)-base           # fold hybrid (fits in-chain)
        ^^^^^^^^^^^^^^^^
  File "/workspace/tensor_language/basis_aligned/bilinear_quotient/hybrid_fold2.py", line 452, in evalHF
    if motif: hs+=motif_hooks()
                  ^^^^^^^^^^^^^
  File "/workspace/tensor_language/basis_aligned/bilinear_quotient/hybrid_fold2.py", line 374, in motif_hooks
    for li in set(list(prevh)+list(selfh)):
                       ^^^^^
NameError: name 'prevh' is not defined
