IS 768 THE MODEL OR THE FIT SET | 6 arms x 2 coverage(s) | DISCOVERY ONLY

########## COVERAGE 5419 ##########
  [bqlib] coverage 5419 from fineweb_n96_skip80.pt: 36 tables, neighbour index and map solver built (4s)
  [bqlib] cache HIT  live     fresh
  [bqlib] cache HIT  mix25m256 fresh
  [bqlib] cache HIT  mix25m256 fresh
  [bqlib] cache HIT  mix25m256 fresh
  [bqlib] cache HIT  mix25m256 fresh
  [bqlib] cache HIT  map512   fresh
  [bqlib] cache HIT  mix25m256 fresh

########## COVERAGE 16110 ##########
  [bqlib] coverage 16110 from fineweb_n480_skip80.pt: 36 tables, neighbour index and map solver built (5s)
  [bqlib] cache HIT  live     fresh
  [bqlib] cache HIT  mix25m256 fresh
  [bqlib] cache HIT  mix25m256 fresh
  [bqlib] cache HIT  mix25m256 fresh
  [bqlib] cache HIT  mix25m256 fresh
  [bqlib] cache HIT  map512   fresh
  [bqlib] cache HIT  mix25m256 fresh

  §2052's -17.054 milli-nat penalty for rank 1024 rebuilds within 1 milli-nat  -> True
  and rank 1024 loses to 768 at both coverages on fresh rows  -> True
  and the fresh optimum is lower at 5,419 than at 16,110 -- the fit-set reading  -> False
  and the penalty for rank 1024 is smaller at 16,110 than at 5,419  -> False
  derived controls -> True   coverage_exact=True  inert_pairs_are_inert=True  some_differing_pair_moves=True  buckets_partition=True  live_identical=True

pred_a True | pred_b True | pred_c False | pred_d False | pred_z True
wrote /workspace/tensor_language/basis_aligned/bilinear_quotient/ops/is_768_the_model_or_the_fit_set_results.json (9.3s)
