IS MLP4 JUST FRAGILE | 7 arms x 1 coverage(s) | DISCOVERY ONLY

########## COVERAGE 5419 ##########
  [bqlib] coverage 5419 from fineweb_n96_skip80.pt: 36 tables, neighbour index and map solver built (4s)
  [bqlib] cache HIT  live     skip7000
  [bqlib] cache HIT  live     skip11000
  [bqlib] cache HIT  live     skip1200
  [bqlib] cache HIT  mix30m640 skip7000
  [bqlib] cache HIT  mix30m640 skip11000
  [bqlib] cache HIT  mix30m640 skip1200
  [bqlib] cache HIT  mix30m640 skip7000
  [bqlib] cache HIT  mix30m640 skip11000
  [bqlib] cache HIT  mix30m640 skip1200
  [bqlib] cache HIT  meanrow  skip7000
  [bqlib] cache HIT  meanrow  skip11000
  [bqlib] cache HIT  meanrow  skip1200
  [bqlib] cache HIT  meanrow  skip7000
  [bqlib] cache HIT  meanrow  skip11000
  [bqlib] cache HIT  meanrow  skip1200
  [bqlib] cache HIT  meanrow  skip7000
  [bqlib] cache HIT  meanrow  skip11000
  [bqlib] cache HIT  meanrow  skip1200
  [bqlib] cache HIT  mix30m640 skip7000
  [bqlib] cache HIT  mix30m640 skip11000
  [bqlib] cache HIT  mix30m640 skip1200
  [bqlib] cache HIT  map512   skip7000
  [bqlib] cache HIT  map512   skip11000
  [bqlib] cache HIT  map512   skip1200
  [bqlib] note: 9 differing-spec pair(s) flip no covered-input top-1 -- legal for a site-subset difference, e.g. ('tab_mlp4', 'mean_mlp4')

  a constant row at mlp4 costs at least half what the compiled table costs  -> True
  and layer 5 stays mild under the identical substitution -- not a fragile-site artefact  -> True
  and compiling attention 6 still removes most of it under the null  -> False
  derived controls -> True   coverage_exact=True  inert_pairs_are_inert=True  some_differing_pair_moves=True  buckets_partition=True  live_identical=True  ref_full_program=True
  reference deviations: full_program 0.000000

pred_a True | pred_b True | pred_c False | pred_z True
wrote /workspace/tensor_language/basis_aligned/bilinear_quotient/ops/is_mlp4_just_fragile_results.json (4.5s)
