IS THE SHIPPED PROGRAM ADDITIVE | 7 arms x 1 coverage(s) | DISCOVERY ONLY

########## COVERAGE 5419 ##########
  [bqlib] coverage 5419 from fineweb_n96_skip80.pt: 36 tables, neighbour index and map solver built (4s)
  [bqlib] cache HIT  live     skip7000
  [bqlib] cache HIT  live     skip11000
  [bqlib] cache HIT  live     skip1200
  [bqlib] cache HIT  mix30m640 skip7000
  [bqlib] cache HIT  mix30m640 skip11000
  [bqlib] cache HIT  mix30m640 skip1200
  [bqlib] cache HIT  meanrow@mlp2+mix30m640@mlp0,mlp1,mlp3,mlp4,mlp5,mlp6,mlp7,mlp8,mlp9,mlp10,mlp11,mlp12,mlp13,mlp14,mlp15,mlp16,mlp17,attn0,attn1,attn2,attn3,attn4,attn5,attn6,attn7,attn8,attn9,attn10,attn11,attn12,attn13,attn14,attn15,attn16,attn17 skip7000
  [bqlib] cache HIT  meanrow@mlp2+mix30m640@mlp0,mlp1,mlp3,mlp4,mlp5,mlp6,mlp7,mlp8,mlp9,mlp10,mlp11,mlp12,mlp13,mlp14,mlp15,mlp16,mlp17,attn0,attn1,attn2,attn3,attn4,attn5,attn6,attn7,attn8,attn9,attn10,attn11,attn12,attn13,attn14,attn15,attn16,attn17 skip11000
  [bqlib] cache HIT  meanrow@mlp2+mix30m640@mlp0,mlp1,mlp3,mlp4,mlp5,mlp6,mlp7,mlp8,mlp9,mlp10,mlp11,mlp12,mlp13,mlp14,mlp15,mlp16,mlp17,attn0,attn1,attn2,attn3,attn4,attn5,attn6,attn7,attn8,attn9,attn10,attn11,attn12,attn13,attn14,attn15,attn16,attn17 skip1200
  [bqlib] cache HIT  meanrow@mlp3+mix30m640@mlp0,mlp1,mlp2,mlp4,mlp5,mlp6,mlp7,mlp8,mlp9,mlp10,mlp11,mlp12,mlp13,mlp14,mlp15,mlp16,mlp17,attn0,attn1,attn2,attn3,attn4,attn5,attn6,attn7,attn8,attn9,attn10,attn11,attn12,attn13,attn14,attn15,attn16,attn17 skip7000
  [bqlib] cache HIT  meanrow@mlp3+mix30m640@mlp0,mlp1,mlp2,mlp4,mlp5,mlp6,mlp7,mlp8,mlp9,mlp10,mlp11,mlp12,mlp13,mlp14,mlp15,mlp16,mlp17,attn0,attn1,attn2,attn3,attn4,attn5,attn6,attn7,attn8,attn9,attn10,attn11,attn12,attn13,attn14,attn15,attn16,attn17 skip11000
  [bqlib] cache HIT  meanrow@mlp3+mix30m640@mlp0,mlp1,mlp2,mlp4,mlp5,mlp6,mlp7,mlp8,mlp9,mlp10,mlp11,mlp12,mlp13,mlp14,mlp15,mlp16,mlp17,attn0,attn1,attn2,attn3,attn4,attn5,attn6,attn7,attn8,attn9,attn10,attn11,attn12,attn13,attn14,attn15,attn16,attn17 skip1200
  [bqlib] cache HIT  meanrow@mlp12+mix30m640@mlp0,mlp1,mlp2,mlp3,mlp4,mlp5,mlp6,mlp7,mlp8,mlp9,mlp10,mlp11,mlp13,mlp14,mlp15,mlp16,mlp17,attn0,attn1,attn2,attn3,attn4,attn5,attn6,attn7,attn8,attn9,attn10,attn11,attn12,attn13,attn14,attn15,attn16,attn17 skip7000
  [bqlib] cache HIT  meanrow@mlp12+mix30m640@mlp0,mlp1,mlp2,mlp3,mlp4,mlp5,mlp6,mlp7,mlp8,mlp9,mlp10,mlp11,mlp13,mlp14,mlp15,mlp16,mlp17,attn0,attn1,attn2,attn3,attn4,attn5,attn6,attn7,attn8,attn9,attn10,attn11,attn12,attn13,attn14,attn15,attn16,attn17 skip11000
  [bqlib] cache HIT  meanrow@mlp12+mix30m640@mlp0,mlp1,mlp2,mlp3,mlp4,mlp5,mlp6,mlp7,mlp8,mlp9,mlp10,mlp11,mlp13,mlp14,mlp15,mlp16,mlp17,attn0,attn1,attn2,attn3,attn4,attn5,attn6,attn7,attn8,attn9,attn10,attn11,attn12,attn13,attn14,attn15,attn16,attn17 skip1200
  [bqlib] cache HIT  meanrow@mlp2,mlp3,mlp12+mix30m640@mlp0,mlp1,mlp4,mlp5,mlp6,mlp7,mlp8,mlp9,mlp10,mlp11,mlp13,mlp14,mlp15,mlp16,mlp17,attn0,attn1,attn2,attn3,attn4,attn5,attn6,attn7,attn8,attn9,attn10,attn11,attn12,attn13,attn14,attn15,attn16,attn17 skip7000
  [bqlib] cache HIT  meanrow@mlp2,mlp3,mlp12+mix30m640@mlp0,mlp1,mlp4,mlp5,mlp6,mlp7,mlp8,mlp9,mlp10,mlp11,mlp13,mlp14,mlp15,mlp16,mlp17,attn0,attn1,attn2,attn3,attn4,attn5,attn6,attn7,attn8,attn9,attn10,attn11,attn12,attn13,attn14,attn15,attn16,attn17 skip11000
  [bqlib] cache HIT  meanrow@mlp2,mlp3,mlp12+mix30m640@mlp0,mlp1,mlp4,mlp5,mlp6,mlp7,mlp8,mlp9,mlp10,mlp11,mlp13,mlp14,mlp15,mlp16,mlp17,attn0,attn1,attn2,attn3,attn4,attn5,attn6,attn7,attn8,attn9,attn10,attn11,attn12,attn13,attn14,attn15,attn16,attn17 skip1200
  [bqlib] cache HIT  map512   skip7000
  [bqlib] cache HIT  map512   skip11000
  [bqlib] cache HIT  map512   skip1200
  [bqlib] cache HIT  mix30m640 skip7000
  [bqlib] cache HIT  mix30m640 skip11000
  [bqlib] cache HIT  mix30m640 skip1200

  the shipped program rebuilds to §2013's 2.80750/2.97891/2.70217 within 0.0005 nats on 3/3 roles  -> True
  and each single-site mean row costs under 0.005 nats, on 3/3 roles  -> False
  and degrading all three costs the sum of degrading each, within 0.002 nats (>=2 roles)  -> False
  derived controls -> True   coverage_exact=True  inert_pairs_are_inert=True  some_differing_pair_moves=True  buckets_partition=True  live_identical=True  ref_full_program=True
  reference deviations: full_program 0.000000

pred_a True | pred_b False | pred_c False | pred_z True
wrote /workspace/tensor_language/basis_aligned/bilinear_quotient/ops/is_the_shipped_program_additive_results.json (4.7s)
