Warning: You are sending unauthenticated requests to the HF Hub. Please set a HF_TOKEN to enable higher rate limits and faster downloads.
ISO COST COV | 14405 types, rank 401, at the deployed budget | settled program (context-free tables + output-NN fallback + rank-64 map) | DISCOVERY ONLY

  per-site norm calibration (live mean / row mean), measured on the LIVE model:
    attn L0:  2.66 L1:  2.47 L2:  2.20 L3:  2.08 L4:  4.31 L5:  0.99 L6:  1.01 L7:  3.56 L8:  3.33 L9:  4.78 L10:  3.74 L11:  4.41 L12:  6.43 L13:  5.93 L14:  6.64 L15:  6.07 L16:  5.36 L17:  5.56
    mlp  L0:  0.87 L1:  0.41 L2:  0.60 L3:  0.49 L4:  0.10 L5:  0.39 L6:  0.51 L7:  1.63 L8:  1.98 L9:  1.30 L10:  2.23 L11:  1.04 L12:  1.87 L13:  1.24 L14:  1.62 L15:  1.18 L16:  1.12 L17:  1.21

  arms  (49s)
  all_substituted      skip7000 13.95%  skip11000 14.69%  skip1200 14.00%
  all_sub_scaled       skip7000 12.22%  skip11000 12.97%  skip1200 12.13%
  live_model           skip7000 39.32%  skip11000 42.35%  skip1200 38.88%

  arms  (114s)
  all_substituted        skip7000 13.95%  skip11000 14.69%  skip1200 14.00%
  live_model             skip7000 39.32%  skip11000 42.35%  skip1200 38.88%

  arms  (127s)
  B0_raw                 skip7000 25.70%  skip11000 28.38%  skip1200 26.01%
  B0_seq                 skip7000 31.22%  skip11000 33.92%  skip1200 30.07%

  coverage 14405 types (2.66x §1834); ceiling CE skip7000 5.92040  skip11000 5.85691  skip1200 5.88470 (149s)
    rank 401   covered skip7000  5.96608 (+0.04569)  skip11000  5.90412 (+0.04721)  skip1200  5.92226 (+0.03756)   (246s)
\n  ISO-COST point: 14405 covered types, rank 401, 229.972M (budget 230.087M)
    skip7000   ceiling 5.92040  covered 5.96608 (+0.04569)  ALLPOS 5.95604
    skip11000  ceiling 5.85691  covered 5.90412 (+0.04721)  ALLPOS 5.90496
    skip1200   ceiling 5.88470  covered 5.92226 (+0.03756)  ALLPOS 5.93050
\n  beats the DEPLOYED build at matched cost -> True  skip7000 +0.05563  skip11000 +0.07981  skip1200 +0.07115
  but §1861 largest-coverage point still WINS -> False  skip7000 this +0.00005 vs §1861  skip11000 this -0.00070 vs §1861  skip1200 this +0.00280 vs §1861
  and the iso-cost line is FLAT (<0.05) -> True
  cost <= budget, coverage 14405, ceiling above live -> control True

wrote /workspace/tensor_language/basis_aligned/bilinear_quotient/ops/iso_cost_cov14405_results.json (245.5s)
