Warning: You are sending unauthenticated requests to the HF Hub. Please set a HF_TOKEN to enable higher rate limits and faster downloads.
whiteners built
attn maps built
context capture done
planks 0/1 context-fit
planks 2/3 fit
unit planks built
authoritative PCA composition discovery arm=NNN done
authoritative PCA composition discovery arm=NNE done
authoritative PCA composition discovery arm=NPN done
authoritative PCA composition discovery arm=NPE done
authoritative PCA composition discovery arm=NEN done
authoritative PCA composition discovery arm=NEE done
authoritative PCA composition discovery arm=PNN done
authoritative PCA composition discovery arm=PNE done
authoritative PCA composition discovery arm=PPN done
authoritative PCA composition discovery arm=PPE done
authoritative PCA composition discovery arm=PEN done
authoritative PCA composition discovery arm=PEE done
authoritative PCA composition discovery arm=ENN done
authoritative PCA composition discovery arm=ENE done
authoritative PCA composition discovery arm=EPN done
authoritative PCA composition discovery arm=EPE done
authoritative PCA composition discovery arm=EEN done
authoritative PCA composition discovery arm=EEE done
authoritative PCA composition heldout arm=NNN done
authoritative PCA composition heldout arm=NNE done
authoritative PCA composition heldout arm=NPN done
authoritative PCA composition heldout arm=NPE done
authoritative PCA composition heldout arm=NEN done
authoritative PCA composition heldout arm=NEE done
authoritative PCA composition heldout arm=PNN done
authoritative PCA composition heldout arm=PNE done
authoritative PCA composition heldout arm=PPN done
authoritative PCA composition heldout arm=PPE done
authoritative PCA composition heldout arm=PEN done
authoritative PCA composition heldout arm=PEE done
authoritative PCA composition heldout arm=ENN done
authoritative PCA composition heldout arm=ENE done
authoritative PCA composition heldout arm=EPN done
authoritative PCA composition heldout arm=EPE done
authoritative PCA composition heldout arm=EEN done
authoritative PCA composition heldout arm=EEE done
