ARM: rank-16 QK patterns at ALL replaced heads, blocks 2-17 (dicts retired)
a16 attn mean captured over FW; gated ablation hook armed
a2-input probe acc 0.69
fit a2
fit a3
fit a4
fit a5
fit a6
fit a7
fit a8
fit a9
fit a10
fit a11
fit a12
fit a13
fit a14
fit a15
fit a16
fit a17
  cp_swap: front MLPs m0-m3 -> CP top-4608 in place (tailE remains table-front-fit)
  QK rank-96 factors built for all motif heads
  QK rank-96 factors built for tail blocks 10-17
  tail QK hooks registered (gated)
L1 (+38 heads): C +0.2279 | fresh +0.2107
config-frame a16 mean captured over 64 FW rows (n=16384)
  window 0 (7 docs): L2 fresh +0.0517
  window 1 (42 docs): L2 fresh +0.0642
  window 2 (17 docs): L2 fresh +0.0490
  window 3 (23 docs): L2 fresh +0.0580
  window 4 (43 docs): L2 fresh +0.1164
  window 5 (26 docs): L2 fresh +0.0725
  window 6 (35 docs): L2 fresh +0.0476
  window 7 (35 docs): L2 fresh +0.0494
L2 empirical: C +0.0430 | fresh +0.0584 | tail-attn increment -0.1523
(a) L2 <= +2.75 fresh: HELD
(b) increment in [0.30,0.55]: FAILED
  per-class dCE: digit:+0.031 bclose:+0.100 newline:+0.048 sentend:+0.018 comma:+0.019 name:+0.159 rep:-0.047 subword:+0.056 ind:+0.078 other:+0.066
  era Spearman vs rung-132: 0.7298 over 62
  median member/ref ratio 0.923; tau-curve {'0.5': 8, '1.0': 37, '1.5': 50, '2.0': 54, '3.0': 60}
L2 fresh +0.0584 (was +1.8765); census +0.0663 (was +1.9474); increment -0.1523; valid 8/62
(a) KNOCKOUT TRANSFER - own-median ratio 2.406 in [0.7, 1.6]: FAILED
(b) FINGERPRINT FLIPS - era rho 0.7298 <= 0.45; collateral 0.588; margin 0.923: FAILED
(c) ablated census +0.0663 in [0.08, 0.8]; era rho 0.7298: FAILED
wrote /workspace/tensor_language/basis_aligned/bilinear_quotient/ko_a16_cfgmean_results.json (129s)
