ARM: rank-16 QK patterns at ALL replaced heads, blocks 2-17 (dicts retired)
m16 mean captured over FW; gated ablation hook armed
a2-input probe acc 0.69
fit a2
fit a3
fit a4
fit a5
fit a6
fit a7
fit a8
fit a9
fit a10
fit a11
fit a12
fit a13
fit a14
fit a15
fit a16
fit a17
  cp_swap: front MLPs m0-m3 -> CP top-4608 in place (tailE remains table-front-fit)
  QK rank-128 factors built for all motif heads
  QK rank-64 factors built for tail blocks 10-17
  tail QK hooks registered (gated)
L1 (+38 heads): C +0.2477 | fresh +0.2121
  window 0 (7 docs): L2 fresh +0.0344
  window 1 (42 docs): L2 fresh +0.0412
  window 2 (17 docs): L2 fresh +0.0627
  window 3 (23 docs): L2 fresh +0.0385
  window 4 (43 docs): L2 fresh +0.0458
  window 5 (26 docs): L2 fresh +0.0444
  window 6 (35 docs): L2 fresh +0.0277
  window 7 (35 docs): L2 fresh +0.0366
L2 empirical: C +0.0606 | fresh +0.0601 | tail-attn increment -0.1521
(a) L2 <= +2.75 fresh: HELD
(b) increment in [0.30,0.55]: FAILED
  per-class dCE: digit:+0.174 bclose:-0.043 newline:+0.067 sentend:+0.021 comma:+0.064 name:+0.825 rep:+0.118 subword:+1.073 ind:+0.093 other:+0.171
  era Spearman vs rung-132: -0.2380 over 62
  median member/ref ratio 1.404; tau-curve {'0.5': 1, '1.0': 11, '1.5': 32, '2.0': 47, '3.0': 54}
L2 fresh +0.0601 (was +1.8765); census +0.2586 (was +1.9474); increment -0.1521; valid 1/62
(a) BASELINE-INDEPENDENT - subtracted own 0.767 in [0.5, 1.0]: HELD
(b) subtracted collateral Spearman 0.937 >= 0.85; margin 1.404: HELD
(c) ablated census +0.2586 in [0.2, 5.0]: HELD
wrote /workspace/tensor_language/basis_aligned/bilinear_quotient/ko_m16_corner2_results.json (132s)
