ARM: rank-16 QK patterns at ALL replaced heads, blocks 2-17 (dicts retired)
m14 mean captured over FW; gated ablation hook armed
a2-input probe acc 0.69
fit a2
fit a3
fit a4
fit a5
fit a6
fit a7
fit a8
fit a9
fit a10
fit a11
fit a12
fit a13
fit a14
fit a15
fit a16
fit a17
  cp_swap: front MLPs m0-m3 -> CP top-4608 in place (tailE remains table-front-fit)
  QK rank-96 factors built for all motif heads
  QK rank-96 factors built for tail blocks 10-17
  tail QK hooks registered (gated)
L1 (+38 heads): C +0.2279 | fresh +0.2108
  window 0 (7 docs): L2 fresh +0.0605
  window 1 (42 docs): L2 fresh +0.0725
  window 2 (17 docs): L2 fresh +0.0582
  window 3 (23 docs): L2 fresh +0.0671
  window 4 (43 docs): L2 fresh +0.1161
  window 5 (26 docs): L2 fresh +0.0784
  window 6 (35 docs): L2 fresh +0.0556
  window 7 (35 docs): L2 fresh +0.0565
L2 empirical: C +0.0430 | fresh +0.0584 | tail-attn increment -0.1524
(a) L2 <= +2.75 fresh: HELD
(b) increment in [0.30,0.55]: FAILED
  per-class dCE: digit:+0.100 bclose:-0.047 newline:+0.024 sentend:+0.015 comma:+0.051 name:+0.191 rep:+0.003 subword:+0.156 ind:+0.019 other:+0.129
  era Spearman vs rung-132: 0.2440 over 62
  median member/ref ratio 1.096; tau-curve {'0.5': 4, '1.0': 28, '1.5': 49, '2.0': 53, '3.0': 58}
L2 fresh +0.0584 (was +1.8765); census +0.0933 (was +1.9474); increment -0.1524; valid 4/62
(a) KNOCKOUT TRANSFER - own-median ratio 1.332 in [0.7, 1.6]: HELD
(b) SIGNAL-TO-FLOOR - collateral Spearman 0.566 < 0.8 predicted; margin 1.096: HELD
(c) ablated census +0.0933 in [0.08, 0.5]; era rho 0.2440: HELD
wrote /workspace/tensor_language/basis_aligned/bilinear_quotient/ko_transfer_m14_results.json (128s)
