ARM: rank-16 QK patterns at ALL replaced heads, blocks 2-17 (dicts retired)
m17 mean captured over FW; gated ablation hook armed
a2-input probe acc 0.69
fit a2
fit a3
fit a4
fit a5
fit a6
fit a7
fit a8
fit a9
fit a10
fit a11
fit a12
fit a13
fit a14
fit a15
fit a16
fit a17
  cp_swap: front MLPs m0-m3 -> CP top-4608 in place (tailE remains table-front-fit)
  QK rank-96 factors built for all motif heads
  QK rank-96 factors built for tail blocks 10-17
  tail QK hooks registered (gated)
L1 (+38 heads): C +0.2280 | fresh +0.2107
  window 0 (7 docs): L2 fresh +0.0629
  window 1 (42 docs): L2 fresh +0.0809
  window 2 (17 docs): L2 fresh +0.0881
  window 3 (23 docs): L2 fresh +0.0956
  window 4 (43 docs): L2 fresh +0.1534
  window 5 (26 docs): L2 fresh +0.0861
  window 6 (35 docs): L2 fresh +0.0789
  window 7 (35 docs): L2 fresh +0.0697
L2 empirical: C +0.0430 | fresh +0.0584 | tail-attn increment -0.1523
(a) L2 <= +2.75 fresh: HELD
(b) increment in [0.30,0.55]: FAILED
  per-class dCE: digit:+0.571 bclose:-0.240 newline:-0.272 sentend:-0.171 comma:-0.120 name:+1.314 rep:+0.319 subword:+0.905 ind:+0.029 other:+0.739
  era Spearman vs rung-132: -0.0984 over 62
  median member/ref ratio 2.524; tau-curve {'0.5': 0, '1.0': 3, '1.5': 14, '2.0': 23, '3.0': 41}
L2 fresh +0.0584 (was +1.8765); census +0.4848 (was +1.9474); increment -0.1523; valid 0/62
(a) KNOCKOUT TRANSFER - own-median ratio 0.987 in [0.7, 1.6]: HELD
(b) BIG COMPONENT - collateral Spearman 0.761 >= 0.8; margin 2.524: FAILED
(c) ablated census +0.4848 in [0.5, 5.0]; era rho -0.0984: FAILED
wrote /workspace/tensor_language/basis_aligned/bilinear_quotient/ko_transfer_m17_results.json (128s)
