ARM: rank-16 QK patterns at ALL replaced heads, blocks 2-17 (dicts retired)
m13 mean captured over FW; gated ablation hook armed
a2-input probe acc 0.69
fit a2
fit a3
fit a4
fit a5
fit a6
fit a7
fit a8
fit a9
fit a10
fit a11
fit a12
fit a13
fit a14
fit a15
fit a16
fit a17
  cp_swap: front MLPs m0-m3 -> CP top-4608 in place (tailE remains table-front-fit)
  QK rank-96 factors built for all motif heads
  QK rank-96 factors built for tail blocks 10-17
  tail QK hooks registered (gated)
L1 (+38 heads): C +0.2280 | fresh +0.2107
  window 0 (7 docs): L2 fresh +0.0626
  window 1 (42 docs): L2 fresh +0.0754
  window 2 (17 docs): L2 fresh +0.0579
  window 3 (23 docs): L2 fresh +0.0694
  window 4 (43 docs): L2 fresh +0.1183
  window 5 (26 docs): L2 fresh +0.0795
  window 6 (35 docs): L2 fresh +0.0588
  window 7 (35 docs): L2 fresh +0.0573
L2 empirical: C +0.0430 | fresh +0.0584 | tail-attn increment -0.1523
(a) L2 <= +2.75 fresh: HELD
(b) increment in [0.30,0.55]: FAILED
  per-class dCE: digit:+0.107 bclose:-0.082 newline:+0.016 sentend:+0.006 comma:+0.046 name:+0.232 rep:-0.042 subword:+0.183 ind:+0.024 other:+0.139
  era Spearman vs rung-132: 0.1887 over 62
  median member/ref ratio 1.134; tau-curve {'0.5': 3, '1.0': 27, '1.5': 49, '2.0': 53, '3.0': 57}
L2 fresh +0.0584 (was +1.8765); census +0.1027 (was +1.9474); increment -0.1523; valid 3/62
(a) KNOCKOUT TRANSFER - own-median ratio 1.319 in [0.7, 1.6]: HELD
(b) collateral Spearman 0.649 >= 0.8; margin 1.134: FAILED
(c) ablated census +0.1027 in [0.2, 5.0]; era rho 0.1887: FAILED
wrote /workspace/tensor_language/basis_aligned/bilinear_quotient/ko_transfer_m13_results.json (128s)
