Warning: You are sending unauthenticated requests to the HF Hub. Please set a HF_TOKEN to enable higher rate limits and faster downloads.
L5/L6 CLIFF PROBE | only / suffix / prefix arms at L in (4, 5, 6, 13), plus the live-vs-row norm diagnostic | settled program (context-free tables + output-NN fallback + rank-64 map) | DISCOVERY ONLY

  arms [overall/head]  (62s)
  all_substituted  skip7000 13.55%/39.01%  skip11000 14.25%/40.42%  skip1200 13.64%/38.91%
  live_model       skip7000 39.32%/61.46%  skip11000 42.35%/64.31%  skip1200 38.88%/61.37%
  L4_only          skip7000 13.52%/39.39%  skip11000 14.19%/40.84%  skip1200 13.62%/39.46%
  L4_suffix        skip7000  2.00%/ 6.96%  skip11000  2.12%/ 7.42%  skip1200  1.81%/ 6.33%
  L4_prefix        skip7000 13.89%/37.92%  skip11000 14.72%/39.82%  skip1200 14.04%/38.19%
  L5_only          skip7000  1.02%/ 3.52%  skip11000  1.14%/ 3.98%  skip1200  0.98%/ 3.41%
  L5_suffix        skip7000  1.00%/ 3.47%  skip11000  1.12%/ 3.90%  skip1200  0.97%/ 3.37%
  L5_prefix        skip7000 15.94%/43.37%  skip11000 16.54%/44.91%  skip1200 15.76%/42.85%
  L6_only          skip7000  2.40%/ 8.31%  skip11000  2.27%/ 7.89%  skip1200  2.04%/ 7.05%
  L6_suffix        skip7000  2.24%/ 7.77%  skip11000  2.11%/ 7.35%  skip1200  1.93%/ 6.73%
  L6_prefix        skip7000 17.36%/45.66%  skip11000 17.87%/47.19%  skip1200 16.94%/44.11%
  L13_only         skip7000 11.80%/30.48%  skip11000 12.52%/31.98%  skip1200 11.61%/30.78%
  L13_suffix       skip7000 15.29%/41.04%  skip11000 15.90%/42.76%  skip1200 14.89%/40.75%
  L13_prefix       skip7000 32.85%/58.63%  skip11000 34.98%/60.74%  skip1200 32.37%/58.89%

  mean ||live attn output|| vs ||substituted row||, in the compiled stream:
    L0  live   410.357  row   151.212  ratio   2.714
    L1  live  4863.873  row   662.058  ratio   7.347
    L2  live 31614.327  row  2833.251  ratio  11.158
    L3  live 45979.709  row  3212.556  ratio  14.313
    L4  live 60285.798  row  2339.302  ratio  25.771
    L5  live 1202366.288  row  7878.181  ratio 152.620
    L6  live 206335.324  row  2789.274  ratio  73.975
    L7  live  6604.041  row   537.703  ratio  12.282
    L8  live  3085.213  row   324.687  ratio   9.502
    L9  live  3442.169  row   632.839  ratio   5.439
    L10 live  5385.568  row   601.801  ratio   8.949
    L11 live  4052.647  row   587.006  ratio   6.904
    L12 live  3973.829  row   275.877  ratio  14.404
    L13 live  4800.807  row   354.158  ratio  13.556
    L14 live  3206.836  row   382.982  ratio   8.373
    L15 live  3426.645  row   357.494  ratio   9.585
    L16 live  6829.482  row   538.138  ratio  12.691
    L17 live  9854.947  row  1233.815  ratio   7.987

  delta vs the all-substituted baseline (pp):
    skip7000   L4: only   -0.03 suffix  -11.55 prefix   +0.34  L5: only  -12.54 suffix  -12.55 prefix   +2.39  L6: only  -11.15 suffix  -11.31 prefix   +3.81  L13: only   -1.75 suffix   +1.74 prefix  +19.29
    skip11000  L4: only   -0.06 suffix  -12.13 prefix   +0.47  L5: only  -13.11 suffix  -13.13 prefix   +2.29  L6: only  -11.98 suffix  -12.14 prefix   +3.62  L13: only   -1.73 suffix   +1.65 prefix  +20.73
    skip1200   L4: only   -0.03 suffix  -11.83 prefix   +0.40  L5: only  -12.67 suffix  -12.68 prefix   +2.11  L6: only  -11.60 suffix  -11.72 prefix   +3.29  L13: only   -2.03 suffix   +1.24 prefix  +18.72

  restoring EVERYTHING ABOVE L5 rescues it (within 2pp of baseline) -> False  skip7000 -12.55pp  skip11000 -13.13pp  skip1200 -12.68pp
  restoring everything BELOW L5 does NOT (still <=-5pp) -> False  skip7000 +2.39pp  skip11000 +2.29pp  skip1200 +2.11pp
  L5/L6 emit >=2x the norm ratio of L4 -> True  L4 25.771  L5 152.620  L6 73.975
  all-substituted and live reproduce §1789, coverage 5419 -> control True

pred_a False | pred_b False | pred_c True | pred_d True
wrote /workspace/tensor_language/basis_aligned/bilinear_quotient/ops/l5_cliff_probe_results.json (108.4s)
