Warning: You are sending unauthenticated requests to the HF Hub. Please set a HF_TOKEN to enable higher rate limits and faster downloads.
L9 INVERSION | three ways of removing the anti-aligned layer, depths (3, 5) | settled program (context-free tables + output-NN fallback + rank-64 map) | DISCOVERY ONLY

  per-site norm calibration (live mean / row mean), measured on the LIVE model:
    attn L0:  2.71 L1:  2.49 L2:  2.26 L3:  2.13 L4:  4.37 L5:  1.00 L6:  1.02 L7:  3.61 L8:  3.59 L9:  4.83 L10:  3.80 L11:  4.49 L12:  6.72 L13:  6.39 L14:  7.07 L15:  6.33 L16:  5.70 L17:  5.59
    mlp  L0:  0.88 L1:  0.42 L2:  0.61 L3:  0.49 L4:  0.10 L5:  0.39 L6:  0.52 L7:  1.66 L8:  2.04 L9:  1.32 L10:  2.33 L11:  1.05 L12:  1.91 L13:  1.26 L14:  1.66 L15:  1.19 L16:  1.13 L17:  1.21

  arms  (50s)
  all_substituted      skip7000 13.55%  skip11000 14.25%  skip1200 13.64%
  all_sub_scaled       skip7000 12.16%  skip11000 12.81%  skip1200 12.10%
  live_model           skip7000 39.32%  skip11000 42.35%  skip1200 38.88%

  arms  (117s)
  all_substituted        skip7000 13.55%  skip11000 14.25%  skip1200 13.64%
  live_model             skip7000 39.32%  skip11000 42.35%  skip1200 38.88%
    B3 gains  seq/matched/global: L4 0.1693/0.1693/0.1696  L5 0.0068/0.0271/0.0065  L6 0.0210/1.6886/0.0138
  B3_raw                 skip7000  2.00%  skip11000  2.12%  skip1200  1.81%
  B3_global              skip7000 16.20%  skip11000 17.05%  skip1200 16.67%
  B3_matched             skip7000  7.73%  skip11000  7.90%  skip1200  7.62%
  B3_seq                 skip7000 16.62%  skip11000 17.51%  skip1200 16.67%
  allsub_gain5           skip7000 13.55%  skip11000 14.25%  skip1200 13.64%
    B5 gains  seq/matched/global: L6 0.0139/0.0139/0.0138  L7 0.3515/1.0148/0.2938  L8 0.6345/2.3847/0.3779
  B5_raw                 skip7000  2.24%  skip11000  2.11%  skip1200  1.93%
  B5_global              skip7000 16.53%  skip11000 17.38%  skip1200 16.66%
  B5_matched             skip7000  9.69%  skip11000 10.25%  skip1200  9.84%
  B5_seq                 skip7000 16.73%  skip11000 17.65%  skip1200 16.88%
  allsub_gain5           skip7000 13.55%  skip11000 14.25%  skip1200 13.64%

  single-interface L5 cosine (§1819 anchor, head-level was 0.999): +0.9979
    B3 cosine(live, corrected) by layer: L4 +0.827  L5 +0.998  L6 +0.993  L7 +0.968  L8 +0.794  L9 -0.134  L10 +0.949  L11 +0.914  L12 +0.868  L13 +0.868  L14 +0.564  L15 +0.561  L16 +0.736  L17 +0.872
    B5 cosine(live, corrected) by layer: L6 +0.992  L7 +0.968  L8 +0.886  L9 -0.628  L10 +0.950  L11 +0.930  L12 +0.906  L13 +0.866  L14 +0.503  L15 +0.573  L16 +0.800  L17 +0.929
  B3_seq_L9compiled      skip7000 16.83%  skip11000 17.77%  skip1200 17.09%
  B3_seq_L9neg           skip7000 14.97%  skip11000 15.50%  skip1200 15.02%
  B3_seq_L9zero          skip7000 16.95%  skip11000 17.87%  skip1200 17.21%
  B5_seq_L9compiled      skip7000 17.01%  skip11000 17.78%  skip1200 17.15%
  B5_seq_L9neg           skip7000 16.03%  skip11000 16.54%  skip1200 16.41%
  B5_seq_L9zero          skip7000 17.09%  skip11000 17.92%  skip1200 17.25%

  gap fraction recovered (0..L compiled, L+1..17 live):
    B3 skip7000   raw   -44.8%  global    10.3%  matched   -22.6%  SEQUENTIAL    11.9%
    B3 skip11000  raw   -43.2%  global    10.0%  matched   -22.6%  SEQUENTIAL    11.6%
    B3 skip1200   raw   -46.9%  global    12.0%  matched   -23.9%  SEQUENTIAL    12.0%
    B5 skip7000   raw   -43.9%  global    11.5%  matched   -15.0%  SEQUENTIAL    12.3%
    B5 skip11000  raw   -43.2%  global    11.2%  matched   -14.2%  SEQUENTIAL    12.1%
    B5 skip1200   raw   -46.4%  global    11.9%  matched   -15.1%  SEQUENTIAL    12.8%

  cosine by layer (* = the worst, i.e. the anti-aligned one):
    B3:  L4 +0.827   L5 +0.998   L6 +0.993   L7 +0.968   L8 +0.794  *L9 -0.134   L10 +0.949   L11 +0.914   L12 +0.868   L13 +0.868   L14 +0.564   L15 +0.561   L16 +0.736   L17 +0.872
    B5:  L6 +0.992   L7 +0.968   L8 +0.886  *L9 -0.628   L10 +0.950   L11 +0.930   L12 +0.906   L13 +0.866   L14 +0.503   L15 +0.573   L16 +0.800   L17 +0.929

  gap fraction, and the effect of removing L9 three ways:
    B3 skip7000   seq   11.9%  L9-compiled   12.7%  L9-negated    5.5%  L9-zeroed   13.2%
    B3 skip11000  seq   11.6%  L9-compiled   12.5%  L9-negated    4.5%  L9-zeroed   12.9%
    B3 skip1200   seq   12.0%  L9-compiled   13.7%  L9-negated    5.5%  L9-zeroed   14.1%
    B5 skip7000   seq   12.3%  L9-compiled   13.4%  L9-negated    9.6%  L9-zeroed   13.7%
    B5 skip11000  seq   12.1%  L9-compiled   12.6%  L9-negated    8.1%  L9-zeroed   13.1%
    B5 skip1200   seq   12.8%  L9-compiled   13.9%  L9-negated   10.9%  L9-zeroed   14.3%

  COMPILING L9 recovers >=10 points at B3 -> False  skip7000 +0.8  skip11000 +0.9  skip1200 +1.7
  NEGATING it recovers less than half of that -> True  skip7000 -6.4 vs +0.8  skip11000 -7.2 vs +0.9  skip1200 -6.5 vs +1.7
  ZEROING it beats leaving it live -> True  skip7000 +1.3  skip11000 +1.3  skip1200 +2.1
  L9 cosines reproduce §1825, seq arms reproduce §1824, single-interface cosine +0.9979 -> control True
wrote /workspace/tensor_language/basis_aligned/bilinear_quotient/ops/l9_inversion_results.json (288.2s)
