{"stage": "heads_done", "t": 13.8}
{"stage": "baseline", "ce": 3.032240092754364, "t": 14.2}
{"stage": "tail_energy", "late_origin_share_of_tail": 0.48, "window_share": {"DROP_ALL": 1.0, "D_LE0": 0.05, "D_LE1": 0.282, "D_LE2": 0.486, "D_LE4": 0.775, "D_GT2": 0.452, "D_GT4": 0.172}, "by_distance": {"0": 0.05, "1": 0.22, "2": 0.151, "3": 0.11, "4": 0.078, "5": 0.053, "6": 0.036, "7": 0.022, "8": 0.012, "9": 0.004}, "t": 15.4}
{"stage": "arms", "SPLIT8_1024": 0.0374, "LATE_MLP_768": 0.1249, "DROP_ALL": 0.0711, "D_LE0": 0.0023, "D_LE1": 0.0169, "D_LE2": 0.0302, "D_LE4": 0.0526, "D_GT2": 0.0225, "D_GT4": 0.0069, "t": 21.2}
{
 "preds": {
  "pred_a_instrument": true,
  "pred_b_recent_two_blocks_are_a_minority": true,
  "pred_c_writers_five_or_more_blocks_back_carry_a_quarter": false,
  "pred_d_cost_share_tracks_energy_share": true,
  "pred_e_windows_complementary": true
 },
 "nulls": {
  "b_null_le2_ge_.75": false,
  "c_null_gt4_le_.10": true,
  "d_null_gap_ge_.40": false,
  "e_null_sum_ge_2": false
 },
 "ce_added": {
  "SPLIT8_1024": 0.03738698363304138,
  "LATE_MLP_768": 0.12492626905441284,
  "DROP_ALL": 0.07111215591430664,
  "D_LE0": 0.002325117588043213,
  "D_LE1": 0.016882598400115967,
  "D_LE2": 0.030241161584854126,
  "D_LE4": 0.052624285221099854,
  "D_GT2": 0.02246767282485962,
  "D_GT4": 0.006877213716506958
 },
 "summary": {
  "cost_share": {
   "D_LE0": 0.03269648568727244,
   "D_LE1": 0.2374080518731602,
   "D_LE2": 0.4252600866340783,
   "D_LE4": 0.7400181381719673,
   "D_GT2": 0.3159470070339898,
   "D_GT4": 0.09670939698121811
  },
  "energy_share": {
   "DROP_ALL": 1.0,
   "D_LE0": 0.05020621420938845,
   "D_LE1": 0.28206828762987274,
   "D_LE2": 0.48560623617212423,
   "D_LE4": 0.7747803944000391,
   "D_GT2": 0.4515576667214608,
   "D_GT4": 0.17220023721175054
  },
  "energy_by_distance": {
   "0": 0.05020621420938845,
   "1": 0.21950189021415484,
   "2": 0.15149338379108224,
   "3": 0.11038695740039203,
   "4": 0.0775444688690869,
   "5": 0.0530806334643872,
   "6": 0.03594708328914268,
   "7": 0.02168709180396328,
   "8": 0.01234339269302928,
   "9": 0.004257469711023477
  },
  "late_origin_share_of_tail_energy": 0.48010989932479337,
  "drop_all_over_const": 0.5692330080179778,
  "sum_le2_gt2_over_all": 0.7412070936680681,
  "sum_le4_gt4_over_all": 0.8367275351531853,
  "le2_cost_minus_energy_share": -0.0603461495380459
 }
}
