{"stage": "heads_done", "t": 14.3}
{"stage": "baseline", "ce": 3.032240092754364, "t": 14.7}
{"stage": "directions", "cos_unembed_top16": 0.3, "cos_unembed_top128": 0.366, "cos_wte_mean": 0.199, "share_pos0": 0.002, "share_first8": 0.024, "eig": 1.46, "shared": [0.558, 0.81, 0.876, 0.881, 0.908, 0.93, 0.928, 0.912, 0.913, 0.909], "t": 17.2}
{"stage": "arms", "SPLIT8_1024": 0.0374, "BUS_896": 0.0662, "DROP_TOP2_MLP": 0.0017, "DROP_RAND2_MLP": 0.0005, "t": 19.8}
{
 "preds": {
  "pred_a_instrument": true,
  "pred_b_top_direction_is_a_position0_spike": false,
  "pred_c_top_directions_are_readout_aligned": false,
  "pred_d_dropping_top2_is_cheap": true,
  "pred_e_top_direction_shared_across_late_blocks": false
 },
 "nulls": {
  "b_null_pos0_share_le_.10": true,
  "c_null_cos128_le_.30": false,
  "d_null_drop_top2_ge_.010": false,
  "e_null_shared_le_3_blocks": false
 },
 "ce_added": {
  "SPLIT8_1024": 0.03738698363304138,
  "BUS_896": 0.06615453958511353,
  "DROP_TOP2_MLP": 0.0016679465770721436,
  "DROP_RAND2_MLP": 0.0004957914352416992
 },
 "summary": {
  "directions": {
   "u1": {
    "cos_unembed_top16": 0.2999407649040222,
    "cos_unembed_top128": 0.3655880093574524,
    "cos_wte_mean": 0.19911623001098633,
    "share_pos0": 0.0016746992946423895,
    "share_first8": 0.024269636152801356,
    "eig": 1.4598617491580546
   },
   "u2": {
    "cos_unembed_top16": 0.24729225039482117,
    "cos_unembed_top128": 0.3475230038166046,
    "cos_wte_mean": 0.02666185423731804,
    "share_pos0": 0.004262731533126261,
    "share_first8": 0.03209843660570017,
    "eig": 0.6712538942417302
   },
   "floor_eig_3_16": [
    0.1055025702303773,
    0.07403195661327665,
    0.06960190052432114,
    0.06585358871426378,
    0.06557173771007133,
    0.06521581217759942,
    0.06502629344586947,
    0.06452979525746717,
    0.06450676019664353,
    0.06435331368187307,
    0.06424817126280977,
    0.06405269259428559,
    0.06358316948960455,
    0.06335263722975629
   ],
   "pos0_share_of_total_tail_energy": 0.3831805916224862
  },
  "per_block_top": [
   {
    "block": 8,
    "cos_top1": 0.5579341650009155,
    "cos_top2_sub": 0.43743324279785156,
    "eig12": [
     0.029761314534095886,
     0.023489721051132565
    ]
   },
   {
    "block": 9,
    "cos_top1": 0.809695839881897,
    "cos_top2_sub": 0.5961958765983582,
    "eig12": [
     0.09230780429673612,
     0.045888200961411614
    ]
   },
   {
    "block": 10,
    "cos_top1": 0.875990092754364,
    "cos_top2_sub": 0.6359837651252747,
    "eig12": [
     0.1637250272080689,
     0.056005683107262165
    ]
   },
   {
    "block": 11,
    "cos_top1": 0.8808135390281677,
    "cos_top2_sub": 0.6368428468704224,
    "eig12": [
     0.20404852981204682,
     0.06984174977440247
    ]
   },
   {
    "block": 12,
    "cos_top1": 0.9079189300537109,
    "cos_top2_sub": 0.6523860692977905,
    "eig12": [
     0.2544967009978011,
     0.0708816749444951
    ]
   },
   {
    "block": 13,
    "cos_top1": 0.9300897121429443,
    "cos_top2_sub": 0.663511335849762,
    "eig12": [
     0.28523085834841067,
     0.0779606057465548
    ]
   },
   {
    "block": 14,
    "cos_top1": 0.9279096126556396,
    "cos_top2_sub": 0.6629208922386169,
    "eig12": [
     0.3118360375562927,
     0.08804761360895685
    ]
   },
   {
    "block": 15,
    "cos_top1": 0.9123378396034241,
    "cos_top2_sub": 0.6502389907836914,
    "eig12": [
     0.354488656841565,
     0.10916894809448373
    ]
   },
   {
    "block": 16,
    "cos_top1": 0.9130276441574097,
    "cos_top2_sub": 0.6569461822509766,
    "eig12": [
     0.4612284380028241,
     0.14712352525535682
    ]
   },
   {
    "block": 17,
    "cos_top1": 0.9086548686027527,
    "cos_top2_sub": 0.6523592472076416,
    "eig12": [
     0.43363495102972854,
     0.16204785833304292
    ]
   }
  ],
  "n_blocks_sharing_top1": 6,
  "drop_top2": 0.0016679465770721436,
  "drop_rand2": 0.0004957914352416992
 }
}
