{"stage": "heads_done", "t": 14.5}
{"stage": "baseline", "ce": 3.032240092754364, "t": 14.9}
{"stage": "gate_grams", "check_8": 8.271681321971189e-15, "check_17": 2.2975920061004358e-14, "eff": [68.1, 94.4, 131.1, 158.7, 136.3, 109.6, 155.0, 97.6, 24.3, 4.8], "r90": [291, 299, 337, 344, 340, 340, 377, 342, 225, 4], "t": 18.1}
{"stage": "fit", "indep_factor": [0.967, 0.977, 0.976, 0.978, 0.983, 0.982, 0.972, 0.979, 0.984, 0.994], "t": 19.2}
{"stage": "frames", "adj64": [0.279, 0.303, 0.32, 0.345, 0.341, 0.344, 0.369, 0.428, 0.514], "adj_rand": {"16": 0.02142585907479567, "64": 0.08515768823575987, "128": 0.16524732540021383}, "far": {"16": 0.13500738288813283, "64": 0.2155169572331293, "128": 0.28046727830530127}, "pooled_captured": {"16": 0.8647637139752473, "32": 0.8821441141266684, "64": 0.9025174327791834, "128": 0.9264194827321957, "256": 0.9536486602566178}, "frame_check": 6.732354851379796e-08, "ret_shared128": [0.666, 0.657, 0.633, 0.639, 0.662, 0.679, 0.637, 0.697, 0.823, 0.964], "ret_own128": [0.771, 0.761, 0.72, 0.713, 0.72, 0.729, 0.688, 0.74, 0.847, 0.968], "t": 19.6}
{"stage": "arms", "SPLIT8_1024": 0.0374, "GATE_EXACT": -0.0, "UNIFORM_128": 0.0627, "SHARED_32": 0.1209, "SHARED_64": 0.0981, "SHARED_128": 0.074, "SHARED_256": 0.0442, "TRANSFER_17_128": 0.5686, "TRANSFER_8_128": 0.131, "RANDOM_128": 0.3093, "t": 28.5}
{
 "preds": {
  "pred_a_instrument": true,
  "pred_b_adjacent_read_spaces_overlap": false,
  "pred_c_shared_128_frame_prices_near_own_128": true,
  "pred_d_shared_beats_random": true,
  "pred_e_shared_256_frame_covers_the_stack": true
 },
 "nulls": {
  "b_null_overlap_le_.2": false,
  "c_null_shared128_ge_uniform_plus_.10": false,
  "d_null_random_minus_shared_le_.01": false,
  "e_null_shared256_ge_uniform_plus_.05": false
 },
 "ce_added": {
  "SPLIT8_1024": 0.03738698363304138,
  "GATE_EXACT": -2.9802322387695312e-08,
  "UNIFORM_128": 0.06270486116409302,
  "SHARED_32": 0.1208791434764862,
  "SHARED_64": 0.09813064336776733,
  "SHARED_128": 0.07395926117897034,
  "SHARED_256": 0.04423767328262329,
  "TRANSFER_17_128": 0.5685501992702484,
  "TRANSFER_8_128": 0.1309548318386078,
  "RANDOM_128": 0.3092927932739258
 },
 "summary": {
  "adjacent_overlap": {
   "16": {
    "8_9": 0.21628201609977388,
    "9_10": 0.28017431144972305,
    "10_11": 0.29184895866355537,
    "11_12": 0.3156597131395634,
    "12_13": 0.30043131112720545,
    "13_14": 0.31935672673816257,
    "14_15": 0.3121449161687363,
    "15_16": 0.37845661175570944,
    "16_17": 0.4311618603484785
   },
   "64": {
    "8_9": 0.27924731228917754,
    "9_10": 0.3033271314828663,
    "10_11": 0.31975928090187966,
    "11_12": 0.3446604689697309,
    "12_13": 0.3409918933877704,
    "13_14": 0.34355476497536275,
    "14_15": 0.3686378333197581,
    "15_16": 0.42827158365668305,
    "16_17": 0.5142512204631635
   },
   "128": {
    "8_9": 0.3387316054190594,
    "9_10": 0.35645515274183215,
    "10_11": 0.3679300846104716,
    "11_12": 0.38727192142110917,
    "12_13": 0.38584014110617304,
    "13_14": 0.3956772588907501,
    "14_15": 0.41642550301268244,
    "15_16": 0.4638819477261438,
    "16_17": 0.5425902165410292
   }
  },
  "adjacent_overlap_median": {
   "16": 0.3121449161687363,
   "64": 0.34355476497536275,
   "128": 0.38727192142110917
  },
  "random_pair_overlap": {
   "16": 0.02142585907479567,
   "64": 0.08515768823575987,
   "128": 0.16524732540021383
  },
  "random_pair_expected": {
   "16": 0.020833333333333332,
   "64": 0.08333333333333333,
   "128": 0.16666666666666666
  },
  "overlap_8_vs_17": {
   "16": 0.13500738288813283,
   "64": 0.2155169572331293,
   "128": 0.28046727830530127
  },
  "pooled_gram": {
   "eff_rank": 5.78847083030017,
   "rank_90": 60,
   "captured": {
    "16": 0.8647637139752473,
    "32": 0.8821441141266684,
    "64": 0.9025174327791834,
    "128": 0.9264194827321957,
    "256": 0.9536486602566178
   }
  },
  "retained_energy_per_block": {
   "SHARED_32": {
    "8": 0.5151587764795371,
    "9": 0.4773525398748136,
    "10": 0.4372113265345878,
    "11": 0.4259860120642998,
    "12": 0.4527004715712262,
    "13": 0.4821530851981166,
    "14": 0.42479720424389317,
    "15": 0.516095417346717,
    "16": 0.7110081165675597,
    "17": 0.9435351223933945
   },
   "SHARED_64": {
    "8": 0.5823922730498647,
    "9": 0.5572589334539552,
    "10": 0.5242346264301349,
    "11": 0.5231370233110151,
    "12": 0.5484871638691172,
    "13": 0.5709404402961478,
    "14": 0.5196870832449798,
    "15": 0.5987010421636462,
    "16": 0.7634266631788664,
    "17": 0.9537317146541969
   },
   "SHARED_128": {
    "8": 0.6662777376427309,
    "9": 0.6572875527053946,
    "10": 0.632648731648472,
    "11": 0.6385780690750579,
    "12": 0.6619343187442047,
    "13": 0.6789998156996105,
    "14": 0.6373600681038727,
    "15": 0.6969906910255688,
    "16": 0.8226854955469295,
    "17": 0.9641766705520869
   },
   "SHARED_256": {
    "8": 0.7758566125308779,
    "9": 0.7812664054208025,
    "10": 0.7645871673926147,
    "11": 0.7733971643992428,
    "12": 0.7902819129671522,
    "13": 0.801337504232578,
    "14": 0.7734294585194132,
    "15": 0.810116935560906,
    "16": 0.8876472875081837,
    "17": 0.9766387690597401
   },
   "TRANSFER_17_128": {
    "8": 3.57666026460049,
    "9": 2.8406711136939604,
    "10": 2.8677985798665766,
    "11": 2.0401228589275555,
    "12": 1.8031500802547544,
    "13": 2.358456916772595,
    "14": 1.196796769866118,
    "15": 1.4431759688427133,
    "16": 0.9629463758068588,
    "17": 0.9684238992075488
   },
   "TRANSFER_8_128": {
    "8": 0.7709469025159487,
    "9": 0.6612892783359525,
    "10": 0.6124770662318996,
    "11": 0.5762645091290798,
    "12": 0.6234995366473876,
    "13": 0.5519660384751085,
    "14": 0.6516660099550013,
    "15": 0.6261118139613964,
    "16": 0.7389417860797227,
    "17": 0.27797059709021565
   },
   "RANDOM_128": {
    "8": 0.20946229647611314,
    "9": 0.19981864302973804,
    "10": 0.20386344771863432,
    "11": 0.19776479189033971,
    "12": 0.18959465529941819,
    "13": 0.2149116322936443,
    "14": 0.19971318741418315,
    "15": 0.2230677349124695,
    "16": 0.3519715774635376,
    "17": 0.7066066910352872
   },
   "OWN_128": {
    "8": 0.7709469025159487,
    "9": 0.7614834336538099,
    "10": 0.7197258829691241,
    "11": 0.7129468899687389,
    "12": 0.7199690988789484,
    "13": 0.7289472304442746,
    "14": 0.6882079601839328,
    "15": 0.7399578682093578,
    "16": 0.846763683808441,
    "17": 0.9684238992075488
   }
  },
  "own_captured_128_2799": {
   "8": 0.770946905664055,
   "9": 0.7614834343327495,
   "10": 0.7197258863889093,
   "11": 0.7129468862231261,
   "12": 0.719969098613329,
   "13": 0.7289472411992501,
   "14": 0.68820795908476,
   "15": 0.7399578747565714,
   "16": 0.8467636810434596,
   "17": 0.9684238318840003
  },
  "own64_read_space_inside_shared": {
   "128": {
    "8": 0.5349265514067664,
    "9": 0.5835622447028949,
    "10": 0.6075655338059378,
    "11": 0.6609746709654967,
    "12": 0.6793839635232743,
    "13": 0.6840401317490457,
    "14": 0.6880444923568523,
    "15": 0.7194378574830722,
    "16": 0.7543738986136511,
    "17": 0.7831861918691816
   },
   "256": {
    "8": 0.7061797061117558,
    "9": 0.740564558464033,
    "10": 0.7522342847741362,
    "11": 0.7839488377659563,
    "12": 0.7920805990949477,
    "13": 0.795864297304653,
    "14": 0.8016896331471364,
    "15": 0.8196072149851832,
    "16": 0.8420263265853416,
    "17": 0.8638600583814589
   }
  },
  "shared_128_minus_uniform_128": 0.01125440001487732,
  "shared_256_minus_uniform_128": -0.018467187881469727,
  "random_128_minus_shared_128": 0.23533353209495544,
  "prior_uniform_gate128_2799": 0.0627,
  "prior_full_program_2805": 0.0722,
  "direct_check_rel_err": {
   "8": 8.271681321971189e-15,
   "17": 2.2975920061004358e-14
  },
  "frame_check": 6.732354851379796e-08,
  "n_fit_tokens": 24576
 }
}
