{"stage": "fit_cov", "t": 6.5}
{"stage": "fits_done", "t": 8.0}
{"stage": "baseline", "ce": 3.032240092754364, "t": 8.4}
{"stage": "own", "r": 2, "ce": 0.6119, "t": 9.8}
{"stage": "own", "r": 4, "ce": 0.5471, "t": 10.3}
{"stage": "own", "r": 6, "ce": 0.2659, "t": 10.8}
{"stage": "own", "r": 8, "ce": 0.2219, "t": 11.2}
{"stage": "own", "r": 10, "ce": 0.2162, "t": 11.7}
{"stage": "own", "r": 12, "ce": 0.2135, "t": 12.2}
{"stage": "own", "r": 16, "ce": 0.2334, "t": 12.6}
{"stage": "shared_swap", "r": 2, "shared": 0.3895, "swap": 0.5727, "t": 13.5}
{"stage": "shared_swap", "r": 4, "shared": 0.2764, "swap": 0.5615, "t": 14.5}
{"stage": "shared_swap", "r": 6, "shared": 0.2646, "swap": 0.3238, "t": 15.6}
{"stage": "shared_swap", "r": 8, "shared": 0.2286, "swap": 0.3402, "t": 16.6}
{"stage": "shared_swap", "r": 10, "shared": 0.223, "swap": 0.3218, "t": 17.6}
{"stage": "shared_swap", "r": 12, "shared": 0.2234, "swap": 0.3412, "t": 18.6}
{"stage": "arms", "MEAN_16_17": 0.848, "COMPILED_TOK": 0.2334, "OWN_2": 0.6119, "OWN_4": 0.5471, "OWN_6": 0.2659, "OWN_8": 0.2219, "OWN_10": 0.2162, "OWN_12": 0.2135, "OWN_16": 0.2334, "SHARED_2": 0.3895, "SWAP_2": 0.5727, "SHARED_4": 0.2764, "SWAP_4": 0.5615, "SHARED_6": 0.2646, "SWAP_6": 0.3238, "SHARED_8": 0.2286, "SWAP_8": 0.3402, "SHARED_10": 0.223, "SWAP_10": 0.3218, "SHARED_12": 0.2234, "SWAP_12": 0.3412, "t": 18.6}
{
 "preds": {
  "pred_a_instrument": true,
  "pred_b_eight_directions_carry_the_squares": true,
  "pred_c_but_not_four": true,
  "pred_d_one_shared_square_space_serves_both": true,
  "pred_e_swapping_the_blocks_square_spaces_is_cheap": false
 },
 "nulls": {
  "b_null_own8_ge_.15": false,
  "c_null_own4_le_.03": false,
  "d_null_shared8_ge_.08": false,
  "e_null_swap8_ge_.15": false
 },
 "ce_added": {
  "MEAN_16_17": 0.8479736745357513,
  "COMPILED_TOK": 0.2333545684814453,
  "OWN_2": 0.61188143491745,
  "OWN_4": 0.5471439361572266,
  "OWN_6": 0.2658780813217163,
  "OWN_8": 0.2218756377696991,
  "OWN_10": 0.216182142496109,
  "OWN_12": 0.2135448455810547,
  "OWN_16": 0.2333546280860901,
  "SHARED_2": 0.3894798457622528,
  "SWAP_2": 0.5727061629295349,
  "SHARED_4": 0.27635496854782104,
  "SWAP_4": 0.5614680349826813,
  "SHARED_6": 0.2646211087703705,
  "SWAP_6": 0.3237948715686798,
  "SHARED_8": 0.22863805294036865,
  "SWAP_8": 0.34023118019104004,
  "SHARED_10": 0.22302395105361938,
  "SWAP_10": 0.32182732224464417,
  "SHARED_12": 0.22343528270721436,
  "SWAP_12": 0.341239333152771
 },
 "deltas": {
  "OWN_2": 0.37852680683135986,
  "OWN_4": 0.3137893080711365,
  "OWN_6": 0.03252345323562622,
  "OWN_8": -0.011478990316390991,
  "OWN_10": -0.01717248558998108,
  "OWN_12": -0.0198097825050354,
  "OWN_16": 0.0,
  "SHARED_2": 0.15612521767616272,
  "SWAP_2": 0.3393515348434448,
  "SHARED_4": 0.04300034046173096,
  "SWAP_4": 0.3281134068965912,
  "SHARED_6": 0.031266480684280396,
  "SWAP_6": 0.09044024348258972,
  "SHARED_8": -0.0047165751457214355,
  "SWAP_8": 0.10687655210494995,
  "SHARED_10": -0.010330677032470703,
  "SWAP_10": 0.08847269415855408,
  "SHARED_12": -0.009919345378875732,
  "SWAP_12": 0.10788470506668091
 }
}
