{"stage": "fit", "mlp17_eff_rank": 6.301607339404007, "t": 7.6}
{"stage": "baseline", "ce": 3.032240092754364, "t": 8.0}
{"stage": "k", "k": 32, "joint": 0.9016649425029755, "sum_single": 0.32684120535850525, "factor": 2.7587248110713523, "t": 14.7}
{"stage": "k", "k": 64, "joint": 0.6956936120986938, "sum_single": 0.2684292793273926, "factor": 2.591720299074319, "t": 21.3}
{"stage": "k", "k": 128, "joint": 0.48584386706352234, "sum_single": 0.20367079973220825, "factor": 2.385437027312323, "t": 28.0}
{"stage": "k", "k": 256, "joint": 0.2731831669807434, "sum_single": 0.1307571530342102, "factor": 2.089240707996067, "t": 34.6}
{"stage": "k", "k": 512, "joint": 0.09721201658248901, "sum_single": 0.05909419059753418, "factor": 1.645035080428792, "t": 41.3}
{
 "preds": {
  "pred_a_instrument": true,
  "pred_b_factor_k_independent": true,
  "pred_c_late_stack_price_128": false,
  "pred_d_late_stack_price_512": false,
  "pred_e_mlp_pairs_carry_it": true
 },
 "nulls": {
  "b_null_f256_le_1.3_or_ge_5": false,
  "c_null_joint128_ge_.60": false,
  "d_null_joint512_ge_.15": false,
  "e_null_mlp7_frac_le_.3": false
 },
 "joint": {
  "32": 0.9016649425029755,
  "64": 0.6956936120986938,
  "128": 0.48584386706352234,
  "256": 0.2731831669807434,
  "512": 0.09721201658248901
 },
 "factor": {
  "32": 2.7587248110713523,
  "64": 2.591720299074319,
  "128": 2.385437027312323,
  "256": 2.089240707996067,
  "512": 1.645035080428792
 }
}
