{"stage": "fit_cov", "t": 6.4}
{"stage": "filler_fit", "t": 7.9}
{"stage": "baseline", "ce": 3.032240092754364, "t": 8.4}
{"stage": "arms", "MEAN": 0.848, "ORACLE_M": 0.1577, "W_MEANFILL": 0.3089, "W_TOKFILL": 0.2143, "W_TOKFILL_M": 0.2334, "W_RANDFILL": 0.493, "t": 11.1}
{
 "preds": {
  "pred_a_instrument": true,
  "pred_b_own_weights_on_core_plus_token": true,
  "pred_c_token_filler_beats_mean_filler": false,
  "pred_d_output_lives_in_the_core_here_too": true,
  "pred_e_realistic_wrong_filler_hurts": true
 },
 "nulls": {
  "b_null_rec_tokfill_le_.30": false,
  "c_null_gain_le_.03": false,
  "d_null_tokfillM_le_.6_tokfill": false,
  "e_null_randfill_ge_tokfill_minus_.03": false
 },
 "ce_added": {
  "MEAN": 0.8479736745357513,
  "ORACLE_M": 0.15767517685890198,
  "W_MEANFILL": 0.3089214265346527,
  "W_TOKFILL": 0.21428030729293823,
  "W_TOKFILL_M": 0.2333545684814453,
  "W_RANDFILL": 0.4929591715335846
 },
 "recovery": {
  "ORACLE_M": 0.8140565189771651,
  "W_MEANFILL": 0.6356945553719211,
  "W_TOKFILL": 0.7473031136134592,
  "W_TOKFILL_M": 0.7248091827742149,
  "W_RANDFILL": 0.4186621750923224
 }
}
