{"stage": "fit_cov", "t": 6.4}
{"stage": "ridge", "r2": {"IN": {"fit": {"mlp11": 0.4130648208753849, "mlp12": 0.41006019464417026, "mlp13": 0.405430142562744, "mlp14": 0.35925960580256416, "mlp15": 0.48015139065202705}, "heldout_full": {"mlp11": 0.26798793656017617, "mlp12": 0.26332997818854886, "mlp13": 0.24702080691377792, "mlp14": 0.180640460421566, "mlp15": 0.33856631098252665}}, "INTOK": {"fit": {"mlp11": 0.44783642360367765, "mlp12": 0.4461769735334053, "mlp13": 0.4442903899514349, "mlp14": 0.4016725215463856, "mlp15": 0.516921500523091}, "heldout_full": {"mlp11": 0.25289955757602, "mlp12": 0.2465900816074087, "mlp13": 0.22963992677347, "mlp14": 0.15710213289032093, "mlp15": 0.3194561438247123}}, "ONESHOT": {"fit": 0.5123619292527255}}, "t": 17.6}
{"stage": "baseline", "ce": 3.032240092754364, "t": 18.0}
{"stage": "arms", "POOL_MEAN": 0.7239, "SEQ_LIN": 0.2775, "SEQ_LIN_TOK": 0.2849, "ONESHOT_LIN": 0.3446, "t": 19.8}
{
 "preds": {
  "pred_a_instrument": true,
  "pred_b_linear_in_own_input_recovers_half": true,
  "pred_c_chain_matters_little": true,
  "pred_d_token_adds_little": true,
  "pred_e_writes_are_linearly_predictable_from_input": false
 },
 "nulls": {
  "b_null_rec_seq_le_.20": false,
  "c_null_oneshot_le_.5_seq": false,
  "d_null_tok_adds_ge_.15": false,
  "e_null_med_r2_le_.25": false
 },
 "ce_added": {
  "POOL_MEAN": 0.7238981127738953,
  "SEQ_LIN": 0.277538001537323,
  "SEQ_LIN_TOK": 0.28490978479385376,
  "ONESHOT_LIN": 0.34459954500198364
 },
 "recovery": {
  "SEQ_LIN": 0.6166062645558932,
  "SEQ_LIN_TOK": 0.6064228103840306,
  "ONESHOT_LIN": 0.52396678631815
 },
 "ridge_r2": {
  "IN": {
   "fit": {
    "mlp11": 0.4130648208753849,
    "mlp12": 0.41006019464417026,
    "mlp13": 0.405430142562744,
    "mlp14": 0.35925960580256416,
    "mlp15": 0.48015139065202705
   },
   "heldout_full": {
    "mlp11": 0.26798793656017617,
    "mlp12": 0.26332997818854886,
    "mlp13": 0.24702080691377792,
    "mlp14": 0.180640460421566,
    "mlp15": 0.33856631098252665
   }
  },
  "INTOK": {
   "fit": {
    "mlp11": 0.44783642360367765,
    "mlp12": 0.4461769735334053,
    "mlp13": 0.4442903899514349,
    "mlp14": 0.4016725215463856,
    "mlp15": 0.516921500523091
   },
   "heldout_full": {
    "mlp11": 0.25289955757602,
    "mlp12": 0.2465900816074087,
    "mlp13": 0.22963992677347,
    "mlp14": 0.15710213289032093,
    "mlp15": 0.3194561438247123
   }
  },
  "ONESHOT": {
   "fit": 0.5123619292527255
  }
 }
}
