{"stage": "heads_done", "t": 13.8}
{"stage": "baseline", "ce": 3.032240092754364, "t": 14.3}
{"stage": "unit_energy", "participation_ratio_mean": 3758.2, "pr_by_block": [3701.3, 3884.8, 4252.6, 3360.4, 4099.5, 3985.3, 4318.0, 4220.4, 3749.5, 2009.7], "share_top1024": [0.319, 0.306, 0.289, 0.295, 0.287, 0.282, 0.273, 0.283, 0.309, 0.372], "t": 15.3}
{"stage": "arms", "SPLIT8_1024": 0.0374, "LATE_MLP_768": 0.1249, "DROP_TT_768": 0.0087, "CROSS_TOP_1024": 0.0738, "CROSS_TOP_256": 0.1033, "CROSS_TOP_512": 0.0922, "CROSS_TOP_2048": 0.0449, "CROSS_RAND_1024": 0.0878, "t": 20.8}
{
 "preds": {
  "pred_a_instrument": true,
  "pred_b_top_1024_units_recover_most_of_the_cross_gain": false,
  "pred_c_top_512_units_recover_much": false,
  "pred_d_random_1024_units_recover_little": true,
  "pred_e_cross_energy_concentrated_on_units": false
 },
 "nulls": {
  "b_null_rec1024_le_.35": false,
  "c_null_rec512_le_.20": false,
  "d_null_rand1024_ge_.55": false,
  "e_null_pr_ge_2500": true
 },
 "ce_added": {
  "SPLIT8_1024": 0.03738698363304138,
  "LATE_MLP_768": 0.12492626905441284,
  "DROP_TT_768": 0.008696913719177246,
  "CROSS_TOP_1024": 0.07380110025405884,
  "CROSS_TOP_256": 0.10330021381378174,
  "CROSS_TOP_512": 0.0922275185585022,
  "CROSS_TOP_2048": 0.04487478733062744,
  "CROSS_RAND_1024": 0.08778268098831177
 },
 "summary": {
  "cross_gain_768": 0.1162293553352356,
  "recovery": {
   "CROSS_TOP_1024": 0.43986451316791497,
   "CROSS_TOP_256": 0.18606362547788338,
   "CROSS_TOP_512": 0.2813295350524742,
   "CROSS_TOP_2048": 0.6887372083661324,
   "CROSS_RAND_1024": 0.31957148827823517
  },
  "participation_ratio_mean": 3758.152493686165,
  "participation_ratio_by_block": [
   3701.299527602787,
   3884.8035690674533,
   4252.617572804119,
   3360.447368879934,
   4099.525109971289,
   3985.2740535350986,
   4317.9774685995135,
   4220.37264773885,
   3749.5001124688138,
   2009.7075061937921
  ],
  "energy_share_top": {
   "256": [
    0.12780676180445757,
    0.11630403919710454,
    0.10029489232949428,
    0.10690689230867664,
    0.09634398973146786,
    0.09310445525203939,
    0.08195963383488807,
    0.08827271614311964,
    0.11546615942429166,
    0.18351849506006998
   ],
   "512": [
    0.1984237165429107,
    0.18460701168777163,
    0.1670269135835271,
    0.17246744759823854,
    0.1629333134616295,
    0.1585734813971009,
    0.148069842332002,
    0.15554703806551307,
    0.18327068217244621,
    0.2517316685967015
   ],
   "1024": [
    0.31923286639902626,
    0.3058532006873651,
    0.289445184666144,
    0.29462249870824403,
    0.28728826988075756,
    0.2823807418734018,
    0.27347440209709584,
    0.28261663843281826,
    0.30907957828583754,
    0.3719482449130603
   ],
   "2048": [
    0.5364652430315959,
    0.5272495673740457,
    0.5155109619111962,
    0.5207654691436959,
    0.5175207049908735,
    0.5124633264847632,
    0.5078565773906565,
    0.5185776533482642,
    0.54039892175644,
    0.5879035614406821
   ]
  },
  "hidden_dim": 4608
 }
}
