{"stage": "fit_cov", "t": 6.2}
{"stage": "lin_fit", "t": 7.1}
{"stage": "quad_fit", "t": 8.9}
{"stage": "baseline", "ce": 3.032240092754364, "t": 9.3}
{"stage": "arm", "k": 16, "ce": 0.5578, "t": 10.3}
{"stage": "arm", "k": 32, "ce": 0.5308, "t": 10.8}
{"stage": "arm", "k": 64, "ce": 0.4975, "t": 11.2}
{"stage": "arm", "k": 128, "ce": 0.4569, "t": 11.7}
{"stage": "arm", "k": 256, "ce": 0.4095, "t": 12.1}
{"stage": "arm", "k": 512, "ce": 0.3661, "t": 12.6}
{"stage": "arm", "k": 1152, "ce": 0.3446, "t": 13.0}
{"stage": "arms", "POOL_MEAN": 0.7239, "LIN_k16": 0.5578, "LIN_k32": 0.5308, "LIN_k64": 0.4975, "LIN_k128": 0.4569, "LIN_k256": 0.4095, "LIN_k512": 0.3661, "LIN_k1152": 0.3446, "QUAD32": 0.3278, "t": 13.5}
{
 "preds": {
  "pred_a_instrument": true,
  "pred_b_rank_128_keeps_most": false,
  "pred_c_rank_16_is_not_the_map": false,
  "pred_d_quadratic_helps_modestly": false,
  "pred_e_map_is_broad": true
 },
 "nulls": {
  "b_null_rank128_le_half": false,
  "c_null_rank16_ge_.60": false,
  "d_null_quad_no_gain": false,
  "e_null_eff_rank_le_40": false
 },
 "ce_added": {
  "POOL_MEAN": 0.7238981127738953,
  "LIN_k16": 0.5578445494174957,
  "LIN_k32": 0.5307708978652954,
  "LIN_k64": 0.4975053668022156,
  "LIN_k128": 0.4569150507450104,
  "LIN_k256": 0.40953782200813293,
  "LIN_k512": 0.36611127853393555,
  "LIN_k1152": 0.3445996046066284,
  "QUAD32": 0.3278062045574188
 },
 "eff_rank": 370.9501393222659
}
