{"stage": "heads_done", "t": 14.2}
{"stage": "baseline", "ce": 3.032240092754364, "t": 14.6}
{"stage": "block", "l": 8, "cost": 0.00752, "t": 18.3}
{"stage": "block", "l": 9, "cost": 0.00664, "t": 18.8}
{"stage": "block", "l": 10, "cost": 0.00691, "t": 19.2}
{"stage": "block", "l": 11, "cost": 0.00562, "t": 19.7}
{"stage": "block", "l": 12, "cost": 0.00677, "t": 20.2}
{"stage": "block", "l": 13, "cost": 0.00594, "t": 20.6}
{"stage": "block", "l": 14, "cost": 0.00683, "t": 21.1}
{"stage": "block", "l": 15, "cost": 0.00681, "t": 21.6}
{"stage": "block", "l": 16, "cost": 0.0089, "t": 22.0}
{"stage": "block", "l": 17, "cost": 0.01398, "t": 22.5}
{"stage": "arms", "SPLIT8_1024": 0.0374, "BUS_768": 0.1636, "LATE_OWN_768": 0.137, "EARLY_OWN_768": 0.0328, "ONE_L8_768": 0.0075, "ONE_L9_768": 0.0066, "ONE_L10_768": 0.0069, "ONE_L11_768": 0.0056, "ONE_L12_768": 0.0068, "ONE_L13_768": 0.0059, "ONE_L14_768": 0.0068, "ONE_L15_768": 0.0068, "ONE_L16_768": 0.0089, "ONE_L17_768": 0.014, "t": 22.5}
{
 "preds": {
  "pred_a_instrument": true,
  "pred_b_late_width_use_is_real_not_a_sharing_artifact": true,
  "pred_c_early_own_frames_cheap_at_768": true,
  "pred_d_late_per_block_costs_are_additive": false,
  "pred_e_late_cost_is_spread": true
 },
 "nulls": {
  "b_null_late_own_le_.05": false,
  "c_null_early_own_ge_.10": false,
  "d_null_ratio_ge_3_or_le_.25": false,
  "e_null_top3_ge_.80": false
 },
 "ce_added": {
  "SPLIT8_1024": 0.03738698363304138,
  "BUS_768": 0.16359993815422058,
  "LATE_OWN_768": 0.1369553804397583,
  "EARLY_OWN_768": 0.03279802203178406,
  "ONE_L8_768": 0.007518976926803589,
  "ONE_L9_768": 0.006644636392593384,
  "ONE_L10_768": 0.006910562515258789,
  "ONE_L11_768": 0.005623489618301392,
  "ONE_L12_768": 0.00677180290222168,
  "ONE_L13_768": 0.005938410758972168,
  "ONE_L14_768": 0.006833136081695557,
  "ONE_L15_768": 0.006813406944274902,
  "ONE_L16_768": 0.008896350860595703,
  "ONE_L17_768": 0.0139847993850708
 },
 "per_late_block_cost_768": {
  "8": 0.007518976926803589,
  "9": 0.006644636392593384,
  "10": 0.006910562515258789,
  "11": 0.005623489618301392,
  "12": 0.00677180290222168,
  "13": 0.005938410758972168,
  "14": 0.006833136081695557,
  "15": 0.006813406944274902,
  "16": 0.008896350860595703,
  "17": 0.0139847993850708
 },
 "summary": {
  "sum_late_blocks": 0.07593557238578796,
  "bus": 0.16359993815422058,
  "additivity_ratio": 0.46415404090315643,
  "top3_share": 0.40034105515164004,
  "ranked": [
   [
    "17",
    0.0139847993850708
   ],
   [
    "16",
    0.008896350860595703
   ],
   [
    "8",
    0.007518976926803589
   ],
   [
    "10",
    0.006910562515258789
   ],
   [
    "14",
    0.006833136081695557
   ],
   [
    "15",
    0.006813406944274902
   ],
   [
    "12",
    0.00677180290222168
   ],
   [
    "9",
    0.006644636392593384
   ],
   [
    "13",
    0.005938410758972168
   ],
   [
    "11",
    0.005623489618301392
   ]
  ]
 }
}
