{"stage": "heads_done", "t": 13.9}
{"stage": "baseline", "ce": 3.032240092754364, "t": 14.3}
{"stage": "fit", "ntok": 24576, "cos_in_median": 0.0135, "t": 43.6}
{"stage": "arms", "SPLIT8_1024": 0.0374, "LATE_MLP_768": 0.1249, "DROP_ALL": 0.0711, "D_8_16": 0.0708, "W8": 0.0059, "W9": 0.0043, "W10": 0.0057, "W11": 0.0051, "W12": 0.0041, "W13": 0.0058, "W14": 0.0033, "W15": 0.0016, "W16": 0.0011, "W8_REPEAT": 0.0059, "t": 72.6}
{
 "preds": {
  "pred_a_instrument": true,
  "pred_b_pairs_generically_super_additive": true,
  "pred_c_coherence_falls_with_distance": true,
  "pred_d_adjacent_writers_coherent": false,
  "pred_e_pairwise_quadratic_law_reconstructs_the_joint": true,
  "pred_f_loss_coherence_tracks_input_cosine": true
 },
 "nulls": {
  "b_null_frac_le_.5": false,
  "c_null_rho_ge_0": false,
  "d_null_kappa_adj_le_.05": false,
  "e_null_ratio_outside_.5_2": false,
  "f_null_rho_le_.1": false
 },
 "ce_added": {
  "SPLIT8_1024": 0.03738698363304138,
  "LATE_MLP_768": 0.12492626905441284,
  "DROP_ALL": 0.07111215591430664,
  "D_8_16": 0.07084858417510986,
  "W8": 0.005924791097640991,
  "W9": 0.00425410270690918,
  "W10": 0.005662024021148682,
  "W11": 0.005084127187728882,
  "W12": 0.004130959510803223,
  "W13": 0.005766749382019043,
  "W14": 0.003330737352371216,
  "W15": 0.001631230115890503,
  "W16": 0.001100778579711914,
  "W8_REPEAT": 0.005924791097640991,
  "P8_9": 0.01159811019897461,
  "P8_10": 0.013117611408233643,
  "P8_11": 0.011981964111328125,
  "P8_12": 0.010789692401885986,
  "P8_13": 0.012898862361907959,
  "P8_14": 0.010285705327987671,
  "P8_15": 0.00793638825416565,
  "P8_16": 0.007135570049285889,
  "P9_10": 0.011787116527557373,
  "P9_11": 0.011118024587631226,
  "P9_12": 0.00929310917854309,
  "P9_13": 0.010895848274230957,
  "P9_14": 0.008375614881515503,
  "P9_15": 0.006270736455917358,
  "P9_16": 0.005524277687072754,
  "P10_11": 0.01266324520111084,
  "P10_12": 0.01142728328704834,
  "P10_13": 0.013320356607437134,
  "P10_14": 0.010390251874923706,
  "P10_15": 0.00784146785736084,
  "P10_16": 0.007026493549346924,
  "P11_12": 0.011078238487243652,
  "P11_13": 0.012679308652877808,
  "P11_14": 0.009793192148208618,
  "P11_15": 0.00748443603515625,
  "P11_16": 0.00641205906867981,
  "P12_13": 0.011980205774307251,
  "P12_14": 0.008978873491287231,
  "P12_15": 0.006570786237716675,
  "P12_16": 0.005523860454559326,
  "P13_14": 0.011780649423599243,
  "P13_15": 0.00864320993423462,
  "P13_16": 0.0075501203536987305,
  "P14_15": 0.006347835063934326,
  "P14_16": 0.0050694942474365234,
  "P15_16": 0.0031208693981170654
 },
 "summary": {
  "writer_cost": {
   "8": 0.005924791097640991,
   "9": 0.00425410270690918,
   "10": 0.005662024021148682,
   "11": 0.005084127187728882,
   "12": 0.004130959510803223,
   "13": 0.005766749382019043,
   "14": 0.003330737352371216,
   "15": 0.001631230115890503,
   "16": 0.001100778579711914
  },
  "repeat_noise_w8": 0.0,
  "pair_cost": {
   "8_9": 0.01159811019897461,
   "8_10": 0.013117611408233643,
   "8_11": 0.011981964111328125,
   "8_12": 0.010789692401885986,
   "8_13": 0.012898862361907959,
   "8_14": 0.010285705327987671,
   "8_15": 0.00793638825416565,
   "8_16": 0.007135570049285889,
   "9_10": 0.011787116527557373,
   "9_11": 0.011118024587631226,
   "9_12": 0.00929310917854309,
   "9_13": 0.010895848274230957,
   "9_14": 0.008375614881515503,
   "9_15": 0.006270736455917358,
   "9_16": 0.005524277687072754,
   "10_11": 0.01266324520111084,
   "10_12": 0.01142728328704834,
   "10_13": 0.013320356607437134,
   "10_14": 0.010390251874923706,
   "10_15": 0.00784146785736084,
   "10_16": 0.007026493549346924,
   "11_12": 0.011078238487243652,
   "11_13": 0.012679308652877808,
   "11_14": 0.009793192148208618,
   "11_15": 0.00748443603515625,
   "11_16": 0.00641205906867981,
   "12_13": 0.011980205774307251,
   "12_14": 0.008978873491287231,
   "12_15": 0.006570786237716675,
   "12_16": 0.005523860454559326,
   "13_14": 0.011780649423599243,
   "13_15": 0.00864320993423462,
   "13_16": 0.0075501203536987305,
   "14_15": 0.006347835063934326,
   "14_16": 0.0050694942474365234,
   "15_16": 0.0031208693981170654
  },
  "pair_cross": {
   "8_9": 0.0014192163944244385,
   "8_10": 0.0015307962894439697,
   "8_11": 0.000973045825958252,
   "8_12": 0.0007339417934417725,
   "8_13": 0.0012073218822479248,
   "8_14": 0.0010301768779754639,
   "8_15": 0.0003803670406341553,
   "8_16": 0.0001100003719329834,
   "9_10": 0.0018709897994995117,
   "9_11": 0.001779794692993164,
   "9_12": 0.0009080469608306885,
   "9_13": 0.0008749961853027344,
   "9_14": 0.0007907748222351074,
   "9_15": 0.0003854036331176758,
   "9_16": 0.00016939640045166016,
   "10_11": 0.0019170939922332764,
   "10_12": 0.0016342997550964355,
   "10_13": 0.0018915832042694092,
   "10_14": 0.0013974905014038086,
   "10_15": 0.0005482137203216553,
   "10_16": 0.0002636909484863281,
   "11_12": 0.0018631517887115479,
   "11_13": 0.0018284320831298828,
   "11_14": 0.0013783276081085205,
   "11_15": 0.0007690787315368652,
   "11_16": 0.00022715330123901367,
   "12_13": 0.0020824968814849854,
   "12_14": 0.001517176628112793,
   "12_15": 0.0008085966110229492,
   "12_16": 0.00029212236404418945,
   "13_14": 0.0026831626892089844,
   "13_15": 0.0012452304363250732,
   "13_16": 0.0006825923919677734,
   "14_15": 0.0013858675956726074,
   "14_16": 0.0006379783153533936,
   "15_16": 0.00038886070251464844
  },
  "pair_kappa": {
   "8_9": 0.1413442407140989,
   "8_10": 0.1321493497042173,
   "8_11": 0.08864588373443019,
   "8_12": 0.0741770628655745,
   "8_13": 0.10327400430484353,
   "8_14": 0.11595115727840041,
   "8_15": 0.06117567155162532,
   "8_16": 0.021536625287012435,
   "9_10": 0.19061259105803993,
   "9_11": 0.19134967240996972,
   "9_12": 0.10830508784731267,
   "9_13": 0.08832967645769406,
   "9_14": 0.1050385355982927,
   "9_15": 0.07315166370421933,
   "9_16": 0.0391399450483478,
   "10_11": 0.1786567187915691,
   "10_12": 0.16896252732907058,
   "10_13": 0.16551755442724492,
   "10_14": 0.1609025109749434,
   "10_15": 0.09019374827557179,
   "10_16": 0.052811607627589796,
   "11_12": 0.20327528080139698,
   "11_13": 0.16883990352202768,
   "11_14": 0.16747271559825552,
   "11_15": 0.13352881256644764,
   "11_16": 0.048009907464482554,
   "12_13": 0.2133356110116875,
   "12_14": 0.2045080865387444,
   "12_15": 0.15574669393185295,
   "12_16": 0.0684950767731144,
   "13_14": 0.3061126506397403,
   "13_15": 0.20300025214829415,
   "13_16": 0.1354615135834974,
   "14_15": 0.29727879738966584,
   "14_16": 0.16659261413686108,
   "15_16": 0.14509634091000767
  },
  "pair_input_cosine": {
   "8_9": 0.011776787598695649,
   "8_10": 0.02595628472803107,
   "8_11": -0.0012282580755960863,
   "8_12": 0.0012644396491224678,
   "8_13": 0.010233888872215524,
   "8_14": 0.014263298760366435,
   "8_15": -0.0003341146495265953,
   "8_16": 0.008926499628790987,
   "9_10": 0.03611164017994487,
   "9_11": 0.02605920782557897,
   "9_12": 0.008611846003978034,
   "9_13": -0.006700905692860544,
   "9_14": -0.006957798802854663,
   "9_15": -0.0009898410470168559,
   "9_16": -0.006938474002250593,
   "10_11": 0.024906376977083984,
   "10_12": 0.019658149674956507,
   "10_13": 0.012922711347710393,
   "10_14": 0.006161789777147799,
   "10_15": 0.010193015374062623,
   "10_16": 0.006383649549587624,
   "11_12": 0.034923649000585304,
   "11_13": 0.015591606047992706,
   "11_14": 0.009434457313756112,
   "11_15": 0.013450700893788964,
   "11_16": 0.0016621177248520322,
   "12_13": 0.03156832950891054,
   "12_14": 0.020673813551330526,
   "12_15": 0.028495568739988195,
   "12_16": 0.012249763176701583,
   "13_14": 0.03890008159178266,
   "13_15": 0.03763846500143309,
   "13_16": 0.041749665016189395,
   "14_15": 0.049832715420203115,
   "14_16": 0.062480453187830284,
   "15_16": 0.05812116904595074
  },
  "frac_pairs_super_additive": 1.0,
  "spearman_distance_vs_kappa": -0.8079794079794079,
  "median_kappa_by_distance": {
   "1": 0.19694393592971846,
   "2": 0.16896252732907058,
   "3": 0.14560410375767519,
   "4": 0.08832967645769406,
   "5": 0.09673387629020766,
   "6": 0.07315166370421933,
   "7": 0.05015780829998656,
   "8": 0.021536625287012435
  },
  "median_kappa_all": 0.13840287714879815,
  "median_kappa_adjacent": 0.19694393592971846,
  "sum_singles_8_16": 0.03688549995422363,
  "sum_cross_8_16": 0.03960686922073364,
  "pairwise_quadratic_prediction": 0.07649236917495728,
  "measured_d_8_16": 0.07084858417510986,
  "pairwise_prediction_over_measured": 1.0796598134678062,
  "d_8_16_over_drop_all": 0.9962935768743336,
  "spearman_kappa_vs_input_cosine": 0.7575289575289575,
  "median_input_cosine": 0.013186706120749679
 }
}
