{"stage": "fit_cov", "t": 6.6}
{"stage": "heads_done", "t": 9.4}
{"stage": "baseline", "ce": 3.032240092754364, "t": 9.9}
{"stage": "coadapt_fit", "t": 10.8}
{"stage": "arms", "MEAN7": 1.8851, "POOL": 0.319, "PROG": 0.2457, "FULL": 0.2334, "COMBINED": 0.7445, "COMBINED_FULL": 0.7311, "POOL_GUARD": 0.2913, "POOL_GUARD+PROG": 0.7214, "POOL_COREERR": 0.0252, "POOL_COREERR+PROG": 0.3286, "POOL_11": 0.0292, "POOL_11+PROG": 0.2991, "POOL_12": 0.0293, "POOL_12+PROG": 0.3057, "POOL_13": 0.0265, "POOL_13+PROG": 0.3086, "POOL_14": 0.0281, "POOL_14+PROG": 0.3049, "POOL_15": 0.0294, "POOL_15+PROG": 0.3183, "COMBINED_COADAPT": 0.7634, "t": 20.7}
{
 "preds": {
  "pred_a_instrument": true,
  "pred_b_penalty_is_interface_not_truncation": true,
  "pred_c_guarding_the_core_removes_it": false,
  "pred_d_core_error_alone_carries_it": false,
  "pred_e_coadaptation_does_not_repair_it": true
 },
 "nulls": {
  "b_null_pi_full_le_.06": false,
  "c_null_pi_guard_ge_.14": true,
  "d_null_pi_coreerr_le_.04": false,
  "e_null_coadapt_gain_ge_.08": false
 },
 "ce_added": {
  "MEAN7": 1.8850818276405334,
  "POOL": 0.31897974014282227,
  "PROG": 0.24573180079460144,
  "FULL": 0.23335453867912292,
  "COMBINED": 0.7445334792137146,
  "COMBINED_FULL": 0.7311091423034668,
  "POOL_GUARD": 0.2912557125091553,
  "POOL_GUARD+PROG": 0.7213780879974365,
  "POOL_COREERR": 0.025154024362564087,
  "POOL_COREERR+PROG": 0.32860738039016724,
  "POOL_11": 0.029169321060180664,
  "POOL_11+PROG": 0.2990568280220032,
  "POOL_12": 0.029309332370758057,
  "POOL_12+PROG": 0.3056623041629791,
  "POOL_13": 0.026489585638046265,
  "POOL_13+PROG": 0.3085755705833435,
  "POOL_14": 0.028063148260116577,
  "POOL_14+PROG": 0.30489662289619446,
  "POOL_15": 0.029417335987091064,
  "POOL_15+PROG": 0.3183322548866272,
  "COMBINED_COADAPT": 0.7633651196956635
 },
 "penalties": {
  "pi": 0.1798219382762909,
  "pi_full": 0.1787748634815216,
  "pi_guard": 0.1843905746936798,
  "pi_coreerr": 0.05772155523300171,
  "pi_11": 0.02415570616722107,
  "pi_12": 0.03062117099761963,
  "pi_13": 0.0363541841506958,
  "pi_14": 0.03110167384147644,
  "pi_15": 0.04318311810493469,
  "sum_pi_l": 0.16541585326194763,
  "coadapt_gain": -0.018831640481948853
 }
}
