{"stage": "heads_done", "t": 18.6}
{"stage": "baseline", "ce": 3.032240092754364, "t": 19.0}
{"stage": "arms", "SPLIT8_1024": 0.0374, "LATE_MLP_768": 0.1249, "t": 25.7}
{
 "preds": {
  "pred_a_instrument": true,
  "pred_b_transfer_falls_with_distance": false,
  "pred_c_adjacent_transfer_dominates_far": false,
  "pred_d_transfer_tracks_loss_coherence": false,
  "pred_e_tail_write_is_mostly_linear_in_tail_input": false
 },
 "nulls": {
  "b_null_rho_ge_0": true,
  "c_null_ratio_le_1.2": true,
  "d_null_rho_le_.1": true,
  "e_null_r2_le_.2": true
 },
 "ce_added": {
  "SPLIT8_1024": 0.03738698363304138,
  "LATE_MLP_768": 0.12492626905441284
 },
 "summary": {
  "r2_pair_reader_from_writer": {
   "9<-8": 0.02212079129094824,
   "10<-8": 0.010896101842340689,
   "10<-9": 0.020664592923157366,
   "11<-8": 0.008996094945972977,
   "11<-9": 0.02065313663641344,
   "11<-10": 0.01749431446630101,
   "12<-8": 0.004287887575427973,
   "12<-9": 0.01280950858281249,
   "12<-10": 0.009785800262188893,
   "12<-11": 0.01776180977492603,
   "13<-8": -0.00264292428238333,
   "13<-9": 0.0028356457001496027,
   "13<-10": 0.0019826672383352895,
   "13<-11": 0.008186839027212955,
   "13<-12": 0.01188164569691652,
   "14<-8": -0.008743595726766307,
   "14<-9": -0.004610810439164004,
   "14<-10": -0.006044350432542478,
   "14<-11": -0.0012520780952660626,
   "14<-12": 0.0016844975549972219,
   "14<-13": -0.004588411787552538,
   "15<-8": -0.004811838230579735,
   "15<-9": -0.00017857484689298708,
   "15<-10": -0.0029791746372658245,
   "15<-11": 0.0034423264740550685,
   "15<-12": 0.0037308382564429365,
   "15<-13": -0.0034613936299874304,
   "15<-14": -0.006319347362730987,
   "16<-8": 0.01711418891815275,
   "16<-9": 0.027808531549808557,
   "16<-10": 0.022218316614728506,
   "16<-11": 0.02818683662580357,
   "16<-12": 0.03154352088107648,
   "16<-13": 0.016418341276528525,
   "16<-14": 0.011079858996428604,
   "16<-15": 0.038054026743051916,
   "17<-8": 0.1222800982275265,
   "17<-9": 0.1594651678168344,
   "17<-10": 0.1408272074819258,
   "17<-11": 0.1582194381110067,
   "17<-12": 0.17651052001020784,
   "17<-13": 0.132526115088885,
   "17<-14": 0.11815509587149586,
   "17<-15": 0.21606222477260284,
   "17<-16": 0.3262586979852421
  },
  "median_r2_by_distance": {
   "1": 0.01776180977492603,
   "2": 0.01034095105226479,
   "3": 0.008996094945972977,
   "4": 0.003865107024741521,
   "5": -0.00264292428238333,
   "6": 0.01101987088391776,
   "7": 0.027808531549808557,
   "8": 0.08828967836749357,
   "9": 0.1222800982275265
  },
  "spearman_distance_vs_r2": 0.011198945981554676,
  "median_r2_adjacent": 0.01776180977492603,
  "median_r2_far_ge5": 0.022218316614728506,
  "adjacent_over_far": 0.7994219401460747,
  "r2_full_tail_input": {
   "8": 0.027432385127056924,
   "9": 0.014747253045932385,
   "10": 0.0037244954821159526,
   "11": 0.001000710664682547,
   "12": -0.003300755189384441,
   "13": -0.009239229078839895,
   "14": -0.011456533541986946,
   "15": -0.007737533238644234,
   "16": 0.00042266389944789484,
   "17": 0.05676142716242616
  },
  "median_r2_full_tail_input": 0.0007116872820652209,
  "r2_prev_block_component": {
   "9": 0.02212079129094824,
   "10": 0.020664592923157366,
   "11": 0.01749431446630101,
   "12": 0.01776180977492603,
   "13": 0.01188164569691652,
   "14": -0.004588411787552538,
   "15": -0.006319347362730987,
   "16": 0.038054026743051916,
   "17": 0.3262586979852421
  },
  "spearman_r2_vs_kappa_2794": -0.1848133848133848,
  "n_common_pairs": 36,
  "ridge_lambda_frac_of_mean_eigen": 0.01,
  "n_fit_tokens": 24576,
  "n_eval_tokens": 16384
 }
}
