{"stage": "heads_done", "t": 13.9}
{"stage": "baseline", "ce": 3.032240092754364, "t": 14.3}
{"stage": "tail_energy", "late_origin_share_of_tail": 0.48, "beta_fe": -0.1433, "beta_pooled": -0.2006, "writer_pair_energy": {"8": 2.1, "9": 3.2, "10": 3.0, "11": 4.3, "12": 4.2, "13": 5.5, "14": 6.3, "15": 6.5, "16": 9.9}, "t": 15.6}
{"stage": "arms", "SPLIT8_1024": 0.0374, "LATE_MLP_768": 0.1249, "DROP_ALL": 0.0711, "D_LE2": 0.0302, "W8": 0.0059, "W9": 0.0043, "W10": 0.0057, "W11": 0.0051, "W12": 0.0041, "W13": 0.0058, "W14": 0.0033, "W15": 0.0016, "W16": 0.0011, "W17": 0.0001, "t": 24.0}
{
 "preds": {
  "pred_a_instrument": true,
  "pred_b_no_true_fade_with_writer_fixed_effects": false,
  "pred_c_later_writers_write_more_tail": true,
  "pred_d_single_writer_cost_tracks_energy": true,
  "pred_e_single_writers_sum_near_the_whole": true
 },
 "nulls": {
  "b_null_beta_le_-.22": false,
  "c_null_rho_le_.2": false,
  "d_null_rho_le_.2": false,
  "e_null_sum_ge_1.5": false
 },
 "ce_added": {
  "SPLIT8_1024": 0.03738698363304138,
  "LATE_MLP_768": 0.12492626905441284,
  "DROP_ALL": 0.07111215591430664,
  "D_LE2": 0.030241161584854126,
  "W8": 0.005924791097640991,
  "W9": 0.00425410270690918,
  "W10": 0.005662024021148682,
  "W11": 0.005084127187728882,
  "W12": 0.004130959510803223,
  "W13": 0.005766749382019043,
  "W14": 0.003330737352371216,
  "W15": 0.001631230115890503,
  "W16": 0.001100778579711914,
  "W17": 0.000134199857711792
 },
 "summary": {
  "writer_cost": {
   "8": 0.005924791097640991,
   "9": 0.00425410270690918,
   "10": 0.005662024021148682,
   "11": 0.005084127187728882,
   "12": 0.004130959510803223,
   "13": 0.005766749382019043,
   "14": 0.003330737352371216,
   "15": 0.001631230115890503,
   "16": 0.001100778579711914,
   "17": 0.000134199857711792
  },
  "writer_cost_share": {
   "8": 0.08331615068428852,
   "9": 0.05982244037201692,
   "10": 0.07962104296165168,
   "11": 0.07149448814145762,
   "12": 0.05809076461950071,
   "13": 0.08109372171149243,
   "14": 0.046837805851153,
   "15": 0.022938836474824486,
   "16": 0.01547947134437046,
   "17": 0.0018871577719217075
  },
  "writer_energy_pooled": {
   "8": 20.30909716586272,
   "9": 27.48638739188512,
   "10": 22.170261065165203,
   "11": 27.167044550180435,
   "12": 21.70950512588024,
   "13": 23.47048060099284,
   "14": 20.6106219291687,
   "15": 13.680913046002388,
   "16": 10.829659819602966,
   "17": 0.9133275945981344
  },
  "writer_energy_per_reader": {
   "8": 2.056492100711222,
   "9": 3.162112814684709,
   "10": 3.002961922259558,
   "11": 4.309955798917346,
   "12": 4.198774468898773,
   "13": 5.510052005449931,
   "14": 6.264418933126662,
   "15": 6.522415955861409,
   "16": 9.949051221211752
  },
  "energy_matrix_reader_from_writer": {
   "8<-8": 1.8006682594617207,
   "9<-8": 4.46663236618042,
   "9<-9": 2.18948487440745,
   "10<-8": 3.0705098509788513,
   "10<-9": 5.775605320930481,
   "10<-10": 1.1495276093482971,
   "11<-8": 2.49258561929067,
   "11<-9": 4.614265084266663,
   "11<-10": 4.9694292942682905,
   "11<-11": 1.307309756676356,
   "12<-8": 1.8828756908575695,
   "12<-9": 3.4142375191052756,
   "12<-10": 3.684845189253489,
   "12<-11": 5.952103098233541,
   "12<-12": 0.7156327813863754,
   "13<-8": 1.54818398753802,
   "13<-9": 2.768389721711477,
   "13<-10": 2.9852949380874634,
   "13<-11": 4.816449920336406,
   "13<-12": 5.102996150652568,
   "13<-13": 1.4302725791931152,
   "14<-8": 1.32645978530248,
   "14<-9": 2.3422896464665732,
   "14<-10": 2.524985949198405,
   "14<-11": 4.068787256876628,
   "14<-12": 4.303009649117787,
   "14<-13": 5.960042794545491,
   "14<-14": 1.8173651297887166,
   "15<-8": 1.299315591653188,
   "15<-9": 2.269253889719645,
   "15<-10": 2.4412713249524436,
   "15<-11": 3.9303124149640403,
   "15<-12": 4.144976317882538,
   "15<-13": 5.7461311022440595,
   "15<-14": 6.70139221350352,
   "15<-15": 0.636081134279569,
   "16<-8": 1.3330148259798686,
   "16<-9": 2.289043883482615,
   "16<-10": 2.456775645414988,
   "16<-11": 3.951076924800873,
   "16<-12": 4.150298833847046,
   "16<-13": 5.758838534355164,
   "16<-14": 6.725034594535828,
   "16<-15": 7.260526617368062,
   "16<-16": 0.880608598391215,
   "17<-8": 1.0888511886199315,
   "17<-9": 1.8238174517949421,
   "17<-10": 1.9581311146418254,
   "17<-11": 3.1410051782925925,
   "17<-12": 3.292591392993927,
   "17<-13": 4.575195590655009,
   "17<-14": 5.366829991340637,
   "17<-15": 5.784305294354756,
   "17<-16": 9.949051221211752,
   "17<-17": 0.9133275945981344
  },
  "beta_distance_writer_fixed_effects": -0.1433202299937385,
  "retention_per_block_fe": 0.8664765526823129,
  "beta_distance_pooled": -0.20062916332829767,
  "retention_per_block_pooled": 0.8182157997242655,
  "reader_rms_x": {
   "8": 433.49499655363616,
   "9": 485.1128818139669,
   "10": 515.50279079246,
   "11": 710.7243664037417,
   "12": 859.1267126177218,
   "13": 914.7629195994305,
   "14": 1052.8340369019513,
   "15": 1271.9735249399448,
   "16": 1507.8704569076267,
   "17": 1742.2496685054664
  },
  "predicted_retention_lambda_norm": {
   "9": 0.6501695010198266,
   "10": 0.6840828115141306,
   "11": 0.8015929079754712,
   "12": 0.7388755699069767,
   "13": 0.8078850649077194,
   "14": 0.8397400528346336,
   "15": 0.9661196741148488,
   "16": 1.003449026075668,
   "17": 0.7845668165231447
  },
  "predicted_retention_geomean": 0.8011267440035323,
  "beta_fe_minus_log_predicted_retention": 0.07841588222328794,
  "spearman_writer_depth_vs_per_reader_energy": 0.9666666666666666,
  "spearman_writer_cost_vs_pooled_energy": 0.6363636363636364,
  "sum_single_writers_over_all": 0.5205818799326776,
  "max_single_writer_share": 0.08331615068428852,
  "d_le2_share": 0.4252600866340783,
  "late_origin_share_of_tail_energy": 0.48010989932479337,
  "lambda0_late": {
   "8": 1.40625,
   "9": 0.90234375,
   "10": 0.87890625,
   "11": 1.234375,
   "12": 1.0390625,
   "13": 0.95703125,
   "14": 1.0546875,
   "15": 1.1875,
   "16": 1.1875,
   "17": 1.0234375
  }
 }
}
