L 0: after-attn within 8.559 after-mlp 10.126 | attn gain None mlp gain -1.567
L 1: after-attn within 10.475 after-mlp 8.656 | attn gain -0.349 mlp gain +1.819
L 2: after-attn within 8.177 after-mlp 7.983 | attn gain 0.478 mlp gain +0.194
L 3: after-attn within 7.742 after-mlp 7.827 | attn gain 0.242 mlp gain -0.085
L 4: after-attn within 7.434 after-mlp 7.405 | attn gain 0.393 mlp gain +0.029
L 5: after-attn within 8.691 after-mlp 8.608 | attn gain -1.286 mlp gain +0.083
L 6: after-attn within 8.616 after-mlp 8.527 | attn gain -0.008 mlp gain +0.089
L 7: after-attn within 8.212 after-mlp 7.949 | attn gain 0.315 mlp gain +0.263
L 8: after-attn within 7.538 after-mlp 7.304 | attn gain 0.41 mlp gain +0.234
L 9: after-attn within 7.189 after-mlp 7.040 | attn gain 0.115 mlp gain +0.149
L10: after-attn within 6.934 after-mlp 6.651 | attn gain 0.106 mlp gain +0.283
L11: after-attn within 6.430 after-mlp 6.320 | attn gain 0.22 mlp gain +0.110
L12: after-attn within 6.232 after-mlp 6.085 | attn gain 0.088 mlp gain +0.147
L13: after-attn within 5.842 after-mlp 5.699 | attn gain 0.242 mlp gain +0.144
L14: after-attn within 5.496 after-mlp 5.208 | attn gain 0.203 mlp gain +0.287
L15: after-attn within 5.098 after-mlp 4.365 | attn gain 0.11 mlp gain +0.733
L16: after-attn within 4.264 after-mlp 3.057 | attn gain 0.101 mlp gain +1.206
L17: after-attn within 2.958 after-mlp 2.492 | attn gain 0.1 mlp gain +0.466

TOTAL content (within-CE) reduction: attention 1.48 vs MLP 4.58
wrote /workspace/tensor_language/basis_aligned/bilinear_quotient/logit_lens_attn_mlp_results.json (94.3s)
