Warning: You are sending unauthenticated requests to the HF Hub. Please set a HF_TOKEN to enable higher rate limits and faster downloads.
LOW-RANK FLOOR | all-sites compile at ranks (1, 2, 4, 8, 16), finding where it breaks | settled program (context-free tables + output-NN fallback + rank-64 map) | DISCOVERY ONLY

  per-site norm calibration (live mean / row mean), measured on the LIVE model:
    attn L0:  2.71 L1:  2.49 L2:  2.26 L3:  2.13 L4:  4.37 L5:  1.00 L6:  1.02 L7:  3.61 L8:  3.59 L9:  4.83 L10:  3.80 L11:  4.49 L12:  6.72 L13:  6.39 L14:  7.07 L15:  6.33 L16:  5.70 L17:  5.59
    mlp  L0:  0.88 L1:  0.42 L2:  0.61 L3:  0.49 L4:  0.10 L5:  0.39 L6:  0.52 L7:  1.66 L8:  2.04 L9:  1.32 L10:  2.33 L11:  1.05 L12:  1.91 L13:  1.26 L14:  1.66 L15:  1.19 L16:  1.13 L17:  1.21

  arms  (44s)
  all_substituted      skip7000 13.55%  skip11000 14.25%  skip1200 13.64%
  all_sub_scaled       skip7000 12.16%  skip11000 12.81%  skip1200 12.10%
  live_model           skip7000 39.32%  skip11000 42.35%  skip1200 38.88%
  r1_L-1               skip7000  9.90%  skip11000 10.65%  skip1200 10.07%
  r2_L-1               skip7000 10.15%  skip11000 10.92%  skip1200 10.16%
  r4_L-1               skip7000 10.75%  skip11000 11.56%  skip1200 10.95%
  r8_L-1               skip7000 11.36%  skip11000 12.08%  skip1200 11.74%
  r16_L-1              skip7000 11.68%  skip11000 12.45%  skip1200 12.10%

  cost / fidelity  (reals, top-1 per role)
    *r1_L-1         5.628M  skip7000  9.90%  skip11000 10.65%  skip1200 10.07%
    *r2_L-1         5.864M  skip7000 10.15%  skip11000 10.92%  skip1200 10.16%
    *r4_L-1         6.338M  skip7000 10.75%  skip11000 11.56%  skip1200 10.95%
    *r8_L-1         7.284M  skip7000 11.36%  skip11000 12.08%  skip1200 11.74%
    *r16_L-1        9.176M  skip7000 11.68%  skip11000 12.45%  skip1200 12.10%
   (* = on the Pareto frontier at every role)

  absolute accuracy per million reals:
    skip7000   r1:0.0176  r2:0.0173  r4:0.0170  r8:0.0156  r16:0.0127
    skip11000  r1:0.0189  r2:0.0186  r4:0.0182  r8:0.0166  r16:0.0136
    skip1200   r1:0.0179  r2:0.0173  r4:0.0173  r8:0.0161  r16:0.0132

  accuracy is MONOTONE in rank from 1 to 16 -> True  skip7000 9.90%/10.15%/10.75%/11.36%/11.68%  skip11000 10.65%/10.92%/11.56%/12.08%/12.45%  skip1200 10.07%/10.16%/10.95%/11.74%/12.10%
  the accuracy-per-real optimum is at rank <=4 -> True  skip7000 r1_L-1 (0.0176)  skip11000 r1_L-1 (0.0189)  skip1200 r1_L-1 (0.0179)
  rank 1 retains >=50% of the settled rank-64 accuracy -> True  skip7000 9.90% of 12.88% = 77%  skip11000 10.65% of 13.49% = 79%  skip1200 10.07% of 12.89% = 78%
  all-substituted and live reproduce §1789, coverage 5419 -> control True

pred_a True | pred_b True | pred_c True | pred_d True
wrote /workspace/tensor_language/basis_aligned/bilinear_quotient/ops/low_rank_floor_results.json (436.9s)
