ARM base: attn-zero (), m16-zero False
a2-input probe acc 0.69
fit a2
fit a3
fit a4
fit a5
fit a6
fit a7
fit a8
fit a9
fit a10
fit a11
fit a12
fit a13
fit a14
fit a15
fit a16
fit a17
L1 (+38 heads): C +2.0113 | fresh +2.3207
fit a10L
fit a11L
fit a12L
fit a13L
fit a15L
fit a17L
  window 0 (7 docs): L2 fresh +2.4230
  window 1 (42 docs): L2 fresh +2.6078
  window 2 (17 docs): L2 fresh +2.3041
  window 3 (23 docs): L2 fresh +2.4899
  window 4 (43 docs): L2 fresh +2.5079
  window 5 (26 docs): L2 fresh +2.4511
  window 6 (35 docs): L2 fresh +2.3214
  window 7 (35 docs): L2 fresh +2.3470
L2 empirical: C +2.1395 | fresh +2.4230 | tail-attn increment +0.1022
(a) L2 <= +2.75 fresh: HELD
(b) increment in [0.30,0.55]: FAILED
ARM zm16: attn-zero (), m16-zero True
a2-input probe acc 0.69
fit a2
fit a3
fit a4
fit a5
fit a6
fit a7
fit a8
fit a9
fit a10
fit a11
fit a12
fit a13
fit a14
fit a15
fit a16
fit a17
m16 zeroed for this arm (bases excluded)
L1 (+38 heads): C +2.0665 | fresh +2.3467
fit a10L
fit a11L
fit a12L
fit a13L
fit a15L
fit a17L
  window 0 (7 docs): L2 fresh +1.4203
  window 1 (42 docs): L2 fresh +1.3502
  window 2 (17 docs): L2 fresh +0.3234
  window 3 (23 docs): L2 fresh +0.7289
  window 4 (43 docs): L2 fresh +1.2278
  window 5 (26 docs): L2 fresh +1.1027
  window 6 (35 docs): L2 fresh +0.9359
  window 7 (35 docs): L2 fresh +1.1275
L2 empirical: C +2.1803 | fresh +2.4397 | tail-attn increment +0.0930
(a) L2 <= +2.75 fresh: HELD
(b) increment in [0.30,0.55]: FAILED
ARM z16: attn-zero (16,), m16-zero False
a2-input probe acc 0.69
fit a2
fit a3
fit a4
fit a5
fit a6
fit a7
fit a8
fit a9
fit a10
fit a11
fit a12
fit a13
fit a14
fit a15
fit a16
fit a17
attn16 zeroed for this arm (bases excluded)
L1 (+38 heads): C +2.0420 | fresh +2.3672
fit a10L
fit a11L
fit a12L
fit a13L
fit a15L
fit a17L
  window 0 (7 docs): L2 fresh +2.5058
  window 1 (42 docs): L2 fresh +2.6961
  window 2 (17 docs): L2 fresh +2.3403
  window 3 (23 docs): L2 fresh +2.5825
  window 4 (43 docs): L2 fresh +2.6133
  window 5 (26 docs): L2 fresh +2.5374
  window 6 (35 docs): L2 fresh +2.4005
  window 7 (35 docs): L2 fresh +2.4243
L2 empirical: C +2.2428 | fresh +2.5149 | tail-attn increment +0.1476
(a) L2 <= +2.75 fresh: HELD
(b) increment in [0.30,0.55]: FAILED
ARM both: attn-zero (16,), m16-zero True
a2-input probe acc 0.69
fit a2
fit a3
fit a4
fit a5
fit a6
fit a7
fit a8
fit a9
fit a10
fit a11
fit a12
fit a13
fit a14
fit a15
fit a16
fit a17
m16 zeroed for this arm (bases excluded)
attn16 zeroed for this arm (bases excluded)
L1 (+38 heads): C +2.0918 | fresh +2.3772
fit a10L
fit a11L
fit a12L
fit a13L
fit a15L
fit a17L
  window 0 (7 docs): L2 fresh +1.3636
  window 1 (42 docs): L2 fresh +1.2790
  window 2 (17 docs): L2 fresh +0.1375
  window 3 (23 docs): L2 fresh +0.5927
  window 4 (43 docs): L2 fresh +1.1733
  window 5 (26 docs): L2 fresh +1.0400
  window 6 (35 docs): L2 fresh +0.8321
  window 7 (35 docs): L2 fresh +1.0362
L2 empirical: C +2.2668 | fresh +2.5130 | tail-attn increment +0.1358
(a) L2 <= +2.75 fresh: HELD
(b) increment in [0.30,0.55]: FAILED
m16 ind effect: WITH attn16 A=-395.4 | WITHOUT B=-670.2
(a) A -395.4 <= -100: HELD
(b) B-A -274.8 >= 0.5|A| +197.7: FAILED
(c) base vs S2156 median |delta| 0.0001 <= 0.005: HELD
wrote /workspace/tensor_language/basis_aligned/bilinear_quotient/m16_attn16_coupling_results.json (433s)
