Warning: You are sending unauthenticated requests to the HF Hub. Please set a HF_TOKEN to enable higher rate limits and faster downloads.
MAP RANK BUCKET SWEEP at 5419 | buckets ((0, 0), (1, 4), (5, 24), (25, 124), (125, 1000000000)) on the fit-row count of the TRUE target | full-rank settled program | DISCOVERY ONLY
  built the settled fallback and 36 tables (4s)

  === table rank map64, map rank 64 ===
  skip7000: overall live 39.32% prog 13.55%
    target fit-count 0-0          n   8904  live 25.29%  prog  0.67%  kept   2.7%
    target fit-count 1-4          n   6585  live 26.65%  prog  1.11%  kept   4.2%
    target fit-count 5-24         n   4783  live 30.52%  prog  2.89%  kept   9.5%
    target fit-count 25-124       n   6003  live 41.98%  prog  9.90%  kept  23.6%
    target fit-count 125-1000000000 n  10589  live 61.46%  prog 39.01%  kept  63.5%
  skip11000: overall live 42.35% prog 14.25%
    target fit-count 0-0          n   9385  live 29.90%  prog  1.86%  kept   6.2%
    target fit-count 1-4          n   6638  live 30.11%  prog  1.61%  kept   5.4%
    target fit-count 5-24         n   4763  live 35.00%  prog  2.81%  kept   8.0%
    target fit-count 25-124       n   5546  live 42.66%  prog 10.46%  kept  24.5%
    target fit-count 125-1000000000 n  10532  live 64.31%  prog 40.42%  kept  62.9%
  skip1200: overall live 38.88% prog 13.64%
    target fit-count 0-0          n   4470  live 26.15%  prog  0.94%  kept   3.6%
    target fit-count 1-4          n   3209  live 25.40%  prog  1.18%  kept   4.7%
    target fit-count 5-24         n   2440  live 28.32%  prog  3.52%  kept  12.4%
    target fit-count 25-124       n   3037  live 41.29%  prog  9.75%  kept  23.6%
    target fit-count 125-1000000000 n   5276  live 61.37%  prog 38.91%  kept  63.4%

  === table rank map128, map rank 128 ===
  skip7000: overall live 39.32% prog 13.57%
    target fit-count 0-0          n   8904  live 25.29%  prog  0.82%  kept   3.2%
    target fit-count 1-4          n   6585  live 26.65%  prog  1.17%  kept   4.4%
    target fit-count 5-24         n   4783  live 30.52%  prog  2.95%  kept   9.7%
    target fit-count 25-124       n   6003  live 41.98%  prog 10.11%  kept  24.1%
    target fit-count 125-1000000000 n  10589  live 61.46%  prog 38.77%  kept  63.1%
  skip11000: overall live 42.35% prog 14.33%
    target fit-count 0-0          n   9385  live 29.90%  prog  1.95%  kept   6.5%
    target fit-count 1-4          n   6638  live 30.11%  prog  1.73%  kept   5.8%
    target fit-count 5-24         n   4763  live 35.00%  prog  2.83%  kept   8.1%
    target fit-count 25-124       n   5546  live 42.66%  prog 10.69%  kept  25.1%
    target fit-count 125-1000000000 n  10532  live 64.31%  prog 40.40%  kept  62.8%
  skip1200: overall live 38.88% prog 13.59%
    target fit-count 0-0          n   4470  live 26.15%  prog  1.01%  kept   3.8%
    target fit-count 1-4          n   3209  live 25.40%  prog  1.25%  kept   4.9%
    target fit-count 5-24         n   2440  live 28.32%  prog  3.52%  kept  12.4%
    target fit-count 25-124       n   3037  live 41.29%  prog  9.98%  kept  24.2%
    target fit-count 125-1000000000 n   5276  live 61.37%  prog 38.48%  kept  62.7%

  === table rank map256, map rank 256 ===
  skip7000: overall live 39.32% prog 13.75%
    target fit-count 0-0          n   8904  live 25.29%  prog  0.98%  kept   3.9%
    target fit-count 1-4          n   6585  live 26.65%  prog  1.34%  kept   5.0%
    target fit-count 5-24         n   4783  live 30.52%  prog  3.05%  kept  10.0%
    target fit-count 25-124       n   6003  live 41.98%  prog 10.31%  kept  24.6%
    target fit-count 125-1000000000 n  10589  live 61.46%  prog 38.99%  kept  63.4%
  skip11000: overall live 42.35% prog 14.34%
    target fit-count 0-0          n   9385  live 29.90%  prog  1.94%  kept   6.5%
    target fit-count 1-4          n   6638  live 30.11%  prog  1.85%  kept   6.2%
    target fit-count 5-24         n   4763  live 35.00%  prog  2.96%  kept   8.5%
    target fit-count 25-124       n   5546  live 42.66%  prog 10.76%  kept  25.2%
    target fit-count 125-1000000000 n  10532  live 64.31%  prog 40.29%  kept  62.6%
  skip1200: overall live 38.88% prog 13.68%
    target fit-count 0-0          n   4470  live 26.15%  prog  1.01%  kept   3.8%
    target fit-count 1-4          n   3209  live 25.40%  prog  1.28%  kept   5.0%
    target fit-count 5-24         n   2440  live 28.32%  prog  3.48%  kept  12.3%
    target fit-count 25-124       n   3037  live 41.29%  prog 10.04%  kept  24.3%
    target fit-count 125-1000000000 n   5276  live 61.37%  prog 38.78%  kept  63.2%

  === table rank map512, map rank 512 ===
  skip7000: overall live 39.32% prog 13.77%
    target fit-count 0-0          n   8904  live 25.29%  prog  1.01%  kept   4.0%
    target fit-count 1-4          n   6585  live 26.65%  prog  1.50%  kept   5.6%
    target fit-count 5-24         n   4783  live 30.52%  prog  3.18%  kept  10.4%
    target fit-count 25-124       n   6003  live 41.98%  prog 10.44%  kept  24.9%
    target fit-count 125-1000000000 n  10589  live 61.46%  prog 38.80%  kept  63.1%
  skip11000: overall live 42.35% prog 14.37%
    target fit-count 0-0          n   9385  live 29.90%  prog  2.00%  kept   6.7%
    target fit-count 1-4          n   6638  live 30.11%  prog  2.11%  kept   7.0%
    target fit-count 5-24         n   4763  live 35.00%  prog  3.25%  kept   9.3%
    target fit-count 25-124       n   5546  live 42.66%  prog 10.91%  kept  25.6%
    target fit-count 125-1000000000 n  10532  live 64.31%  prog 39.96%  kept  62.1%
  skip1200: overall live 38.88% prog 13.72%
    target fit-count 0-0          n   4470  live 26.15%  prog  1.05%  kept   4.0%
    target fit-count 1-4          n   3209  live 25.40%  prog  1.53%  kept   6.0%
    target fit-count 5-24         n   2440  live 28.32%  prog  3.61%  kept  12.7%
    target fit-count 25-124       n   3037  live 41.29%  prog 10.21%  kept  24.7%
    target fit-count 125-1000000000 n   5276  live 61.37%  prog 38.57%  kept  62.8%

  kept-fraction by MAP rank at FULL table rank, 5419 types:
    skip7000   125+   64 63.5%  128 63.1%  256 63.4%  512 63.1%
               unseen 64 2.7%  128 3.2%  256 3.9%  512 4.0%   (vs 64: 128+0.58 256+1.20 512+1.33pp)
    skip11000  125+   64 62.9%  128 62.8%  256 62.6%  512 62.1%
               unseen 64 6.2%  128 6.5%  256 6.5%  512 6.7%   (vs 64: 128+0.28 256+0.25 512+0.46pp)
    skip1200   125+   64 63.4%  128 62.7%  256 63.2%  512 62.8%
               unseen 64 3.6%  128 3.8%  256 3.8%  512 4.0%   (vs 64: 128+0.26 256+0.26 512+0.43pp)

  the RARE gain is monotone in map rank (>=2 roles) -> False  1/3
  and the COMMON cost is monotone too (>=2 roles) -> False  1/3
  and a SWEET SPOT exists at 128 or 256 (>=2 roles) -> False  1/3
  coverage 5419, map64 reproduces §1932, partitions, LIVE identical -> control True

pred_a False | pred_b False | pred_c False | pred_d True
wrote /workspace/tensor_language/basis_aligned/bilinear_quotient/ops/map_rank_bucket_sweep_results.json (180.4s)
