{"stage": "fit", "t": 10.5}
{"stage": "baseline", "ce": 12.793668746948242, "t": 10.6}
{"stage": "block", "l": 0, "ov_core16_in_resid128": 0.1579, "e_uncentred": 0.2968, "e_centred": 0.0299, "resid_eff_rank": 268.6537, "ov_x16_in_resid128": 0.14, "t": 10.7}
{"stage": "block", "l": 1, "ov_core16_in_resid128": 0.1604, "e_uncentred": 0.2691, "e_centred": 0.0341, "resid_eff_rank": 185.2814, "ov_x16_in_resid128": 0.1522, "t": 10.7}
{"stage": "block", "l": 2, "ov_core16_in_resid128": 0.1656, "e_uncentred": 0.2059, "e_centred": 0.035, "resid_eff_rank": 169.0975, "ov_x16_in_resid128": 0.1521, "t": 10.7}
{"stage": "block", "l": 3, "ov_core16_in_resid128": 0.1729, "e_uncentred": 0.2424, "e_centred": 0.0379, "resid_eff_rank": 134.0333, "ov_x16_in_resid128": 0.1554, "t": 10.7}
{"stage": "block", "l": 4, "ov_core16_in_resid128": 0.1799, "e_uncentred": 0.398, "e_centred": 0.0578, "resid_eff_rank": 110.748, "ov_x16_in_resid128": 0.1571, "t": 10.7}
{"stage": "block", "l": 5, "ov_core16_in_resid128": 0.21, "e_uncentred": 0.8607, "e_centred": 0.1396, "resid_eff_rank": 96.7531, "ov_x16_in_resid128": 0.1766, "t": 10.7}
{"stage": "block", "l": 6, "ov_core16_in_resid128": 0.231, "e_uncentred": 0.8813, "e_centred": 0.2647, "resid_eff_rank": 50.8581, "ov_x16_in_resid128": 0.2328, "t": 10.7}
{"stage": "block", "l": 7, "ov_core16_in_resid128": 0.2337, "e_uncentred": 0.8764, "e_centred": 0.2023, "resid_eff_rank": 66.9318, "ov_x16_in_resid128": 0.2584, "t": 10.7}
{"stage": "block", "l": 8, "ov_core16_in_resid128": 0.2213, "e_uncentred": 0.8667, "e_centred": 0.2842, "resid_eff_rank": 57.5159, "ov_x16_in_resid128": 0.326, "t": 10.7}
{"stage": "block", "l": 9, "ov_core16_in_resid128": 0.2375, "e_uncentred": 0.8653, "e_centred": 0.2997, "resid_eff_rank": 56.5613, "ov_x16_in_resid128": 0.3524, "t": 10.7}
{"stage": "block", "l": 10, "ov_core16_in_resid128": 0.2487, "e_uncentred": 0.865, "e_centred": 0.3776, "resid_eff_rank": 39.0262, "ov_x16_in_resid128": 0.3786, "t": 10.7}
{"stage": "block", "l": 11, "ov_core16_in_resid128": 0.2638, "e_uncentred": 0.8682, "e_centred": 0.4341, "resid_eff_rank": 25.6354, "ov_x16_in_resid128": 0.423, "t": 10.7}
{"stage": "block", "l": 12, "ov_core16_in_resid128": 0.2862, "e_uncentred": 0.8788, "e_centred": 0.5088, "resid_eff_rank": 19.1481, "ov_x16_in_resid128": 0.4618, "t": 10.7}
{"stage": "block", "l": 13, "ov_core16_in_resid128": 0.3105, "e_uncentred": 0.8846, "e_centred": 0.5265, "resid_eff_rank": 19.4037, "ov_x16_in_resid128": 0.531, "t": 10.7}
{"stage": "block", "l": 14, "ov_core16_in_resid128": 0.3373, "e_uncentred": 0.8742, "e_centred": 0.5155, "resid_eff_rank": 20.8788, "ov_x16_in_resid128": 0.6081, "t": 10.7}
{"stage": "block", "l": 15, "ov_core16_in_resid128": 0.394, "e_uncentred": 0.8657, "e_centred": 0.5111, "resid_eff_rank": 22.1936, "ov_x16_in_resid128": 0.6888, "t": 10.7}
{"stage": "block", "l": 16, "ov_core16_in_resid128": 0.5216, "e_uncentred": 0.8626, "e_centred": 0.5748, "resid_eff_rank": 21.7862, "ov_x16_in_resid128": 0.8691, "t": 10.7}
{"stage": "block", "l": 17, "ov_core16_in_resid128": 0.6927, "e_uncentred": 0.9552, "e_centred": 0.934, "resid_eff_rank": 3.2817, "ov_x16_in_resid128": 1.0, "t": 10.7}
{"stage": "sites", "f": {"attn0": 0.025, "mlp0": 0.03, "attn1": 0.306, "mlp1": 0.031, "attn2": 0.036, "mlp2": 0.031, "attn3": 0.026, "mlp3": 0.036, "attn4": 0.116, "mlp4": 0.048, "attn5": 0.439, "mlp5": 0.31, "attn6": 0.64, "mlp6": 0.389, "attn7": 0.382, "mlp7": 0.049, "attn8": 0.279, "mlp8": 0.059, "attn9": 0.453, "mlp9": 0.077, "attn10": 0.597, "mlp10": 0.057, "attn11": 0.269, "mlp11": 0.249, "attn12": 0.326, "mlp12": 0.369, "attn13": 0.137, "mlp13": 0.268, "attn14": 0.121, "mlp14": 0.192, "attn15": 0.127, "mlp15": 0.504, "attn16": 0.04, "mlp16": 0.954, "attn17": 0.867, "mlp17": 0.994}, "t": 10.7}
/workspace/tensor_language/basis_aligned/bilinear_quotient/ops/mlp_in_situ_usage_rank_map_probe.py:135: UserWarning: To copy construct from a tensor, it is recommended to use sourceTensor.detach().clone() or sourceTensor.detach().clone().requires_grad_(True), rather than torch.tensor(sourceTensor).
  ra = torch.argsort(torch.argsort(torch.tensor(a))).double(); rb = torch.argsort(torch.argsort(torch.tensor(b))).double()
{
 "preds": {
  "pred_a_instrument": true,
  "pred_b_established_by_block_3": false,
  "pred_c_carries_the_stream": false,
  "pred_d_writers_early_and_late": false,
  "pred_e_middle_avoids_it": false
 },
 "nulls": {
  "b_null_ov3_le_.30": true,
  "c_null_e17_le_.20": false,
  "d_null_no_early_site_ge_.20": false,
  "e_null_mid_median_ge_.35": false
 },
 "instrument": {
  "baseline_ce": 12.793668746948242,
  "prior_baseline": 3.0322401,
  "core_tw_eff_rank": 2.937586049044012,
  "prior_core_tw_eff_rank": 10.004,
  "ov_core16_in_x128": 0.6927310613798021
 },
 "mid_median_f": 0.26889848709106445,
 "early_site_f": {
  "attn0": 0.025491680677607136,
  "mlp0": 0.0299716697683296,
  "attn1": 0.30631431445057034,
  "mlp1": 0.0313305653648181,
  "attn2": 0.035794896469031945,
  "mlp2": 0.031368918069896605,
  "attn3": 0.0259167106821928,
  "mlp3": 0.03615539497983539
 },
 "price": {
  "gpu_doc_forwards": 8,
  "cpu_doc_forwards": 0,
  "gpu_seconds": 10.718385457992554
 }
}
