{"stage": "fit", "t": 27.7}
{"stage": "baseline", "ce": 3.032240092754364, "t": 28.1}
{"stage": "block", "l": 0, "ov_core16_in_resid128": 0.1675, "e_uncentred": 0.2571, "e_centred": 0.046, "resid_eff_rank": 149.437, "ov_x16_in_resid128": 0.1876, "t": 28.2}
{"stage": "block", "l": 1, "ov_core16_in_resid128": 0.1734, "e_uncentred": 0.2005, "e_centred": 0.0335, "resid_eff_rank": 292.3738, "ov_x16_in_resid128": 0.2026, "t": 28.2}
{"stage": "block", "l": 2, "ov_core16_in_resid128": 0.1834, "e_uncentred": 0.1645, "e_centred": 0.0329, "resid_eff_rank": 368.6293, "ov_x16_in_resid128": 0.2356, "t": 28.2}
{"stage": "block", "l": 3, "ov_core16_in_resid128": 0.1879, "e_uncentred": 0.1879, "e_centred": 0.0339, "resid_eff_rank": 365.8563, "ov_x16_in_resid128": 0.2236, "t": 28.2}
{"stage": "block", "l": 4, "ov_core16_in_resid128": 0.1875, "e_uncentred": 0.2599, "e_centred": 0.0391, "resid_eff_rank": 302.0874, "ov_x16_in_resid128": 0.2209, "t": 28.3}
{"stage": "block", "l": 5, "ov_core16_in_resid128": 0.2099, "e_uncentred": 0.8166, "e_centred": 0.1173, "resid_eff_rank": 314.5642, "ov_x16_in_resid128": 0.2584, "t": 28.3}
{"stage": "block", "l": 6, "ov_core16_in_resid128": 0.2291, "e_uncentred": 0.8438, "e_centred": 0.1285, "resid_eff_rank": 330.8597, "ov_x16_in_resid128": 0.3125, "t": 28.3}
{"stage": "block", "l": 7, "ov_core16_in_resid128": 0.2337, "e_uncentred": 0.8332, "e_centred": 0.0995, "resid_eff_rank": 394.6849, "ov_x16_in_resid128": 0.3591, "t": 28.3}
{"stage": "block", "l": 8, "ov_core16_in_resid128": 0.238, "e_uncentred": 0.8036, "e_centred": 0.0905, "resid_eff_rank": 443.5721, "ov_x16_in_resid128": 0.3797, "t": 28.3}
{"stage": "block", "l": 9, "ov_core16_in_resid128": 0.2526, "e_uncentred": 0.7981, "e_centred": 0.0905, "resid_eff_rank": 433.699, "ov_x16_in_resid128": 0.4143, "t": 28.3}
{"stage": "block", "l": 10, "ov_core16_in_resid128": 0.2686, "e_uncentred": 0.7775, "e_centred": 0.097, "resid_eff_rank": 425.1771, "ov_x16_in_resid128": 0.4577, "t": 28.3}
{"stage": "block", "l": 11, "ov_core16_in_resid128": 0.2929, "e_uncentred": 0.7698, "e_centred": 0.1126, "resid_eff_rank": 394.484, "ov_x16_in_resid128": 0.5166, "t": 28.3}
{"stage": "block", "l": 12, "ov_core16_in_resid128": 0.3231, "e_uncentred": 0.759, "e_centred": 0.1297, "resid_eff_rank": 371.9314, "ov_x16_in_resid128": 0.5731, "t": 28.3}
{"stage": "block", "l": 13, "ov_core16_in_resid128": 0.3682, "e_uncentred": 0.7452, "e_centred": 0.1434, "resid_eff_rank": 370.8999, "ov_x16_in_resid128": 0.6383, "t": 28.3}
{"stage": "block", "l": 14, "ov_core16_in_resid128": 0.4102, "e_uncentred": 0.7078, "e_centred": 0.143, "resid_eff_rank": 396.0779, "ov_x16_in_resid128": 0.6924, "t": 28.3}
{"stage": "block", "l": 15, "ov_core16_in_resid128": 0.4922, "e_uncentred": 0.6575, "e_centred": 0.1574, "resid_eff_rank": 391.1514, "ov_x16_in_resid128": 0.7778, "t": 28.3}
{"stage": "block", "l": 16, "ov_core16_in_resid128": 0.6092, "e_uncentred": 0.6619, "e_centred": 0.3717, "resid_eff_rank": 163.2535, "ov_x16_in_resid128": 0.9085, "t": 28.3}
{"stage": "block", "l": 17, "ov_core16_in_resid128": 0.718, "e_uncentred": 0.8377, "e_centred": 0.7696, "resid_eff_rank": 19.1002, "ov_x16_in_resid128": 1.0, "t": 28.3}
{"stage": "sites", "f": {"attn0": 0.025, "mlp0": 0.046, "attn1": 0.271, "mlp1": 0.031, "attn2": 0.029, "mlp2": 0.033, "attn3": 0.024, "mlp3": 0.032, "attn4": 0.042, "mlp4": 0.047, "attn5": 0.244, "mlp5": 0.188, "attn6": 0.456, "mlp6": 0.182, "attn7": 0.313, "mlp7": 0.047, "attn8": 0.074, "mlp8": 0.044, "attn9": 0.275, "mlp9": 0.052, "attn10": 0.268, "mlp10": 0.033, "attn11": 0.145, "mlp11": 0.09, "attn12": 0.114, "mlp12": 0.095, "attn13": 0.036, "mlp13": 0.123, "attn14": 0.025, "mlp14": 0.094, "attn15": 0.051, "mlp15": 0.259, "attn16": 0.031, "mlp16": 0.861, "attn17": 0.574, "mlp17": 0.956}, "t": 28.3}
/workspace/tensor_language/basis_aligned/bilinear_quotient/ops/mlp_in_situ_usage_rank_map_probe.py:135: UserWarning: To copy construct from a tensor, it is recommended to use sourceTensor.detach().clone() or sourceTensor.detach().clone().requires_grad_(True), rather than torch.tensor(sourceTensor).
  ra = torch.argsort(torch.argsort(torch.tensor(a))).double(); rb = torch.argsort(torch.argsort(torch.tensor(b))).double()
{
 "preds": {
  "pred_a_instrument": true,
  "pred_b_established_by_block_3": false,
  "pred_c_carries_the_stream": false,
  "pred_d_writers_early_and_late": false,
  "pred_e_middle_avoids_it": true
 },
 "nulls": {
  "b_null_ov3_le_.30": true,
  "c_null_e17_le_.20": false,
  "d_null_no_early_site_ge_.20": false,
  "e_null_mid_median_ge_.35": false
 },
 "ov3": 0.18793535401897277,
 "e17": 0.8376506035233959,
 "rho": 0.3766769865841073,
 "early_f": {
  "attn0": 0.02465843473763516,
  "mlp0": 0.04597583970243049,
  "attn1": 0.2712301186903379,
  "mlp1": 0.031072350550483543,
  "attn2": 0.0285481684014932,
  "mlp2": 0.03294277658136287,
  "attn3": 0.02360360867465416,
  "mlp3": 0.03176144015869525
 },
 "mid_med": 0.09469379484653473
}
