== p1416: base ==
a2-input probe acc 0.69
fit a2
fit a3
fit a4
fit a5
fit a6
fit a7
fit a8
fit a9
fit a10
fit a11
fit a12
fit a13
fit a14
fit a15
fit a16
fit a17
L1 (+38 heads): C +2.0113 | fresh +2.3208
fit a10L
fit a11L
fit a12L
fit a13L
fit a15L
fit a17L
  window 0 (7 docs): L2 fresh +2.4230
  window 1 (42 docs): L2 fresh +2.6078
  window 2 (17 docs): L2 fresh +2.3035
  window 3 (23 docs): L2 fresh +2.4898
  window 4 (43 docs): L2 fresh +2.5079
  window 5 (26 docs): L2 fresh +2.4512
  window 6 (35 docs): L2 fresh +2.3214
  window 7 (35 docs): L2 fresh +2.3471
L2 empirical: C +2.1396 | fresh +2.4230 | tail-attn increment +0.1022
(a) L2 <= +2.75 fresh: HELD
(b) increment in [0.30,0.55]: FAILED
== p1416: drop attn16 ==
a2-input probe acc 0.69
fit a2
fit a3
