a2-input probe acc 0.69
fit a2
fit a3
fit a4
fit a5
fit a6
fit a7
fit a8
fit a9
fit a10
fit a11
fit a12
fit a13
fit a14
fit a15
fit a16
fit a17
metric for m0 at block 1: top eig 5.536e-09, floor 1.843e-11
metric for m2 at block 3: top eig 3.659e-08, floor 9.338e-11
metric for m3 at block 4: top eig 4.383e-08, floor 5.529e-11
metric for c4 at block 5: top eig 1.078e-07, floor 1.078e-10
metric for c5 at block 6: top eig 7.117e-06, floor 7.117e-09
metric for c6 at block 7: top eig 4.877e-06, floor 4.877e-09
metric for c7 at block 8: top eig 5.535e-06, floor 5.734e-09
metric for c8 at block 9: top eig 2.200e-06, floor 2.200e-09
metric for c9 at block 10: top eig 1.312e-06, floor 1.818e-09
eval-row block-6 observable r90 594
norm-1152   : gap w1 +1.7507 w2 +2.0536 | b5 0.809 b6 2.051 b7 2.009 | 10s
metric-1152 : gap w1 +1.5944 w2 +1.9473 | b5 0.782 b6 1.746 b7 1.669 | 10s
norm-2304   : gap w1 +1.5808 w2 +1.9068 | b5 0.783 b6 1.741 b7 1.688 | 11s
metric-2304 : gap w1 +1.4568 w2 +1.8314 | b5 0.749 b6 1.411 b7 1.386 | 11s
norm-4608   : gap w1 +1.3432 w2 +1.7383 | b5 0.719 b6 0.992 b7 0.854 | 11s
metric-4608 : gap w1 +1.3432 w2 +1.7384 | b5 0.719 b6 0.992 b7 0.854 | 11s
(d) norm-2304 block-6 rel-MSE 1.7415 vs 1.7415: HELD
(a) metric-2304 gap +1.4568 <= norm-4608 gap +1.3432: FAILED
(b) metric gain 4608 +0.0000 <= 0.5 x gain 2304 +0.1240: HELD   (1152: +0.1563)
(c) gain 2304 vs S2106 0.1240 (tol 0.02): HELD
wrote /workspace/tensor_language/basis_aligned/bilinear_quotient/metric_units_ksweep_results.json (152s)
