a2-input probe acc 0.69
fit a2
fit a3
fit a4
fit a5
fit a6
fit a7
fit a8
fit a9
fit a10
fit a11
fit a12
fit a13
fit a14
fit a15
fit a16
fit a17
metric for m0 at block 1: top eig 5.536e-09, floor 1.843e-11
metric for m2 at block 3: top eig 3.659e-08, floor 9.338e-11
metric for m3 at block 4: top eig 4.383e-08, floor 5.529e-11
metric for c4 at block 5: top eig 1.078e-07, floor 1.078e-10
metric for c5 at block 6: top eig 7.117e-06, floor 7.117e-09
metric for c6 at block 7: top eig 4.877e-06, floor 4.877e-09
metric for c7 at block 8: top eig 5.535e-06, floor 5.734e-09
metric for c8 at block 9: top eig 2.200e-06, floor 2.200e-09
metric for c9 at block 10: top eig 1.312e-06, floor 1.818e-09
eval-row block-6 observable r90 594
plain        : gap w1 +1.5809 w2 +1.9068 | b5 0.783 b6 1.742 b7 1.688 | 11s
metric-units : gap w1 +1.4568 w2 +1.8314 | b5 0.749 b6 1.411 b7 1.386 | 11s
top8         : gap w1 +1.4524 w2 +1.8420 | b5 0.740 b6 1.252 b7 1.159 | 11s
topr50       : gap w1 +1.4718 w2 +1.8508 | b5 0.741 b6 1.372 b7 1.364 | 11s
(d) cfgE b6 1.7415; full metric gain +0.1241 vs 0.124: HELD
(a) top-8 gain w1 +0.1285 >= 0.0992: HELD
(b) top-8 gain w2 +0.0648 >= 0.0375: HELD
(c) top-r50 gain w1 +0.1090 >= top-8 +0.1285: FAILED
wrote /workspace/tensor_language/basis_aligned/bilinear_quotient/metric_units_top8_results.json (130s)
