a2-input probe acc 0.69
fit a2
fit a3
fit a4
fit a5
fit a6
fit a7
fit a8
fit a9
fit a10
fit a11
fit a12
fit a13
fit a14
fit a15
fit a16
fit a17
metric for m0 at block 1: top eig 5.536e-09, floor 1.843e-11
metric for m2 at block 3: top eig 3.659e-08, floor 9.338e-11
metric for m3 at block 4: top eig 4.383e-08, floor 5.529e-11
metric for c4 at block 5: top eig 1.078e-07, floor 1.078e-10
metric for c5 at block 6: top eig 7.117e-06, floor 7.117e-09
eval-row block-6 observable r90 594
plain         : gap +1.5808 | b1 0.509 b5 0.783 b6 1.741 b7 1.688 b17 0.593 | b6 obs-energy 1.542e+11 (0.334 of total) | 9s
metric        : gap +1.4556 | b1 0.512 b5 0.744 b6 1.449 b7 1.402 b17 0.564 | b6 obs-energy 1.410e+11 (0.367 of total) | 9s
metric-bases  : gap +1.5899 | b1 0.512 b5 0.779 b6 1.794 b7 1.713 b17 0.593 | b6 obs-energy 1.562e+11 (0.328 of total) | 9s
metric-units  : gap +1.4567 | b1 0.509 b5 0.749 b6 1.411 b7 1.386 b17 0.566 | b6 obs-energy 1.401e+11 (0.375 of total) | 9s
random-metric : gap +1.5640 | b1 0.514 b5 0.790 b6 1.767 b7 1.662 b17 0.591 | b6 obs-energy 1.552e+11 (0.331 of total) | 9s
(d) cfgE block-6 rel-MSE 1.7415 vs 1.7415: HELD
(a) units-only gain +0.1241 >= 0.5 x 0.1253: HELD   (bases-only -0.0091, joint +0.1252)
(b) additive |(-0.0091)+(+0.1241) - +0.1252| <= 30%: HELD
(c) random-metric +0.0168 vs S2104 +0.0168 (tol 0.02): HELD
wrote /workspace/tensor_language/basis_aligned/bilinear_quotient/metric_front_refit_split_results.json (124s)
