a2-input probe acc 0.69
fit a2
fit a3
fit a4
fit a5
fit a6
fit a7
fit a8
fit a9
fit a10
fit a11
fit a12
fit a13
fit a14
fit a15
fit a16
fit a17
metric for m0 at block 1: top eig 5.536e-09, floor 1.843e-11
metric for m2 at block 3: top eig 3.659e-08, floor 9.338e-11
metric for m3 at block 4: top eig 4.383e-08, floor 5.529e-11
metric for c4 at block 5: top eig 1.078e-07, floor 1.078e-10
metric for c5 at block 6: top eig 7.117e-06, floor 7.117e-09
metric for c6 at block 7: top eig 4.877e-06, floor 4.877e-09
metric for c7 at block 8: top eig 5.535e-06, floor 5.734e-09
metric for c8 at block 9: top eig 2.200e-06, floor 2.200e-09
metric for c9 at block 10: top eig 1.312e-06, floor 1.818e-09
eval-row block-6 observable r90 594
8 windows x 120 rows, document-disjoint; docs per window [7, 42, 17, 23, 43, 26, 35, 35]
window 0: docs   7 base 3.4002 | gap plain +1.8613 top8 +1.8858 | gain -0.0245
window 1: docs  42 base 3.3773 | gap plain +2.0464 top8 +1.9596 | gain +0.0868
window 2: docs  17 base 3.9876 | gap plain +1.8408 top8 +1.6161 | gain +0.2247
window 3: docs  23 base 3.4730 | gap plain +1.9550 top8 +1.7574 | gain +0.1975
window 4: docs  43 base 3.5882 | gap plain +1.9743 top8 +1.8944 | gain +0.0799
window 5: docs  26 base 3.3520 | gap plain +1.8833 top8 +1.8052 | gain +0.0780
window 6: docs  35 base 3.7687 | gap plain +1.7480 top8 +1.6631 | gain +0.0849
window 7: docs  35 base 3.6643 | gap plain +1.8186 top8 +1.7882 | gain +0.0304
(d) cfgE b6 1.7415: HELD
(c) window-1 top-8 gain +0.1284 vs 0.1285: HELD
(a) positive on 7/8: HELD
(b) median +0.0824 >= 0.0492: HELD
wrote /workspace/tensor_language/basis_aligned/bilinear_quotient/metric_units_top8_fresh8_results.json (133s)
