47 capped circuits
means captured for 28 components
  ablated ('a4',)
  ablated ('a4', 'm6')
  ablated ('a4', 'm5', 'm6')
  ablated ('a3', 'a4', 'm5', 'm6')
  ablated ('a3', 'a4', 'a5', 'm5', 'm6')
  ablated ('a2', 'a3', 'a4', 'a5', 'm5', 'm6')
  r.0.0: 1.728 -> 2.226 -> 2.514 -> 2.813 -> 2.740 -> 2.883 (share 0.60, k* 4)
  ablated ('m14',)
  ablated ('m13', 'm14')
  ablated ('m13', 'm14', 'm15')
  ablated ('m12', 'm13', 'm14', 'm15')
  ablated ('m11', 'm12', 'm13', 'm14', 'm15')
  ablated ('a16', 'm11', 'm12', 'm13', 'm14', 'm15')
  r.1.0: 0.540 -> 1.040 -> 1.442 -> 1.765 -> 2.034 -> 1.983 (share 0.27, k* 5)
  ablated ('a16',)
  ablated ('a14', 'a16')
  ablated ('a14', 'a16', 'm14')
  ablated ('a14', 'a16', 'm13', 'm14')
  ablated ('a14', 'a16', 'm13', 'm14', 'm15')
  ablated ('a14', 'a16', 'm12', 'm13', 'm14', 'm15')
  r.1.0.0: 0.451 -> 1.039 -> 1.231 -> 1.518 -> 1.815 -> 2.078 (share 0.22, k* 6)
  ablated ('m12', 'm13', 'm14')
  ablated ('a16', 'm12', 'm13', 'm14', 'm15')
  r.1.0.1: 0.559 -> 1.059 -> 1.452 -> 1.778 -> 1.692 -> 1.985 (share 0.28, k* 6)
  ablated ('m12', 'm14')
  ablated ('m10', 'm11', 'm12', 'm13', 'm14', 'm15')
  r.1.0.2: 0.642 -> 1.193 -> 1.593 -> 1.940 -> 2.212 -> 2.407 (share 0.27, k* 5)
  r.1.0.3: 0.620 -> 1.189 -> 1.621 -> 1.977 -> 2.238 -> 2.161 (share 0.29, k* 4)
  ablated ('m13',)
  ablated ('m12', 'm13', 'm14', 'm15', 'm16')
  ablated ('m11', 'm12', 'm13', 'm14', 'm15', 'm16')
  r.1.1: 0.540 -> 0.949 -> 1.384 -> 1.758 -> 2.304 -> 2.558 (share 0.21, k* 5)
  ablated ('m14', 'm15')
  ablated ('m13', 'm14', 'm15', 'm16')
  r.1.1.0: 0.621 -> 1.181 -> 1.677 -> 2.367 -> 2.628 -> 2.876 (share 0.22, k* 5)
  ablated ('m16',)
  ablated ('m15', 'm16')
  ablated ('m14', 'm15', 'm16')
  r.1.1.1: 1.279 -> 1.868 -> 2.162 -> 2.428 -> 2.732 -> 2.994 (share 0.43, k* 5)
  ablated ('m13', 'm16')
  ablated ('m13', 'm14', 'm16')
  r.1.1.2: 1.280 -> 1.635 -> 2.077 -> 2.538 -> 2.853 -> 3.132 (share 0.41, k* 5)
  ablated ('m13', 'm15', 'm16')
  r.1.2: 1.133 -> 1.480 -> 2.008 -> 2.440 -> 2.821 -> 3.149 (share 0.36, k* 6)
  ablated ('a17', 'm12', 'm13', 'm14', 'm15', 'm16')
  r.1.2.1: 1.387 -> 1.991 -> 2.202 -> 2.623 -> 3.018 -> 2.979 (share 0.47, k* 5)
  r.1.3: 0.535 -> 0.927 -> 1.385 -> 1.800 -> 2.172 -> 2.629 (share 0.20, k* 6)
  ablated ('m12', 'm13')
  ablated ('m12', 'm13', 'm15')
  ablated ('m11', 'm12', 'm13', 'm15')
  r.1.3.0: 0.567 -> 0.998 -> 1.345 -> 1.719 -> 1.987 -> 1.953 (share 0.29, k* 5)
  ablated ('m11', 'm12', 'm13', 'm14')
  r.1.3.1: 0.720 -> 1.231 -> 1.702 -> 2.176 -> 2.613 -> 3.123 (share 0.23, k* 6)
  ablated ('a8',)
  ablated ('a14', 'a8')
  ablated ('a14', 'a3', 'a8')
  ablated ('a14', 'a16', 'a3', 'a8')
  ablated ('a14', 'a16', 'a2', 'a3', 'a8')
  ablated ('a14', 'a16', 'a2', 'a3', 'a5', 'a8')
  r.11.1.1: 0.596 -> 0.899 -> 1.341 -> 1.517 -> 2.232 -> 2.215 (share 0.27, k* 5)
  ablated ('a14', 'a16', 'a8')
  ablated ('a14', 'a16', 'a3', 'a6', 'a8')
  ablated ('a14', 'a16', 'a2', 'a3', 'a6', 'a8')
  r.11.1.2: 0.734 -> 1.133 -> 1.405 -> 1.748 -> 1.877 -> 2.496 (share 0.29, k* 6)
  ablated ('a14', 'a16', 'a2', 'a3', 'a8', 'm5')
  r.11.3.1: 0.634 -> 0.863 -> 1.316 -> 1.468 -> 2.238 -> 2.402 (share 0.26, k* 5)
  ablated ('a6', 'a8')
  ablated ('a14', 'a6', 'a8')
  ablated ('a14', 'a16', 'a6', 'a8')
  ablated ('a14', 'a16', 'a6', 'a7', 'a8')
  ablated ('a14', 'a16', 'a2', 'a6', 'a7', 'a8')
  r.2.0: 0.983 -> 1.463 -> 1.778 -> 1.987 -> 2.281 -> 2.497 (share 0.39, k* 5)
  ablated ('a14', 'a16', 'a2', 'a6', 'a8')
  r.2.0.0: 1.687 -> 2.245 -> 2.602 -> 2.897 -> 3.021 -> 3.322 (share 0.51, k* 5)
  ablated ('a14', 'a6', 'a7', 'a8')
  ablated ('a14', 'a6', 'a7', 'a8', 'm7')
  ablated ('a14', 'a16', 'a6', 'a7', 'a8', 'm7')
  r.2.0.2: 1.234 -> 1.774 -> 2.109 -> 2.449 -> 2.612 -> 2.867 (share 0.43, k* 5)
  ablated ('a14', 'a16', 'a6', 'a7', 'a8', 'm8')
  r.2.1: 0.486 -> 0.993 -> 1.135 -> 1.285 -> 1.614 -> 1.797 (share 0.27, k* 6)
  ablated ('a14', 'a6', 'a7', 'a8', 'm8')
  ablated ('a14', 'a6', 'a7', 'a8', 'm8', 'm9')
  r.2.1.1: 0.916 -> 1.275 -> 1.777 -> 2.145 -> 2.296 -> 2.526 (share 0.36, k* 5)
  r.2.2: 0.477 -> 0.976 -> 1.132 -> 1.278 -> 1.543 -> 1.790 (share 0.27, k* 6)
  ablated ('a14', 'a7', 'a8')
  ablated ('a14', 'a16', 'a6', 'a7', 'a8', 'm5')
  r.2.2.0: 0.529 -> 0.761 -> 1.101 -> 1.375 -> 1.543 -> 1.811 (share 0.29, k* 6)
  r.2.2.1: 0.884 -> 1.615 -> 1.860 -> 2.236 -> 2.404 -> 2.619 (share 0.34, k* 5)
  ablated ('a6',)
  r.2.2.2: 0.966 -> 1.309 -> 1.465 -> 1.702 -> 1.831 -> 1.953 (share 0.49, k* 5)
  r.2.3: 0.492 -> 0.992 -> 1.140 -> 1.307 -> 1.523 -> 1.830 (share 0.27, k* 6)
  ablated ('a6', 'a8', 'm11')
  ablated ('a6', 'a8', 'm11', 'm13')
  ablated ('a11', 'a6', 'a8', 'm11', 'm13')
  ablated ('a11', 'a6', 'a8', 'm10', 'm11', 'm13')
  r.23.2.3: 0.735 -> 1.027 -> 1.198 -> 1.381 -> 1.528 -> 1.785 (share 0.41, k* 6)
  ablated ('a14', 'a15', 'a16')
  ablated ('a14', 'a15', 'a16', 'a17')
  ablated ('a13', 'a14', 'a15', 'a16', 'a17')
  ablated ('a12', 'a13', 'a14', 'a15', 'a16', 'a17')
  r.3.0: 0.542 -> 1.351 -> 1.841 -> 2.263 -> 3.089 -> 3.298 (share 0.16, k* 5)
  r.3.0.0: 0.790 -> 1.770 -> 2.473 -> 3.045 -> 3.883 -> 4.079 (share 0.19, k* 5)
  ablated ('a14', 'a16', 'a17')
  ablated ('a11', 'a13', 'a14', 'a15', 'a16', 'a17')
  r.3.0.1: 0.504 -> 1.133 -> 1.608 -> 2.049 -> 2.752 -> 3.078 (share 0.16, k* 6)
  r.3.0.2: 0.569 -> 1.316 -> 1.836 -> 2.306 -> 3.041 -> 3.230 (share 0.18, k* 5)
  ablated ('a2',)
  ablated ('a2', 'm5')
  ablated ('a17', 'a2', 'm5')
  ablated ('a17', 'a2', 'a3', 'm5')
  ablated ('a17', 'a2', 'a3', 'm5', 'm6')
  ablated ('a16', 'a17', 'a2', 'a3', 'm5', 'm6')
  r.3.1.0: 1.343 -> 1.833 -> 1.757 -> 2.647 -> 2.713 -> 2.788 (share 0.48, k* 4)
  ablated ('a17',)
  ablated ('a16', 'a17')
  ablated ('a15', 'a16', 'a17')
  ablated ('a14', 'a15', 'a16', 'a17', 'a2')
  ablated ('a14', 'a15', 'a16', 'a17', 'a2', 'a3')
  r.3.1.1: 0.445 -> 0.741 -> 0.998 -> 1.411 -> 1.644 -> 2.381 (share 0.19, k* 6)
  ablated ('a12', 'a14', 'a16')
  ablated ('a12', 'a14', 'a16', 'a2')
  ablated ('a12', 'a13', 'a14', 'a16', 'a2')
  ablated ('a12', 'a13', 'a14', 'a16', 'a2', 'a3')
  r.4.1.0: 0.308 -> 0.759 -> 0.796 -> 1.432 -> 1.755 -> 2.448 (share 0.13, k* 6)
  ablated ('a12', 'a13', 'a14', 'a16')
  ablated ('a12', 'a13', 'a14', 'a15', 'a16')
  r.4.1.1: 0.399 -> 0.928 -> 0.949 -> 1.533 -> 1.908 -> 2.226 (share 0.18, k* 6)
  ablated ('a15',)
  ablated ('a15', 'a16')
  ablated ('a15', 'a16', 'a2')
  ablated ('a15', 'a16', 'a2', 'a3')
  ablated ('a14', 'a15', 'a16', 'a2', 'a3')
  ablated ('a11', 'a14', 'a15', 'a16', 'a2', 'a3')
  r.5.3.1: 0.222 -> 0.429 -> 1.173 -> 1.992 -> 2.095 -> 2.197 (share 0.10, k* 4)
  ablated ('a14',)
  ablated ('a14', 'a16', 'm17')
  ablated ('a14', 'a16', 'm16', 'm17')
  ablated ('a13', 'a14', 'a16', 'm16', 'm17')
  ablated ('a13', 'a14', 'a16', 'm16', 'm17', 'm5')
  r.6.0.1: 0.436 -> 0.807 -> 2.835 -> 4.534 -> 4.939 -> 4.679 (share 0.09, k* 4)
  ablated ('a9',)
  ablated ('a16', 'a9')
  ablated ('a14', 'a16', 'a9')
  ablated ('a11', 'a14', 'a16', 'a9')
  ablated ('a11', 'a14', 'a16', 'a7', 'a9')
  ablated ('a11', 'a14', 'a16', 'a3', 'a7', 'a9')
  r.6.0.2: 0.736 -> 0.736 -> 0.933 -> 1.256 -> 1.615 -> 1.855 (share 0.40, k* 6)
  ablated ('a14', 'a16', 'm5')
  ablated ('a14', 'a16', 'a8', 'm5')
  ablated ('a14', 'a16', 'a2', 'a8', 'm5')
  r.6.1.1: 0.264 -> 0.647 -> 1.323 -> 1.516 -> 1.851 -> 2.423 (share 0.11, k* 6)
  ablated ('a11', 'a9')
  ablated ('a11', 'a9', 'm9')
  ablated ('a11', 'a7', 'a9', 'm9')
  ablated ('a11', 'a16', 'a7', 'a9', 'm9')
  ablated ('a11', 'a16', 'a7', 'a9', 'm11', 'm9')
  r.6.2.1: 0.820 -> 1.122 -> 1.311 -> 1.603 -> 1.591 -> 1.747 (share 0.47, k* 4)
  ablated ('a17', 'm16')
  ablated ('a17', 'm15', 'm16')
  ablated ('a17', 'm13', 'm15', 'm16')
  ablated ('a17', 'm12', 'm13', 'm15', 'm16')
  ablated ('a17', 'm12', 'm13', 'm15', 'm16', 'm17')
  r.6.2.2: 1.158 -> 1.297 -> 1.689 -> 1.899 -> 2.256 -> 3.635 (share 0.32, k* 6)
  ablated ('a17', 'a9')
  ablated ('a16', 'a17', 'a9')
  ablated ('a16', 'a17', 'a9', 'm16')
  ablated ('a13', 'a16', 'a17', 'a9', 'm16')
  ablated ('a11', 'a13', 'a16', 'a17', 'a9', 'm16')
  r.6.2.3: 0.596 -> 0.644 -> 0.700 -> 1.189 -> 1.306 -> 1.569 (share 0.38, k* 6)
  ablated ('a14', 'a16', 'a6', 'a8', 'm5')
  ablated ('a14', 'a16', 'a2', 'a6', 'a8', 'm5')
  r.6.3.0: 0.305 -> 0.781 -> 1.110 -> 1.525 -> 1.680 -> 1.988 (share 0.15, k* 6)
  ablated ('a11', 'a14', 'a16', 'a3', 'a9')
  ablated ('a11', 'a14', 'a16', 'a3', 'a9', 'm5')
  r.6.3.1: 0.232 -> 0.719 -> 0.932 -> 1.230 -> 1.497 -> 1.806 (share 0.13, k* 6)
  ablated ('a7',)
  ablated ('a16', 'a7')
  ablated ('a11', 'a16', 'a7')
  ablated ('a11', 'a14', 'a16', 'a7')
  ablated ('a11', 'a14', 'a16', 'a7', 'a9', 'm7')
  r.7.1.1: 0.691 -> 0.741 -> 1.033 -> 1.219 -> 1.484 -> 1.711 (share 0.40, k* 6)
kstar histogram: {'1': 0, '2': 0, '3': 0, '4': 6}
(a) median 5-of-6 saturation 0.909 >= 0.85: HELD
(b) median kstar 5 <= 5: HELD
(c) median battery repro 1.000 in [0.8, 1.25]: HELD
wrote /workspace/tensor_language/basis_aligned/bilinear_quotient/minimality6_results.json (1042s)
