sample: ['r.11.1.1', 'r.11.1.2', 'r.11.3.1', 'r.2.0', 'r.1.0.0', 'r.3.0', 'r.3.0.0', 'r.3.0.1', 'r.0.0', 'r.2.2.2', 'r.3.1.0', 'r.3.1.1']; 12 with >= 2 top entries
means captured for 12 components
  ablated ('a8',)
  ablated ('a14', 'a8')
  ablated ('a14', 'a3', 'a8')
  r.11.1.1: top1 0.596 -> top12 0.899 -> top123 1.341 (share 0.44)
  ablated ('a14', 'a16', 'a8')
  r.11.1.2: top1 0.734 -> top12 1.133 -> top123 1.405 (share 0.52)
  r.11.3.1: top1 0.634 -> top12 0.863 -> top123 1.316 (share 0.48)
  ablated ('a6', 'a8')
  ablated ('a14', 'a6', 'a8')
  r.2.0: top1 0.983 -> top12 1.463 -> top123 1.778 (share 0.55)
  ablated ('a16',)
  ablated ('a14', 'a16')
  ablated ('a14', 'a16', 'm14')
  r.1.0.0: top1 0.451 -> top12 1.039 -> top123 1.231 (share 0.37)
  ablated ('a14', 'a15', 'a16')
  r.3.0: top1 0.542 -> top12 1.351 -> top123 1.841 (share 0.29)
  r.3.0.0: top1 0.790 -> top12 1.770 -> top123 2.473 (share 0.32)
  ablated ('a14', 'a16', 'a17')
  r.3.0.1: top1 0.504 -> top12 1.133 -> top123 1.608 (share 0.31)
  ablated ('a4',)
  ablated ('a4', 'm6')
  ablated ('a4', 'm5', 'm6')
  r.0.0: top1 1.728 -> top12 2.226 -> top123 2.514 (share 0.69)
  ablated ('a6',)
  r.2.2.2: top1 0.966 -> top12 1.309 -> top123 1.465 (share 0.66)
  ablated ('a2',)
  ablated ('a2', 'm5')
  ablated ('a17', 'a2', 'm5')
  r.3.1.0: top1 1.343 -> top12 1.833 -> top123 1.757 (share 0.76)
  ablated ('a17',)
  ablated ('a16', 'a17')
  ablated ('a15', 'a16', 'a17')
  r.3.1.1: top1 0.445 -> top12 0.741 -> top123 0.998 (share 0.45)
(a) median top1 share 0.464 >= 0.7: FAILED
(b) median top123/top1 2.160 <= 1.5: FAILED
(c) median battery repro 1.000 in [0.67, 1.5]: HELD
wrote /workspace/tensor_language/basis_aligned/bilinear_quotient/minimality_results.json (170s)
