ARM: rank-16 QK patterns at ALL replaced heads, blocks 2-17 (dicts retired)
a2-input probe acc 0.69
fit a2
fit a3
fit a4
fit a5
fit a6
fit a7
fit a8
fit a9
fit a10
fit a11
fit a12
fit a13
fit a14
fit a15
fit a16
fit a17
  cp_swap: front MLPs m0-m3 -> CP top-4608 in place (tailE remains table-front-fit)
  QK rank-96 factors built for all motif heads
  QK rank-96 factors built for tail blocks 10-17
  tail QK hooks registered (gated)
L1 (+38 heads): C +0.2612 | fresh +0.2340
  window 0 (7 docs): L2 fresh +0.0759
  window 1 (42 docs): L2 fresh +0.0869
  window 2 (17 docs): L2 fresh +0.0781
  window 3 (23 docs): L2 fresh +0.0829
  window 4 (43 docs): L2 fresh +0.1357
  window 5 (26 docs): L2 fresh +0.0968
  window 6 (35 docs): L2 fresh +0.0628
  window 7 (35 docs): L2 fresh +0.0737
L2 empirical: C +0.0762 | fresh +0.0781 | tail-attn increment -0.1560
(a) L2 <= +2.75 fresh: HELD
(b) increment in [0.30,0.55]: FAILED
  per-class dCE: digit:+0.050 bclose:+0.064 newline:+0.025 sentend:+0.025 comma:+0.040 name:+0.131 rep:-0.015 subword:+0.066 ind:+0.042 other:+0.100
  era Spearman vs rung-132: 0.3708 over 62
  median member/ref ratio 0.918; tau-curve {'0.5': 8, '1.0': 39, '1.5': 51, '2.0': 54, '3.0': 59}
L2 fresh +0.0781 (was +1.8765); census +0.0736 (was +1.9474); increment -0.1560; valid 8/62
(a) census +0.0736 <= 0.078: HELD
(b) valid 8 >= 8; margin 0.918: HELD
(c) census in [0.01, 0.12]; era rho 0.3708: HELD
wrote /workspace/tensor_language/basis_aligned/bilinear_quotient/mixed_topk_results.json (129s)
