fit layer 0: top256 energy 0.8573
fit layer 1: top256 energy 0.8149
fit layer 2: top256 energy 0.7641
fit layer 3: top256 energy 0.7684
fit layer 4: top256 energy 0.8068
fit layer 5: top256 energy 0.7990
fit layer 6: top256 energy 0.7612
fit layer 7: top256 energy 0.7039
fit layer 8: top256 energy 0.7077
fit layer 9: top256 energy 0.6922
fit layer 10: top256 energy 0.6802
fit layer 11: top256 energy 0.7017
fit layer 12: top256 energy 0.7017
fit layer 13: top256 energy 0.7009
fit layer 14: top256 energy 0.6800
fit layer 15: top256 energy 0.7504
fit layer 16: top256 energy 0.9595
fit layer 17: top256 energy 0.9896
ARM: mixed104 online-c_v0 + rank256 MLP PCA at {0,8,17}
a2-input probe acc 0.69
fit a2
fit a3
fit a4
fit a5
fit a6
fit a7
fit a8
fit a9
fit a10
fit a11
fit a12
fit a13
fit a14
fit a15
fit a16
fit a17
  cp_swap: front MLPs m0-m3 -> CP top-4608 in place (tailE remains table-front-fit)
  QK rank-96 factors built for all motif heads
  QK rank-96 factors built for tail blocks 10-17
  tail QK hooks registered (gated)
L1 (+38 heads): C +0.2279 | fresh +0.2108
  window 0 (7 docs): L2 fresh +0.0570
  window 1 (42 docs): L2 fresh +0.0687
  window 2 (17 docs): L2 fresh +0.0562
  window 3 (23 docs): L2 fresh +0.0649
  window 4 (43 docs): L2 fresh +0.0604
  window 5 (26 docs): L2 fresh +0.0578
  window 6 (35 docs): L2 fresh +0.0277
  window 7 (35 docs): L2 fresh +0.0519
L2 empirical: C +0.0629 | fresh +0.0591 | tail-attn increment -0.1516
(a) L2 <= +2.75 fresh: HELD
(b) increment in [0.30,0.55]: FAILED
{
  "status": "mixed104_online_cv0_pca_fixed_triple_complete",
  "rung": 310,
  "claim_level": "physical_composition_census_certificates_fresh_gate_only",
  "convention": "CE added above native model; lower is better",
  "active_mixed_replacements": [
    "m0E",
    "m1",
    "m2E",
    "m3E",
    "c4",
    "c5",
    "c6",
    "c7",
    "c8",
    "c9"
  ],
  "mlp_projectors_observed": {
    "0": 256,
    "8": 256,
    "17": 256
  },
  "qk_singular_indices": [
    0,
    1,
    2,
    3,
    4,
    5,
    6,
    7,
    8,
    9,
    10,
    11,
    12,
    13,
    14,
    15,
    16,
    17,
    18,
    19,
    20,
    21,
    22,
    23,
    24,
    25,
    26,
    27,
    28,
    29,
    30,
    31,
    32,
    33,
    34,
    35,
    36,
    37,
    38,
    39,
    40,
    41,
    42,
    43,
    44,
    45,
    46,
    47,
    48,
    49,
    50,
    51,
    52,
    53,
    54,
    55,
    56,
    57,
    58,
    59,
    60,
    61,
    62,
    63,
    64,
    65,
    66,
    67,
    68,
    69,
    70,
    71,
    72,
    73,
    74,
    75,
    76,
    77,
    78,
    79,
    80,
    81,
    82,
    83,
    84,
    85,
    86,
    87,
    88,
    89,
    90,
    91,
    92,
    93,
    94,
    95,
    120,
    121,
    122,
    123,
    124,
    125,
    126,
    127
  ],
  "qk_factor_widths": [
    104
  ],
  "census_damage": 0.06745056807994843,
  "mlp_surcharge_over_adopted_mixed104": 0.06275861807994843,
  "certificates_valid": 8,
  "fresh8": [
    0.057,
    0.0687,
    0.0562,
    0.0649,
    0.0604,
    0.0578,
    0.0277,
    0.0519
  ],
  "max_fresh_damage": 0.0687,
  "price": {
    "parent_scalars": 539595062,
    "parent_raw_bytes": 2042438252,
    "saving_scalars": 11501568,
    "literal_standalone_scalars": 528093494,
    "literal_raw_tensor_bytes": 1996431980
  },
  "pred_a_combined_census_and_certificates": false,
  "pred_b_mlp_surcharge_composes": true,
  "pred_c_fresh_and_identity": true,
  "null_combined_program_unusable": false,
  "runtime_s": 130.44509029388428
}
wrote /workspace/tensor_language/basis_aligned/bilinear_quotient/mixed104_online_cv0_pca_fixed_triple_results.json and /workspace/tensor_language/basis_aligned/bilinear_quotient/cev_mixed104_online_cv0_pca_fixed_triple.pt
