ARM: mixed104 + late context-RRR p768 at {15,16,17}
a2-input probe acc 0.69
fit a2
fit a3
fit a4
fit a5
fit a6
fit a7
fit a8
fit a9
fit a10
fit a11
fit a12
fit a13
fit a14
fit a15
fit a16
fit a17
  cp_swap: front MLPs m0-m3 -> CP top-4608 in place (tailE remains table-front-fit)
  QK rank-96 factors built for all motif heads
  QK rank-96 factors built for tail blocks 10-17
  tail QK hooks registered (gated)
L1 (+38 heads): C +0.2280 | fresh +0.2107
  window 0 (7 docs): L2 fresh +0.0310
  window 1 (42 docs): L2 fresh +0.0430
  window 2 (17 docs): L2 fresh +0.0467
  window 3 (23 docs): L2 fresh +0.0461
  window 4 (43 docs): L2 fresh +0.0536
  window 5 (26 docs): L2 fresh +0.0419
  window 6 (35 docs): L2 fresh +0.0376
  window 7 (35 docs): L2 fresh +0.0369
L2 empirical: C +0.0571 | fresh +0.0332 | tail-attn increment -0.1775
(a) L2 <= +2.75 fresh: HELD
(b) increment in [0.30,0.55]: FAILED
{
  "status": "mixed104_late_context_metric_input_triple_complete",
  "rung": 322,
  "claim_level": "physical_fixed_late_context_metric_census_certificate_fresh_price_gate",
  "convention": "CE added above native; lower is better",
  "fit_cache": "fineweb_n192_skip11000.pt",
  "fit_rows_half_open": [
    0,
    24
  ],
  "fit_diagnostics": {
    "15": {
      "context_cov_top768_energy": 0.9872146844863892,
      "context_cov_condition_after_floor": 46167.6796875,
      "covariance_floor": 0.0008408865356445312
    },
    "16": {
      "context_cov_top768_energy": 0.9840137362480164,
      "context_cov_condition_after_floor": 34036.09375,
      "covariance_floor": 0.000756614013671875
    },
    "17": {
      "context_cov_top768_energy": 0.9849985837936401,
      "context_cov_condition_after_floor": 29959.775390625,
      "covariance_floor": 0.0006008871459960937
    }
  },
  "layers": [
    15,
    16,
    17
  ],
  "rank": 768,
  "census_damage": 0.03948509320616722,
  "surcharge_over_adopted_mixed104": 0.03479314320616722,
  "certificates_valid": 28,
  "max_fresh_damage": 0.0536,
  "mlp_input_program_observed": {
    "15": 768,
    "16": 768,
    "17": 768
  },
  "qk_singular_indices": [
    0,
    1,
    2,
    3,
    4,
    5,
    6,
    7,
    8,
    9,
    10,
    11,
    12,
    13,
    14,
    15,
    16,
    17,
    18,
    19,
    20,
    21,
    22,
    23,
    24,
    25,
    26,
    27,
    28,
    29,
    30,
    31,
    32,
    33,
    34,
    35,
    36,
    37,
    38,
    39,
    40,
    41,
    42,
    43,
    44,
    45,
    46,
    47,
    48,
    49,
    50,
    51,
    52,
    53,
    54,
    55,
    56,
    57,
    58,
    59,
    60,
    61,
    62,
    63,
    64,
    65,
    66,
    67,
    68,
    69,
    70,
    71,
    72,
    73,
    74,
    75,
    76,
    77,
    78,
    79,
    80,
    81,
    82,
    83,
    84,
    85,
    86,
    87,
    88,
    89,
    90,
    91,
    92,
    93,
    94,
    95,
    120,
    121,
    122,
    123,
    124,
    125,
    126,
    127
  ],
  "qk_factor_widths": [
    104
  ],
  "active_replacements": [
    "m0E",
    "m1",
    "m2E",
    "m3E",
    "c4",
    "c5",
    "c6",
    "c7",
    "c8",
    "c9"
  ],
  "literal_standalone_scalars": 531632438,
  "literal_raw_tensor_bytes": 2010587756,
  "saving_vs_native_scalars": 14270464,
  "pred_a_census_and_certificate_screen": false,
  "pred_b_composition_surcharge_is_controlled": false,
  "pred_c_fresh_fit_price_and_identity": false,
  "null_late_context_metric_composition_not_useful": false,
  "runtime_s": 131.92440104484558
}
MIXED104 LATE CONTEXT-RRR TRIPLE DONE
