fit layer 0: top256 energy 0.8573
fit layer 1: top256 energy 0.8149
fit layer 2: top256 energy 0.7641
fit layer 3: top256 energy 0.7684
fit layer 4: top256 energy 0.8068
fit layer 5: top256 energy 0.7990
fit layer 6: top256 energy 0.7612
fit layer 7: top256 energy 0.7039
fit layer 8: top256 energy 0.7077
fit layer 9: top256 energy 0.6922
fit layer 10: top256 energy 0.6802
fit layer 11: top256 energy 0.7017
fit layer 12: top256 energy 0.7017
fit layer 13: top256 energy 0.7009
fit layer 14: top256 energy 0.6800
fit layer 15: top256 energy 0.7504
fit layer 16: top256 energy 0.9595
fit layer 17: top256 energy 0.9896
ARM FAMILY: mixed104 + PCA pairs {0,8}/{0,17}/{8,17}
a2-input probe acc 0.69
fit a2
fit a3
fit a4
fit a5
fit a6
fit a7
fit a8
fit a9
fit a10
fit a11
fit a12
fit a13
fit a14
fit a15
fit a16
fit a17
  cp_swap: front MLPs m0-m3 -> CP top-4608 in place (tailE remains table-front-fit)
  QK rank-96 factors built for all motif heads
  QK rank-96 factors built for tail blocks 10-17
  tail QK hooks registered (gated)
L1 (+38 heads): C +0.2280 | fresh +0.2108
  window 0 (7 docs): L2 fresh +0.0348
  window 1 (42 docs): L2 fresh +0.0319
  window 2 (17 docs): L2 fresh +0.0166
  window 3 (23 docs): L2 fresh +0.0272
  window 4 (43 docs): L2 fresh +0.0259
  window 5 (26 docs): L2 fresh +0.0294
  window 6 (35 docs): L2 fresh +0.0033
  window 7 (35 docs): L2 fresh +0.0245
L2 empirical: C +0.0268 | fresh +0.0370 | tail-attn increment -0.1737
(a) L2 <= +2.75 fresh: HELD
(b) increment in [0.30,0.55]: FAILED
p0_8 (0, 8): census +0.040212, certs 16/62
p0_17 (0, 17): census +0.049700, certs 17/62
p8_17 (8, 17): census +0.047265, certs 19/62
{
  "best": "p8_17",
  "predicates": [
    false,
    true,
    false
  ],
  "null": false,
  "runtime_s": 163.39270424842834
}
MIXED104 PCA FIXED PAIR FRONTIER DONE
