ARM: corrected mixed with per-token CP top-1152
a2-input probe acc 0.69
fit a2
fit a3
fit a4
fit a5
fit a6
fit a7
fit a8
fit a9
fit a10
fit a11
fit a12
fit a13
fit a14
fit a15
fit a16
fit a17
  cp_swap: front MLPs m0-m3 -> CP top-4608 in place (tailE remains table-front-fit)
  QK rank-96 factors built for all motif heads
  QK rank-96 factors built for tail blocks 10-17
  tail QK hooks registered (gated)
L1 (+38 heads): C +0.2705 | fresh +0.2405
  window 0 (7 docs): L2 fresh +0.0216
  window 1 (42 docs): L2 fresh +0.0250
  window 2 (17 docs): L2 fresh +0.0230
  window 3 (23 docs): L2 fresh +0.0202
  window 4 (43 docs): L2 fresh +0.0237
  window 5 (26 docs): L2 fresh +0.0276
  window 6 (35 docs): L2 fresh +0.0139
  window 7 (35 docs): L2 fresh +0.0242
L2 empirical: C +0.0509 | fresh +0.0249 | tail-attn increment -0.2156
(a) L2 <= +2.75 fresh: HELD
(b) increment in [0.30,0.55]: FAILED
{
  "convention": "CE added above native model; lower is better",
  "census_damage": 0.02400208,
  "baseline_census_damage": 0.00853845,
  "topk_surcharge": 0.01546363,
  "certificates_valid": 26,
  "fresh8": [
    0.0216,
    0.025,
    0.023,
    0.0202,
    0.0237,
    0.0276,
    0.0139,
    0.0242
  ],
  "max_fresh_damage": 0.0276,
  "selected_cp_width": 1152,
  "full_cp_width": 4608,
  "cp_unit_compute_reduction": 4.0,
  "physical_qk_factor_ranks": [
    96
  ],
  "approx_storage_values": 123431040,
  "pred_a_additive_compute_price": true,
  "pred_b_certificates": false,
  "pred_c_fresh_and_live": true,
  "null_triggered": false,
  "decision_level": "compute-composition candidate; exact price and shifted-corpus OOD pending",
  "runtime_s": 128.5
}
wrote /workspace/tensor_language/basis_aligned/bilinear_quotient/mixed_topk_native_a1v_results.json and /workspace/tensor_language/basis_aligned/bilinear_quotient/cev_mixed_topk_native_a1v.pt
