ARM: mixed104 + shared-input SVD768 at fixed layers {0,7,14}
a2-input probe acc 0.69
fit a2
fit a3
fit a4
fit a5
fit a6
fit a7
fit a8
fit a9
fit a10
fit a11
fit a12
fit a13
fit a14
fit a15
fit a16
fit a17
  cp_swap: front MLPs m0-m3 -> CP top-4608 in place (tailE remains table-front-fit)
  QK rank-96 factors built for all motif heads
  QK rank-96 factors built for tail blocks 10-17
  tail QK hooks registered (gated)
L1 (+38 heads): C +0.2280 | fresh +0.2107
  window 0 (7 docs): L2 fresh +0.0227
  window 1 (42 docs): L2 fresh +0.0277
  window 2 (17 docs): L2 fresh +0.0073
  window 3 (23 docs): L2 fresh +0.0227
  window 4 (43 docs): L2 fresh +0.0256
  window 5 (26 docs): L2 fresh +0.0252
