ARM: mixed104 + MLP0 shared-input SVD768 + frozen WikiText OOD
a2-input probe acc 0.69
fit a2
fit a3
fit a4
fit a5
fit a6
fit a7
fit a8
fit a9
fit a10
fit a11
fit a12
fit a13
fit a14
fit a15
fit a16
fit a17
  cp_swap: front MLPs m0-m3 -> CP top-4608 in place (tailE remains table-front-fit)
  QK rank-96 factors built for all motif heads
  QK rank-96 factors built for tail blocks 10-17
  tail QK hooks registered (gated)
L1 (+38 heads): C +0.2280 | fresh +0.2107
  extra eval wikitext-2-raw-v1-test-skip70000: native 3.775088 compiled 3.785708 damage +0.01062046
  window 0 (7 docs): L2 fresh -0.0059
  window 1 (42 docs): L2 fresh -0.0051
  window 2 (17 docs): L2 fresh -0.0046
  window 3 (23 docs): L2 fresh -0.0016
  window 4 (43 docs): L2 fresh -0.0022
  window 5 (26 docs): L2 fresh -0.0004
  window 6 (35 docs): L2 fresh -0.0127
  window 7 (35 docs): L2 fresh -0.0041
L2 empirical: C +0.0021 | fresh -0.0037 | tail-attn increment -0.2144
(a) L2 <= +2.75 fresh: HELD
(b) increment in [0.30,0.55]: FAILED
{
  "status": "mixed104_mlp0_svd768_ood_complete",
  "rung": 316,
  "claim_level": "physical_shifted_ood_and_unablated_signed_baseline_gate",
  "convention": "compiled CE minus native CE on identical positions",
  "dataset": "Salesforce/wikitext:wikitext-2-raw-v1:test",
  "dataset_fingerprint": "a46124b21ac53738",
  "source_token_count": 286177,
  "row_construction": {
    "skip_tokens": 70000,
    "n_rows": 120,
    "tokens_per_row": 257
  },
  "native_ce": 3.775087594985962,
  "compiled_ce": 3.785707950592041,
  "damage_mean": 0.010620462708175182,
  "damage_mean_abs_position": 0.11330758035182953,
  "damage_row_p50": 0.01068868488073349,
  "damage_row_p95": 0.03245330601930618,
  "damage_row_min": -0.026304950937628746,
  "damage_row_max": 0.03918328881263733,
  "census_damage": 0.00901181809604168,
  "certificates_valid": 50,
  "fresh8": [
    -0.0059,
    -0.0051,
    -0.0046,
    -0.0016,
    -0.0022,
    -0.0004,
    -0.0127,
    -0.0041
  ],
  "max_fresh_damage": -0.0004,
  "mlp_input_program_observed": {
    "0": 768
  },
  "qk_singular_indices": [
    0,
    1,
    2,
    3,
    4,
    5,
    6,
    7,
    8,
    9,
    10,
    11,
    12,
    13,
    14,
    15,
    16,
    17,
    18,
    19,
    20,
    21,
    22,
    23,
    24,
    25,
    26,
    27,
    28,
    29,
    30,
    31,
    32,
    33,
    34,
    35,
    36,
    37,
    38,
    39,
    40,
    41,
    42,
    43,
    44,
    45,
    46,
    47,
    48,
    49,
    50,
    51,
    52,
    53,
    54,
    55,
    56,
    57,
    58,
    59,
    60,
    61,
    62,
    63,
    64,
    65,
    66,
    67,
    68,
    69,
    70,
    71,
    72,
    73,
    74,
    75,
    76,
    77,
    78,
    79,
    80,
    81,
    82,
    83,
    84,
    85,
    86,
    87,
    88,
    89,
    90,
    91,
    92,
    93,
    94,
    95,
    120,
    121,
    122,
    123,
    124,
    125,
    126,
    127
  ],
  "qk_factor_widths": [
    104
  ],
  "active_replacements": [
    "m0E",
    "m1",
    "m2E",
    "m3E",
    "c4",
    "c5",
    "c6",
    "c7",
    "c8",
    "c9"
  ],
  "literal_standalone_scalars": 536940854,
  "literal_raw_tensor_bytes": 2031821420,
  "pred_a_shifted_mean_tail_and_max": true,
  "pred_b_census_and_certificates_reproduce": true,
  "pred_c_dataset_price_and_identity": true,
  "null_shifted_transport_fails": false,
  "runtime_s": 136.61227321624756
}
wrote /workspace/tensor_language/basis_aligned/bilinear_quotient/mixed104_mlp0_svd768_ood_results.json and /workspace/tensor_language/basis_aligned/bilinear_quotient/cev_mixed104_mlp0_svd768.pt
