a_ordinary_384: FW {'mean': 0.008416062593460083, 'p95': 0.03130464553833007, 'max': 0.04462623596191406} WT {'mean': 0.011200135946273804, 'p95': 0.03487145900726316, 'max': 0.054197072982788086}
a_ordinary_448: FW {'mean': 0.00565374493598938, 'p95': 0.023470151424407944, 'max': 0.0377655029296875} WT {'mean': 0.008860206604003907, 'p95': 0.030085718631744376, 'max': 0.04310417175292969}
a_consequence_384: FW {'mean': 0.007940852642059326, 'p95': 0.029209065437316873, 'max': 0.0427546501159668} WT {'mean': 0.010821425914764404, 'p95': 0.029866778850555394, 'max': 0.03914999961853027}
a_consequence_448: FW {'mean': 0.006213539838790893, 'p95': 0.02417068481445312, 'max': 0.03247714042663574} WT {'mean': 0.006843507289886475, 'p95': 0.024988043308258046, 'max': 0.03746342658996582}
b_ordinary_384: FW {'mean': 0.006373876333236694, 'p95': 0.024966430664062487, 'max': 0.0347442626953125} WT {'mean': 0.010520285367965699, 'p95': 0.03198516368865967, 'max': 0.032640933990478516}
b_ordinary_448: FW {'mean': 0.003794461488723755, 'p95': 0.020758569240570058, 'max': 0.03156709671020508} WT {'mean': 0.006916707754135132, 'p95': 0.02022502422332762, 'max': 0.02623891830444336}
b_consequence_384: FW {'mean': 0.006655746698379516, 'p95': 0.024568939208984352, 'max': 0.03401517868041992} WT {'mean': 0.011130988597869873, 'p95': 0.02958887815475463, 'max': 0.0332183837890625}
b_consequence_448: FW {'mean': 0.003416663408279419, 'p95': 0.0189385175704956, 'max': 0.023283004760742188} WT {'mean': 0.006952649354934693, 'p95': 0.023955011367797853, 'max': 0.02645254135131836}
{
  "predicates": [
    false,
    true,
    true
  ],
  "null": false,
  "split_overlap": {
    "384": 0.7338697910308838,
    "448": 0.7439701557159424
  },
  "runtime_s": 18.760560512542725
}
MLP0 CONSEQUENCE-WEIGHTED CONTEXT METRIC SCREEN DONE
