Warning: You are sending unauthenticated requests to the HF Hub. Please set a HF_TOKEN to enable higher rate limits and faster downloads.
fit capture done
K=2 built
K=16 built
K=64 built
K=256 built
variants built
None: 2.9455
mean: 3.8224
full: 3.0675
svd24: 3.2930
down2: 3.8854
act2: 3.8813
down16: 3.4698
act16: 3.5033
down64: 3.3739
act64: 3.4123
down256: 3.2873
act256: 3.2990
fids {'full': 0.8656, 'svd24': 0.6173, 'down2': -0.0351, 'act2': -0.0306, 'down16': 0.4226, 'act16': 0.3857, 'down64': 0.5282, 'act64': 0.4859, 'down256': 0.6236, 'act256': 0.6107}
pred_a True | pred_b False | pred_c False
wrote /workspace/tensor_language/basis_aligned/bilinear_quotient/mlp0_downstream_clusters_results.json (440.5s)
