READ MAP (ratio vs random-in-span):
    mlp1.Left: {'determiner': 0.76, 'preposition': 0.79, 'pronoun': 0.93, 'conjunction': 0.87, 'aux/be/neg': 0.83, 'number': 1.0, 'punctuation': 0.88, 'Capitalized': 0.91, 'subword-piece': 0.99, 'content word': 0.77}
   mlp1.Right: {'determiner': 0.74, 'preposition': 0.79, 'pronoun': 0.93, 'conjunction': 0.88, 'aux/be/neg': 0.82, 'number': 1.02, 'punctuation': 0.89, 'Capitalized': 0.91, 'subword-piece': 0.98, 'content word': 0.77}
    mlp5.Left: {'determiner': 1.0, 'preposition': 1.0, 'pronoun': 1.01, 'conjunction': 1.03, 'aux/be/neg': 1.02, 'number': 0.97, 'punctuation': 0.98, 'Capitalized': 0.97, 'subword-piece': 1.01, 'content word': 1.03}
   mlp5.Right: {'determiner': 0.98, 'preposition': 1.01, 'pronoun': 1.02, 'conjunction': 1.04, 'aux/be/neg': 1.02, 'number': 0.97, 'punctuation': 1.0, 'Capitalized': 0.99, 'subword-piece': 1.01, 'content word': 1.05}
   mlp16.Left: {'determiner': 1.06, 'preposition': 1.07, 'pronoun': 1.02, 'conjunction': 1.02, 'aux/be/neg': 1.05, 'number': 1.01, 'punctuation': 1.07, 'Capitalized': 1.0, 'subword-piece': 0.99, 'content word': 1.02}
      attn1.q: {'determiner': 1.04, 'preposition': 1.17, 'pronoun': 1.13, 'conjunction': 1.12, 'aux/be/neg': 1.0, 'number': 0.96, 'punctuation': 1.36, 'Capitalized': 1.22, 'subword-piece': 1.36, 'content word': 1.31}
      attn1.k: {'determiner': 1.54, 'preposition': 1.67, 'pronoun': 1.15, 'conjunction': 1.54, 'aux/be/neg': 1.6, 'number': 1.26, 'punctuation': 1.39, 'Capitalized': 1.48, 'subword-piece': 1.38, 'content word': 1.46}
     attn1.q2: {'determiner': 1.08, 'preposition': 1.14, 'pronoun': 1.12, 'conjunction': 1.02, 'aux/be/neg': 0.97, 'number': 0.97, 'punctuation': 1.16, 'Capitalized': 1.05, 'subword-piece': 1.37, 'content word': 1.23}
     attn1.k2: {'determiner': 1.74, 'preposition': 1.83, 'pronoun': 1.24, 'conjunction': 1.5, 'aux/be/neg': 1.82, 'number': 1.29, 'punctuation': 1.16, 'Capitalized': 1.4, 'subword-piece': 1.16, 'content word': 1.52}
      attn1.v: {'determiner': 0.83, 'preposition': 0.8, 'pronoun': 0.88, 'conjunction': 0.97, 'aux/be/neg': 0.8, 'number': 0.99, 'punctuation': 1.03, 'Capitalized': 0.91, 'subword-piece': 1.02, 'content word': 0.9}
      attn5.q: {'determiner': 1.0, 'preposition': 1.1, 'pronoun': 1.09, 'conjunction': 1.01, 'aux/be/neg': 1.04, 'number': 1.07, 'punctuation': 1.07, 'Capitalized': 1.06, 'subword-piece': 1.17, 'content word': 1.04}
      attn5.k: {'determiner': 1.22, 'preposition': 1.23, 'pronoun': 1.07, 'conjunction': 1.13, 'aux/be/neg': 1.14, 'number': 1.08, 'punctuation': 1.13, 'Capitalized': 1.01, 'subword-piece': 1.23, 'content word': 1.1}
      attn5.v: {'determiner': 1.01, 'preposition': 0.99, 'pronoun': 0.98, 'conjunction': 0.94, 'aux/be/neg': 0.96, 'number': 1.03, 'punctuation': 1.01, 'Capitalized': 1.02, 'subword-piece': 1.01, 'content word': 0.95}
ablate    determiner: overall +0.0069 | at-own-class +0.0138
ablate   preposition: overall +0.0051 | at-own-class +0.0098
ablate       pronoun: overall +0.0051 | at-own-class +0.0109
ablate   conjunction: overall +0.0043 | at-own-class +0.0040
ablate    aux/be/neg: overall +0.0051 | at-own-class +0.0072
ablate        number: overall +0.0022 | at-own-class +0.0161
ablate   punctuation: overall +0.0034 | at-own-class +0.0051
ablate   Capitalized: overall +0.0097 | at-own-class +0.0205
ablate subword-piece: overall +0.0088 | at-own-class +0.0461
ablate  content word: overall +0.0091 | at-own-class +0.0096
diag-dominant classes 1/8: ['number']
reader-class pairs: []
pred_a diagonal False | pred_b readers False | wrote /workspace/tensor_language/basis_aligned/bilinear_quotient/mlp0_class_readers_results.json (130.3s)
