{
  "calls": {
    "attention": 36,
    "mlp": 36
  },
  "checkpoint": {
    "config_sha256": "428042bfd807ba36f8b4326395440fbbebe52cd3d040212e6fef14a4fdf2d83c",
    "logit_vocab": 50304,
    "revision": "ed9146549ee6dc8ed8cd75e9d48fcfe4278f4240",
    "snapshot": "/workspace/.hf_home/hub/models--Elriggs--gpt2-bilinear-sqrd-attn-18l-9h-1152embd/snapshots/ed9146549ee6dc8ed8cd75e9d48fcfe4278f4240",
    "tokenizer_vocab": 50257,
    "weights_bytes": 2067738635,
    "weights_sha256": "680d6c26cf05af2e9b5eaac1d52fa1c9e4ea443f60a7c74ad211740e317d6de3"
  },
  "checks": {
    "all_nonfull_subset_edits_live": true,
    "call_census_exact": true,
    "empty_suffix_and_consumers_live": true,
    "full_mlp0_replay_exact": true,
    "full_suffix_replay_exact": true,
    "planted_recovery_exact": true,
    "source_partition_exact": true
  },
  "diagnostics": {
    "joint_preprojection_relative_mse": 9.546344263061355e-06,
    "numerical_remainder_relative_energy": 9.133311883558602e-06,
    "semantic_plus_remainder_relative_mse": 0.0
  },
  "full_mlp0_max_abs_error": 0.0,
  "full_suffix_max_abs_error": 0.0,
  "nonfull_minimum_edit_rms": 93.13660430908203,
  "rung": 517,
  "runtime_s": 4.23186993598938,
  "scientific_outcomes_retained": false,
  "status": "gpu_smoke_passed"
}
