a_ordinary_384: FW {'mean': 0.003911882638931274, 'p95': 0.02313535213470459, 'max': 0.02379322052001953} WT {'mean': 0.006184220314025879, 'p95': 0.027844858169555665, 'max': 0.029744625091552734}
a_ordinary_448: FW {'mean': -0.0009410619735717773, 'p95': 0.017566990852355954, 'max': 0.02154994010925293} WT {'mean': 0.006357789039611816, 'p95': 0.025323271751403805, 'max': 0.02690410614013672}
a_robust_384: FW {'mean': 0.00207177996635437, 'p95': 0.02237108945846557, 'max': 0.024479389190673828} WT {'mean': 0.005080783367156982, 'p95': 0.02522501945495605, 'max': 0.026699542999267578}
a_robust_448: FW {'mean': 7.094144821166992e-05, 'p95': 0.021536767482757565, 'max': 0.023720741271972656} WT {'mean': 0.0040719866752624515, 'p95': 0.02146654129028319, 'max': 0.027683734893798828}
b_ordinary_384: FW {'mean': 0.0083565354347229, 'p95': 0.027514612674713116, 'max': 0.03460073471069336} WT {'mean': 0.008685058355331421, 'p95': 0.03053039312362671, 'max': 0.03559589385986328}
b_ordinary_448: FW {'mean': 0.006034338474273681, 'p95': 0.02404779195785522, 'max': 0.026899099349975586} WT {'mean': 0.0071172893047332765, 'p95': 0.027879679203033445, 'max': 0.029201030731201172}
b_robust_384: FW {'mean': 0.009841108322143554, 'p95': 0.026400136947631814, 'max': 0.041471242904663086} WT {'mean': 0.008557337522506713, 'p95': 0.03297202587127685, 'max': 0.03746366500854492}
b_robust_448: FW {'mean': 0.006405377388000488, 'p95': 0.02361130714416504, 'max': 0.02856159210205078} WT {'mean': 0.004276585578918457, 'p95': 0.023854327201843255, 'max': 0.029400110244750977}
{
  "predicates": [
    false,
    true,
    false
  ],
  "null": false,
  "split_overlap": {
    "384": 0.73473060131073,
    "448": 0.743096113204956
  },
  "runtime_s": 18.347174406051636
}
MLP0 TAIL-ROBUST CONTEXT METRIC SCREEN DONE
