{
  "status": "mlp0_shared_head_written_subspaces_complete",
  "rung": 416,
  "claim_level": "gauge_stable_shared_subspace_screen_not_compression",
  "definition": {
    "I": "fixed-gain centered token-by-context bilinear branch",
    "C": "fixed-gain centered context-only linear-plus-quadratic branch",
    "endpoint_average": "mean of singleton recovery and removal damage; not Shapley",
    "effective_writer_count": "inverse squared head-energy shares per residual-stream mode",
    "gauge_scope": "SHARED and TOTAL use output-projected writes and are invariant to private within-head OV coordinates and head permutation; HEAD3 is a label-dependent comparator"
  },
  "documents": {
    "FIT_basis": 96,
    "SELECT_physical": 96,
    "FINAL_opened": 0
  },
  "positions_per_document": 192,
  "rank": 64,
  "literal_diagnostic_price_per_basis_values": 73728,
  "fit": {
    "head_mean_positions": 24576,
    "context_self_mean_positions": 24576,
    "half_position_counts": [
      12288,
      12288
    ],
    "shared_half_projector_overlap": 0.8528493642807007,
    "orthogonality_max_abs": {
      "SHARED": 7.152557373046875e-07,
      "TOTAL": 9.5367431640625e-07,
      "HEAD3": 5.960464477539062e-07,
      "HAAR": 3.5762786865234375e-07
    },
    "top64_covariance_eigenvalues": {
      "SHARED": [
        181099744.0,
        112114840.0,
        92108672.0,
        78232288.0,
        73289968.0,
        62838204.0,
        60258216.0,
        48933168.0,
        46612460.0,
        44855480.0,
        40125840.0,
        39457240.0,
        37020764.0,
        35060492.0,
        34361864.0,
        30991802.0,
        29567816.0,
        28427408.0,
        27346186.0,
        26325462.0,
        25324580.0,
        24998088.0,
        24665604.0,
        24001398.0,
        22985762.0,
        22505322.0,
        21987832.0,
        21700244.0,
        20745278.0,
        20499564.0,
        20173342.0,
        19574532.0,
        19481686.0,
        19178526.0,
        18821504.0,
        18457784.0,
        18117590.0,
        18084964.0,
        17804086.0,
        17307480.0,
        17220000.0,
        16945938.0,
        16654544.0,
        16616481.0,
        16410663.0,
        16229723.0,
        15654415.0,
        15583275.0,
        15424340.0,
        15314338.0,
        15120233.0,
        14981276.0,
        14799750.0,
        14623701.0,
        14382778.0,
        14018688.0,
        13901157.0,
        13811389.0,
        13730832.0,
        13513368.0,
        13466289.0,
        13058353.0,
        12973769.0,
        12924695.0
      ],
      "TOTAL": [
        199996496.0,
        140597616.0,
        133573552.0,
        113744776.0,
        97984656.0,
        90304208.0,
        84637680.0,
        80661128.0,
        74722856.0,
        64680476.0,
        57350376.0,
        52411572.0,
        50103652.0,
        49798860.0,
        46277284.0,
        42734184.0,
        41241668.0,
        40176204.0,
        36559484.0,
        35720888.0,
        34142148.0,
        32605100.0,
        29956120.0,
        29683498.0,
        29012890.0,
        27575310.0,
        26646060.0,
        25894330.0,
        25236826.0,
        24196178.0,
        24100518.0,
        23089028.0,
        22829736.0,
        22540854.0,
        22053662.0,
        21174316.0,
        21053534.0,
        20720666.0,
        20206190.0,
        20077808.0,
        19888580.0,
        19408740.0,
        19240254.0,
        19193844.0,
        18821546.0,
        18446552.0,
        18225824.0,
        17913444.0,
        17773952.0,
        17615688.0,
        17172870.0,
        16877368.0,
        16538002.0,
        16320305.0,
        15927294.0,
        15807832.0,
        15461543.0,
        15180877.0,
        14975890.0,
        14667097.0,
        14585836.0,
        14390480.0,
        14309694.0,
        14109087.0
      ],
      "HEAD3": [
        170172608.0,
        105955592.0,
        82783960.0,
        73802504.0,
        59890412.0,
        55258020.0,
        44121320.0,
        41366292.0,
        36753316.0,
        29126616.0,
        27537128.0,
        26512012.0,
        25485356.0,
        23888340.0,
        23599546.0,
        22494226.0,
        22112100.0,
        21255432.0,
        19530104.0,
        18762084.0,
        18586566.0,
        18195868.0,
        17656630.0,
        17380402.0,
        17272212.0,
        16985736.0,
        16762727.0,
        16506732.0,
        15968412.0,
        15607763.0,
        15289946.0,
        14904486.0,
        14806202.0,
        14715081.0,
        14590616.0,
        14295822.0,
        14190507.0,
        13705451.0,
        13554601.0,
        13356910.0,
        13045446.0,
        13023209.0,
        12704586.0,
        12365447.0,
        12152312.0,
        12036742.0,
        11838721.0,
        11589541.0,
        11256105.0,
        11179076.0,
        10961996.0,
        10904930.0,
        10878708.0,
        10764254.0,
        10488054.0,
        10339062.0,
        10159524.0,
        10047614.0,
        9889618.0,
        9743870.0,
        9631812.0,
        9490913.0,
        9309472.0,
        9243947.0
      ]
    }
  },
  "select": {
    "pooled_ce": {
      "FULL": 2.9596006025870643,
      "ZERO_I": 3.0851410627365112,
      "ZERO_C": 3.0139332935214043,
      "I_SHARED": 2.977564264088869,
      "I_TOTAL": 2.9736005552113056,
      "I_HEAD3": 2.9883140437304974,
      "I_HAAR": 3.0643212919433913,
      "DROP_I_SHARED": 3.0002938148876033,
      "DROP_I_TOTAL": 3.009987495839596,
      "DROP_I_HEAD3": 2.9929836789766946,
      "DROP_I_HAAR": 2.9602470633884272,
      "C_SHARED": 2.974363905688127,
      "C_TOTAL": 2.972129133840402,
      "C_HEAD3": 2.9813927623132863,
      "C_HAAR": 3.0108242109417915,
      "DROP_C_SHARED": 2.981757423530022,
      "DROP_C_TOTAL": 2.9846177299817405,
      "DROP_C_HEAD3": 2.972039053837458,
      "DROP_C_HAAR": 2.9599133282899857
    },
    "endpoint_benefits": {
      "I": {
        "SHARED": {
          "singleton_benefit": 0.10757679864764214,
          "removal_benefit": 0.04069321230053902,
          "endpoint_average_benefit": 0.07413500547409058
        },
        "TOTAL": {
          "singleton_benefit": 0.11154050752520561,
          "removal_benefit": 0.05038689325253154,
          "endpoint_average_benefit": 0.08096370038886858
        },
        "HEAD3": {
          "singleton_benefit": 0.09682701900601387,
          "removal_benefit": 0.03338307638963034,
          "endpoint_average_benefit": 0.0651050476978221
        },
        "HAAR": {
          "singleton_benefit": 0.02081977079311992,
          "removal_benefit": 0.0006464608013629913,
          "endpoint_average_benefit": 0.010733115797241455
        }
      },
      "C": {
        "SHARED": {
          "singleton_benefit": 0.039569387833277236,
          "removal_benefit": 0.0221568209429579,
          "endpoint_average_benefit": 0.030863104388117568
        },
        "TOTAL": {
          "singleton_benefit": 0.04180415968100215,
          "removal_benefit": 0.02501712739467621,
          "endpoint_average_benefit": 0.03341064353783918
        },
        "HEAD3": {
          "singleton_benefit": 0.03254053120811795,
          "removal_benefit": 0.01243845125039389,
          "endpoint_average_benefit": 0.02248949122925592
        },
        "HAAR": {
          "singleton_benefit": 0.003109082579612732,
          "removal_benefit": 0.00031272570292140145,
          "endpoint_average_benefit": 0.0017109041412670667
        }
      }
    },
    "heldout_relative_mse_improvement": {
      "I": {
        "SHARED": 0.7693636169656343,
        "TOTAL": 0.8086074895502463,
        "HEAD3": 0.6407867205982065,
        "HAAR": 0.09153732881792476
      },
      "C": {
        "SHARED": 0.6384531703337395,
        "TOTAL": 0.6739167075567223,
        "HEAD3": 0.470415908518786,
        "HAAR": 0.025605361442304853
      }
    },
    "shared_mode_effective_writer_count": [
      1.8472611035297268,
      2.2382118654365097,
      2.206207841596988,
      2.001600060426443,
      1.6060313518059994,
      1.873007793893767,
      2.0595644092969754,
      1.9620098560134844,
      1.658016628064719,
      1.9046868953363492,
      1.729844328246227,
      2.05253339712176,
      1.5862265554865007,
      1.3803473601050738,
      1.4480017662579563,
      1.662217094356347,
      1.851962677806335,
      2.1031298518648116,
      1.7488430985363552,
      2.0484008654652253,
      2.01047117056545,
      1.9392651976776032,
      1.9636769422894624,
      1.7245027584718298,
      1.396095143081536,
      1.5926891232783909,
      1.405578769255429,
      2.0468355026622373,
      1.729379314432997,
      1.446272360367063,
      2.4177250157060133,
      2.063510055274646,
      1.8438239042165294,
      3.915671815797458,
      3.6159418834261743,
      2.622863712435336,
      2.6700283821215134,
      2.2605713826500393,
      1.7308915843695467,
      2.1392593455294246,
      2.7369757687695424,
      1.9728439209233282,
      2.464767150570388,
      1.5370456080097934,
      3.4001159797046396,
      2.3559675581931128,
      2.2859668811175724,
      1.676913226319111,
      2.2879507051237065,
      3.1266671621816187,
      3.7041673935195063,
      2.4901737624045452,
      4.197472201427413,
      1.8015127988655588,
      1.2708547285873424,
      2.5204939008867413,
      2.3710584264911976,
      1.7116199983576759,
      1.3137146673726656,
      3.167733226019848,
      1.1780562325735362,
      1.6015306685561697,
      1.1635943117715462,
      1.165464303664194
    ],
    "median_effective_writer_count": 1.9620098560134844,
    "fraction_modes_effective_writers_ge_3": 0.109375,
    "shared_mode_head_energy_share": [
      [
        0.011213355331461713,
        0.019632935884150247,
        0.02696179849789266,
        0.021705097988507928,
        0.011543311374668014,
        0.016595938046235506,
        0.014268788626233226,
        0.012716206260124832,
        0.020549825319473365,
        0.012235304427163701,
        0.00871738672930719,
        0.01283562695190127,
        0.014946400624455318,
        0.007203017240916746,
        0.017652914944965542,
        0.007363195553675016,
        0.010874116265983738,
        0.021411230452766414,
        0.01621061722359626,
        0.010631587740798561,
        0.015981452824515914,
        0.013647680610168118,
        0.009093003072884463,
        0.016190622972183422,
        0.014072581196779699,
        0.006194802676588921,
        0.008342123638090847,
        0.013196578426949603,
        0.012135155654557975,
        0.010654519558464016,
        0.044226994859644264,
        0.009951311054515534,
        0.006439492126410591,
        0.11512067100486995,
        0.09922893593197586,
        0.0589895380509503,
        0.12122670790591815,
        0.10966976837967723,
        0.010713022003591524,
        0.03481850236829571,
        0.009436032424366362,
        0.08366110400504861,
        0.13771561267630703,
        0.03146198779427702,
        0.004784404165993114,
        0.01583944926429536,
        0.11734748741511009,
        0.015862554577803365,
        0.00985009646390889,
        0.005418266134527354,
        0.01246233582813269,
        0.018801159021477942,
        0.012902994342565335,
        0.005290599718499486,
        0.0019760253892336208,
        0.018187307502845855,
        0.006128804859001209,
        0.007012620363349476,
        0.0018588672223637044,
        0.0029604440265942624,
        0.007042603582713728,
        0.0019212628433646656,
        0.0026581845605503163,
        0.0011020633086851863
      ],
      [
        0.015102962304349748,
        0.00395925178856436,
        0.0069642275018330846,
        0.005329568020888334,
        0.0030032055424122715,
        0.009501689699314928,
        0.0025904764796557036,
        0.0028427637489576267,
        0.006172624010195666,
        0.004284751844322872,
        0.0032400017284867056,
        0.002523555960877903,
        0.00800950924428653,
        0.0029001719443928417,
        0.002443056090320575,
        0.00538055065382723,
        0.003599702054820255,
        0.0026894128898993013,
        0.003893165011577696,
        0.003584193497616147,
        0.003503176292347084,
        0.003388942298795557,
        0.003874384890231274,
        0.004012047049211039,
        0.0026535970102144865,
        0.002997940736589774,
        0.002457372947890143,
        0.001959685160646694,
        0.00523054363195798,
        0.0029972703576985975,
        0.0039525557907858595,
        0.0026836229386763485,
        0.013748554488148193,
        0.007867879773453264,
        0.0025411197246191617,
        0.0021765206849310333,
        0.0016272115284981204,
        0.004519384923589581,
        0.003556241165693902,
        0.0023787898183435493,
        0.006573410816065763,
        0.0029068192663304635,
        0.0025007470835376926,
        0.002391083886279749,
        0.0034754756989712116,
        0.0024240001950852383,
        0.0020407995504623383,
        0.005100930995876028,
        0.0035683458134897436,
        0.0033687933184927163,
        0.0033412524771663263,
        0.0009803967667803845,
        0.002149712439088595,
        0.0015201358462754338,
        0.0009157150908812473,
        0.0024580918676636674,
        0.0021365276936780196,
        0.0011044607885064856,
        0.0009476656047796905,
        0.000980082280929929,
        0.0008966605140215971,
        0.0016695135294416256,
        0.002423072503978028,
        0.0005600968533558861
      ],
      [
        0.013170029940082295,
        0.015643688249682253,
        0.009118966125091336,
        0.0014560453442678803,
        0.0014600799819564191,
        0.013715354788046965,
        0.007215468071521574,
        0.004599068522836336,
        0.006497247338053159,
        0.0024969299233194376,
        0.009480645741750069,
        0.001993880224799042,
        0.019259845295447536,
        0.0035776717408854625,
        0.003032735482879427,
        0.004418978145078097,
        0.003586596772337535,
        0.011465973591403422,
        0.0018788304465351443,
        0.012498526528649412,
        0.004421679358008856,
        0.0035442738756425313,
        0.012838964574618125,
        0.009593055545689474,
        0.004270630444767723,
        0.0020209942032064763,
        0.0018896326199896194,
        0.002448024708143405,
        0.004821831452480916,
        0.001753397338836137,
        0.0033272580489126535,
        0.007905966942218675,
        0.0037133398145725556,
        0.007449081044478379,
        0.005217361633819754,
        0.0020505931099571457,
        0.00453258391778466,
        0.002492995624252314,
        0.007037733562464021,
        0.0026600673798828547,
        0.002945009403149586,
        0.0011464509623541365,
        0.011925130143244119,
        0.0023229693107844397,
        0.004895781730396078,
        0.0024885205367426205,
        0.010468499505570487,
        0.0020305959190617764,
        0.016242242525624694,
        0.03004758028641889,
        0.35806344535667334,
        0.14598389637033335,
        0.16104112760528225,
        0.01812360719876931,
        0.02548678538916283,
        0.002990237140702706,
        0.0013272435432922552,
        0.002596244730123604,
        0.0017686349709384553,
        0.0019531770727722764,
        0.0007718045412931759,
        0.0009192153016650261,
        0.0005361997708971569,
        0.0017206007978965814
      ],
      [
        0.7212706859243647,
        0.6447000146138944,
        0.655528463023597,
        0.682191623329874,
        0.782700327010082,
        0.718757929719117,
        0.6777053601888983,
        0.6959824357579693,
        0.7677543464966364,
        0.7104451977416859,
        0.749545034489797,
        0.6646638221795871,
        0.7881748191055986,
        0.8481364547124567,
        0.826763433646131,
        0.7624899984496751,
        0.7127599482034715,
        0.6708437073834261,
        0.7415585493312549,
        0.6714261671907712,
        0.6843842260119364,
        0.7029929677203726,
        0.6951156472275712,
        0.7513206293755389,
        0.8432890872749464,
        0.7847394927150828,
        0.8400268188363099,
        0.6816329986392078,
        0.749889088587145,
        0.8250675778767292,
        0.6106729074546684,
        0.678558317614376,
        0.722764214693731,
        0.4349966289861124,
        0.4384600425791303,
        0.5739283626353303,
        0.5805822265160385,
        0.63726948909632,
        0.75020364985413,
        0.6554582977404313,
        0.5630092679533486,
        0.6976307003980311,
        0.5988964584748206,
        0.8006883419838187,
        0.43676912775593485,
        0.6072618413366383,
        0.6398756201297097,
        0.7639820409483978,
        0.6240842428940855,
        0.4124439311497748,
        0.2787341991752834,
        0.5958886623143924,
        0.21683453742148187,
        0.7214707110733505,
        0.8849936768380842,
        0.3808257004265953,
        0.5886670146602567,
        0.7487441555325677,
        0.8680205567315664,
        0.40662998187937927,
        0.9204686451126645,
        0.7764250930198111,
        0.9263056820378315,
        0.9256430597409414
      ],
      [
        0.011159390704283942,
        0.040863991773811364,
        0.027817605986907842,
        0.013930729599953656,
        0.013934380385401004,
        0.02064288964659969,
        0.022859208202982005,
        0.04691049123306622,
        0.018956428169363448,
        0.01686317089555516,
        0.026293097492647747,
        0.015499458496674867,
        0.013281490158952095,
        0.012670607583130445,
        0.016468193331699497,
        0.012613639688621989,
        0.014320362894163524,
        0.04263525042704843,
        0.019309697719901302,
        0.015544608924072346,
        0.05978593173917179,
        0.02158456331337343,
        0.024447977079686753,
        0.012871195542008607,
        0.011812926937417367,
        0.01276698817861178,
        0.007408312193004103,
        0.017819295645882846,
        0.013422358175573107,
        0.008825080765237043,
        0.02765399461731616,
        0.0175971409611362,
        0.011961959555575292,
        0.07808657855185938,
        0.016086790178974516,
        0.011573327489632817,
        0.017389385924357754,
        0.010888201113561912,
        0.007009131200546989,
        0.019746094496053596,
        0.029892660907215873,
        0.012386138758516019,
        0.017423415387534037,
        0.019914176342372338,
        0.037660390512638135,
        0.048572121889756535,
        0.011938707601198683,
        0.01741414931239423,
        0.022872225928158584,
        0.023766491558957402,
        0.04548403748996447,
        0.016159616020549647,
        0.023278505557360222,
        0.015268895307924212,
        0.0038119263073690666,
        0.05955651166627676,
        0.08731778740674719,
        0.06627009673495605,
        0.0033822011963699273,
        0.3557468300049698,
        0.01721275981782195,
        0.1405966623700873,
        0.022898970477963642,
        0.012185376498939459
      ],
      [
        0.02650587123582921,
        0.00940166786589194,
        0.08150698023984461,
        0.00807549246418468,
        0.03378076398403501,
        0.06682577174176016,
        0.06305809829758499,
        0.010521519647350678,
        0.008965395926787629,
        0.010558647340762353,
        0.024097823171901456,
        0.011501600321160972,
        0.010663430587655781,
        0.01904443284773422,
        0.010163151023710388,
        0.003230119200443545,
        0.01264698206087724,
        0.009237014944953553,
        0.013947512322255396,
        0.020102574476936235,
        0.0052297278018010405,
        0.01312996680793186,
        0.012382410460206193,
        0.007448539739200702,
        0.022279940259890885,
        0.020490797788391097,
        0.020735564548167888,
        0.03679262206772526,
        0.061284259062583814,
        0.006351532585326707,
        0.009103637004202629,
        0.047209609743203804,
        0.040553501953880106,
        0.07279101133905547,
        0.23857926095179763,
        0.19326185824674208,
        0.023347050904824765,
        0.004009100430315084,
        0.07168601517326874,
        0.010513200945380649,
        0.16309124468611347,
        0.07977723823536761,
        0.024945164530959327,
        0.011818945592242442,
        0.21504370900847872,
        0.019352009798216677,
        0.048703685149568875,
        0.06870508979533343,
        0.014640743683125575,
        0.05111457778417512,
        0.005202379175095232,
        0.010463107948796447,
        0.015724548111486665,
        0.012421294502973537,
        0.005658772222509582,
        0.0018588167492207043,
        0.0020963657399331315,
        0.007212306189274293,
        0.0075374060832783165,
        0.0037439977850134893,
        0.0027713434488641346,
        0.018319830030305642,
        0.003460237406547823,
        0.012315638260319756
      ],
      [
        0.018431125204575946,
        0.03482927249808748,
        0.023325604763890107,
        0.010821412995698568,
        0.033190532114091884,
        0.014603895338015892,
        0.009923013725278719,
        0.014558104259729516,
        0.016219008739541567,
        0.08360114578264324,
        0.008168276778816482,
        0.01923616571711304,
        0.022591619428971126,
        0.014566941888038925,
        0.013452417477886594,
        0.009548674955077609,
        0.01731561833519667,
        0.057547617433408416,
        0.018571705158509772,
        0.008591824132115953,
        0.01274708972024259,
        0.10207611459293103,
        0.02465177835920641,
        0.03458113373409211,
        0.011433457431269896,
        0.024232207959342555,
        0.02645355560351343,
        0.04818138038318334,
        0.01425498982333997,
        0.007243429190769177,
        0.03138883893906,
        0.03722317715748481,
        0.012814679402965013,
        0.016579235507187134,
        0.01935335883177411,
        0.021054787918628384,
        0.08600293181723057,
        0.014397718327972767,
        0.017921307893160546,
        0.007158995159598939,
        0.04716150585876076,
        0.011768860909993887,
        0.015654249050262893,
        0.007983544684494154,
        0.033342360162568044,
        0.008856174888300598,
        0.024293248678977846,
        0.0065822501491689025,
        0.004569343221897025,
        0.031023415906633375,
        0.006691513187170817,
        0.0034816877576689825,
        0.006705395697662623,
        0.003555027641834634,
        0.0022921321998617275,
        0.006385529453459147,
        0.009643338410870641,
        0.013694710932594927,
        0.005978882563599753,
        0.0300228029103863,
        0.0011616848911684958,
        0.011723923508233728,
        0.008563944264226322,
        0.01336233620077114
      ],
      [
        0.05520597066378001,
        0.13617940814342092,
        0.06879536501327205,
        0.14313307213369356,
        0.05006530903408904,
        0.03870553169824967,
        0.07978240601907749,
        0.09782941352012431,
        0.0929897654079821,
        0.08156057703725611,
        0.07460115997762623,
        0.07429278220069195,
        0.05218284781386008,
        0.052601979154738694,
        0.06320400070244993,
        0.07688577681238438,
        0.05839851273105297,
        0.1286862747480059,
        0.04953867015446321,
        0.08889301095283667,
        0.13919173665672754,
        0.05493563617716235,
        0.12839037238198067,
        0.07298661896236633,
        0.05180864040245418,
        0.06650018178234872,
        0.03524372285278001,
        0.08995964056024418,
        0.038526770923589984,
        0.09092244305177989,
        0.11882151863989247,
        0.08714204725876032,
        0.1008600328495306,
        0.185742995447106,
        0.07329096624724368,
        0.04531907258929354,
        0.06229479324155657,
        0.094837656702325,
        0.04935246125222081,
        0.14654820620788464,
        0.1257374216442602,
        0.06948304320718025,
        0.16076521709001226,
        0.07353895182865591,
        0.23114055772934403,
        0.2148291332373452,
        0.05747998127835385,
        0.053926238876124896,
        0.16205485037930303,
        0.3740393869148567,
        0.24425975358896931,
        0.14129850990203202,
        0.3386368819655536,
        0.1785933863128999,
        0.04608358101400977,
        0.4968161686475647,
        0.2553836967879372,
        0.13657894789185404,
        0.08285152726285644,
        0.13932896737117748,
        0.023552231170642902,
        0.015655047829109692,
        0.006795373561956976,
        0.02606069160793308
      ],
      [
        0.1279406086912724,
        0.09478976918249725,
        0.09998098884767131,
        0.11335695812293133,
        0.07032209057326444,
        0.10065099932266022,
        0.12259718038876817,
        0.11403999704984133,
        0.06189535859196666,
        0.07795427500729117,
        0.09585657388966706,
        0.19745310794719384,
        0.07089003774077295,
        0.0392987228877059,
        0.04682009729995692,
        0.11806906654121709,
        0.16649816068209655,
        0.05548351812908836,
        0.13509125263190647,
        0.16872750655620347,
        0.07475497959524886,
        0.08469985460362262,
        0.08920546195361485,
        0.09099615707970946,
        0.03837913904225924,
        0.08005659395983787,
        0.05744289676025407,
        0.10800977440801687,
        0.10043500268877116,
        0.04618474927515934,
        0.1508522946455175,
        0.1117288063296283,
        0.08714422511518662,
        0.08136591834587814,
        0.10724216392066502,
        0.09164593927453434,
        0.10299710824379085,
        0.1219156854019861,
        0.08252043789492333,
        0.12071784588412876,
        0.05215344630671934,
        0.041239644257177945,
        0.030174005563321997,
        0.04987999857707524,
        0.032888193235675926,
        0.08037674885361948,
        0.08785197069104807,
        0.06639614942583963,
        0.14211790909040703,
        0.0687775569461637,
        0.04576108372154432,
        0.06694296389796876,
        0.22272629685951886,
        0.04375634239747293,
        0.028781385548887834,
        0.030921636545671295,
        0.04729922089828356,
        0.01678645683677342,
        0.027654258364247276,
        0.05863371666877723,
        0.026122266920809475,
        0.03276945156798125,
        0.026358335416048234,
        0.007050136731157607
      ]
    ],
    "diagnostics": {
      "live_census": true,
      "state_max_abs_error": 0.0
    },
    "calls": {
      "FULL": {
        "forwards": 24,
        "attention": 432,
        "site0": 24,
        "other_mlp": 408
      },
      "ZERO_I": {
        "forwards": 24,
        "attention": 432,
        "site0": 24,
        "other_mlp": 408
      },
      "ZERO_C": {
        "forwards": 24,
        "attention": 432,
        "site0": 24,
        "other_mlp": 408
      },
      "I_SHARED": {
        "forwards": 24,
        "attention": 432,
        "site0": 24,
        "other_mlp": 408
      },
      "I_TOTAL": {
        "forwards": 24,
        "attention": 432,
        "site0": 24,
        "other_mlp": 408
      },
      "I_HEAD3": {
        "forwards": 24,
        "attention": 432,
        "site0": 24,
        "other_mlp": 408
      },
      "I_HAAR": {
        "forwards": 24,
        "attention": 432,
        "site0": 24,
        "other_mlp": 408
      },
      "DROP_I_SHARED": {
        "forwards": 24,
        "attention": 432,
        "site0": 24,
        "other_mlp": 408
      },
      "DROP_I_TOTAL": {
        "forwards": 24,
        "attention": 432,
        "site0": 24,
        "other_mlp": 408
      },
      "DROP_I_HEAD3": {
        "forwards": 24,
        "attention": 432,
        "site0": 24,
        "other_mlp": 408
      },
      "DROP_I_HAAR": {
        "forwards": 24,
        "attention": 432,
        "site0": 24,
        "other_mlp": 408
      },
      "C_SHARED": {
        "forwards": 24,
        "attention": 432,
        "site0": 24,
        "other_mlp": 408
      },
      "C_TOTAL": {
        "forwards": 24,
        "attention": 432,
        "site0": 24,
        "other_mlp": 408
      },
      "C_HEAD3": {
        "forwards": 24,
        "attention": 432,
        "site0": 24,
        "other_mlp": 408
      },
      "C_HAAR": {
        "forwards": 24,
        "attention": 432,
        "site0": 24,
        "other_mlp": 408
      },
      "DROP_C_SHARED": {
        "forwards": 24,
        "attention": 432,
        "site0": 24,
        "other_mlp": 408
      },
      "DROP_C_TOTAL": {
        "forwards": 24,
        "attention": 432,
        "site0": 24,
        "other_mlp": 408
      },
      "DROP_C_HEAD3": {
        "forwards": 24,
        "attention": 432,
        "site0": 24,
        "other_mlp": 408
      },
      "DROP_C_HAAR": {
        "forwards": 24,
        "attention": 432,
        "site0": 24,
        "other_mlp": 408
      }
    }
  },
  "parent_boundary_absolute_differences": {
    "FULL": 0.0,
    "ZERO_I": 0.0,
    "ZERO_C": 0.0
  },
  "best_basis": {
    "I": "TOTAL",
    "C": "TOTAL"
  },
  "pred_a_exact_live_boundaries": true,
  "pred_b_shared_multhead_and_split_stable": false,
  "pred_c_shared_modes_causally_material_for_I": true,
  "pred_d_I_and_C_prefer_different_bases": false,
  "null_shared_residual_subspace_not_identified": true,
  "next_step": "retain_exact_head_attribution_and_test_nonlinear_context_modes",
  "compression_or_adoption_licensed": false,
  "FINAL_opened": 0,
  "checkpoint": {
    "revision": "ed9146549ee6dc8ed8cd75e9d48fcfe4278f4240",
    "snapshot": "/workspace/.hf_home/hub/models--Elriggs--gpt2-bilinear-sqrd-attn-18l-9h-1152embd/snapshots/ed9146549ee6dc8ed8cd75e9d48fcfe4278f4240",
    "config_sha256": "428042bfd807ba36f8b4326395440fbbebe52cd3d040212e6fef14a4fdf2d83c",
    "weights_sha256": "680d6c26cf05af2e9b5eaac1d52fa1c9e4ea443f60a7c74ad211740e317d6de3",
    "weights_bytes": 2067738635,
    "tokenizer_vocab": 50257,
    "logit_vocab": 50304
  },
  "runtime_s": 37.12058925628662
}
MLP0 SHARED HEAD SUBSPACES DONE
