kmeans_fit_a fineweb: {'mean': 0.042441928386688234, 'p95': 0.07900830507278439, 'max': 0.11454129219055176}
kmeans_fit_a wikitext: {'mean': 0.060624736547470096, 'p95': 0.1254074692726134, 'max': 0.20551300048828125}
kmeans_fit_b fineweb: {'mean': 0.03603862524032593, 'p95': 0.07569714784622189, 'max': 0.09338212013244629}
kmeans_fit_b wikitext: {'mean': 0.07511278986930847, 'p95': 0.16334724426269523, 'max': 0.22667217254638672}
random_centroid_fit_a fineweb: {'mean': 0.044564008712768555, 'p95': 0.08999778032302853, 'max': 0.11789894104003906}
random_centroid_fit_a wikitext: {'mean': 0.0598549485206604, 'p95': 0.12491705417633053, 'max': 0.2127699851989746}
global_p515 fineweb: {'mean': 0.0015869855880737305, 'p95': 0.01347283124923706, 'max': 0.02474212646484375}
global_p515 wikitext: {'mean': 0.0030972063541412354, 'p95': 0.021414768695831293, 'max': 0.028145313262939453}
global_p516 fineweb: {'mean': 0.0015560567378997802, 'p95': 0.0134066104888916, 'max': 0.025049686431884766}
global_p516 wikitext: {'mean': 0.0029364585876464843, 'p95': 0.021049976348876946, 'max': 0.027849674224853516}
{
  "predicates": [
    false,
    false,
    false
  ],
  "null": true,
  "counts_a": [
    5136,
    1846,
    3494,
    1812
  ],
  "counts_b": [
    2811,
    4040,
    3525,
    1912
  ],
  "runtime_s": 15.705793142318726
}
MLP0 CONTEXT-STATE FINITE-MOE ROUTER DONE
