independent: FW {'mean': 0.003679215908050537, 'p95': 0.016640663146972656, 'max': 0.01717066764831543} WT {'mean': 0.0011013150215148926, 'p95': 0.0130729079246521, 'max': 0.016683340072631836}
midpoint: FW {'mean': 0.005953267216682434, 'p95': 0.02372676134109497, 'max': 0.023954391479492188} WT {'mean': 0.003992170095443726, 'p95': 0.020716488361358643, 'max': 0.023642778396606445}
one_sided_0: FW {'mean': 0.01047542691230774, 'p95': 0.034637272357940674, 'max': 0.03524184226989746} WT {'mean': 0.008529111742973328, 'p95': 0.02337503433227539, 'max': 0.029036998748779297}
one_sided_4: FW {'mean': 0.008253827691078186, 'p95': 0.029334723949432373, 'max': 0.03164839744567871} WT {'mean': 0.007263898849487305, 'p95': 0.021914541721343994, 'max': 0.02390599250793457}
random: FW {'mean': 0.020709484815597534, 'p95': 0.048019349575042725, 'max': 0.049698591232299805} WT {'mean': 0.018061906099319458, 'p95': 0.03851109743118286, 'max': 0.045198917388916016}
{
  "overlap": 0.6787792444229126,
  "summaries": {
    "independent": {
      "fineweb": {
        "mean": 0.003679215908050537,
        "p95": 0.016640663146972656,
        "max": 0.01717066764831543
      },
      "wikitext": {
        "mean": 0.0011013150215148926,
        "p95": 0.0130729079246521,
        "max": 0.016683340072631836
      }
    },
    "midpoint": {
      "fineweb": {
        "mean": 0.005953267216682434,
        "p95": 0.02372676134109497,
        "max": 0.023954391479492188
      },
      "wikitext": {
        "mean": 0.003992170095443726,
        "p95": 0.020716488361358643,
        "max": 0.023642778396606445
      }
    },
    "one_sided_0": {
      "fineweb": {
        "mean": 0.01047542691230774,
        "p95": 0.034637272357940674,
        "max": 0.03524184226989746
      },
      "wikitext": {
        "mean": 0.008529111742973328,
        "p95": 0.02337503433227539,
        "max": 0.029036998748779297
      }
    },
    "one_sided_4": {
      "fineweb": {
        "mean": 0.008253827691078186,
        "p95": 0.029334723949432373,
        "max": 0.03164839744567871
      },
      "wikitext": {
        "mean": 0.007263898849487305,
        "p95": 0.021914541721343994,
        "max": 0.02390599250793457
      }
    },
    "random": {
      "fineweb": {
        "mean": 0.020709484815597534,
        "p95": 0.048019349575042725,
        "max": 0.049698591232299805
      },
      "wikitext": {
        "mean": 0.018061906099319458,
        "p95": 0.03851109743118286,
        "max": 0.045198917388916016
      }
    }
  },
  "predicates": [
    true,
    true,
    false
  ],
  "null": false,
  "runtime_s": 8.857190608978271
}
MLP04 SHARED GRASSMANN ENCODER SCREEN DONE
