{
  "lambda1_residual": 0.0015890196244878348,
  "n_material_nodes": 83,
  "pred_a_instrument_reproduces_shared_subspace": true,
  "pred_b_reliable_residual_structure_beyond_shared": false,
  "pred_c_residual_structure_is_source_specific_private": false,
  "residual_node_null_q95": 0.003433639832486385,
  "residual_top_sources": [
    [
      "A8",
      0.008442668285591792
    ],
    [
      "A9",
      0.007061274183416419
    ],
    [
      "M8",
      0.006353558162076223
    ],
    [
      "M2",
      0.006259780557388354
    ],
    [
      "A6",
      0.0062056734105640065
    ],
    [
      "A1",
      0.006194629459346758
    ]
  ],
  "residual_within_action_null_q95": 0.0016154548751075553,
  "runtime_s": 0.03640317916870117,
  "status": "complete",
  "strong_null": true,
  "verdict": "shared_3dim_is_all_reliable_structure_private_stage_has_no_effect_space_target"
}
