{
  "lambda1_beats_within_action_null": false,
  "lambda1_real": 0.009330938687130093,
  "n_material_nodes": 83,
  "n_real_eigs_above_null_q95": 3,
  "permutation_null_lambda1_q95": 0.004372938719769397,
  "pred_a_instrument_reproduces_material_count": true,
  "pred_b_reliable_shared_direction_exists_pooled": true,
  "pred_c_reusable_subspace_is_at_least_two_dimensional": true,
  "runtime_s": 0.03533434867858887,
  "status": "complete",
  "strong_null": false,
  "top8_real_eigs": [
    0.009330938687130093,
    0.0058042890120536305,
    0.004940165849411913,
    0.0015890196244878335,
    0.0009108664035276443,
    0.0007669322269150126,
    0.0007112983996912275,
    0.0005451433692584484
  ],
  "verdict": "reusable_multidim_shared_circuit_effect_subspace_exists_now_seed_gpu_DAS_reuse_rung"
}
