{
  "confirmed_pairs": 0,
  "discovery_candidates": 0,
  "distributed_pairs": 0,
  "execution_price": {
    "backwards": 0,
    "confirmed_pairs": 0,
    "deployed_parameters_added": 0,
    "deployed_parameters_saved": 0,
    "discovery_candidates": 0,
    "fixed_relations_tested": 42,
    "full_forwards": 2108,
    "maximum_conditional_forwards": 9796,
    "peak_gpu_memory_bytes": 5316418560,
    "physical_pairs": 0
  },
  "next_step": "localize_exact_branches_at_first_downstream_consumer_including_mlp11_question_interface",
  "physical_pairs": 0,
  "pred_a": true,
  "pred_b": false,
  "pred_c": false,
  "pred_d": false,
  "pred_e": false,
  "rung": 511,
  "status": "complete",
  "strong_null": true
}
