{
  "confirmed_relations": 0,
  "discovery_candidates": 0,
  "execution_price": {
    "backwards": 0,
    "confirmed_relations": 0,
    "consumer_tests": 126,
    "deployed_parameters_added": 0,
    "deployed_parameters_saved": 0,
    "discovery_candidates": 0,
    "full_forwards": 2108,
    "maximum_conditional_forwards": 21886,
    "peak_gpu_memory_bytes": 6123564032,
    "physical_relations": 0
  },
  "next_step": "split_attention11_q_k_q2_k2_value_and_mlp11_left_right_product_finitely",
  "physical_relations": 0,
  "pred_a": true,
  "pred_b": false,
  "pred_c": false,
  "pred_d": false,
  "pred_e": false,
  "rung": 512,
  "status": "complete",
  "strong_null": true
}
