{
  "backwards": 0,
  "checks": {
    "all_twenty_eight_subset_patches": true,
    "both_substitution_patches": true,
    "factorial": true,
    "score_absent_native_reference_live": true,
    "substitutions": true,
    "weights": true
  },
  "factorial_diagnostics": {
    "absent_corner_replay_max_abs": 0.0,
    "assignment_partition_relative_squared": 0.0,
    "backwards": 0,
    "calls": {
      "analytical": 33,
      "direct": 1
    },
    "calls_exact": true,
    "calls_expected": {
      "analytical": 33,
      "direct": 1
    },
    "current_corner_replay_max_abs": 0.0,
    "deployed_branch_sum_relative_squared": 0.0,
    "deployed_mlp10_relative_squared": 1.1172793881166027e-05,
    "exact_term_partition_relative_squared": 0.0,
    "factor_reconstruction_max": 4.5604750658460663e-14,
    "float32_ideal_branch_relative_squared": [
      0.021489258855581284,
      0.021450087428092957,
      2.5740294456481934
    ],
    "float32_ideal_sum_relative_squared": 0.013973450288176537,
    "float32_mlp10_closure": 1.6631032699389384e-21,
    "four_corner_replays": 4,
    "four_corner_replays_exact": true,
    "four_corner_replays_expected": 4,
    "hooks": 5,
    "hooks_exact": true,
    "hooks_expected": 5,
    "minimum_nonzero_score_edit_rms": 3.876068592071533,
    "minimum_nonzero_term_edit_rms": 0.3034456670284271,
    "native_replay_logit_max_abs": 0.0,
    "native_replay_relative_squared": 0.0,
    "normalized_closure_relative_squared": 0.0,
    "normalized_numerical_rms_ratio": 0.005734930746257305,
    "patches": 28,
    "patches_exact": true,
    "patches_expected": 28,
    "raw_source_relative_squared": 2.95762584450051e-05,
    "score_delta_deployed_closure_relative_squared": 1.670089030032472e-16,
    "score_delta_float32_closure": 2.7451654059797535e-16,
    "score_delta_predeployment_relative_squared": 0.013973449493471703,
    "subset_patches": 28,
    "subset_patches_exact": true,
    "subset_patches_expected": 28,
    "term_patches": 0,
    "zero_term_edits": 0
  },
  "full_forwards": 42,
  "rung": 511,
  "scientific_outcomes_retained": false,
  "status": "smoke_passed",
  "substitution_diagnostics": {
    "absent_corner_replay_max_abs": 0.0,
    "assignment_partition_relative_squared": 0.0,
    "backwards": 0,
    "calls": {
      "analytical": 7,
      "direct": 1
    },
    "calls_exact": true,
    "calls_expected": {
      "analytical": 7,
      "direct": 1
    },
    "current_corner_replay_max_abs": 0.0,
    "deployed_branch_sum_relative_squared": 0.0,
    "deployed_mlp10_relative_squared": 1.1172793881166027e-05,
    "exact_term_partition_relative_squared": 0.0,
    "factor_reconstruction_max": 4.5604750658460663e-14,
    "float32_ideal_branch_relative_squared": [
      0.021489258855581284,
      0.021450087428092957,
      2.5740294456481934
    ],
    "float32_ideal_sum_relative_squared": 0.013973450288176537,
    "float32_mlp10_closure": 1.6631032699389384e-21,
    "four_corner_replays": 4,
    "four_corner_replays_exact": true,
    "four_corner_replays_expected": 4,
    "hooks": 5,
    "hooks_exact": true,
    "hooks_expected": 5,
    "minimum_nonzero_score_edit_rms": 3.876068592071533,
    "minimum_nonzero_term_edit_rms": 1.6712124347686768,
    "native_replay_logit_max_abs": 0.0,
    "native_replay_relative_squared": 0.0,
    "normalized_closure_relative_squared": 0.0,
    "normalized_numerical_rms_ratio": 0.005734930746257305,
    "patches": 0,
    "patches_exact": false,
    "patches_expected": 0,
    "raw_source_relative_squared": 2.95762584450051e-05,
    "score_delta_deployed_closure_relative_squared": 1.670089030032472e-16,
    "score_delta_float32_closure": 2.7451654059797535e-16,
    "score_delta_predeployment_relative_squared": 0.013973449493471703,
    "subset_patches": 0,
    "subset_patches_exact": false,
    "subset_patches_expected": 0,
    "substitution_patches": 2,
    "substitution_patches_exact": true,
    "substitution_patches_expected": 2,
    "term_patches": 0,
    "zero_term_edits": 0
  }
}
