{
  "backwards": 1,
  "checks": {
    "attention_factor_reconstruction": true,
    "deployed_mlp10_bound": true,
    "float32_mlp10_closure": true,
    "gradient_path": true,
    "joint_patch": true,
    "native_replay": true,
    "normalized_source_closure": true,
    "pair_enumeration": true,
    "pair_output": true,
    "raw_source_identity": true,
    "score_delta_deployed_closure": true,
    "score_delta_float32_closure": true,
    "score_delta_predeployment_reported": true,
    "singleton_patch": true,
    "weights": true
  },
  "full_forwards": 6,
  "measurements": {
    "deployed_mlp10_relative_squared": 1.1160300672784403e-05,
    "factor_reconstruction_max": 4.4179630098347173e-14,
    "float32_mlp10_closure": 1.3409114204467937e-21,
    "gradient_attribution_count": 253,
    "gradient_attributions_finite": true,
    "joint_patch_count": 1,
    "joint_patch_live": true,
    "native_replay_logit_max_abs": 0.0,
    "native_replay_relative_squared": 0.0,
    "normalized_closure_relative_squared": 0.0,
    "pair_enumeration_relative_squared": 7.19775756267884e-14,
    "pair_output_relative_squared": 1.67898734365723e-13,
    "raw_source_relative_squared": 3.004085771201343e-05,
    "score_delta_deployed_closure_relative_squared": 1.048533980417138e-16,
    "score_delta_float32_closure": 1.7087605098462053e-16,
    "score_delta_predeployment_relative_squared": 0.016287274596626232,
    "singleton_patch_count": 1,
    "singleton_patch_live": true,
    "weights_exact": true
  },
  "rung": 507,
  "scientific_outcomes_retained": false,
  "status": "smoke_passed"
}
