{
  "analysis": {
    "pred_b_flags": [
      true,
      true,
      true,
      true
    ],
    "pred_b_profile_rises_monotonically_and_materially": true,
    "pred_c_flags": [
      true,
      true,
      true,
      true
    ],
    "pred_c_nonlocality_material_and_full_anchor_reproduces": true,
    "scored_counts_ok": false
  },
  "next_step": "instrument_breach_repair_only",
  "predictions": {
    "pred_a_exact_lawful_live_density_instrument": false,
    "pred_b_profile_rises_monotonically_and_materially": true,
    "pred_c_nonlocality_material_and_full_anchor_reproduces": true
  },
  "rung": "mlp1_write_locality_density_profile",
  "runtime_s": 103.67460370063782,
  "status": "complete",
  "strong_null": true
}
