Warning: You are sending unauthenticated requests to the HF Hub. Please set a HF_TOKEN to enable higher rate limits and faster downloads.
MLP4 SINGLE SITE | L in (3, 5) x (raw / all / mlp / attn / only-mlp4 / mlp-except-4) | settled program (context-free tables + output-NN fallback + rank-64 map) | DISCOVERY ONLY

  per-site norm calibration (live mean / row mean), measured on the LIVE model:
    attn L0:  2.71 L1:  2.49 L2:  2.26 L3:  2.13 L4:  4.37 L5:  1.00 L6:  1.02 L7:  3.61 L8:  3.59 L9:  4.83 L10:  3.80 L11:  4.49 L12:  6.72 L13:  6.39 L14:  7.07 L15:  6.33 L16:  5.70 L17:  5.59
    mlp  L0:  0.88 L1:  0.42 L2:  0.61 L3:  0.49 L4:  0.10 L5:  0.39 L6:  0.52 L7:  1.66 L8:  2.04 L9:  1.32 L10:  2.33 L11:  1.05 L12:  1.91 L13:  1.26 L14:  1.66 L15:  1.19 L16:  1.13 L17:  1.21

  arms  (45s)
  all_substituted      skip7000 13.55%  skip11000 14.25%  skip1200 13.64%
  all_sub_scaled       skip7000 12.16%  skip11000 12.81%  skip1200 12.10%
  live_model           skip7000 39.32%  skip11000 42.35%  skip1200 38.88%
  L3_botup             skip7000  2.00%  skip11000  2.12%  skip1200  1.81%
  L3_botup_scaled      skip7000  1.97%  skip11000  2.16%  skip1200  1.78%
  L5_botup             skip7000  2.24%  skip11000  2.11%  skip1200  1.93%
  L5_botup_scaled      skip7000 18.41%  skip11000 19.22%  skip1200 18.25%
  L3_botup_attnonly    skip7000  1.56%  skip11000  1.71%  skip1200  1.50%
  L3_botup_mlponly     skip7000  4.33%  skip11000  4.45%  skip1200  4.30%
  L3_botup_only4       skip7000  2.00%  skip11000  2.12%  skip1200  1.81%
  L3_botup_not4        skip7000  4.33%  skip11000  4.45%  skip1200  4.30%
  L5_botup_attnonly    skip7000  2.24%  skip11000  2.11%  skip1200  1.93%
  L5_botup_mlponly     skip7000 18.52%  skip11000 19.55%  skip1200 18.57%
  L5_botup_only4       skip7000 14.87%  skip11000 15.61%  skip1200 15.34%
  L5_botup_not4        skip7000  2.31%  skip11000  2.17%  skip1200  1.99%

  mean ||live attn output|| vs ||substituted row||, in the compiled stream:
    L0  live      410.357  row   151.212  ratio    2.714
    L1  live     4863.873  row   662.058  ratio    7.347
    L2  live    31614.327  row  2833.251  ratio   11.158
    L3  live    45979.709  row  3212.556  ratio   14.313
    L4  live    60285.798  row  2339.302  ratio   25.771
    L5  live  1202366.288  row  7878.181  ratio  152.620
    L6  live   206335.324  row  2789.274  ratio   73.975
    L7  live     6604.041  row   537.703  ratio   12.282
    L8  live     3085.213  row   324.687  ratio    9.502
    L9  live     3442.169  row   632.839  ratio    5.439
    L10 live     5385.568  row   601.801  ratio    8.949
    L11 live     4052.647  row   587.006  ratio    6.904
    L12 live     3973.829  row   275.877  ratio   14.404
    L13 live     4800.807  row   354.158  ratio   13.556
    L14 live     3206.836  row   382.982  ratio    8.373
    L15 live     3426.645  row   357.494  ratio    9.585
    L16 live     6829.482  row   538.138  ratio   12.691
    L17 live     9854.947  row  1233.815  ratio    7.987

  change vs raw (points of gap), by which rows are rescaled:
    L3  skip7000  all   -0.1  mlp   +9.0  attn   -1.7  ONLY-mlp4   +0.0  mlp-except-4   +9.0  skip11000  all   +0.1  mlp   +8.3  attn   -1.5  ONLY-mlp4   +0.0  mlp-except-4   +8.3  skip1200  all   -0.1  mlp   +9.8  attn   -1.2  ONLY-mlp4   +0.0  mlp-except-4   +9.8
    L5  skip7000  all  +62.8  mlp  +63.2  attn   +0.0  ONLY-mlp4  +49.0  mlp-except-4   +0.3  skip11000  all  +60.9  mlp  +62.1  attn   +0.0  ONLY-mlp4  +48.0  mlp-except-4   +0.2  skip1200  all  +64.7  mlp  +66.0  attn   +0.0  ONLY-mlp4  +53.2  mlp-except-4   +0.3

  mlp4 ALONE reproduces >=80% of the L5 swing -> False  skip7000 78% (+49.0 of +62.8)  skip11000 79% (+48.0 of +60.9)  skip1200 82% (+53.2 of +64.7)
  every OTHER mlp together reproduces <20% -> True  skip7000 0%  skip11000 0%  skip1200 0%
  and mlp4 alone does nothing at L3, where it is not in the prefix -> True  skip7000 +0.00pp  skip11000 +0.00pp  skip1200 +0.00pp
  all-substituted and live reproduce §1789, coverage 5419 -> control True

pred_a False | pred_b True | pred_c True | pred_d True
wrote /workspace/tensor_language/basis_aligned/bilinear_quotient/ops/mlp4_single_site_results.json (93.9s)
