Warning: You are sending unauthenticated requests to the HF Hub. Please set a HF_TOKEN to enable higher rate limits and faster downloads.
fit capture done
ridges fit
fit r32_F8192
fit r64_F8192
fit r128_F8192
fit r256_F8192
fit r64_F4096
fit r64_F16384
None: 2.9455
mean: 3.0472
lin5: 2.9781
r32_F8192: 2.9773
r64_F8192: 2.9759
r128_F8192: 2.9737
r256_F8192: 2.9724
r64_F4096: 2.9760
r64_F16384: 2.9758
lin5 0.679 | {'r32_F8192': 0.6873, 'r64_F8192': 0.7011, 'r128_F8192': 0.7227, 'r256_F8192': 0.7355, 'r64_F4096': 0.7001, 'r64_F16384': 0.7021}
pred_a False | pred_b False | pred_c False
wrote /workspace/tensor_language/basis_aligned/bilinear_quotient/mlp4_quad_curve_results.json (154.1s)
