Warning: You are sending unauthenticated requests to the HF Hub. Please set a HF_TOKEN to enable higher rate limits and faster downloads.
MLP5 CHANNEL CONCENTRATION | keep k of 1152 channels live | settled program (context-free tables + output-NN fallback + rank-64 map) | DISCOVERY ONLY

  per-site norm calibration (live mean / row mean), measured on the LIVE model:
    attn L0:  2.71 L1:  2.49 L2:  2.26 L3:  2.13 L4:  4.37 L5:  1.00 L6:  1.02 L7:  3.61 L8:  3.59 L9:  4.83 L10:  3.80 L11:  4.49 L12:  6.72 L13:  6.39 L14:  7.07 L15:  6.33 L16:  5.70 L17:  5.59
    mlp  L0:  0.88 L1:  0.42 L2:  0.61 L3:  0.49 L4:  0.10 L5:  0.39 L6:  0.52 L7:  1.66 L8:  2.04 L9:  1.32 L10:  2.33 L11:  1.05 L12:  1.91 L13:  1.26 L14:  1.66 L15:  1.19 L16:  1.13 L17:  1.21

  arms  (53s)
  all_substituted      skip7000 13.55%  skip11000 14.25%  skip1200 13.64%
  all_sub_scaled       skip7000 12.16%  skip11000 12.81%  skip1200 12.10%
  live_model           skip7000 39.32%  skip11000 42.35%  skip1200 38.88%

  arms  (116s)
  all_substituted        skip7000 13.55%  skip11000 14.25%  skip1200 13.64%
  live_model             skip7000 39.32%  skip11000 42.35%  skip1200 38.88%

  mlp5 channel stats in the B0 stream: mean|live| max 292.388 median 36.949; mean|live-row| max 603.877 median 118.787; DISC/OUT top-16 overlap 0/16

  arms  (139s)
  B0                     skip7000 30.25%  skip11000 32.59%  skip1200 29.11%
  K0                     skip7000 14.47%  skip11000 14.57%  skip1200 14.61%
  DISC4                  skip7000 14.33%  skip11000 14.48%  skip1200 14.28%
  DISC16                 skip7000 14.50%  skip11000 14.91%  skip1200 14.77%
  DISC64                 skip7000 15.73%  skip11000 16.07%  skip1200 15.65%
  DISC256                skip7000 19.29%  skip11000 20.93%  skip1200 19.37%
  OUT4                   skip7000 14.44%  skip11000 14.63%  skip1200 14.51%
  OUT16                  skip7000 14.05%  skip11000 14.25%  skip1200 14.35%
  OUT64                  skip7000 15.00%  skip11000 15.25%  skip1200 15.05%
  OUT256                 skip7000 14.10%  skip11000 14.34%  skip1200 14.05%
  RAND4                  skip7000 14.89%  skip11000 14.93%  skip1200 14.94%
  RAND16                 skip7000 15.09%  skip11000 15.28%  skip1200 15.08%
  RAND64                 skip7000 15.68%  skip11000 16.03%  skip1200 15.39%
  RAND256                skip7000 15.73%  skip11000 15.73%  skip1200 15.79%
  allsub_gain5           skip7000 13.55%  skip11000 14.25%  skip1200 13.64%
Traceback (most recent call last):
  File "/workspace/tensor_language/basis_aligned/bilinear_quotient/ops/mlp5_channel_concentration.py", line 714, in <module>
    main()
  File "/workspace/tensor_language/basis_aligned/bilinear_quotient/ops/mlp5_channel_concentration.py", line 659, in main
    seq = {k2: frac[PICK_ROLE][f'{k2}_seq'] for k2 in
               ~~~~~~~~~~~~~~~^^^^^^^^^^^^^
KeyError: 'B0_seq'
