{
  "confirmation_reselection": null,
  "execution_price": {
    "backwards": 0,
    "deployed_parameters_added": 0,
    "deployed_parameters_saved": 0,
    "full_model_forwards": 496,
    "mlp9_plus_suffix_evaluations": 63984,
    "peak_gpu_memory_bytes": 10521282048,
    "suffix_gpu_chunk_calls": 4464
  },
  "next_step": "run_float32_explanatory_control_or_change_downstream_observation",
  "predictions": {
    "pred_a_exact_finite_suffix_instrument_and_parent_reproduce": true,
    "pred_b_compact_two_source_interaction_set_selected": false,
    "pred_c_pair_identity_and_finite_effects_confirm": false,
    "pred_d_selected_pairs_have_selective_downstream_use": false,
    "pred_e_candidate_for_heldout_executable_intervention": false
  },
  "rung": 504,
  "runtime_s": 357.4007987976074,
  "selection": [],
  "status": "complete",
  "strong_null": true
}
