{
  "confirmation_reselection": null,
  "execution_price": {
    "backwards": 124,
    "deployed_parameters_added": 0,
    "deployed_parameters_saved": 0,
    "full_model_forwards": 496,
    "local_mlp9_evaluations": 6696,
    "peak_gpu_memory_bytes": 3303110656
  },
  "next_step": "finite_pair_removal_screen_or_float32_control",
  "predictions": {
    "pred_a_finite_source_instrument_and_parent_valid": true,
    "pred_b_compact_partner_set_selected": false,
    "pred_c_partner_identity_and_group_confirm": false,
    "pred_d_selective_downstream_use_confirms": false,
    "pred_e_candidate_for_suffix_intervention": false
  },
  "rung": 503,
  "runtime_s": 19.809911727905273,
  "selection": [],
  "status": "complete",
  "strong_null": true
}
