L00 context_rrr_fit_a p512: FW/WT +0.005598/+0.002167
L00 context_rrr_fit_b p512: FW/WT +0.005760/+0.008516
L00 weight_svd p512: FW/WT +0.010508/+0.016398
L00 context_rrr_fit_a p768: FW/WT +0.002254/-0.000208
L00 context_rrr_fit_b p768: FW/WT +0.001693/+0.000679
L00 weight_svd p768: FW/WT +0.000809/+0.004453
L01 context_rrr_fit_a p512: FW/WT +0.014257/+0.009089
L01 context_rrr_fit_b p512: FW/WT +0.012870/+0.004043
L01 weight_svd p512: FW/WT +0.082791/+0.097554
L01 context_rrr_fit_a p768: FW/WT +0.003967/-0.003218
L01 context_rrr_fit_b p768: FW/WT +0.004682/-0.003561
L01 weight_svd p768: FW/WT +0.031347/+0.038954
L02 context_rrr_fit_a p512: FW/WT +0.006690/+0.010869
L02 context_rrr_fit_b p512: FW/WT +0.005831/+0.006931
L02 weight_svd p512: FW/WT +0.015993/+0.014788
L02 context_rrr_fit_a p768: FW/WT +0.001677/+0.002946
L02 context_rrr_fit_b p768: FW/WT +0.000697/+0.000863
L02 weight_svd p768: FW/WT +0.008750/+0.007433
L03 context_rrr_fit_a p512: FW/WT +0.010920/+0.018243
L03 context_rrr_fit_b p512: FW/WT +0.006884/+0.014071
L03 weight_svd p512: FW/WT +0.021771/+0.031462
L03 context_rrr_fit_a p768: FW/WT +0.002877/+0.006230
L03 context_rrr_fit_b p768: FW/WT +0.002251/+0.005690
L03 weight_svd p768: FW/WT +0.007796/+0.014490
L04 context_rrr_fit_a p512: FW/WT +0.005166/+0.006307
L04 context_rrr_fit_b p512: FW/WT +0.004423/+0.003584
L04 weight_svd p512: FW/WT +0.024411/+0.029602
L04 context_rrr_fit_a p768: FW/WT +0.001014/-0.000729
L04 context_rrr_fit_b p768: FW/WT -0.000555/+0.000037
L04 weight_svd p768: FW/WT +0.009857/+0.017642
L05 context_rrr_fit_a p512: FW/WT +0.006152/+0.008504
L05 context_rrr_fit_b p512: FW/WT +0.006136/+0.008212
L05 weight_svd p512: FW/WT +0.032974/+0.032534
L05 context_rrr_fit_a p768: FW/WT +0.003401/+0.003435
L05 context_rrr_fit_b p768: FW/WT +0.002735/+0.002045
L05 weight_svd p768: FW/WT +0.023854/+0.025989
L06 context_rrr_fit_a p512: FW/WT +0.007778/+0.016092
L06 context_rrr_fit_b p512: FW/WT +0.008295/+0.015444
L06 weight_svd p512: FW/WT +0.024887/+0.019242
L06 context_rrr_fit_a p768: FW/WT +0.003343/+0.008354
L06 context_rrr_fit_b p768: FW/WT +0.002592/+0.008850
L06 weight_svd p768: FW/WT +0.017459/+0.013991
L07 context_rrr_fit_a p512: FW/WT +0.010936/+0.014645
L07 context_rrr_fit_b p512: FW/WT +0.007515/+0.016594
L07 weight_svd p512: FW/WT +0.024586/+0.017284
L07 context_rrr_fit_a p768: FW/WT +0.001770/+0.004574
L07 context_rrr_fit_b p768: FW/WT +0.003175/+0.007202
L07 weight_svd p768: FW/WT +0.011249/+0.007759
L08 context_rrr_fit_a p512: FW/WT +0.008416/+0.009657
L08 context_rrr_fit_b p512: FW/WT +0.006857/+0.009231
L08 weight_svd p512: FW/WT +0.012615/+0.014563
L08 context_rrr_fit_a p768: FW/WT +0.004417/+0.002911
L08 context_rrr_fit_b p768: FW/WT +0.003472/+0.003027
L08 weight_svd p768: FW/WT +0.007281/+0.008810
L09 context_rrr_fit_a p512: FW/WT +0.011506/+0.012881
L09 context_rrr_fit_b p512: FW/WT +0.010139/+0.011935
L09 weight_svd p512: FW/WT +0.016638/+0.016304
L09 context_rrr_fit_a p768: FW/WT +0.004925/+0.006384
L09 context_rrr_fit_b p768: FW/WT +0.004739/+0.005165
L09 weight_svd p768: FW/WT +0.011111/+0.009049
L10 context_rrr_fit_a p512: FW/WT +0.010731/+0.016992
L10 context_rrr_fit_b p512: FW/WT +0.010957/+0.016044
L10 weight_svd p512: FW/WT +0.015564/+0.022292
L10 context_rrr_fit_a p768: FW/WT +0.006047/+0.006868
L10 context_rrr_fit_b p768: FW/WT +0.004813/+0.009086
L10 weight_svd p768: FW/WT +0.008260/+0.011679
L11 context_rrr_fit_a p512: FW/WT +0.010801/+0.011011
L11 context_rrr_fit_b p512: FW/WT +0.011562/+0.015197
L11 weight_svd p512: FW/WT +0.011895/+0.014406
L11 context_rrr_fit_a p768: FW/WT +0.003884/+0.005354
L11 context_rrr_fit_b p768: FW/WT +0.005042/+0.006338
L11 weight_svd p768: FW/WT +0.004503/+0.009825
L12 context_rrr_fit_a p512: FW/WT +0.014656/+0.014668
L12 context_rrr_fit_b p512: FW/WT +0.014471/+0.019095
L12 weight_svd p512: FW/WT +0.017881/+0.012253
L12 context_rrr_fit_a p768: FW/WT +0.006824/+0.008071
L12 context_rrr_fit_b p768: FW/WT +0.007865/+0.009055
L12 weight_svd p768: FW/WT +0.009683/+0.007582
L13 context_rrr_fit_a p512: FW/WT +0.015505/+0.014057
L13 context_rrr_fit_b p512: FW/WT +0.014859/+0.018243
L13 weight_svd p512: FW/WT +0.018256/+0.016898
L13 context_rrr_fit_a p768: FW/WT +0.008224/+0.007952
L13 context_rrr_fit_b p768: FW/WT +0.007828/+0.010567
L13 weight_svd p768: FW/WT +0.011725/+0.007906
L14 context_rrr_fit_a p512: FW/WT +0.017541/+0.010271
L14 context_rrr_fit_b p512: FW/WT +0.016560/+0.017911
L14 weight_svd p512: FW/WT +0.017472/+0.005196
L14 context_rrr_fit_a p768: FW/WT +0.007919/+0.006847
L14 context_rrr_fit_b p768: FW/WT +0.006267/+0.008131
L14 weight_svd p768: FW/WT +0.010687/-0.001485
L15 context_rrr_fit_a p512: FW/WT +0.014073/+0.012717
L15 context_rrr_fit_b p512: FW/WT +0.013029/+0.015705
L15 weight_svd p512: FW/WT +0.123699/+0.148813
L15 context_rrr_fit_a p768: FW/WT +0.006589/+0.004611
L15 context_rrr_fit_b p768: FW/WT +0.006775/+0.006337
L15 weight_svd p768: FW/WT +0.114193/+0.136476
L16 context_rrr_fit_a p512: FW/WT +0.016647/+0.011276
L16 context_rrr_fit_b p512: FW/WT +0.013051/+0.019576
L16 weight_svd p512: FW/WT +0.824011/+1.209643
L16 context_rrr_fit_a p768: FW/WT +0.009084/+0.006660
L16 context_rrr_fit_b p768: FW/WT +0.006349/+0.010108
L16 weight_svd p768: FW/WT +0.769619/+1.146445
L17 context_rrr_fit_a p512: FW/WT +0.026507/+0.009048
L17 context_rrr_fit_b p512: FW/WT +0.019223/+0.025846
L17 weight_svd p512: FW/WT +0.129392/+0.268229
L17 context_rrr_fit_a p768: FW/WT +0.011604/+0.003619
L17 context_rrr_fit_b p768: FW/WT +0.008037/+0.011845
L17 weight_svd p768: FW/WT +0.102078/+0.222596
{
  "qualifiers": {
    "512": [
      0,
      1,
      2,
      3,
      4,
      5,
      6,
      7,
      8,
      9,
      10,
      11,
      12,
      13,
      14,
      15,
      16,
      17
    ],
    "768": [
      0,
      1,
      2,
      3,
      4,
      5,
      6,
      7,
      8,
      9,
      10,
      11,
      12,
      13,
      14,
      15,
      16,
      17
    ]
  },
  "dominance80": [
    0,
    1,
    2,
    3,
    4,
    5,
    6,
    7,
    8,
    9,
    10,
    11,
    15,
    16,
    17
  ],
  "late50": [
    15,
    16,
    17
  ],
  "stable768": [
    0,
    1,
    2,
    3,
    4,
    5,
    6,
    7,
    8,
    9,
    10,
    11,
    12,
    13,
    14,
    15,
    16,
    17
  ],
  "p768_max": 0.011604487895965576,
  "predicates": [
    true,
    true,
    true
  ],
  "null": false,
  "runtime_s": 41.112159729003906
}
ALL-LAYER CONTEXT-METRIC MLP SCREEN DONE
