{"block": 16, "energy_eff_ranks": [292.1, 289.4, 372.8, 349.6, 357.1, 351.8, 490.4, 497.3]}
{"block": 17, "energy_eff_ranks": [41.6, 51.3, 68.7, 117.5, 94.3, 222.0, 381.0, 326.7]}
{"block": 16, "r": 16, "ce_added": 0.12092679738998413}
{"block": 16, "r": 64, "ce_added": 0.08349609375}
{"block": 16, "r": 256, "ce_added": 0.06329194704691599}
{"block": 16, "r": 1152, "ce_added": 0.03553680578867624}
{"block": 17, "r": 16, "ce_added": 0.090373694896698}
{"block": 17, "r": 64, "ce_added": 0.08835013707478856}
{"block": 17, "r": 256, "ce_added": 0.08600713809331273}
{"block": 17, "r": 1152, "ce_added": 0.0832555492719016}
{
 "preds": {
  "pred_a_instrument": true,
  "pred_b_forms_high_rank": false,
  "pred_c_mlp16_r64_cheap": false,
  "pred_d_mlp16_r256_near_exact": false,
  "pred_e_mlp17_r64": true
 },
 "nulls": {
  "b_null_eff_either_le_64": false,
  "c_null_mlp16_r64_ge_.15": false,
  "d_null_mlp16_r256_ge_.10": false,
  "e_null_mlp17_r64_ge_.25": false
 },
 "ladder": {
  "16": {
   "16": 0.12092679738998413,
   "64": 0.08349609375,
   "256": 0.06329194704691599,
   "1152": 0.03553680578867624
  },
  "17": {
   "16": 0.090373694896698,
   "64": 0.08835013707478856,
   "256": 0.08600713809331273,
   "1152": 0.0832555492719016
  }
 },
 "mean_eff": {
  "16": 375.04753494262695,
  "17": 162.89791297912598
 },
 "exact_diff": {
  "16": 7.947285984855057e-08,
  "17": 7.947285984855057e-08
 },
 "price": {
  "gpu_forwards": 0,
  "cpu_full_forwards_docs": 1064,
  "cpu_seconds": 1741.9606866836548
 }
}
