L15 context_rrr_fit_a: FW/WT +0.011308/-0.000187
L15 context_rrr_fit_b: FW/WT +0.008521/-0.000237
L15 weight_svd: FW/WT +0.129838/+0.130146
L16 context_rrr_fit_a: FW/WT +0.003964/+0.002054
L16 context_rrr_fit_b: FW/WT +0.005649/+0.005065
L16 weight_svd: FW/WT +0.795977/+1.087412
L17 context_rrr_fit_a: FW/WT +0.011459/+0.004069
L17 context_rrr_fit_b: FW/WT +0.009239/+0.003973
L17 weight_svd: FW/WT +0.129074/+0.257363
{
  "qualifying": [
    15,
    16,
    17
  ],
  "stable": [
    15,
    16,
    17
  ],
  "improving20": [
    15,
    16,
    17
  ],
  "predicates": [
    true,
    true,
    true
  ],
  "null": false,
  "runtime_s": 9.678802728652954
}
LATE CONTEXT-METRIC INPUT RANK SCREEN DONE
