ARM: rank-16 QK patterns at ALL replaced heads, blocks 2-17 (dicts retired)
a2-input probe acc 0.69
fit a2
fit a3
fit a4
fit a5
fit a6
fit a7
fit a8
fit a9
fit a10
fit a11
fit a12
fit a13
fit a14
fit a15
fit a16
fit a17
  cp_swap: front MLPs m0-m3 -> CP top-4608 in place (tailE remains table-front-fit)
  QK rank-64 factors built for all motif heads
  QK rank-64 factors built for tail blocks 10-17
  tail QK hooks registered (gated)
L1 (+38 heads): C +0.2481 | fresh +0.2202
  window 0 (7 docs): L2 fresh +0.0576
  window 1 (42 docs): L2 fresh +0.0669
  window 2 (17 docs): L2 fresh +0.0613
  window 3 (23 docs): L2 fresh +0.0634
  window 4 (43 docs): L2 fresh +0.1198
  window 5 (26 docs): L2 fresh +0.0769
  window 6 (35 docs): L2 fresh +0.0485
  window 7 (35 docs): L2 fresh +0.0557
L2 empirical: C +0.0656 | fresh +0.0662 | tail-attn increment -0.1540
(a) L2 <= +2.75 fresh: HELD
(b) increment in [0.30,0.55]: FAILED
  per-class dCE: digit:+0.046 bclose:+0.013 newline:+0.017 sentend:-0.020 comma:+0.021 name:+0.129 rep:-0.018 subword:+0.064 ind:+0.045 other:+0.093
  era Spearman vs rung-132: 0.4134 over 62
  median member/ref ratio 0.912; tau-curve {'0.5': 8, '1.0': 39, '1.5': 52, '2.0': 54, '3.0': 60}
L2 fresh +0.0662 (was +1.8765); census +0.0680 (was +1.9474); increment -0.1540; valid 8/62
(a) census +0.0680 <= 0.075: HELD
(b) valid 8 >= 8; margin 0.912: HELD
(c) census in [0.01, 0.12]; era rho 0.4134: HELD
wrote /workspace/tensor_language/basis_aligned/bilinear_quotient/motif_early_results.json (128s)
