ARM full: motifs at 2-9
a2-input probe acc 0.69
fit a2
fit a3
fit a4
fit a5
fit a6
fit a7
fit a8
fit a9
fit a10
fit a11
fit a12
fit a13
fit a14
fit a15
fit a16
fit a17
L1 (+38 heads): C +2.0113 | fresh +2.3208
fit a10L
fit a11L
fit a12L
fit a13L
fit a14L
fit a15L
fit a16L
fit a17L
  window 0 (7 docs): L2 fresh +2.6663
  window 1 (42 docs): L2 fresh +2.9355
  window 2 (17 docs): L2 fresh +2.6122
  window 3 (23 docs): L2 fresh +2.8498
  window 4 (43 docs): L2 fresh +2.9137
  window 5 (26 docs): L2 fresh +2.7954
  window 6 (35 docs): L2 fresh +2.5818
  window 7 (35 docs): L2 fresh +2.6640
L2 empirical: C +2.4190 | fresh +2.6663 | tail-attn increment +0.3455
(a) L2 <= +2.75 fresh: HELD
(b) increment in [0.30,0.55]: HELD
ARM block-2 motifs REAL
a2-input probe acc 0.69
fit a2
fit a3
fit a4
fit a5
fit a6
fit a7
fit a8
fit a9
fit a10
fit a11
fit a12
fit a13
fit a14
fit a15
fit a16
fit a17
L1 (+38 heads): C +1.8239 | fresh +2.1247
fit a10L
fit a11L
fit a12L
fit a13L
fit a14L
fit a15L
fit a16L
fit a17L
  window 0 (7 docs): L2 fresh +2.4775
  window 1 (42 docs): L2 fresh +2.7259
  window 2 (17 docs): L2 fresh +2.4427
  window 3 (23 docs): L2 fresh +2.5659
  window 4 (43 docs): L2 fresh +2.7682
  window 5 (26 docs): L2 fresh +2.5605
  window 6 (35 docs): L2 fresh +2.3990
  window 7 (35 docs): L2 fresh +2.4675
L2 empirical: C +2.2362 | fresh +2.4775 | tail-attn increment +0.3529
(a) L2 <= +2.75 fresh: HELD
(b) increment in [0.30,0.55]: HELD
  d(2) = +0.1888
ARM block-3 motifs REAL
a2-input probe acc 0.69
fit a2
fit a3
fit a4
fit a5
fit a6
fit a7
fit a8
fit a9
fit a10
fit a11
fit a12
fit a13
fit a14
fit a15
fit a16
fit a17
L1 (+38 heads): C +1.8303 | fresh +2.1679
fit a10L
fit a11L
fit a12L
fit a13L
fit a14L
fit a15L
fit a16L
fit a17L
  window 0 (7 docs): L2 fresh +2.4968
  window 1 (42 docs): L2 fresh +2.7404
  window 2 (17 docs): L2 fresh +2.4696
  window 3 (23 docs): L2 fresh +2.5985
  window 4 (43 docs): L2 fresh +2.7331
  window 5 (26 docs): L2 fresh +2.5727
  window 6 (35 docs): L2 fresh +2.4388
  window 7 (35 docs): L2 fresh +2.4847
L2 empirical: C +2.2538 | fresh +2.4968 | tail-attn increment +0.3289
(a) L2 <= +2.75 fresh: HELD
(b) increment in [0.30,0.55]: HELD
  d(3) = +0.1695
ARM block-4 motifs REAL
a2-input probe acc 0.69
fit a2
fit a3
fit a4
fit a5
fit a6
fit a7
fit a8
fit a9
fit a10
fit a11
fit a12
fit a13
fit a14
fit a15
fit a16
fit a17
L1 (+38 heads): C +1.7914 | fresh +2.1951
fit a10L
fit a11L
fit a12L
fit a13L
fit a14L
fit a15L
fit a16L
fit a17L
  window 0 (7 docs): L2 fresh +2.4870
  window 1 (42 docs): L2 fresh +2.6650
  window 2 (17 docs): L2 fresh +2.3848
  window 3 (23 docs): L2 fresh +2.5540
  window 4 (43 docs): L2 fresh +2.6233
  window 5 (26 docs): L2 fresh +2.4744
  window 6 (35 docs): L2 fresh +2.3370
  window 7 (35 docs): L2 fresh +2.4309
L2 empirical: C +2.2042 | fresh +2.4870 | tail-attn increment +0.2919
(a) L2 <= +2.75 fresh: HELD
(b) increment in [0.30,0.55]: FAILED
  d(4) = +0.1793
ARM block-5 motifs REAL
a2-input probe acc 0.69
fit a2
fit a3
fit a4
fit a5
fit a6
fit a7
fit a8
fit a9
fit a10
fit a11
fit a12
fit a13
fit a14
fit a15
fit a16
fit a17
L1 (+38 heads): C +1.9720 | fresh +2.2720
fit a10L
fit a11L
fit a12L
fit a13L
fit a14L
fit a15L
fit a16L
fit a17L
  window 0 (7 docs): L2 fresh +2.6018
  window 1 (42 docs): L2 fresh +2.8874
  window 2 (17 docs): L2 fresh +2.5387
  window 3 (23 docs): L2 fresh +2.8075
  window 4 (43 docs): L2 fresh +2.8392
  window 5 (26 docs): L2 fresh +2.7324
  window 6 (35 docs): L2 fresh +2.5355
  window 7 (35 docs): L2 fresh +2.6068
L2 empirical: C +2.3690 | fresh +2.6018 | tail-attn increment +0.3298
(a) L2 <= +2.75 fresh: HELD
(b) increment in [0.30,0.55]: HELD
  d(5) = +0.0645
ARM block-6 motifs REAL
a2-input probe acc 0.69
fit a2
fit a3
fit a4
fit a5
fit a6
fit a7
fit a8
fit a9
fit a10
fit a11
fit a12
fit a13
fit a14
fit a15
fit a16
fit a17
L1 (+38 heads): C +1.9468 | fresh +2.2800
fit a10L
fit a11L
fit a12L
fit a13L
fit a14L
fit a15L
fit a16L
fit a17L
  window 0 (7 docs): L2 fresh +2.6087
  window 1 (42 docs): L2 fresh +2.8396
  window 2 (17 docs): L2 fresh +2.4749
  window 3 (23 docs): L2 fresh +2.7154
  window 4 (43 docs): L2 fresh +2.8329
  window 5 (26 docs): L2 fresh +2.6855
  window 6 (35 docs): L2 fresh +2.4790
  window 7 (35 docs): L2 fresh +2.5788
L2 empirical: C +2.3357 | fresh +2.6087 | tail-attn increment +0.3286
(a) L2 <= +2.75 fresh: HELD
(b) increment in [0.30,0.55]: HELD
  d(6) = +0.0576
ARM block-7 motifs REAL
a2-input probe acc 0.69
fit a2
fit a3
fit a4
fit a5
fit a6
fit a7
fit a8
fit a9
fit a10
fit a11
fit a12
fit a13
fit a14
fit a15
fit a16
fit a17
L1 (+38 heads): C +1.9843 | fresh +2.2857
fit a10L
fit a11L
fit a12L
fit a13L
fit a14L
fit a15L
fit a16L
fit a17L
  window 0 (7 docs): L2 fresh +2.6264
  window 1 (42 docs): L2 fresh +2.8883
  window 2 (17 docs): L2 fresh +2.5784
  window 3 (23 docs): L2 fresh +2.8078
  window 4 (43 docs): L2 fresh +2.8781
  window 5 (26 docs): L2 fresh +2.7498
  window 6 (35 docs): L2 fresh +2.5539
  window 7 (35 docs): L2 fresh +2.6311
L2 empirical: C +2.3825 | fresh +2.6264 | tail-attn increment +0.3407
(a) L2 <= +2.75 fresh: HELD
(b) increment in [0.30,0.55]: HELD
  d(7) = +0.0399
ARM block-8 motifs REAL
a2-input probe acc 0.69
fit a2
fit a3
fit a4
fit a5
fit a6
fit a7
fit a8
fit a9
fit a10
fit a11
fit a12
fit a13
fit a14
fit a15
fit a16
fit a17
L1 (+38 heads): C +1.9850 | fresh +2.3135
fit a10L
fit a11L
fit a12L
fit a13L
fit a14L
fit a15L
fit a16L
fit a17L
  window 0 (7 docs): L2 fresh +2.6528
  window 1 (42 docs): L2 fresh +2.9172
  window 2 (17 docs): L2 fresh +2.5924
  window 3 (23 docs): L2 fresh +2.8317
  window 4 (43 docs): L2 fresh +2.8996
  window 5 (26 docs): L2 fresh +2.7741
  window 6 (35 docs): L2 fresh +2.5568
  window 7 (35 docs): L2 fresh +2.6460
L2 empirical: C +2.3877 | fresh +2.6528 | tail-attn increment +0.3393
(a) L2 <= +2.75 fresh: HELD
(b) increment in [0.30,0.55]: HELD
  d(8) = +0.0135
ARM block-9 motifs REAL
a2-input probe acc 0.69
fit a2
fit a3
fit a4
fit a5
fit a6
fit a7
fit a8
fit a9
fit a10
fit a11
fit a12
fit a13
fit a14
fit a15
fit a16
fit a17
L1 (+38 heads): C +2.0155 | fresh +2.3115
fit a10L
fit a11L
fit a12L
fit a13L
fit a14L
fit a15L
fit a16L
fit a17L
  window 0 (7 docs): L2 fresh +2.6385
  window 1 (42 docs): L2 fresh +2.9115
  window 2 (17 docs): L2 fresh +2.6274
  window 3 (23 docs): L2 fresh +2.8726
  window 4 (43 docs): L2 fresh +2.9029
  window 5 (26 docs): L2 fresh +2.7814
  window 6 (35 docs): L2 fresh +2.5999
  window 7 (35 docs): L2 fresh +2.6468
L2 empirical: C +2.4127 | fresh +2.6385 | tail-attn increment +0.3270
(a) L2 <= +2.75 fresh: HELD
(b) increment in [0.30,0.55]: HELD
  d(9) = +0.0278
per-block motif damage: b2:+0.1888 b3:+0.1695 b4:+0.1793 b5:+0.0645 b6:+0.0576 b7:+0.0399 b8:+0.0135 b9:+0.0278
(a) max b2 +0.1888 >= 2 x median +0.0611: HELD
(b) argmax = 5: FAILED
(c) full FR L2_F 2.6663 vs 2.6662 (tol 0.01): HELD
wrote /workspace/tensor_language/basis_aligned/bilinear_quotient/motif_leave_one_results.json (999s)
