ARM: rank-16 QK patterns at ALL replaced heads, blocks 2-17 (dicts retired)
a2-input probe acc 0.69
fit a2
fit a3
fit a4
fit a5
fit a6
fit a7
fit a8
fit a9
fit a10
fit a11
fit a12
fit a13
fit a14
fit a15
fit a16
fit a17
  cp_swap: front MLPs m0-m3 -> CP top-4608 in place (tailE remains table-front-fit)
  QK rank-128 factors built for all motif heads
  QK rank-64 factors built for tail blocks 10-17
  tail QK hooks registered (gated)
L1 (+38 heads): C +0.2476 | fresh +0.2122
  window 0 (7 docs): L2 fresh +0.0515
  window 1 (42 docs): L2 fresh +0.0615
  window 2 (17 docs): L2 fresh +0.0577
  window 3 (23 docs): L2 fresh +0.0579
  window 4 (43 docs): L2 fresh +0.1137
  window 5 (26 docs): L2 fresh +0.0704
  window 6 (35 docs): L2 fresh +0.0485
  window 7 (35 docs): L2 fresh +0.0495
L2 empirical: C +0.0606 | fresh +0.0601 | tail-attn increment -0.1521
(a) L2 <= +2.75 fresh: HELD
(b) increment in [0.30,0.55]: FAILED
  per-class dCE: digit:+0.038 bclose:+0.006 newline:+0.023 sentend:+0.003 comma:+0.016 name:+0.119 rep:-0.018 subword:+0.057 ind:+0.042 other:+0.080
  era Spearman vs rung-132: 0.3961 over 62
  median member/ref ratio 0.872; tau-curve {'0.5': 9, '1.0': 41, '1.5': 54, '2.0': 54, '3.0': 61}
L2 fresh +0.0601 (was +1.8765); census +0.0608 (was +1.9474); increment -0.1521; valid 9/62
(a) census +0.0608 <= 0.070: HELD
(b) valid 9 >= 8; margin 0.872: HELD
(c) census in [0.01, 0.12]; era rho 0.3961: HELD
wrote /workspace/tensor_language/basis_aligned/bilinear_quotient/motif_exact_results.json (131s)
