ARMS: motif@8 and motif@3 single-site, circuit rows
a2-input probe acc 0.69
fit a2
fit a3
fit a4
fit a5
fit a6
fit a7
fit a8
fit a9
fit a10
fit a11
fit a12
fit a13
fit a14
fit a15
fit a16
fit a17
L1 (+38 heads): C +1.3231 | fresh +1.7582
  motif at block 8 done
  motif at block 3 done
  window 0 (7 docs): L2 fresh +1.7582
  window 1 (42 docs): L2 fresh +1.8578
  window 2 (17 docs): L2 fresh +1.5878
  window 3 (23 docs): L2 fresh +1.6496
  window 4 (43 docs): L2 fresh +1.8177
  window 5 (26 docs): L2 fresh +1.6990
  window 6 (35 docs): L2 fresh +1.5813
  window 7 (35 docs): L2 fresh +1.7011
L2 empirical: C +1.3231 | fresh +1.7582 | tail-attn increment +0.0000
(a) L2 <= +2.75 fresh: HELD
(b) increment in [0.30,0.55]: FAILED
  motif_at_8: agg +0.0138
  motif_at_3: agg +0.0184
a8-motif breadth 11/16; a3-motif breadth 5/5
(a) a8 breadth 11 >= 4: HELD
(b) a3 breadth 5 >= 2: HELD
(c) aggs sane (+0.0138, +0.0184): HELD
wrote /workspace/tensor_language/basis_aligned/bilinear_quotient/motif_single_results.json (110s)
