ARM: rank-16 QK patterns at ALL replaced heads, blocks 2-17 (dicts retired)
a2-input probe acc 0.69
fit a2
fit a3
fit a4
fit a5
fit a6
fit a7
fit a8
fit a9
fit a10
fit a11
fit a12
fit a13
fit a14
fit a15
fit a16
fit a17
  cp_swap: front MLPs m0-m3 -> CP top-4608 in place (tailE remains table-front-fit)
  QK rank-128 factors built for all motif heads
  QK rank-48 factors built for tail blocks 10-17
  tail QK hooks registered (gated)
L1 (+38 heads): C +0.2670 | fresh +0.2191
  window 0 (7 docs): L2 fresh +0.0482
  window 1 (42 docs): L2 fresh +0.0597
  window 2 (17 docs): L2 fresh +0.0571
  window 3 (23 docs): L2 fresh +0.0569
  window 4 (43 docs): L2 fresh +0.1186
  window 5 (26 docs): L2 fresh +0.0684
  window 6 (35 docs): L2 fresh +0.0518
  window 7 (35 docs): L2 fresh +0.0475
L2 empirical: C +0.0705 | fresh +0.0623 | tail-attn increment -0.1568
(a) L2 <= +2.75 fresh: HELD
(b) increment in [0.30,0.55]: FAILED
  per-class dCE: digit:+0.034 bclose:+0.015 newline:+0.038 sentend:-0.004 comma:+0.014 name:+0.127 rep:-0.006 subword:+0.062 ind:+0.066 other:+0.076
  era Spearman vs rung-132: 0.4152 over 62
  median member/ref ratio 0.926; tau-curve {'0.5': 7, '1.0': 39, '1.5': 52, '2.0': 54, '3.0': 61}
L2 fresh +0.0623 (was +1.8765); census +0.0661 (was +1.9474); increment -0.1568; valid 7/62
(a) census +0.0661 <= 0.075: HELD
(b) valid 7 >= 8; margin 0.926: FAILED
(c) census in [0.01, 0.12]; era rho 0.4152: HELD
wrote /workspace/tensor_language/basis_aligned/bilinear_quotient/motif_tail48_results.json (130s)
