ARM: rank-16 QK patterns at ALL replaced heads, blocks 2-17 (dicts retired)
a2-input probe acc 0.69
fit a2
fit a3
fit a4
fit a5
fit a6
fit a7
fit a8
fit a9
fit a10
fit a11
fit a12
fit a13
fit a14
fit a15
fit a16
fit a17
  cp_swap: front MLPs m0-m3 -> CP top-4608 in place (tailE remains table-front-fit)
  QK rank-96 factors built for all motif heads
  QK rank-128 factors built for tail blocks 10-17
  tail QK hooks registered (gated)
L1 (+38 heads): C +0.2217 | fresh +0.2140
  window 0 (7 docs): L2 fresh +0.0595
  window 1 (42 docs): L2 fresh +0.0704
  window 2 (17 docs): L2 fresh +0.0555
  window 3 (23 docs): L2 fresh +0.0639
  window 4 (43 docs): L2 fresh +0.1048
  window 5 (26 docs): L2 fresh +0.0772
  window 6 (35 docs): L2 fresh +0.0527
  window 7 (35 docs): L2 fresh +0.0568
L2 empirical: C +0.0344 | fresh +0.0595 | tail-attn increment -0.1545
(a) L2 <= +2.75 fresh: HELD
(b) increment in [0.30,0.55]: FAILED
  per-class dCE: digit:+0.041 bclose:+0.069 newline:+0.039 sentend:+0.028 comma:+0.038 name:+0.118 rep:-0.063 subword:+0.055 ind:+0.031 other:+0.078
  era Spearman vs rung-132: 0.3740 over 62
  median member/ref ratio 0.815; tau-curve {'0.5': 11, '1.0': 42, '1.5': 54, '2.0': 54, '3.0': 61}
L2 fresh +0.0595 (was +1.8765); census +0.0589 (was +1.9474); increment -0.1545; valid 11/62
(a) census +0.0589 <= 0.012: FAILED
(b) valid 11 >= 20; margin 0.815: FAILED
(c) census in [0.001, 0.05]; era rho 0.3740: FAILED
wrote /workspace/tensor_language/basis_aligned/bilinear_quotient/motif_band_iso_results.json (140s)
