{"chunk": 0, "forwards": 34, "t": 5.6}
{"chunk": 3, "forwards": 133, "t": 7.6}
{"chunk": 6, "forwards": 232, "t": 11.7}
{"chunk": 9, "forwards": 331, "t": 14.9}
{"chunk": 12, "forwards": 430, "t": 18.8}
{"stage": "pass1_done", "forwards": 430, "replay_err": 0.0, "t": 18.8}
{
 "preds": {
  "pred_a_instrument_full_reproduces_r576": true,
  "pred_b_downstream_readers_carry_the_successor_effect": true,
  "pred_c_top2_readers_concentrate_the_effect": false,
  "pred_d_same_readers_carry_the_repeated_list_collateral": true,
  "pred_e_t_direct_lens_reads_copy_not_successor": false
 },
 "nulls": {
  "b_null_direct_share_ge_.6": false,
  "c_null_top2_share_le_.3": false,
  "d_null_top2_ce_ge_-.05": false,
  "e_null_copy_frac_le_.25": false
 },
 "summary": {
  "replay_rel_sq_err": 0.0,
  "a_max_dev": 6.22868537902832e-06,
  "pooled_list_d_m": {
   "FIT": {
    "FULL": 2.3135544091463087,
    "DIRECT": 0.2005079358816147,
    "READS": 2.0179266929626465,
    "COMP_mlp8": 0.39040102660655973,
    "COMP_attn9": -0.003887265920639038,
    "COMP_mlp9": 0.0702309250831604,
    "COMP_attn10": 0.009189239144325257,
    "COMP_mlp10": 0.199015212059021,
    "COMP_attn11": 0.04626678824424744,
    "COMP_mlp11": 0.06859081387519836,
    "COMP_attn12": 0.0063200294971466064,
    "COMP_mlp12": 0.0604967325925827,
    "COMP_attn13": 0.0025588512420654298,
    "COMP_mlp13": 0.015590199828147888,
    "COMP_attn14": 0.013453456759452819,
    "COMP_mlp14": 0.02464660704135895,
    "COMP_attn15": 0.0023093044757843016,
    "COMP_mlp15": 0.008526739478111268,
    "COMP_attn16": 8.359551429748535e-06,
    "COMP_mlp16": 0.006344157457351685,
    "COMP_attn17": 0.0015656083822250366,
    "COMP_mlp17": 0.07585645020008087,
    "BLOCK_8": 0.39040102660655973,
    "BLOCK_9": 0.05868611931800842,
    "BLOCK_10": 0.2071607679128647,
    "BLOCK_11": 0.11407696306705475,
    "BLOCK_12": 0.06653043329715728,
    "BLOCK_13": 0.018303170800209045,
    "BLOCK_14": 0.037948840856552125,
    "BLOCK_15": 0.010951957106590271,
    "BLOCK_16": 0.006342652440071106,
    "BLOCK_17": 0.07720763385295867,
    "TOP2_JOINT": 0.6534553438425064
   },
   "SELECT": {
    "FULL": 2.1211801707744598,
    "DIRECT": 0.21761293411254884,
    "READS": 1.9144272267818452,
    "COMP_mlp8": 0.4715304493904114,
    "COMP_attn9": 0.02011628746986389,
    "COMP_mlp9": 0.14910795092582702,
    "COMP_attn10": 0.017002010345458986,
    "COMP_mlp10": 0.10868307948112488,
    "COMP_attn11": 0.03793786764144898,
    "COMP_mlp11": 0.07588787078857422,
    "COMP_attn12": 0.003986948728561401,
    "COMP_mlp12": 0.05274524688720703,
    "COMP_attn13": 0.0030407786369323732,
    "COMP_mlp13": -0.041090792417526244,
    "COMP_attn14": 0.013798397779464722,
    "COMP_mlp14": 0.024536830186843873,
    "COMP_attn15": 0.0031557321548461915,
    "COMP_mlp15": -0.013287359476089477,
    "COMP_attn16": 0.0025961875915527345,
    "COMP_mlp16": -0.005944764614105225,
    "COMP_attn17": 0.002794313430786133,
    "COMP_mlp17": 0.06789074540138244,
    "BLOCK_8": 0.4715304493904114,
    "BLOCK_9": 0.1662488341331482,
    "BLOCK_10": 0.12400444746017455,
    "BLOCK_11": 0.11362493634223939,
    "BLOCK_12": 0.0567755401134491,
    "BLOCK_13": -0.038521063327789304,
    "BLOCK_14": 0.03819600939750671,
    "BLOCK_15": -0.010139721632003783,
    "BLOCK_16": -0.003290027379989624,
    "BLOCK_17": 0.07040122151374817,
    "TOP2_JOINT": 0.7005894422531128
   }
  },
  "pooled_list_lower": {
   "FIT": {
    "FULL": 2.2544218737632034,
    "DIRECT": 0.18186553463339805,
    "READS": 1.9434029643982649,
    "COMP_mlp8": 0.3682751048356295,
    "COMP_attn9": -0.009278019443154336,
    "COMP_mlp9": 0.04998709425330162,
    "COMP_attn10": 0.008365220576524734,
    "COMP_mlp10": 0.18418903544545173,
    "COMP_attn11": 0.04362122215330601,
    "COMP_mlp11": 0.05976476043462753,
    "COMP_attn12": 0.0058552221208810805,
    "COMP_mlp12": 0.055900719389319425,
    "COMP_attn13": 0.0022084470093250274,
    "COMP_mlp13": 0.010515501648187637,
    "COMP_attn14": 0.012875749170780182,
    "COMP_mlp14": 0.020934272408485412,
    "COMP_attn15": 0.0019470832496881487,
    "COMP_mlp15": 0.005828966274857521,
    "COMP_attn16": -0.00020864203572273254,
    "COMP_mlp16": 0.0030158607661724094,
    "COMP_attn17": 0.0013461586833000184,
    "COMP_mlp17": 0.07306435570120812,
    "BLOCK_8": 0.3682751048356295,
    "BLOCK_9": 0.034885135740041734,
    "BLOCK_10": 0.19229775585234166,
    "BLOCK_11": 0.1049618063122034,
    "BLOCK_12": 0.06185692645609379,
    "BLOCK_13": 0.01329026572406292,
    "BLOCK_14": 0.03433107428252697,
    "BLOCK_15": 0.008505217507481577,
    "BLOCK_16": 0.0030293570458889006,
    "BLOCK_17": 0.07448978319764137,
    "TOP2_JOINT": 0.6311031641811132
   },
   "SELECT": {
    "FULL": 2.0370181851089,
    "DIRECT": 0.1980769808590412,
    "READS": 1.8267956410348416,
    "COMP_mlp8": 0.42481479808688166,
    "COMP_attn9": 0.011656162589788436,
    "COMP_mlp9": 0.11352603957057,
    "COMP_attn10": 0.01590251788496971,
    "COMP_mlp10": 0.09066647410392761,
    "COMP_attn11": 0.03497397094964981,
    "COMP_mlp11": 0.06524245485663413,
    "COMP_attn12": 0.0033494292199611666,
    "COMP_mlp12": 0.04243198141455651,
    "COMP_attn13": 0.0021674150228500368,
    "COMP_mlp13": -0.05293732807040215,
    "COMP_attn14": 0.012436589449644089,
    "COMP_mlp14": 0.01654995232820511,
    "COMP_attn15": 0.002543667256832123,
    "COMP_mlp15": -0.019072253555059433,
    "COMP_attn16": 0.0019486775994300841,
    "COMP_mlp16": -0.010653658211231232,
    "COMP_attn17": 0.002319308668375015,
    "COMP_mlp17": 0.06002288177609444,
    "BLOCK_8": 0.42481479808688166,
    "BLOCK_9": 0.12801359787583352,
    "BLOCK_10": 0.10603809654712677,
    "BLOCK_11": 0.1031409077346325,
    "BLOCK_12": 0.046545825153589244,
    "BLOCK_13": -0.04959426298737526,
    "BLOCK_14": 0.029787954688072205,
    "BLOCK_15": -0.016083321422338485,
    "BLOCK_16": -0.008185059875249862,
    "BLOCK_17": 0.06246269762516022,
    "TOP2_JOINT": 0.6412613500654698
   }
  },
  "control_mean_d_ce": {
   "FIT": {
    "FULL": -0.3092520982027054,
    "DIRECT": 0.4481968730688095,
    "READS": -0.523541733622551,
    "COMP_mlp8": -0.1384512335062027,
    "COMP_attn9": 0.00482158362865448,
    "COMP_mlp9": -0.12855447828769684,
    "COMP_attn10": 0.009512752294540405,
    "COMP_mlp10": -0.09694734215736389,
    "COMP_attn11": -0.0007146894931793213,
    "COMP_mlp11": -0.0627083033323288,
    "COMP_attn12": -0.002396121621131897,
    "COMP_mlp12": -0.04969048500061035,
    "COMP_attn13": 0.0009269416332244873,
    "COMP_mlp13": -0.08731745183467865,
    "COMP_attn14": 0.0129232257604599,
    "COMP_mlp14": -0.060696303844451904,
    "COMP_attn15": 0.002714887261390686,
    "COMP_mlp15": -0.04753115773200989,
    "COMP_attn16": -0.0038284510374069214,
    "COMP_mlp16": -0.045666202902793884,
    "COMP_attn17": -2.5138258934020996e-05,
    "COMP_mlp17": 0.04519474506378174,
    "BLOCK_8": -0.1384512335062027,
    "BLOCK_9": -0.12417952716350555,
    "BLOCK_10": -0.08823563158512115,
    "BLOCK_11": -0.06175772845745087,
    "BLOCK_12": -0.05184867978096008,
    "BLOCK_13": -0.08607028424739838,
    "BLOCK_14": -0.04773607850074768,
    "BLOCK_15": -0.04465535283088684,
    "BLOCK_16": -0.0494292676448822,
    "BLOCK_17": 0.045131683349609375,
    "TOP2_JOINT": -0.22938627004623413
   },
   "SELECT": {
    "FULL": -0.3517163395881653,
    "DIRECT": 0.4033365845680237,
    "READS": -0.5828161835670471,
    "COMP_mlp8": -0.17267006635665894,
    "COMP_attn9": 0.0033327341079711914,
    "COMP_mlp9": -0.09839516878128052,
    "COMP_attn10": 0.0024574995040893555,
    "COMP_mlp10": -0.09121212363243103,
    "COMP_attn11": 0.0034035146236419678,
    "COMP_mlp11": -0.06527435779571533,
    "COMP_attn12": -0.006142109632492065,
    "COMP_mlp12": -0.05061382055282593,
    "COMP_attn13": 0.003417760133743286,
    "COMP_mlp13": -0.08050310611724854,
    "COMP_attn14": -0.04234430193901062,
    "COMP_mlp14": -0.04847550392150879,
    "COMP_attn15": 0.0006456971168518066,
    "COMP_mlp15": -0.05106201767921448,
    "COMP_attn16": -0.0015516281127929688,
    "COMP_mlp16": -0.06019490957260132,
    "COMP_attn17": -0.00017836689949035645,
    "COMP_mlp17": 0.05032998323440552,
    "BLOCK_8": -0.17267006635665894,
    "BLOCK_9": -0.09504646062850952,
    "BLOCK_10": -0.08836394548416138,
    "BLOCK_11": -0.060830771923065186,
    "BLOCK_12": -0.056340813636779785,
    "BLOCK_13": -0.07694080471992493,
    "BLOCK_14": -0.08954629302024841,
    "BLOCK_15": -0.050188541412353516,
    "BLOCK_16": -0.06177115440368652,
    "BLOCK_17": 0.050073862075805664,
    "TOP2_JOINT": -0.26736265420913696
   }
  },
  "shares_select": {
   "READS": 0.9025292868369935,
   "DIRECT": 0.10259049990699122
  },
  "share_sum_select": 1.0051197867439847,
  "top2_fit": [
   "mlp8",
   "mlp10"
  ],
  "top2_sum_select": 0.5802135288715362,
  "top2_lowers_select": {
   "mlp8": 0.42481479808688166,
   "mlp10": 0.09066647410392761
  },
  "reads_select": 1.9144272267818452,
  "full_select": 2.1211801707744598,
  "full_ce_control_select": -0.3517163395881653,
  "top2_ce_control_select": -0.26736265420913696,
  "d_applicable": true,
  "copy_over_successor_frac": 0.5208333333333334,
  "lens_median_label_minus_answer": 0.0024489760398864746,
  "t_norm_median": 3417.01171875
 }
}
