a2-input probe acc 0.69
fit a2
fit a3
fit a4
fit a5
fit a6
fit a7
fit a8
fit a9
fit a10
fit a11
fit a12
fit a13
fit a14
fit a15
fit a16
fit a17
none       : gap +1.6516  recovery 0.000
full       : gap +0.2485  recovery 1.000
observable : gap +0.3264  recovery 0.945
complement : gap +1.1811  recovery 0.335
random-r90 : gap +0.7872  recovery 0.616
(d) block-6 rel-MSE 1.7415 vs 1.7415: HELD
(a) recovery(observable) 0.945 >= 0.7: HELD
(b) recovery(complement) 0.335 <= 0.2: FAILED
(c) recovery(random-r90) 0.616 <= 0.5 x observable: FAILED
wrote /workspace/tensor_language/basis_aligned/bilinear_quotient/observable_correction_results.json (73s)
