fresh base CE 3.413
  a14: rho 0.53 mag 1.63
  a15: rho 0.69 mag 1.18
  a16: rho 0.49 mag 1.46
  a17: rho 0.77 mag 1.12
  a2: rho 0.85 mag 1.13
  a3: rho 0.67 mag 1.13
  a4: rho 0.59 mag 1.06
  a6: rho 0.53 mag 1.25
  a7: rho 0.56 mag 1.09
  a8: rho 0.44 mag 1.54
  a9: rho 0.89 mag 0.96
  m13: rho 0.83 mag 1.07
  m14: rho 0.90 mag 1.05
  m16: rho 0.79 mag 1.24
  m17: rho 0.60 mag 1.40
  m5: rho 0.89 mag 1.09
(a) median rho 0.679 >= 0.8: FAILED
(b) median mag ratio 1.129 in [0.6, 1.6]: HELD
(c) fresh base 3.413 in [2, 5]: HELD
wrote /workspace/tensor_language/basis_aligned/bilinear_quotient/ood_transport_results.json (149s)
