Warning: You are sending unauthenticated requests to the HF Hub. Please set a HF_TOKEN to enable higher rate limits and faster downloads.
whiteners built
attn maps built
context capture done
planks 0/1 context-fit
planks 2/3 fit
unit planks built
PCA strength calibration site=0 arm=null_00 scale=1.84537 relerr=2.84e-05
PCA strength calibration site=0 arm=null_01 scale=1.84529 relerr=2.78e-05
PCA strength calibration site=0 arm=null_02 scale=1.8977 relerr=3.63e-05
PCA strength calibration site=0 arm=null_03 scale=1.77914 relerr=2.98e-06
PCA strength calibration site=0 arm=null_04 scale=1.83006 relerr=1.02e-05
PCA strength calibration site=0 arm=null_05 scale=1.93483 relerr=9.19e-06
PCA strength calibration site=0 arm=null_06 scale=1.81679 relerr=1.33e-05
PCA strength calibration site=0 arm=null_07 scale=1.96919 relerr=1.71e-05
PCA strength calibration site=0 arm=null_08 scale=1.87005 relerr=1.09e-05
PCA strength calibration site=0 arm=null_09 scale=1.84124 relerr=3.19e-05
PCA strength calibration site=0 arm=null_10 scale=1.84795 relerr=4.23e-06
PCA strength calibration site=0 arm=null_11 scale=1.82256 relerr=2.69e-05
PCA strength calibration site=0 arm=null_12 scale=1.82549 relerr=4.96e-06
PCA strength calibration site=0 arm=null_13 scale=2.01478 relerr=5.82e-06
PCA strength calibration site=0 arm=null_14 scale=1.70306 relerr=2.64e-06
PCA strength calibration site=0 arm=null_15 scale=1.8733 relerr=2.46e-05
PCA strength calibration site=0 arm=null_16 scale=2.02743 relerr=1.71e-05
PCA strength calibration site=0 arm=null_17 scale=1.85084 relerr=2.29e-05
PCA strength calibration site=0 arm=null_18 scale=1.78373 relerr=2.32e-05
PCA strength calibration site=0 arm=null_19 scale=1.9161 relerr=2.72e-05
PCA strength calibration site=1 arm=null_00 scale=2.26011 relerr=1.93e-05
PCA strength calibration site=1 arm=null_01 scale=2.15634 relerr=9.16e-06
PCA strength calibration site=1 arm=null_02 scale=1.96419 relerr=2.47e-06
PCA strength calibration site=1 arm=null_03 scale=2.32165 relerr=1.36e-05
PCA strength calibration site=1 arm=null_04 scale=2.08176 relerr=2.34e-05
PCA strength calibration site=1 arm=null_05 scale=2.0785 relerr=3.36e-05
PCA strength calibration site=1 arm=null_06 scale=2.18397 relerr=1.52e-05
PCA strength calibration site=1 arm=null_07 scale=2.0331 relerr=2.44e-05
PCA strength calibration site=1 arm=null_08 scale=2.06282 relerr=1.07e-05
PCA strength calibration site=1 arm=null_09 scale=2.05654 relerr=4.14e-06
PCA strength calibration site=1 arm=null_10 scale=2.02238 relerr=1.15e-05
PCA strength calibration site=1 arm=null_11 scale=2.05942 relerr=5.9e-06
PCA strength calibration site=1 arm=null_12 scale=1.8306 relerr=2.75e-05
PCA strength calibration site=1 arm=null_13 scale=2.04345 relerr=1.79e-05
PCA strength calibration site=1 arm=null_14 scale=2.1006 relerr=1.94e-05
PCA strength calibration site=1 arm=null_15 scale=2.3512 relerr=1.15e-05
PCA strength calibration site=1 arm=null_16 scale=2.26384 relerr=2.28e-05
PCA strength calibration site=1 arm=null_17 scale=1.98811 relerr=1.64e-05
PCA strength calibration site=1 arm=null_18 scale=2.20365 relerr=2.28e-05
PCA strength calibration site=1 arm=null_19 scale=2.1663 relerr=6.17e-07
PCA control discovery site=0 arm=full done
PCA control discovery site=0 arm=local_pca done
PCA control discovery site=0 control=downstream_kl arm=null_00 done
PCA control discovery site=0 control=downstream_kl arm=null_01 done
PCA control discovery site=0 control=downstream_kl arm=null_02 done
PCA control discovery site=0 control=downstream_kl arm=null_03 done
PCA control discovery site=0 control=downstream_kl arm=null_04 done
PCA control discovery site=0 control=downstream_kl arm=null_05 done
PCA control discovery site=0 control=downstream_kl arm=null_06 done
PCA control discovery site=0 control=downstream_kl arm=null_07 done
PCA control discovery site=0 control=downstream_kl arm=null_08 done
PCA control discovery site=0 control=downstream_kl arm=null_09 done
PCA control discovery site=0 control=downstream_kl arm=null_10 done
PCA control discovery site=0 control=downstream_kl arm=null_11 done
PCA control discovery site=0 control=downstream_kl arm=null_12 done
PCA control discovery site=0 control=downstream_kl arm=null_13 done
PCA control discovery site=0 control=downstream_kl arm=null_14 done
PCA control discovery site=0 control=downstream_kl arm=null_15 done
PCA control discovery site=0 control=downstream_kl arm=null_16 done
PCA control discovery site=0 control=downstream_kl arm=null_17 done
PCA control discovery site=0 control=downstream_kl arm=null_18 done
PCA control discovery site=0 control=downstream_kl arm=null_19 done
PCA control discovery site=0 control=raw_rms arm=null_00 done
PCA control discovery site=0 control=raw_rms arm=null_01 done
PCA control discovery site=0 control=raw_rms arm=null_02 done
PCA control discovery site=0 control=raw_rms arm=null_03 done
PCA control discovery site=0 control=raw_rms arm=null_04 done
PCA control discovery site=0 control=raw_rms arm=null_05 done
PCA control discovery site=0 control=raw_rms arm=null_06 done
PCA control discovery site=0 control=raw_rms arm=null_07 done
PCA control discovery site=0 control=raw_rms arm=null_08 done
PCA control discovery site=0 control=raw_rms arm=null_09 done
PCA control discovery site=0 control=raw_rms arm=null_10 done
PCA control discovery site=0 control=raw_rms arm=null_11 done
PCA control discovery site=0 control=raw_rms arm=null_12 done
PCA control discovery site=0 control=raw_rms arm=null_13 done
PCA control discovery site=0 control=raw_rms arm=null_14 done
PCA control discovery site=0 control=raw_rms arm=null_15 done
PCA control discovery site=0 control=raw_rms arm=null_16 done
PCA control discovery site=0 control=raw_rms arm=null_17 done
PCA control discovery site=0 control=raw_rms arm=null_18 done
PCA control discovery site=0 control=raw_rms arm=null_19 done
PCA control discovery site=1 arm=full done
PCA control discovery site=1 arm=local_pca done
PCA control discovery site=1 control=downstream_kl arm=null_00 done
PCA control discovery site=1 control=downstream_kl arm=null_01 done
PCA control discovery site=1 control=downstream_kl arm=null_02 done
PCA control discovery site=1 control=downstream_kl arm=null_03 done
PCA control discovery site=1 control=downstream_kl arm=null_04 done
PCA control discovery site=1 control=downstream_kl arm=null_05 done
PCA control discovery site=1 control=downstream_kl arm=null_06 done
PCA control discovery site=1 control=downstream_kl arm=null_07 done
PCA control discovery site=1 control=downstream_kl arm=null_08 done
PCA control discovery site=1 control=downstream_kl arm=null_09 done
PCA control discovery site=1 control=downstream_kl arm=null_10 done
PCA control discovery site=1 control=downstream_kl arm=null_11 done
PCA control discovery site=1 control=downstream_kl arm=null_12 done
PCA control discovery site=1 control=downstream_kl arm=null_13 done
PCA control discovery site=1 control=downstream_kl arm=null_14 done
PCA control discovery site=1 control=downstream_kl arm=null_15 done
PCA control discovery site=1 control=downstream_kl arm=null_16 done
PCA control discovery site=1 control=downstream_kl arm=null_17 done
PCA control discovery site=1 control=downstream_kl arm=null_18 done
PCA control discovery site=1 control=downstream_kl arm=null_19 done
PCA control discovery site=1 control=raw_rms arm=null_00 done
PCA control discovery site=1 control=raw_rms arm=null_01 done
PCA control discovery site=1 control=raw_rms arm=null_02 done
PCA control discovery site=1 control=raw_rms arm=null_03 done
PCA control discovery site=1 control=raw_rms arm=null_04 done
PCA control discovery site=1 control=raw_rms arm=null_05 done
PCA control discovery site=1 control=raw_rms arm=null_06 done
PCA control discovery site=1 control=raw_rms arm=null_07 done
PCA control discovery site=1 control=raw_rms arm=null_08 done
PCA control discovery site=1 control=raw_rms arm=null_09 done
PCA control discovery site=1 control=raw_rms arm=null_10 done
PCA control discovery site=1 control=raw_rms arm=null_11 done
PCA control discovery site=1 control=raw_rms arm=null_12 done
PCA control discovery site=1 control=raw_rms arm=null_13 done
PCA control discovery site=1 control=raw_rms arm=null_14 done
PCA control discovery site=1 control=raw_rms arm=null_15 done
PCA control discovery site=1 control=raw_rms arm=null_16 done
PCA control discovery site=1 control=raw_rms arm=null_17 done
PCA control discovery site=1 control=raw_rms arm=null_18 done
PCA control discovery site=1 control=raw_rms arm=null_19 done
PCA control heldout site=0 arm=full done
PCA control heldout site=0 arm=local_pca done
PCA control heldout site=0 control=downstream_kl arm=null_00 done
PCA control heldout site=0 control=downstream_kl arm=null_01 done
PCA control heldout site=0 control=downstream_kl arm=null_02 done
PCA control heldout site=0 control=downstream_kl arm=null_03 done
PCA control heldout site=0 control=downstream_kl arm=null_04 done
PCA control heldout site=0 control=downstream_kl arm=null_05 done
PCA control heldout site=0 control=downstream_kl arm=null_06 done
PCA control heldout site=0 control=downstream_kl arm=null_07 done
PCA control heldout site=0 control=downstream_kl arm=null_08 done
PCA control heldout site=0 control=downstream_kl arm=null_09 done
PCA control heldout site=0 control=downstream_kl arm=null_10 done
PCA control heldout site=0 control=downstream_kl arm=null_11 done
PCA control heldout site=0 control=downstream_kl arm=null_12 done
PCA control heldout site=0 control=downstream_kl arm=null_13 done
PCA control heldout site=0 control=downstream_kl arm=null_14 done
PCA control heldout site=0 control=downstream_kl arm=null_15 done
PCA control heldout site=0 control=downstream_kl arm=null_16 done
PCA control heldout site=0 control=downstream_kl arm=null_17 done
PCA control heldout site=0 control=downstream_kl arm=null_18 done
PCA control heldout site=0 control=downstream_kl arm=null_19 done
PCA control heldout site=0 control=raw_rms arm=null_00 done
PCA control heldout site=0 control=raw_rms arm=null_01 done
PCA control heldout site=0 control=raw_rms arm=null_02 done
PCA control heldout site=0 control=raw_rms arm=null_03 done
PCA control heldout site=0 control=raw_rms arm=null_04 done
PCA control heldout site=0 control=raw_rms arm=null_05 done
PCA control heldout site=0 control=raw_rms arm=null_06 done
PCA control heldout site=0 control=raw_rms arm=null_07 done
PCA control heldout site=0 control=raw_rms arm=null_08 done
PCA control heldout site=0 control=raw_rms arm=null_09 done
PCA control heldout site=0 control=raw_rms arm=null_10 done
PCA control heldout site=0 control=raw_rms arm=null_11 done
PCA control heldout site=0 control=raw_rms arm=null_12 done
PCA control heldout site=0 control=raw_rms arm=null_13 done
PCA control heldout site=0 control=raw_rms arm=null_14 done
PCA control heldout site=0 control=raw_rms arm=null_15 done
PCA control heldout site=0 control=raw_rms arm=null_16 done
PCA control heldout site=0 control=raw_rms arm=null_17 done
PCA control heldout site=0 control=raw_rms arm=null_18 done
PCA control heldout site=0 control=raw_rms arm=null_19 done
PCA control heldout site=1 arm=full done
PCA control heldout site=1 arm=local_pca done
PCA control heldout site=1 control=downstream_kl arm=null_00 done
PCA control heldout site=1 control=downstream_kl arm=null_01 done
PCA control heldout site=1 control=downstream_kl arm=null_02 done
PCA control heldout site=1 control=downstream_kl arm=null_03 done
PCA control heldout site=1 control=downstream_kl arm=null_04 done
PCA control heldout site=1 control=downstream_kl arm=null_05 done
PCA control heldout site=1 control=downstream_kl arm=null_06 done
PCA control heldout site=1 control=downstream_kl arm=null_07 done
PCA control heldout site=1 control=downstream_kl arm=null_08 done
PCA control heldout site=1 control=downstream_kl arm=null_09 done
PCA control heldout site=1 control=downstream_kl arm=null_10 done
PCA control heldout site=1 control=downstream_kl arm=null_11 done
PCA control heldout site=1 control=downstream_kl arm=null_12 done
PCA control heldout site=1 control=downstream_kl arm=null_13 done
PCA control heldout site=1 control=downstream_kl arm=null_14 done
PCA control heldout site=1 control=downstream_kl arm=null_15 done
PCA control heldout site=1 control=downstream_kl arm=null_16 done
PCA control heldout site=1 control=downstream_kl arm=null_17 done
PCA control heldout site=1 control=downstream_kl arm=null_18 done
PCA control heldout site=1 control=downstream_kl arm=null_19 done
PCA control heldout site=1 control=raw_rms arm=null_00 done
PCA control heldout site=1 control=raw_rms arm=null_01 done
PCA control heldout site=1 control=raw_rms arm=null_02 done
PCA control heldout site=1 control=raw_rms arm=null_03 done
PCA control heldout site=1 control=raw_rms arm=null_04 done
PCA control heldout site=1 control=raw_rms arm=null_05 done
PCA control heldout site=1 control=raw_rms arm=null_06 done
PCA control heldout site=1 control=raw_rms arm=null_07 done
PCA control heldout site=1 control=raw_rms arm=null_08 done
PCA control heldout site=1 control=raw_rms arm=null_09 done
PCA control heldout site=1 control=raw_rms arm=null_10 done
PCA control heldout site=1 control=raw_rms arm=null_11 done
PCA control heldout site=1 control=raw_rms arm=null_12 done
PCA control heldout site=1 control=raw_rms arm=null_13 done
PCA control heldout site=1 control=raw_rms arm=null_14 done
PCA control heldout site=1 control=raw_rms arm=null_15 done
PCA control heldout site=1 control=raw_rms arm=null_16 done
PCA control heldout site=1 control=raw_rms arm=null_17 done
PCA control heldout site=1 control=raw_rms arm=null_18 done
PCA control heldout site=1 control=raw_rms arm=null_19 done
{
  "site_decisions": {
    "0": {
      "downstream_kl": {
        "candidate_split_gains": {
          "discovery": 0.09423756847778957,
          "heldout": 0.09254474937915802
        },
        "candidate_joint_split_statistic": 0.09254474937915802,
        "null_joint_split_statistics": {
          "null_00": 0.009139845768610636,
          "null_01": 0.04149008790651957,
          "null_02": 0.03489361082514127,
          "null_03": 0.033089312414328255,
          "null_04": 0.04130725065867106,
          "null_05": 0.037267969300349556,
          "null_06": 0.047298092395067215,
          "null_07": 0.03597952673832575,
          "null_08": 0.03880338494976362,
          "null_09": 0.034226162980000176,
          "null_10": 0.025143613417943318,
          "null_11": 0.03712450588742892,
          "null_12": 0.025066247830788296,
          "null_13": 0.04383649304509163,
          "null_14": 0.03103020911415418,
          "null_15": 0.03249306852618853,
          "null_16": 0.04554341112573942,
          "null_17": 0.02917915831009547,
          "null_18": 0.030134829382101696,
          "null_19": 0.030346903949975967
        },
        "nulls_at_least_candidate": 0,
        "exact_one_sided_p": 0.047619047619047616,
        "heldout_bootstrap_ci95": [
          0.08554963994150361,
          0.09975677070518334
        ],
        "full_oracle_heldout_gain": 0.11583606898784637,
        "heldout_fraction_of_full_oracle_gain": 0.798928608228823,
        "decision": {
          "candidate_positive_both_splits": true,
          "heldout_bootstrap_ci95_lower_gt_zero": true,
          "candidate_beats_all_twenty_nulls_joint_split": true,
          "heldout_fraction_of_full_oracle_ge_0p40": true,
          "passes": true
        }
      },
      "raw_rms": {
        "candidate_split_gains": {
          "discovery": 0.09423756847778957,
          "heldout": 0.09254474937915802
        },
        "candidate_joint_split_statistic": 0.09254474937915802,
        "null_joint_split_statistics": {
          "null_00": 0.012204587459564209,
          "null_01": 0.04152903954188029,
          "null_02": 0.03552002211411794,
          "null_03": 0.033577154080073036,
          "null_04": 0.04111096759637197,
          "null_05": 0.038392106691996254,
          "null_06": 0.04442571972807249,
          "null_07": 0.03586807350317637,
          "null_08": 0.03919321919480959,
          "null_09": 0.03441490853826205,
          "null_10": 0.029101678480704624,
          "null_11": 0.03767678762475649,
          "null_12": 0.02729546402891477,
          "null_13": 0.043616545697053276,
          "null_14": 0.03212716430425644,
          "null_15": 0.03403509656588236,
          "null_16": 0.043198589235544205,
          "null_17": 0.028976183384656906,
          "null_18": 0.031828947365283966,
          "null_19": 0.030612433950106304
        },
        "nulls_at_least_candidate": 0,
        "exact_one_sided_p": 0.047619047619047616,
        "heldout_bootstrap_ci95": [
          0.08554963994150361,
          0.09975677070518334
        ],
        "full_oracle_heldout_gain": 0.11583606898784637,
        "heldout_fraction_of_full_oracle_gain": 0.798928608228823,
        "decision": {
          "candidate_positive_both_splits": true,
          "heldout_bootstrap_ci95_lower_gt_zero": true,
          "candidate_beats_all_twenty_nulls_joint_split": true,
          "heldout_fraction_of_full_oracle_ge_0p40": true,
          "passes": true
        }
      },
      "passes_both_strength_controls": true
    },
    "1": {
      "downstream_kl": {
        "candidate_split_gains": {
          "discovery": 0.07259154195586841,
          "heldout": 0.07889982437094052
        },
        "candidate_joint_split_statistic": 0.07259154195586841,
        "null_joint_split_statistics": {
          "null_00": -0.011563412845134735,
          "null_01": -0.002594154328107834,
          "null_02": -0.011946809788544973,
          "null_03": -0.020106054842472076,
          "null_04": 0.002640005201101303,
          "null_05": -0.040522076189517975,
          "null_06": -0.010198046763737997,
          "null_07": -0.021535908182462055,
          "null_08": -0.014471987883249918,
          "null_09": -0.02163764213522275,
          "null_10": -0.01754456510146459,
          "null_11": 0.008603502064943314,
          "null_12": 0.02419877052307129,
          "null_13": -0.003970903654893239,
          "null_14": -0.02184005205829938,
          "null_15": -0.0355960913002491,
          "null_16": 0.012988623231649399,
          "null_17": 0.005137318124373754,
          "null_18": -0.0016838821272055309,
          "null_19": 0.0024794588486353555
        },
        "nulls_at_least_candidate": 0,
        "exact_one_sided_p": 0.047619047619047616,
        "heldout_bootstrap_ci95": [
          0.06676374208182097,
          0.0905253969443341
        ],
        "full_oracle_heldout_gain": 0.15261724591255188,
        "heldout_fraction_of_full_oracle_gain": 0.5169784312327934,
        "decision": {
          "candidate_positive_both_splits": true,
          "heldout_bootstrap_ci95_lower_gt_zero": true,
          "candidate_beats_all_twenty_nulls_joint_split": true,
          "heldout_fraction_of_full_oracle_ge_0p40": true,
          "passes": true
        }
      },
      "raw_rms": {
        "candidate_split_gains": {
          "discovery": 0.07259154195586841,
          "heldout": 0.07889982437094052
        },
        "candidate_joint_split_statistic": 0.07259154195586841,
        "null_joint_split_statistics": {
          "null_00": 0.0393703319132328,
          "null_01": 0.04214876269300779,
          "null_02": 0.025507890929778416,
          "null_03": 0.03353464603424072,
          "null_04": 0.034035079181194305,
          "null_05": 0.01131929581363996,
          "null_06": 0.03847460821270943,
          "null_07": 0.016564179211854935,
          "null_08": 0.03348978857199351,
          "null_09": 0.022724103182554245,
          "null_10": 0.024159712096055348,
          "null_11": 0.045693775018056236,
          "null_12": 0.0505256342391173,
          "null_13": 0.03992238516608874,
          "null_14": 0.027266304939985275,
          "null_15": 0.028431382030248642,
          "null_16": 0.06035207584500313,
          "null_17": 0.0399433933198452,
          "null_18": 0.04338077579935392,
          "null_19": 0.048505570739507675
        },
        "nulls_at_least_candidate": 0,
        "exact_one_sided_p": 0.047619047619047616,
        "heldout_bootstrap_ci95": [
          0.06676374208182097,
          0.0905253969443341
        ],
        "full_oracle_heldout_gain": 0.15261724591255188,
        "heldout_fraction_of_full_oracle_gain": 0.5169784312327934,
        "decision": {
          "candidate_positive_both_splits": true,
          "heldout_bootstrap_ci95_lower_gt_zero": true,
          "candidate_beats_all_twenty_nulls_joint_split": true,
          "heldout_fraction_of_full_oracle_ge_0p40": true,
          "passes": true
        }
      },
      "passes_both_strength_controls": true
    }
  },
  "registered_predictions": {
    "pred_a_mlp0_local_interface_passes": true,
    "pred_b_mlp1_local_interface_passes": true,
    "pred_c_both_strength_controls_agree_at_both_sites": true
  },
  "training_license_sites": [],
  "code_ood_licensed": false
}
