{"stage": "fit", "docs": 96, "t": 88.8}
{"stage": "cert", "docs": 8, "t": 106.6}
{"stage": "cert", "docs": 16, "t": 124.2}
{"stage": "cert", "docs": 24, "t": 141.8}
{"stage": "cert", "docs": 32, "t": 159.7}
{"stage": "base", "docs": 32, "t": 184.1}
{"stage": "single_attn11", "docs": 32, "t": 209.2}
{"stage": "single_mlp11", "docs": 32, "t": 234.4}
{"stage": "single_attn12", "docs": 32, "t": 261.2}
{"stage": "single_mlp12", "docs": 32, "t": 286.2}
{"stage": "single_attn13", "docs": 32, "t": 310.7}
{"stage": "single_mlp13", "docs": 32, "t": 334.9}
{"stage": "single_attn14", "docs": 32, "t": 359.4}
{"stage": "single_mlp14", "docs": 32, "t": 383.4}
{"stage": "single_attn15", "docs": 32, "t": 407.4}
{"stage": "single_mlp15", "docs": 32, "t": 431.4}
{"stage": "single_attn16", "docs": 32, "t": 455.8}
{"stage": "single_mlp16", "docs": 32, "t": 479.9}
{"stage": "single_attn17", "docs": 32, "t": 504.4}
{"stage": "single_mlp17", "docs": 32, "t": 540.5}
{"stage": "set_R1_n3", "docs": 32, "t": 564.9}
{"R1_n3": {"sites": ["attn12", "mlp14", "attn16"], "n": 3, "measured": 0.04435831308364868, "J": 0.04041655425680801, "direct_joint_cert": 0.040416553034447134, "identity_rel_err": 3.02440646329199e-08, "ratio": 1.097528324700681, "sum_single_measured": 0.04450172185897827, "X_measured": -0.00014340877532958984, "X_model": 0.0036520343710435554}}
{"stage": "set_R2_n3", "docs": 32, "t": 599.7}
{"R2_n3": {"sites": ["attn12", "mlp13", "mlp17"], "n": 3, "measured": 0.11488741636276245, "J": 0.09596428713120986, "direct_joint_cert": 0.0959642808593344, "identity_rel_err": 6.535634923073743e-08, "ratio": 1.1971892856941606, "sum_single_measured": 0.09912389516830444, "X_measured": 0.015763521194458008, "X_model": 0.00594425929011777}}
{"stage": "set_R3_n3", "docs": 32, "t": 626.6}
{"R3_n3": {"sites": ["mlp11", "mlp14", "attn17"], "n": 3, "measured": 0.08934164047241211, "J": 0.06675054751394782, "direct_joint_cert": 0.06675054697552696, "identity_rel_err": 8.066164001682055e-09, "ratio": 1.3384405641578263, "sum_single_measured": 0.07240676879882812, "X_measured": 0.016934871673583984, "X_model": 0.016395177284721285}}
{"stage": "set_R4_n3", "docs": 32, "t": 652.2}
{"R4_n3": {"sites": ["mlp12", "attn13", "mlp14"], "n": 3, "measured": 0.09162455797195435, "J": 0.0845616516598966, "direct_joint_cert": 0.08456165311508812, "identity_rel_err": 1.720864593195748e-08, "ratio": 1.0835237507004294, "sum_single_measured": 0.07143783569335938, "X_measured": 0.02018672227859497, "X_model": 0.01967405149480328}}
{"stage": "set_R5_n5", "docs": 32, "t": 676.6}
{"R5_n5": {"sites": ["attn12", "mlp12", "mlp13", "attn15", "mlp16"], "n": 5, "measured": 0.1651126742362976, "J": 0.13707513952977024, "direct_joint_cert": 0.137075153645128, "identity_rel_err": 1.0297533031837802e-07, "ratio": 1.2045413544914767, "sum_single_measured": 0.10440760850906372, "X_measured": 0.06070506572723389, "X_model": 0.04229937527270522}}
{"stage": "set_R6_n5", "docs": 32, "t": 700.7}
{"R6_n5": {"sites": ["attn11", "mlp15", "mlp16", "attn17", "mlp17"], "n": 5, "measured": 0.24222517013549805, "J": 0.326624786524917, "direct_joint_cert": 0.20561004895716906, "identity_rel_err": 0.37050077814139243, "ratio": 0.7416006994221781, "sum_single_measured": 0.1475962996482849, "X_measured": 0.09462887048721313, "X_model": 0.2005853828159161}}
{"stage": "set_R7_n5", "docs": 32, "t": 724.9}
{"R7_n5": {"sites": ["attn11", "mlp12", "mlp13", "attn14", "attn15"], "n": 5, "measured": 0.13902008533477783, "J": 0.1637768482323736, "direct_joint_cert": 0.16377685824409127, "identity_rel_err": 6.113023779106641e-08, "ratio": 0.848838445941579, "sum_single_measured": 0.09635573625564575, "X_measured": 0.04266434907913208, "X_model": 0.05225739516026806}}
{"stage": "set_R8_n5", "docs": 32, "t": 749.3}
{"R8_n5": {"sites": ["mlp13", "attn14", "attn15", "attn17", "mlp17"], "n": 5, "measured": 0.14906460046768188, "J": 0.1729778321168851, "direct_joint_cert": 0.1729778263688786, "identity_rel_err": 3.322972917894384e-08, "ratio": 0.8617555130819046, "sum_single_measured": 0.11896979808807373, "X_measured": 0.030094802379608154, "X_model": 0.03885734012874309}}
{"stage": "set_R9_n8", "docs": 32, "t": 773.3}
{"R9_n8": {"sites": ["attn11", "mlp11", "attn12", "mlp12", "attn14", "mlp16", "attn17", "mlp17"], "n": 8, "measured": 0.37555044889450073, "J": 0.41753920263727196, "direct_joint_cert": 0.29652445763349533, "identity_rel_err": 0.28982846218850866, "ratio": 0.8994375774117478, "sum_single_measured": 0.2114715576171875, "X_measured": 0.16407889127731323, "X_model": 0.2233592222473817}}
{"stage": "set_R10_n8", "docs": 32, "t": 797.4}
{"R10_n8": {"sites": ["attn12", "attn13", "mlp13", "attn14", "mlp14", "attn15", "mlp16", "attn17"], "n": 8, "measured": 0.23000138998031616, "J": 0.27879553409002256, "direct_joint_cert": 0.27879552789090667, "identity_rel_err": 2.2235348595227484e-08, "ratio": 0.8249823324144394, "sum_single_measured": 0.1353222131729126, "X_measured": 0.09467917680740356, "X_model": 0.13109406517469324}}
{"stage": "set_R11_n8", "docs": 32, "t": 821.6}
{"R11_n8": {"sites": ["mlp11", "attn12", "mlp13", "mlp15", "attn16", "mlp16", "attn17", "mlp17"], "n": 8, "measured": 0.4388884902000427, "J": 0.4593856035498902, "direct_joint_cert": 0.3383708556066267, "identity_rel_err": 0.2634273843327375, "ratio": 0.9553814634340811, "sum_single_measured": 0.2150459885597229, "X_measured": 0.22384250164031982, "X_model": 0.2786932860035449}}
{"stage": "set_R12_n8", "docs": 32, "t": 845.7}
{"R12_n8": {"sites": ["attn11", "attn12", "mlp12", "attn13", "attn15", "attn16", "mlp16", "mlp17"], "n": 8, "measured": 0.3043673038482666, "J": 0.3804926835728111, "direct_joint_cert": 0.25947796524269506, "identity_rel_err": 0.31804742523244506, "ratio": 0.7999294519680898, "sum_single_measured": 0.17812228202819824, "X_measured": 0.12624502182006836, "X_model": 0.21644719439791515}}
{"stage": "set_A1", "docs": 32, "t": 869.7}
{"A1": {"sites": ["mlp16", "mlp17"], "n": 2, "measured": 0.13726717233657837, "J": 0.2420294617768377, "direct_joint_cert": 0.2420294617768377, "identity_rel_err": 0.0, "ratio": 0.5671506738429432, "sum_single_measured": 0.09956866502761841, "X_measured": 0.03769850730895996, "X_model": 0.1581743563292548}}
{"stage": "set_A2", "docs": 32, "t": 894.0}
{"A2": {"sites": ["mlp14", "mlp15", "mlp16", "mlp17"], "n": 4, "measured": 0.2956277132034302, "J": 0.36842106509720907, "direct_joint_cert": 0.24740633010515012, "identity_rel_err": 0.328468555293191, "ratio": 0.8024180515449839, "sum_single_measured": 0.15691757202148438, "X_measured": 0.1387101411819458, "X_model": 0.24039271501533221}}
{"stage": "set_A3", "docs": 32, "t": 918.2}
{"A3": {"sites": ["mlp11", "mlp12", "mlp13", "mlp14", "mlp15", "mlp16", "mlp17"], "n": 7, "measured": 0.6468724012374878, "J": 0.6051843511959305, "direct_joint_cert": 0.4841696296061855, "identity_rel_err": 0.19996340181401367, "ratio": 1.0688848777387845, "sum_single_measured": 0.25525617599487305, "X_measured": 0.39161622524261475, "X_model": 0.39840212237322703}}
{"stage": "set_A4", "docs": 32, "t": 942.5}
{"A4": {"sites": ["attn11", "mlp11", "attn12", "mlp12", "attn13", "mlp13", "attn14", "mlp14", "attn15", "mlp15", "attn16", "mlp16", "attn17", "mlp17"], "n": 14, "measured": 0.9092596769332886, "J": 0.8971940680567059, "direct_joint_cert": 0.7761793429963291, "identity_rel_err": 0.1348813254221474, "ratio": 1.013448159440818, "sum_single_measured": 0.3238237500190735, "X_measured": 0.5854359269142151, "X_model": 0.5953013673351961}}
{"stage": "set_BEST7", "docs": 32, "t": 978.5}
{"BEST7": {"sites": ["mlp11", "attn12", "mlp14", "attn15", "mlp15", "attn16", "mlp16"], "n": 7, "measured": 0.26730889081954956, "J": 0.20512144593521953, "direct_joint_cert": NaN, "identity_rel_err": NaN, "ratio": 1.3031737837104063, "sum_single_measured": 0.1517544388771057, "X_measured": 0.11555445194244385, "X_model": 0.08703122752194759}}
{"stage": "set_WORST7", "docs": 32, "t": 1013.9}
{"WORST7": {"sites": ["mlp11", "mlp12", "mlp13", "mlp14", "mlp15", "mlp16", "mlp17"], "n": 7, "measured": 0.6468724012374878, "J": 0.6051843511959305, "direct_joint_cert": 0.4841696296061855, "identity_rel_err": 0.19996340181401367, "ratio": 1.0688848777387845, "sum_single_measured": 0.25525617599487305, "X_measured": 0.39161622524261475, "X_model": 0.39840212237322703}}
/workspace/tensor_language/basis_aligned/bilinear_quotient/ops/mlp_in_situ_usage_rank_map_probe.py:135: UserWarning: To copy construct from a tensor, it is recommended to use sourceTensor.detach().clone() or sourceTensor.detach().clone().requires_grad_(True), rather than torch.tensor(sourceTensor).
  ra = torch.argsort(torch.argsort(torch.tensor(a))).double(); rb = torch.argsort(torch.argsort(torch.tensor(b))).double()
{
 "preds": {
  "pred_a_instrument": false,
  "pred_b_pairwise_model_prices_random_subsets": true,
  "pred_c_cross_terms_positive": false,
  "pred_d_ordering": true,
  "pred_e_design_gain": true
 },
 "nulls": {
  "b_null_le_6_of_12": false,
  "c_null_ge_30_negative_pairs": false,
  "d_null_spearman_le_.5": false,
  "e_null_best_ge_.8_worst": false
 },
 "n_b": 12,
 "rho": 0.9735294117647059,
 "e_ratio": 0.4132327956922865,
 "designs": {
  "BEST7": [
   "mlp11",
   "attn12",
   "mlp14",
   "attn15",
   "mlp15",
   "attn16",
   "mlp16"
  ],
  "WORST7": [
   "mlp11",
   "mlp12",
   "mlp13",
   "mlp14",
   "mlp15",
   "mlp16",
   "mlp17"
  ]
 }
}
