Warning: You are sending unauthenticated requests to the HF Hub. Please set a HF_TOKEN to enable higher rate limits and faster downloads.
PARTIAL COMPILE FRONTIER | depths (-1, 3, 7, 10, 13) x table ranks (None, 64, 16), cost in reals | settled program (context-free tables + output-NN fallback + rank-64 map) | DISCOVERY ONLY

  per-site norm calibration (live mean / row mean), measured on the LIVE model:
    attn L0:  2.71 L1:  2.49 L2:  2.26 L3:  2.13 L4:  4.37 L5:  1.00 L6:  1.02 L7:  3.61 L8:  3.59 L9:  4.83 L10:  3.80 L11:  4.49 L12:  6.72 L13:  6.39 L14:  7.07 L15:  6.33 L16:  5.70 L17:  5.59
    mlp  L0:  0.88 L1:  0.42 L2:  0.61 L3:  0.49 L4:  0.10 L5:  0.39 L6:  0.52 L7:  1.66 L8:  2.04 L9:  1.32 L10:  2.33 L11:  1.05 L12:  1.91 L13:  1.26 L14:  1.66 L15:  1.19 L16:  1.13 L17:  1.21

  arms  (45s)
  all_substituted      skip7000 13.55%  skip11000 14.25%  skip1200 13.64%
  all_sub_scaled       skip7000 12.16%  skip11000 12.81%  skip1200 12.10%
  live_model           skip7000 39.32%  skip11000 42.35%  skip1200 38.88%
  rNone_L-1            skip7000 13.55%  skip11000 14.25%  skip1200 13.64%
  rNone_L3             skip7000 14.12%  skip11000 14.85%  skip1200 14.07%
  rNone_L7             skip7000 20.06%  skip11000 20.68%  skip1200 19.44%
  rNone_L10            skip7000 27.41%  skip11000 28.81%  skip1200 26.92%
  rNone_L13            skip7000 32.85%  skip11000 34.98%  skip1200 32.37%
  r64_L-1              skip7000 12.88%  skip11000 13.49%  skip1200 12.89%
  r64_L3               skip7000 13.36%  skip11000 14.02%  skip1200 13.44%
  r64_L7               skip7000 19.31%  skip11000 19.82%  skip1200 18.85%
  r64_L10              skip7000 26.93%  skip11000 28.33%  skip1200 26.76%
  r64_L13              skip7000 32.80%  skip11000 34.74%  skip1200 32.26%
  r16_L-1              skip7000 11.68%  skip11000 12.45%  skip1200 12.10%
  r16_L3               skip7000 12.19%  skip11000 13.02%  skip1200 12.61%
  r16_L7               skip7000 18.71%  skip11000 19.42%  skip1200 18.52%
  r16_L10              skip7000 26.59%  skip11000 27.92%  skip1200 26.50%
  r16_L13              skip7000 32.62%  skip11000 34.61%  skip1200 32.08%

  cost / fidelity frontier  (reals, and top-1 per role)
    r16_L-1          9.176M  skip7000 11.68%  skip11000 12.45%  skip1200 12.10%
    r64_L-1         20.531M  skip7000 12.88%  skip11000 13.49%  skip1200 12.89%
    r16_L3         102.693M  skip7000 12.19%  skip11000 13.02%  skip1200 12.61%
    r64_L3         111.525M  skip7000 13.36%  skip11000 14.02%  skip1200 13.44%
    r16_L7         196.210M  skip7000 18.71%  skip11000 19.42%  skip1200 18.52%
    r64_L7         202.518M  skip7000 19.31%  skip11000 19.82%  skip1200 18.85%
    rNone_L-1      230.087M  skip7000 13.55%  skip11000 14.25%  skip1200 13.64%
    r16_L10        266.348M  skip7000 26.59%  skip11000 27.92%  skip1200 26.50%
    r64_L10        270.763M  skip7000 26.93%  skip11000 28.33%  skip1200 26.76%
    rNone_L3       274.512M  skip7000 14.12%  skip11000 14.85%  skip1200 14.07%
    rNone_L7       318.938M  skip7000 20.06%  skip11000 20.68%  skip1200 19.44%
    r16_L13        336.485M  skip7000 32.62%  skip11000 34.61%  skip1200 32.08%
    r64_L13        339.008M  skip7000 32.80%  skip11000 34.74%  skip1200 32.26%
    rNone_L10      352.257M  skip7000 27.41%  skip11000 28.81%  skip1200 26.92%
    rNone_L13      385.576M  skip7000 32.85%  skip11000 34.98%  skip1200 32.37%

  the settled design point r64_L-1 is NOT Pareto-dominated -> True  skip7000 none  skip11000 none  skip1200 none
  the cheapest arm that beats it costs >=5x more -> True  skip7000 r64_L3 at 5.4x  skip11000 r64_L3 at 5.4x  skip1200 r64_L3 at 5.4x
  rank-64 keeps >=80% of full-rank recovery at L10 -> True  skip7000 97%  skip11000 97%  skip1200 99%
  all-substituted and live reproduce §1789, coverage 5419 -> control False

pred_a True | pred_b True | pred_c True | pred_d False
wrote /workspace/tensor_language/basis_aligned/bilinear_quotient/ops/partial_compile_frontier_results.json (311.5s)
