ARM: rank-16 QK patterns at ALL replaced heads, blocks 2-17 (dicts retired)
a2-input probe acc 0.69
fit a2
fit a3
fit a4
fit a5
fit a6
fit a7
fit a8
fit a9
fit a10
fit a11
fit a12
fit a13
fit a14
fit a15
fit a16
fit a17
  cp_swap: front MLPs m0-m3 -> CP top-4608 in place (tailE remains table-front-fit)
  QK rank-96 factors built for all motif heads
  QK rank-96 factors built for tail blocks 10-17
  tail QK hooks registered (gated)
L1 (+38 heads): C +0.2160 | fresh +0.2067
  window 0 (7 docs): L2 fresh +0.0534
  window 1 (42 docs): L2 fresh +0.0635
  window 2 (17 docs): L2 fresh +0.0575
  window 3 (23 docs): L2 fresh +0.0588
  window 4 (43 docs): L2 fresh +0.1178
  window 5 (26 docs): L2 fresh +0.0714
  window 6 (35 docs): L2 fresh +0.0472
  window 7 (35 docs): L2 fresh +0.0520
L2 empirical: C +0.0314 | fresh +0.0534 | tail-attn increment -0.1533
(a) L2 <= +2.75 fresh: HELD
(b) increment in [0.30,0.55]: FAILED
cev saved: cev_pathfull.pt
  per-class dCE: digit:+0.033 bclose:+0.045 newline:+0.035 sentend:+0.027 comma:+0.036 name:+0.104 rep:-0.033 subword:+0.047 ind:+0.031 other:+0.067
  era Spearman vs rung-132: 0.3946 over 62
  median member/ref ratio 0.772; tau-curve {'0.5': 11, '1.0': 44, '1.5': 54, '2.0': 55, '3.0': 62}
L2 fresh +0.0534 (was +1.8765); census +0.0520 (was +1.9474); increment -0.1533; valid 11/62
(a) PATH EXACT - census +0.0520 <= 0.01: FAILED
(b) valid 11 >= 12: FAILED
(c) census in [0.01, 0.12]; era rho 0.3946: HELD
wrote /workspace/tensor_language/basis_aligned/bilinear_quotient/path_full_results.json (146s)
