batch 1/4 done 62s
batch 2/4 done 95s
batch 3/4 done 127s
batch 4/4 done 160s
L 0 W128 mean 1.000 | heads [1.0, 1.0, 1.0, 1.0, 1.0, 1.0, 1.0, 1.0, 1.0]
L 1 W128 mean 0.681 | heads [0.661, 0.947, 0.599, 0.707, 0.555, 0.75, 0.596, 0.779, 0.531]
L 2 W128 mean 0.921 | heads [0.964, 0.839, 0.983, 0.95, 0.87, 0.812, 0.995, 0.93, 0.947]
L 3 W128 mean 0.904 | heads [0.954, 0.841, 0.839, 0.935, 0.959, 0.921, 0.978, 0.966, 0.745]
L 4 W128 mean 0.937 | heads [0.976, 0.976, 0.897, 0.954, 0.925, 0.954, 0.897, 0.969, 0.889]
L 5 W128 mean 0.687 | heads [0.82, 0.769, 0.269, 0.87, 0.885, 0.762, 0.88, 0.002, 0.928]
L 6 W128 mean 0.815 | heads [0.844, 0.757, 0.812, 0.923, 0.837, 0.769, 0.822, 0.726, 0.849]
L 7 W128 mean 0.829 | heads [0.812, 0.829, 0.899, 0.675, 0.748, 0.853, 0.832, 0.873, 0.94]
L 8 W128 mean 0.832 | heads [0.81, 0.892, 0.812, 0.796, 0.808, 0.853, 0.825, 0.827, 0.865]
L 9 W128 mean 0.889 | heads [0.899, 0.909, 0.877, 0.875, 0.897, 0.887, 0.853, 0.962, 0.839]
L10 W128 mean 0.864 | heads [0.849, 0.858, 0.918, 0.798, 0.822, 0.95, 0.858, 0.873, 0.849]
L11 W128 mean 0.882 | heads [0.825, 0.923, 0.925, 0.885, 0.788, 0.93, 0.909, 0.853, 0.897]
L12 W128 mean 0.877 | heads [0.93, 0.889, 0.909, 0.791, 0.894, 0.875, 0.825, 0.865, 0.913]
L13 W128 mean 0.834 | heads [0.793, 0.863, 0.851, 0.805, 0.844, 0.755, 0.901, 0.837, 0.858]
L14 W128 mean 0.821 | heads [0.805, 0.812, 0.877, 0.889, 0.786, 0.844, 0.776, 0.791, 0.812]
L15 W128 mean 0.833 | heads [0.844, 0.942, 0.829, 0.762, 0.74, 0.897, 0.808, 0.825, 0.853]
L16 W128 mean 0.801 | heads [0.755, 0.745, 0.817, 0.781, 0.752, 0.738, 0.808, 0.877, 0.938]
L17 W128 mean 0.898 | heads [0.899, 0.928, 0.88, 0.928, 0.894, 0.849, 0.906, 0.913, 0.885]
bands front 0.876 mid 0.869 late 0.844 | sink 5.7 {'W32': 0.002, 'W128': 0.002}
pred_a global True | pred_b nonmonotone False | pred_c sink False
wrote /workspace/tensor_language/basis_aligned/bilinear_quotient/pattern_fold_map_results.json (160.3s)
