  attn0: understanding +0.805 (shuf-null -0.164, meanabl-cost 0.281)
   mlp0: understanding +0.669 (shuf-null -1.722, meanabl-cost 0.774)
  attn1: understanding +0.307 (shuf-null -5.928, meanabl-cost 0.213)
   mlp1: understanding +0.927 (shuf-null +0.613, meanabl-cost 6.441)
  attn2: understanding +0.362 (shuf-null -0.958, meanabl-cost 0.137)
   mlp2: understanding +0.735 (shuf-null -0.820, meanabl-cost 0.772)
  attn3: understanding +0.386 (shuf-null -0.594, meanabl-cost 0.103)
   mlp3: understanding +0.629 (shuf-null -0.631, meanabl-cost 0.596)
  attn4: understanding +0.513 (shuf-null -1.016, meanabl-cost 0.224)
   mlp4: understanding -0.131 (shuf-null -1.771, meanabl-cost 0.107)
  attn5: understanding -4.842 (shuf-null -2.599, meanabl-cost 0.129)
   mlp5: understanding +0.064 (shuf-null -0.719, meanabl-cost 0.092)
  attn6: understanding -0.279 (shuf-null -0.645, meanabl-cost 0.050)
   mlp6: understanding -0.019 (shuf-null -0.341, meanabl-cost 0.085)
  attn7: understanding -0.005 (shuf-null -0.367, meanabl-cost 0.056)
   mlp7: understanding -0.105 (shuf-null -0.478, meanabl-cost 0.061)
  attn8: understanding +0.060 (shuf-null -0.273, meanabl-cost 0.032)
   mlp8: understanding -0.029 (shuf-null -0.502, meanabl-cost 0.051)
  attn9: understanding -0.041 (shuf-null -0.381, meanabl-cost 0.055)
   mlp9: understanding -0.074 (shuf-null -0.532, meanabl-cost 0.048)
 attn10: understanding +0.163 (shuf-null -0.567, meanabl-cost 0.022)
  mlp10: understanding -0.097 (shuf-null -0.602, meanabl-cost 0.040)
 attn11: understanding +0.040 (shuf-null -0.451, meanabl-cost 0.036)
  mlp11: understanding -0.054 (shuf-null -0.594, meanabl-cost 0.041)
 attn12: understanding +0.058 (shuf-null -0.538, meanabl-cost 0.006)
  mlp12: understanding -0.115 (shuf-null -0.578, meanabl-cost 0.036)
 attn13: understanding +0.004 (shuf-null -0.448, meanabl-cost 0.016)
  mlp13: understanding -0.078 (shuf-null -0.471, meanabl-cost 0.035)
 attn14: understanding -0.038 (shuf-null -0.278, meanabl-cost 0.019)
  mlp14: understanding -0.151 (shuf-null -0.595, meanabl-cost 0.026)
 attn15: understanding +0.111 (shuf-null -0.685, meanabl-cost 0.005)
  mlp15: understanding -0.476 (shuf-null -0.904, meanabl-cost 0.035)
 attn16: understanding +0.049 (shuf-null -0.319, meanabl-cost 0.009)
  mlp16: understanding +0.433 (shuf-null -1.111, meanabl-cost 0.130)
 attn17: understanding +0.327 (shuf-null -0.740, meanabl-cost 0.010)
  mlp17: understanding +0.625 (shuf-null -0.534, meanabl-cost 0.338)

BANDS: front 0.035 | middle -0.037 | back 0.062 | attn -0.112 mlp 0.153
(a) front > middle per-component: True
wrote /workspace/tensor_language/basis_aligned/bilinear_quotient/per_component_understanding_results.json (157.2s)
