Warning: You are sending unauthenticated requests to the HF Hub. Please set a HF_TOKEN to enable higher rate limits and faster downloads.
PER-SITE RESTORATION AT HIGH COVERAGE | buckets ((0, 0), (1, 4), (5, 24), (25, 124), (125, 1000000000)) on the fit-row count of the TRUE target | full-rank settled program | DISCOVERY ONLY
  built the settled fallback and 36 tables (5s)

  === all-compiled baseline ===
    skip7000   covered enrichment  7.16x  (n 33192)
    skip11000  covered enrichment  7.29x  (n 33196)
    skip1200   covered enrichment  7.49x  (n 16597)
    restore mlp0   skip7000  7.16x (+0.00)  skip11000  7.29x (+0.00)  skip1200  7.49x (+0.00)   [1/36]
    restore mlp1   skip7000  7.16x (+0.00)  skip11000  7.29x (+0.00)  skip1200  7.49x (+0.00)   [2/36]
    restore mlp2   skip7000  7.16x (+0.00)  skip11000  7.29x (+0.00)  skip1200  7.49x (+0.00)   [3/36]
    restore mlp3   skip7000  7.16x (-0.00)  skip11000  7.30x (+0.00)  skip1200  7.49x (+0.00)   [4/36]
    restore mlp4   skip7000  7.16x (-0.00)  skip11000  7.30x (+0.00)  skip1200  7.49x (+0.00)   [5/36]
    restore mlp5   skip7000  7.16x (-0.00)  skip11000  7.30x (+0.00)  skip1200  7.49x (+0.00)   [6/36]
    restore mlp6   skip7000  7.16x (-0.00)  skip11000  7.30x (+0.00)  skip1200  7.49x (+0.00)   [7/36]
    restore mlp7   skip7000  7.16x (-0.00)  skip11000  7.30x (+0.00)  skip1200  7.49x (+0.00)   [8/36]
    restore mlp8   skip7000  7.16x (+0.00)  skip11000  7.29x (+0.00)  skip1200  7.49x (+0.00)   [9/36]
    restore mlp9   skip7000  7.16x (-0.00)  skip11000  7.30x (+0.00)  skip1200  7.49x (+0.00)   [10/36]
    restore mlp10  skip7000  7.16x (-0.00)  skip11000  7.30x (+0.00)  skip1200  7.49x (+0.00)   [11/36]
    restore mlp11  skip7000  7.16x (-0.00)  skip11000  7.30x (+0.00)  skip1200  7.49x (+0.00)   [12/36]
    restore mlp12  skip7000  7.16x (+0.00)  skip11000  7.29x (+0.00)  skip1200  7.49x (+0.00)   [13/36]
    restore mlp13  skip7000  7.16x (+0.00)  skip11000  7.29x (+0.00)  skip1200  7.49x (+0.00)   [14/36]
    restore mlp14  skip7000  7.16x (-0.00)  skip11000  7.30x (+0.00)  skip1200  7.49x (+0.00)   [15/36]
    restore mlp15  skip7000  7.16x (+0.00)  skip11000  7.29x (+0.00)  skip1200  7.49x (+0.00)   [16/36]
    restore mlp16  skip7000  7.16x (-0.00)  skip11000  7.30x (+0.00)  skip1200  7.49x (+0.00)   [17/36]
    restore mlp17  skip7000  7.16x (+0.00)  skip11000  7.29x (+0.00)  skip1200  7.49x (+0.00)   [18/36]
    restore attn0   skip7000  7.16x (-0.00)  skip11000  7.30x (+0.00)  skip1200  7.49x (+0.00)   [19/36]
    restore attn1   skip7000  7.15x (-0.01)  skip11000  7.29x (-0.01)  skip1200  7.47x (-0.02)   [20/36]
    restore attn2   skip7000  7.19x (+0.03)  skip11000  7.29x (-0.00)  skip1200  7.47x (-0.02)   [21/36]
    restore attn3   skip7000  7.36x (+0.20)  skip11000  7.52x (+0.23)  skip1200  7.67x (+0.18)   [22/36]
    restore attn4   skip7000  7.16x (-0.00)  skip11000  7.28x (-0.02)  skip1200  7.39x (-0.10)   [23/36]
    restore attn5   skip7000  1.06x (-6.10)  skip11000  1.03x (-6.26)  skip1200  1.06x (-6.43)   [24/36]
    restore attn6   skip7000  1.32x (-5.84)  skip11000  1.35x (-5.95)  skip1200  1.30x (-6.19)   [25/36]
    restore attn7   skip7000  6.93x (-0.23)  skip11000  6.99x (-0.30)  skip1200  7.22x (-0.27)   [26/36]
    restore attn8   skip7000  7.31x (+0.15)  skip11000  7.41x (+0.11)  skip1200  7.72x (+0.23)   [27/36]
    restore attn9   skip7000  6.85x (-0.31)  skip11000  6.98x (-0.32)  skip1200  7.08x (-0.40)   [28/36]
    restore attn10  skip7000  6.13x (-1.03)  skip11000  6.24x (-1.05)  skip1200  6.36x (-1.13)   [29/36]
    restore attn11  skip7000  6.88x (-0.28)  skip11000  7.09x (-0.20)  skip1200  7.25x (-0.24)   [30/36]
    restore attn12  skip7000  7.00x (-0.16)  skip11000  7.09x (-0.20)  skip1200  7.25x (-0.24)   [31/36]
    restore attn13  skip7000  7.97x (+0.81)  skip11000  8.53x (+1.24)  skip1200  8.31x (+0.82)   [32/36]
    restore attn14  skip7000  7.85x (+0.69)  skip11000  8.11x (+0.81)  skip1200  8.04x (+0.56)   [33/36]
    restore attn15  skip7000  7.32x (+0.16)  skip11000  7.50x (+0.20)  skip1200  7.55x (+0.06)   [34/36]
    restore attn16  skip7000  7.85x (+0.69)  skip11000  8.19x (+0.90)  skip1200  8.15x (+0.66)   [35/36]
    restore attn17  skip7000  7.53x (+0.37)  skip11000  7.76x (+0.46)  skip1200  7.72x (+0.23)   [36/36]

  THE MLP ZEROS ARE EXACT (|gain| <= 0.01x, 18 sites) -> True  skip7000 max |gain| 0.0023  skip11000 max |gain| 0.0042  skip1200 max |gain| 0.0000
  and the tracking is STILL LATE ATTENTION (layer >= 8) -> True  skip7000 attn13 (layer 13, 26.2% of 3.10x)  skip11000 attn13 (layer 13, 31.0% of 4.00x)  skip1200 attn13 (layer 13, 29.8% of 2.74x)
  and attn5 STILL COLLAPSES (< 3.0x) -> True  skip7000 1.06x vs §1891 5,419-type value  skip11000 1.03x vs §1891 5,419-type value  skip1200 1.06x vs §1891 5,419-type value
  coverage 16110, 36 sites -> control True; baseline REPORTED skip7000 7.16x  skip11000 7.29x  skip1200 7.49x

  top five restorations per role:
    skip7000   attn13 +0.81  attn16 +0.69  attn14 +0.69  attn17 +0.37  attn3 +0.20
    skip11000  attn13 +1.24  attn16 +0.90  attn14 +0.81  attn17 +0.46  attn3 +0.23
    skip1200   attn13 +0.82  attn16 +0.66  attn14 +0.56  attn8 +0.23  attn17 +0.23

pred_a True | pred_b True | pred_c True | pred_d True
wrote /workspace/tensor_language/basis_aligned/bilinear_quotient/ops/per_site_tracking_high_coverage_results.json (291.1s)
