Warning: You are sending unauthenticated requests to the HF Hub. Please set a HF_TOKEN to enable higher rate limits and faster downloads.
PER-SITE TABLE CHOICE | 12 early sites, length-1 vs fit-context, mixed program | settled program (context-free tables + output-NN fallback + rank-64 map) | DISCOVERY ONLY

  per-site norm calibration (live mean / row mean), measured on the LIVE model:
    attn L0:  2.71 L1:  2.49 L2:  2.26 L3:  2.13 L4:  4.37 L5:  1.00 L6:  1.02 L7:  3.61 L8:  3.59 L9:  4.83 L10:  3.80 L11:  4.49 L12:  6.72 L13:  6.39 L14:  7.07 L15:  6.33 L16:  5.70 L17:  5.59
    mlp  L0:  0.88 L1:  0.42 L2:  0.61 L3:  0.49 L4:  0.10 L5:  0.39 L6:  0.52 L7:  1.66 L8:  2.04 L9:  1.32 L10:  2.33 L11:  1.05 L12:  1.91 L13:  1.26 L14:  1.66 L15:  1.19 L16:  1.13 L17:  1.21

  arms  (47s)
  all_substituted      skip7000 13.55%  skip11000 14.25%  skip1200 13.64%
  all_sub_scaled       skip7000 12.16%  skip11000 12.81%  skip1200 12.10%
  live_model           skip7000 39.32%  skip11000 42.35%  skip1200 38.88%

  arms  (111s)
  all_substituted        skip7000 13.55%  skip11000 14.25%  skip1200 13.64%
  live_model             skip7000 39.32%  skip11000 42.35%  skip1200 38.88%

  fit-context banks built; rows differing from the length-1 bank: [5419] of 5419 covered

  arms  (125s)
  B0_raw                 skip7000 23.20%  skip11000 25.38%  skip1200 23.26%
  B0_seq                 skip7000 30.25%  skip11000 32.59%  skip1200 29.11%
  L1_attn1_raw           skip7000 14.53%  skip11000 15.94%  skip1200 14.89%
  L1_attn1_seq           skip7000 20.61%  skip11000 22.06%  skip1200 20.69%
  FIT_attn1_raw          skip7000 25.44%  skip11000 26.95%  skip1200 24.52%
  FIT_attn1_seq          skip7000 20.91%  skip11000 22.28%  skip1200 21.35%
  L1_mlp1_raw            skip7000 21.05%  skip11000 22.85%  skip1200 20.28%
  L1_mlp1_seq            skip7000 20.27%  skip11000 21.76%  skip1200 20.16%
  FIT_mlp1_raw           skip7000 25.56%  skip11000 27.34%  skip1200 25.11%
  FIT_mlp1_seq           skip7000 20.89%  skip11000 22.39%  skip1200 21.21%
  L1_attn2_raw           skip7000 16.80%  skip11000 17.87%  skip1200 16.82%
  L1_attn2_seq           skip7000 19.20%  skip11000 20.57%  skip1200 18.80%
  FIT_attn2_raw          skip7000 21.64%  skip11000 23.42%  skip1200 21.67%
  FIT_attn2_seq          skip7000 20.24%  skip11000 21.85%  skip1200 19.94%
  L1_mlp2_raw            skip7000  3.54%  skip11000  3.20%  skip1200  3.15%
  L1_mlp2_seq            skip7000 20.49%  skip11000 22.32%  skip1200 20.25%
  FIT_mlp2_raw           skip7000 19.67%  skip11000 21.29%  skip1200 19.41%
  FIT_mlp2_seq           skip7000 21.57%  skip11000 23.16%  skip1200 21.57%
  L1_attn3_raw           skip7000 17.17%  skip11000 18.89%  skip1200 17.65%
  L1_attn3_seq           skip7000 25.12%  skip11000 27.38%  skip1200 24.45%
  FIT_attn3_raw          skip7000 20.05%  skip11000 22.23%  skip1200 20.22%
  FIT_attn3_seq          skip7000 24.18%  skip11000 26.04%  skip1200 23.56%
  L1_mlp3_raw            skip7000  4.03%  skip11000  4.08%  skip1200  3.90%
  L1_mlp3_seq            skip7000 17.74%  skip11000 18.88%  skip1200 17.97%
  FIT_mlp3_raw           skip7000  5.00%  skip11000  5.11%  skip1200  5.00%
  FIT_mlp3_seq           skip7000 12.78%  skip11000 13.36%  skip1200 12.73%
  L1_attn4_raw           skip7000 19.19%  skip11000 20.93%  skip1200 20.12%
  L1_attn4_seq           skip7000 22.82%  skip11000 24.92%  skip1200 22.63%
  FIT_attn4_raw          skip7000 21.09%  skip11000 22.87%  skip1200 21.76%
  FIT_attn4_seq          skip7000 24.63%  skip11000 26.71%  skip1200 24.21%
  L1_mlp4_raw            skip7000  1.00%  skip11000  1.11%  skip1200  0.97%
  L1_mlp4_seq            skip7000 18.77%  skip11000 20.13%  skip1200 18.93%
  FIT_mlp4_raw           skip7000  3.76%  skip11000  3.89%  skip1200  3.62%
  FIT_mlp4_seq           skip7000 12.75%  skip11000 13.46%  skip1200 12.62%
  L1_attn5_raw           skip7000 20.61%  skip11000 22.55%  skip1200 21.00%
  L1_attn5_seq           skip7000 25.90%  skip11000 27.96%  skip1200 25.20%
  FIT_attn5_raw          skip7000 23.48%  skip11000 25.54%  skip1200 24.01%
  FIT_attn5_seq          skip7000 29.17%  skip11000 31.33%  skip1200 28.91%
  L1_mlp5_raw            skip7000 13.46%  skip11000 14.00%  skip1200 13.93%
  L1_mlp5_seq            skip7000 14.47%  skip11000 14.57%  skip1200 14.61%
  FIT_mlp5_raw           skip7000 21.49%  skip11000 23.10%  skip1200 21.61%
  FIT_mlp5_seq           skip7000 25.70%  skip11000 27.08%  skip1200 25.05%
  L1_attn6_raw           skip7000 22.01%  skip11000 24.21%  skip1200 22.60%
  L1_attn6_seq           skip7000 29.04%  skip11000 31.34%  skip1200 28.27%
  FIT_attn6_raw          skip7000 22.29%  skip11000 24.30%  skip1200 22.57%
  FIT_attn6_seq          skip7000 29.15%  skip11000 31.21%  skip1200 28.48%
  L1_mlp6_raw            skip7000 23.17%  skip11000 25.39%  skip1200 23.34%
  L1_mlp6_seq            skip7000 28.56%  skip11000 30.99%  skip1200 27.98%
  FIT_mlp6_raw           skip7000 23.40%  skip11000 25.48%  skip1200 23.67%
  FIT_mlp6_seq           skip7000 28.58%  skip11000 30.48%  skip1200 27.62%

  per-site preference on skip7000: attn1:FIT  mlp1:FIT  attn2:FIT  mlp2:FIT  attn3:L1  mlp3:L1  attn4:FIT  mlp4:L1  attn5:FIT  mlp5:FIT  attn6:FIT  mlp6:FIT   (9 FIT, 3 L1)
  ALL_L1                 skip7000 13.55%  skip11000 14.25%  skip1200 13.64%
  EARLY_FIT              skip7000 13.19%  skip11000 13.63%  skip1200 13.15%
  MIXED                  skip7000 12.89%  skip11000 13.45%  skip1200 13.02%
  allsub_gain5           skip7000 13.55%  skip11000 14.25%  skip1200 13.64%

  single-site gap fraction, skip7000 (B0 64.8%):
    attn1  length-1   27.4%   fit-context   28.5%   -> FIT
    mlp1   length-1   26.1%   fit-context   28.5%   -> FIT
    attn2  length-1   21.9%   fit-context   26.0%   -> FIT
    mlp2   length-1   26.9%   fit-context   31.1%   -> FIT
    attn3  length-1   44.9%   fit-context   41.3%   -> L1
    mlp3   length-1   16.3%   fit-context   -3.0%   -> L1
    attn4  length-1   36.0%   fit-context   43.0%   -> FIT
    mlp4   length-1   20.3%   fit-context   -3.1%   -> L1
    attn5  length-1   47.9%   fit-context   60.6%   -> FIT
    mlp5   length-1    3.6%   fit-context   47.1%   -> FIT
    attn6  length-1   60.1%   fit-context   60.5%   -> FIT
    mlp6   length-1   58.2%   fit-context   58.3%   -> FIT

  WHOLE-PROGRAM top-1 (all 36 sites compiled):
    ALL_L1     skip7000 13.55%  skip11000 14.25%  skip1200 13.64%
    EARLY_FIT  skip7000 13.19%  skip11000 13.63%  skip1200 13.15%
    MIXED      skip7000 12.89%  skip11000 13.45%  skip1200 13.02%

  the CONTEXT table helps the whole program (>=2pp on skip7000) -> False  EARLY_FIT 13.19% vs ALL_L1 13.55%, lift -0.37%
  and the PER-SITE choice beats both, on HELD-OUT roles -> False  skip11000 -0.79%  skip1200 -0.63%
  and the choice is genuinely MIXED (>=3 each way) -> True  9 FIT, 3 L1
  B0 §1829, ALL_L1 §1789, single-site arms §1834/§1845 -> control True
wrote /workspace/tensor_language/basis_aligned/bilinear_quotient/ops/per_site_table_choice_results.json (601.4s)
