{"stage": "fit", "attn1_rbar": 857.786142985026, "attn1_eff_rank": 21.826576932234513, "t": 19.3}
{"stage": "baseline", "ce": 3.1125031411647797, "t": 19.8}
{"stage": "site", "site": "attn0", "arms": {"PLAIN_8": 0.1391335129737854, "PLAINFIX_8": 0.1353442668914795, "PLAIN_32": 0.06576487421989441, "PLAINFIX_32": 0.06456446647644043, "PLAIN_128": 0.0070841312408447266, "PLAINFIX_128": 0.007183730602264404}, "t": 22.8}
{"stage": "site", "site": "mlp0", "arms": {"PLAIN_8": 0.36481666564941406, "PLAINFIX_8": 0.17090162634849548, "PLAIN_32": 0.16527259349822998, "PLAINFIX_32": 0.10209012031555176, "PLAIN_128": 0.040317267179489136, "PLAINFIX_128": 0.03633475303649902}, "t": 25.7}
{"stage": "site", "site": "attn1", "arms": {"PLAIN_8": 0.0656650960445404, "PLAINFIX_8": 0.07858783006668091, "PLAIN_32": 0.032853662967681885, "PLAINFIX_32": 0.044676631689071655, "PLAIN_128": 0.008070290088653564, "PLAINFIX_128": 0.01882728934288025}, "t": 28.7}
{"stage": "site", "site": "mlp1", "arms": {"PLAIN_8": 3.6768289506435394, "PLAINFIX_8": 2.418680638074875, "PLAIN_32": 0.8833611309528351, "PLAINFIX_32": 0.7657633423805237, "PLAIN_128": 0.09069973230361938, "PLAINFIX_128": 0.0856773853302002}, "t": 31.6}
{"stage": "site", "site": "attn2", "arms": {"PLAIN_8": 0.06735315918922424, "PLAINFIX_8": 0.06757012009620667, "PLAIN_32": 0.033883631229400635, "PLAINFIX_32": 0.034227997064590454, "PLAIN_128": 0.009951800107955933, "PLAINFIX_128": 0.010378777980804443}, "t": 34.4}
{"stage": "site", "site": "mlp2", "arms": {"PLAIN_8": 0.5459193885326385, "PLAINFIX_8": 0.36311960220336914, "PLAIN_32": 0.22036460041999817, "PLAINFIX_32": 0.16364800930023193, "PLAIN_128": 0.04103323817253113, "PLAINFIX_128": 0.03672152757644653}, "t": 37.1}
{"stage": "site", "site": "attn3", "arms": {"PLAIN_8": 0.0537361204624176, "PLAINFIX_8": 0.05406135320663452, "PLAIN_32": 0.02587646245956421, "PLAINFIX_32": 0.02625662088394165, "PLAIN_128": 0.007561057806015015, "PLAINFIX_128": 0.007852941751480103}, "t": 39.7}
{"stage": "site", "site": "mlp3", "arms": {"PLAIN_8": 0.3599247634410858, "PLAINFIX_8": 0.21504396200180054, "PLAIN_32": 0.13001585006713867, "PLAINFIX_32": 0.09829908609390259, "PLAIN_128": 0.03495106101036072, "PLAINFIX_128": 0.03149184584617615}, "t": 42.4}
{"stage": "site", "site": "attn4", "arms": {"PLAIN_8": 0.0897408127784729, "PLAINFIX_8": 0.08737829327583313, "PLAIN_32": 0.048039793968200684, "PLAINFIX_32": 0.04777517914772034, "PLAIN_128": 0.013901203870773315, "PLAINFIX_128": 0.014202028512954712}, "t": 45.0}
{"stage": "site", "site": "mlp4", "arms": {"PLAIN_8": 0.11641427874565125, "PLAINFIX_8": 0.08906617760658264, "PLAIN_32": 0.06888750195503235, "PLAINFIX_32": 0.06973528861999512, "PLAIN_128": 0.026185065507888794, "PLAINFIX_128": 0.04914519190788269}, "t": 47.7}
{"stage": "site", "site": "attn5", "arms": {"PLAIN_8": 0.08420878648757935, "PLAINFIX_8": 0.10446882247924805, "PLAIN_32": 0.04661339521408081, "PLAINFIX_32": 0.06653955578804016, "PLAIN_128": 0.015501081943511963, "PLAINFIX_128": 0.03303027153015137}, "t": 50.4}
{"stage": "site", "site": "mlp5", "arms": {"PLAIN_8": 0.07238718867301941, "PLAINFIX_8": 0.07489407062530518, "PLAIN_32": 0.04987132549285889, "PLAINFIX_32": 0.052621990442276, "PLAIN_128": 0.02364841103553772, "PLAINFIX_128": 0.026371151208877563}, "t": 53.2}
{"stage": "site", "site": "attn6", "arms": {"PLAIN_8": 0.044192492961883545, "PLAINFIX_8": 0.047387927770614624, "PLAIN_32": 0.029345601797103882, "PLAINFIX_32": 0.03221830725669861, "PLAIN_128": 0.008020579814910889, "PLAINFIX_128": 0.010723263025283813}, "t": 55.9}
{"stage": "site", "site": "mlp6", "arms": {"PLAIN_8": 0.06706193089485168, "PLAINFIX_8": 0.06657198071479797, "PLAIN_32": 0.04896342754364014, "PLAINFIX_32": 0.048497289419174194, "PLAIN_128": 0.02280372381210327, "PLAINFIX_128": 0.022539347410202026}, "t": 58.5}
{"stage": "site", "site": "attn7", "arms": {"PLAIN_8": 0.04306212067604065, "PLAINFIX_8": 0.04531663656234741, "PLAIN_32": 0.025834202766418457, "PLAINFIX_32": 0.027705609798431396, "PLAIN_128": 0.006965905427932739, "PLAINFIX_128": 0.008500784635543823}, "t": 61.2}
{"stage": "site", "site": "mlp7", "arms": {"PLAIN_8": 0.05520671606063843, "PLAINFIX_8": 0.05568733811378479, "PLAIN_32": 0.04433375597000122, "PLAINFIX_32": 0.0447554886341095, "PLAIN_128": 0.02421310544013977, "PLAINFIX_128": 0.024526506662368774}, "t": 63.8}
{"stage": "site", "site": "attn8", "arms": {"PLAIN_8": 0.038548022508621216, "PLAINFIX_8": 0.03878793120384216, "PLAIN_32": 0.030005216598510742, "PLAINFIX_32": 0.03016093373298645, "PLAIN_128": 0.012300819158554077, "PLAINFIX_128": 0.012542903423309326}, "t": 66.5}
{"stage": "site", "site": "mlp8", "arms": {"PLAIN_8": 0.04355722665786743, "PLAINFIX_8": 0.043545156717300415, "PLAIN_32": 0.034418970346450806, "PLAINFIX_32": 0.03432995080947876, "PLAIN_128": 0.020626842975616455, "PLAINFIX_128": 0.020561695098876953}, "t": 69.2}
{"stage": "site", "site": "attn9", "arms": {"PLAIN_8": 0.035681843757629395, "PLAINFIX_8": 0.03873974084854126, "PLAIN_32": 0.017978519201278687, "PLAINFIX_32": 0.020521312952041626, "PLAIN_128": 0.003916740417480469, "PLAINFIX_128": 0.0059362053871154785}, "t": 71.9}
{"stage": "site", "site": "mlp9", "arms": {"PLAIN_8": 0.04340067505836487, "PLAINFIX_8": 0.04432860016822815, "PLAIN_32": 0.0372200608253479, "PLAINFIX_32": 0.03809070587158203, "PLAIN_128": 0.022130697965621948, "PLAINFIX_128": 0.02286645770072937}, "t": 74.6}
{"stage": "site", "site": "attn10", "arms": {"PLAIN_8": 0.011273086071014404, "PLAINFIX_8": 0.012154042720794678, "PLAIN_32": 0.007107555866241455, "PLAINFIX_32": 0.007942169904708862, "PLAIN_128": 0.003866821527481079, "PLAINFIX_128": 0.004475325345993042}, "t": 77.3}
{"stage": "site", "site": "mlp10", "arms": {"PLAIN_8": 0.0396304726600647, "PLAINFIX_8": 0.03988322615623474, "PLAIN_32": 0.0346246063709259, "PLAINFIX_32": 0.03484553098678589, "PLAIN_128": 0.0222586989402771, "PLAINFIX_128": 0.02247101068496704}, "t": 80.0}
{"stage": "site", "site": "attn11", "arms": {"PLAIN_8": 0.029275745153427124, "PLAINFIX_8": 0.030350685119628906, "PLAIN_32": 0.01608818769454956, "PLAINFIX_32": 0.01706695556640625, "PLAIN_128": 0.004950046539306641, "PLAINFIX_128": 0.005883336067199707}, "t": 82.6}
{"stage": "site", "site": "mlp11", "arms": {"PLAIN_8": 0.0409068763256073, "PLAINFIX_8": 0.04258814454078674, "PLAIN_32": 0.03365278244018555, "PLAINFIX_32": 0.03520277142524719, "PLAIN_128": 0.02153351902961731, "PLAINFIX_128": 0.022928625345230103}, "t": 85.5}
{"stage": "site", "site": "attn12", "arms": {"PLAIN_8": 0.006610095500946045, "PLAINFIX_8": 0.0067809224128723145, "PLAIN_32": 0.003717184066772461, "PLAINFIX_32": 0.0038546621799468994, "PLAIN_128": 0.001082301139831543, "PLAINFIX_128": 0.0011514127254486084}, "t": 88.2}
{"stage": "site", "site": "mlp12", "arms": {"PLAIN_8": 0.03209388256072998, "PLAINFIX_8": 0.03407523036003113, "PLAIN_32": 0.027773022651672363, "PLAINFIX_32": 0.029632925987243652, "PLAIN_128": 0.019175946712493896, "PLAINFIX_128": 0.020688146352767944}, "t": 90.9}
{"stage": "site", "site": "attn13", "arms": {"PLAIN_8": 0.017220109701156616, "PLAINFIX_8": 0.01711168885231018, "PLAIN_32": 0.01257413625717163, "PLAINFIX_32": 0.012408137321472168, "PLAIN_128": 0.005569517612457275, "PLAINFIX_128": 0.00541648268699646}, "t": 93.7}
{"stage": "site", "site": "mlp13", "arms": {"PLAIN_8": 0.03324142098426819, "PLAINFIX_8": 0.03486010432243347, "PLAIN_32": 0.029141724109649658, "PLAINFIX_32": 0.03065130114555359, "PLAIN_128": 0.020136147737503052, "PLAINFIX_128": 0.021322816610336304}, "t": 96.5}
{"stage": "site", "site": "attn14", "arms": {"PLAIN_8": 0.021903306245803833, "PLAINFIX_8": 0.02176615595817566, "PLAIN_32": 0.01886749267578125, "PLAINFIX_32": 0.018708348274230957, "PLAIN_128": 0.008388280868530273, "PLAINFIX_128": 0.008192628622055054}, "t": 99.4}
{"stage": "site", "site": "mlp14", "arms": {"PLAIN_8": 0.027532994747161865, "PLAINFIX_8": 0.02805522084236145, "PLAIN_32": 0.024213433265686035, "PLAINFIX_32": 0.02465561032295227, "PLAIN_128": 0.01706632971763611, "PLAINFIX_128": 0.017443478107452393}, "t": 102.0}
{"stage": "site", "site": "attn15", "arms": {"PLAIN_8": 0.004905670881271362, "PLAINFIX_8": 0.004970520734786987, "PLAIN_32": 0.00296938419342041, "PLAINFIX_32": 0.003017127513885498, "PLAIN_128": 0.001567453145980835, "PLAINFIX_128": 0.0015912055969238281}, "t": 104.7}
{"stage": "site", "site": "mlp15", "arms": {"PLAIN_8": 0.0294644832611084, "PLAINFIX_8": 0.029708117246627808, "PLAIN_32": 0.02511647343635559, "PLAINFIX_32": 0.025380313396453857, "PLAIN_128": 0.017524749040603638, "PLAINFIX_128": 0.017717480659484863}, "t": 107.4}
{"stage": "site", "site": "attn16", "arms": {"PLAIN_8": 0.010345876216888428, "PLAINFIX_8": 0.010445743799209595, "PLAIN_32": 0.008755743503570557, "PLAINFIX_32": 0.008824378252029419, "PLAIN_128": 0.0040670037269592285, "PLAINFIX_128": 0.004135638475418091}, "t": 110.1}
{"stage": "site", "site": "mlp16", "arms": {"PLAIN_8": 0.0358712375164032, "PLAINFIX_8": 0.03795623779296875, "PLAIN_32": 0.028136491775512695, "PLAINFIX_32": 0.03069978952407837, "PLAIN_128": 0.020565837621688843, "PLAINFIX_128": 0.023162096738815308}, "t": 113.0}
{"stage": "site", "site": "attn17", "arms": {"PLAIN_8": 0.005421310663223267, "PLAINFIX_8": 0.006565272808074951, "PLAIN_32": 0.002830982208251953, "PLAINFIX_32": 0.0038233399391174316, "PLAIN_128": 0.001208573579788208, "PLAINFIX_128": 0.002154439687728882}, "t": 115.7}
{"stage": "site", "site": "mlp17", "arms": {"PLAIN_8": 0.08606329560279846, "PLAINFIX_8": 0.11837676167488098, "PLAIN_32": 0.05666816234588623, "PLAINFIX_32": 0.08872732520103455, "PLAIN_128": 0.031867653131484985, "PLAINFIX_128": 0.06479957699775696}, "t": 118.4}
{
 "preds": {
  "pred_a_instrument": true,
  "pred_b_fix_helps_where_the_frame_failed": false,
  "pred_c_fix_never_hurts": true,
  "pred_d_attn1_compact_corrected": false,
  "pred_e_best_of_three_total": false
 },
 "nulls": {
  "b_null_le_2_of_5": true,
  "c_null_le_25_of_36": false,
  "d_null_attn1_fix8_ge_.06": true,
  "e_null_best3_ge_1.65": true
 },
 "b_n": 0,
 "c_n": 33,
 "best3": 1.671283632516861,
 "attn1": {
  "PLAIN_8": 0.0656650960445404,
  "PLAINFIX_8": 0.07858783006668091,
  "PLAIN_32": 0.032853662967681885,
  "PLAINFIX_32": 0.044676631689071655,
  "PLAIN_128": 0.008070290088653564,
  "PLAINFIX_128": 0.01882728934288025
 }
}
