PRICE THE MAP CUT AGAINST BOTH RULES | 7 arms x 2 coverage(s) | DISCOVERY ONLY

########## COVERAGE 5419 ##########
  [bqlib] coverage 5419 from fineweb_n96_skip80.pt: 36 tables, neighbour index and map solver built (4s)
  [bqlib] cache HIT  live     skip7000
  [bqlib] cache HIT  live     skip11000
  [bqlib] cache HIT  live     skip1200
  [bqlib] cache HIT  mix30m640 skip7000
  [bqlib] cache HIT  mix30m640 skip11000
  [bqlib] cache HIT  mix30m640 skip1200
  [bqlib] cache HIT  mix30m640 skip7000
  [bqlib] cache HIT  mix30m640 skip11000
  [bqlib] cache HIT  mix30m640 skip1200
  [bqlib] cache HIT  mix30m256@mlp0,mlp1,mlp2,mlp3+mix30m640@mlp4,mlp5,mlp6,mlp7,mlp8,mlp9,mlp10,mlp11,mlp12,mlp13,mlp14,mlp15,mlp16,mlp17,attn0,attn1,attn2,attn3,attn4,attn5,attn6,attn7,attn8,attn9,attn10,attn11,attn12,attn13,attn14,attn15,attn16,attn17 skip7000
  [bqlib] cache HIT  mix30m256@mlp0,mlp1,mlp2,mlp3+mix30m640@mlp4,mlp5,mlp6,mlp7,mlp8,mlp9,mlp10,mlp11,mlp12,mlp13,mlp14,mlp15,mlp16,mlp17,attn0,attn1,attn2,attn3,attn4,attn5,attn6,attn7,attn8,attn9,attn10,attn11,attn12,attn13,attn14,attn15,attn16,attn17 skip11000
  [bqlib] cache HIT  mix30m256@mlp0,mlp1,mlp2,mlp3+mix30m640@mlp4,mlp5,mlp6,mlp7,mlp8,mlp9,mlp10,mlp11,mlp12,mlp13,mlp14,mlp15,mlp16,mlp17,attn0,attn1,attn2,attn3,attn4,attn5,attn6,attn7,attn8,attn9,attn10,attn11,attn12,attn13,attn14,attn15,attn16,attn17 skip1200
  [bqlib] cache HIT  mix30m256@mlp0,mlp1,mlp2,mlp3,mlp4,mlp5+mix30m640@mlp6,mlp7,mlp8,mlp9,mlp10,mlp11,mlp12,mlp13,mlp14,mlp15,mlp16,mlp17,attn0,attn1,attn2,attn3,attn4,attn5,attn6,attn7,attn8,attn9,attn10,attn11,attn12,attn13,attn14,attn15,attn16,attn17 skip7000
  [bqlib] cache HIT  mix30m256@mlp0,mlp1,mlp2,mlp3,mlp4,mlp5+mix30m640@mlp6,mlp7,mlp8,mlp9,mlp10,mlp11,mlp12,mlp13,mlp14,mlp15,mlp16,mlp17,attn0,attn1,attn2,attn3,attn4,attn5,attn6,attn7,attn8,attn9,attn10,attn11,attn12,attn13,attn14,attn15,attn16,attn17 skip11000
  [bqlib] cache HIT  mix30m256@mlp0,mlp1,mlp2,mlp3,mlp4,mlp5+mix30m640@mlp6,mlp7,mlp8,mlp9,mlp10,mlp11,mlp12,mlp13,mlp14,mlp15,mlp16,mlp17,attn0,attn1,attn2,attn3,attn4,attn5,attn6,attn7,attn8,attn9,attn10,attn11,attn12,attn13,attn14,attn15,attn16,attn17 skip1200
  [bqlib] cache HIT  mix30m256@mlp0,mlp1,mlp2,mlp3,mlp4,mlp5,mlp6,mlp7+mix30m640@mlp8,mlp9,mlp10,mlp11,mlp12,mlp13,mlp14,mlp15,mlp16,mlp17,attn0,attn1,attn2,attn3,attn4,attn5,attn6,attn7,attn8,attn9,attn10,attn11,attn12,attn13,attn14,attn15,attn16,attn17 skip7000
  [bqlib] cache HIT  mix30m256@mlp0,mlp1,mlp2,mlp3,mlp4,mlp5,mlp6,mlp7+mix30m640@mlp8,mlp9,mlp10,mlp11,mlp12,mlp13,mlp14,mlp15,mlp16,mlp17,attn0,attn1,attn2,attn3,attn4,attn5,attn6,attn7,attn8,attn9,attn10,attn11,attn12,attn13,attn14,attn15,attn16,attn17 skip11000
  [bqlib] cache HIT  mix30m256@mlp0,mlp1,mlp2,mlp3,mlp4,mlp5,mlp6,mlp7+mix30m640@mlp8,mlp9,mlp10,mlp11,mlp12,mlp13,mlp14,mlp15,mlp16,mlp17,attn0,attn1,attn2,attn3,attn4,attn5,attn6,attn7,attn8,attn9,attn10,attn11,attn12,attn13,attn14,attn15,attn16,attn17 skip1200
  [bqlib] cache HIT  map512   skip7000
  [bqlib] cache HIT  map512   skip11000
  [bqlib] cache HIT  map512   skip1200
  [bqlib] cache HIT  mix30m640 skip7000
  [bqlib] cache HIT  mix30m640 skip11000
  [bqlib] cache HIT  mix30m640 skip1200

########## COVERAGE 16110 ##########
  [bqlib] coverage 16110 from fineweb_n480_skip80.pt: 36 tables, neighbour index and map solver built (5s)
  [bqlib] cache HIT  live     skip7000
  [bqlib] cache HIT  live     skip11000
  [bqlib] cache HIT  live     skip1200
  [bqlib] cache HIT  mix30m640 skip7000
  [bqlib] cache HIT  mix30m640 skip11000
  [bqlib] cache HIT  mix30m640 skip1200
  [bqlib] cache HIT  mix30m640 skip7000
  [bqlib] cache HIT  mix30m640 skip11000
  [bqlib] cache HIT  mix30m640 skip1200
  [bqlib] cache HIT  mix30m256@mlp0,mlp1,mlp2,mlp3+mix30m640@mlp4,mlp5,mlp6,mlp7,mlp8,mlp9,mlp10,mlp11,mlp12,mlp13,mlp14,mlp15,mlp16,mlp17,attn0,attn1,attn2,attn3,attn4,attn5,attn6,attn7,attn8,attn9,attn10,attn11,attn12,attn13,attn14,attn15,attn16,attn17 skip7000
  [bqlib] cache HIT  mix30m256@mlp0,mlp1,mlp2,mlp3+mix30m640@mlp4,mlp5,mlp6,mlp7,mlp8,mlp9,mlp10,mlp11,mlp12,mlp13,mlp14,mlp15,mlp16,mlp17,attn0,attn1,attn2,attn3,attn4,attn5,attn6,attn7,attn8,attn9,attn10,attn11,attn12,attn13,attn14,attn15,attn16,attn17 skip11000
  [bqlib] cache HIT  mix30m256@mlp0,mlp1,mlp2,mlp3+mix30m640@mlp4,mlp5,mlp6,mlp7,mlp8,mlp9,mlp10,mlp11,mlp12,mlp13,mlp14,mlp15,mlp16,mlp17,attn0,attn1,attn2,attn3,attn4,attn5,attn6,attn7,attn8,attn9,attn10,attn11,attn12,attn13,attn14,attn15,attn16,attn17 skip1200
  [bqlib] cache HIT  mix30m256@mlp0,mlp1,mlp2,mlp3,mlp4,mlp5+mix30m640@mlp6,mlp7,mlp8,mlp9,mlp10,mlp11,mlp12,mlp13,mlp14,mlp15,mlp16,mlp17,attn0,attn1,attn2,attn3,attn4,attn5,attn6,attn7,attn8,attn9,attn10,attn11,attn12,attn13,attn14,attn15,attn16,attn17 skip7000
  [bqlib] cache HIT  mix30m256@mlp0,mlp1,mlp2,mlp3,mlp4,mlp5+mix30m640@mlp6,mlp7,mlp8,mlp9,mlp10,mlp11,mlp12,mlp13,mlp14,mlp15,mlp16,mlp17,attn0,attn1,attn2,attn3,attn4,attn5,attn6,attn7,attn8,attn9,attn10,attn11,attn12,attn13,attn14,attn15,attn16,attn17 skip11000
  [bqlib] cache HIT  mix30m256@mlp0,mlp1,mlp2,mlp3,mlp4,mlp5+mix30m640@mlp6,mlp7,mlp8,mlp9,mlp10,mlp11,mlp12,mlp13,mlp14,mlp15,mlp16,mlp17,attn0,attn1,attn2,attn3,attn4,attn5,attn6,attn7,attn8,attn9,attn10,attn11,attn12,attn13,attn14,attn15,attn16,attn17 skip1200
  [bqlib] cache HIT  mix30m256@mlp0,mlp1,mlp2,mlp3,mlp4,mlp5,mlp6,mlp7+mix30m640@mlp8,mlp9,mlp10,mlp11,mlp12,mlp13,mlp14,mlp15,mlp16,mlp17,attn0,attn1,attn2,attn3,attn4,attn5,attn6,attn7,attn8,attn9,attn10,attn11,attn12,attn13,attn14,attn15,attn16,attn17 skip7000
  [bqlib] cache HIT  mix30m256@mlp0,mlp1,mlp2,mlp3,mlp4,mlp5,mlp6,mlp7+mix30m640@mlp8,mlp9,mlp10,mlp11,mlp12,mlp13,mlp14,mlp15,mlp16,mlp17,attn0,attn1,attn2,attn3,attn4,attn5,attn6,attn7,attn8,attn9,attn10,attn11,attn12,attn13,attn14,attn15,attn16,attn17 skip11000
  [bqlib] cache HIT  mix30m256@mlp0,mlp1,mlp2,mlp3,mlp4,mlp5,mlp6,mlp7+mix30m640@mlp8,mlp9,mlp10,mlp11,mlp12,mlp13,mlp14,mlp15,mlp16,mlp17,attn0,attn1,attn2,attn3,attn4,attn5,attn6,attn7,attn8,attn9,attn10,attn11,attn12,attn13,attn14,attn15,attn16,attn17 skip1200
  [bqlib] cache HIT  map512   skip7000
  [bqlib] cache HIT  map512   skip11000
  [bqlib] cache HIT  map512   skip1200
  [bqlib] cache HIT  mix30m640 skip7000
  [bqlib] cache HIT  mix30m640 skip11000
  [bqlib] cache HIT  mix30m640 skip1200
  [bqlib] note: 36 differing-spec pair(s) flip no covered-input top-1 -- legal for a site-subset difference, e.g. ('cut0', 'cut4')

  §2020's no-cut build reproduces §2030's +0.316/+0.130/−3.837 uncovered figures within 0.05  -> True
  and the uncovered tax deepens with every cut depth (>=2 roles)  -> True
  and the tax per cut site varies by under 3x across depths (>=2 roles)  -> True
  and cutting only layers 0-5 costs under half the full cut's pooled CE  -> False
  derived controls -> True   coverage_exact=True  inert_pairs_are_inert=True  some_differing_pair_moves=True  buckets_partition=True  live_identical=True  ref_build_1959=True
  reference deviations: build_1959 0.000000

pred_a True | pred_b True | pred_c True | pred_d False | pred_z True
wrote /workspace/tensor_language/basis_aligned/bilinear_quotient/ops/price_the_map_cut_against_both_rules_results.json (9.7s)
