a2-input probe acc 0.69
fit a2
fit a3
fit a4
fit a5
fit a6
fit a7
fit a8
fit a9
fit a10
fit a11
fit a12
fit a13
fit a14
fit a15
fit a16
fit a17
Generating train split:   0%|          | 0/10000 [00:00<?, ? examples/s]Generating train split: 100%|██████████| 10000/10000 [00:02<00:00, 4648.45 examples/s]Generating train split: 100%|██████████| 10000/10000 [00:02<00:00, 4645.20 examples/s]
L1 (+38 heads): C +1.9801 | fresh +2.2871
fit a10L
fit a11L
fit a12L
fit a13L
fit a14L
fit a15L
fit a16L
fit a17L
probe 0/36
probe 12/36
probe 24/36
gated fraction (fresh): 17.25%
  arm blk2     dim  1152  AUC 0.6210  gated 17.25%
  arm blk5     dim  1152  AUC 0.6384  gated 17.25%
  arm blk9     dim  1152  AUC 0.6545  gated 17.25%
  arm blk2+9   dim  2304  AUC 0.6382  gated 17.25%
  arm blk2     gain +0.0326  eff 3.867x  frac_of_oracle 0.420
  arm blk5     gain +0.0463  eff 5.488x  frac_of_oracle 0.596
  arm blk9     gain +0.0386  eff 4.574x  frac_of_oracle 0.497
  arm blk2+9   gain +0.0516  eff 6.113x  frac_of_oracle 0.664
base +2.6735 | oracle +2.5958 (gain +0.0777) | random +2.6651 (gain +0.0084)
(a) deeper AUC 0.6545 > v1 0.621 [blk9]: HELD
(b) deeper eff 4.574x > v1 3.826x: HELD
(c) two-site AUC 0.6382 > best single 0.6545 [blk9]: FAILED
wrote /workspace/tensor_language/basis_aligned/bilinear_quotient/probe_gate3_results.json (251s)
