{
 "schema": "pronoun_gender_dod_natural_rows_v73",
 "source": "HuggingFaceFW/fineweb sample-10BT streaming",
 "docs_scanned": 5788,
 "per_cell": {
  "male/he": 16,
  "male/she": 16,
  "female/he": 16,
  "female/she": 16
 },
 "rows_sha256": "5bca95ad4d70cd29c4e506c66ac6a09d59272d5378ff43ce2efb7fd5cf785679"
}
female he daughter ' me flatly, there is no mercy for me in heaven, because I am a Jew’s daughter: and'
female he mother 'yne Gretzky, who left the team indefinitely. His mother was buried Thursday in Canada, and'
female she daughter ' wrote:Im back from our weekend getaway. My daughter handled the dogs very well (as I knew'
female she lady '\nAnd I am prest unto it: therefore speak.\nIn Belmont is a lady richly left,\nAnd'
male he man ' according to White, keeps it loose when they need it.\n"James is crazy man, stupid crazy,"'
male he boy ' it was so that I could be with you. Pa, Winsted is the prettiest little boy you ever saw,'
male she dad ' are as rabid as science fiction fans.\n"Respect teh canon11! Carrie\'s dad isn\'t dead and'
male she bull ' back. I\'m going to cut you. I\'m going to take you down,\'" Bullock said. "And then'
Fatal Python error: PyGILState_Release: thread state 0x7930dc26b9b0 must be current when releasing
Python runtime state: finalizing (tstate=0x000065416ddc05d0)

Thread 0x000079322b2bd740 (most recent call first):
  <no Python frame>

Extension modules: regex._regex, zstandard.backend_c, numpy._core._multiarray_umath, numpy.linalg._umath_linalg, pyarrow.lib, numpy.random._common, numpy.random.bit_generator, numpy.random._bounded_integers, numpy.random._pcg64, numpy.random._generator, numpy.random._mt19937, numpy.random._philox, numpy.random._sfc64, numpy.random.mtrand, _cyutility, pandas._libs._cyutility, pandas._libs.tslibs.ccalendar, pandas._libs.tslibs.np_datetime, pandas._libs.tslibs.dtypes, pandas._libs.tslibs.base, pandas._libs.tslibs.nattype, pandas._libs.tslibs.timezones, pandas._libs.properties, pandas._libs.tslibs.fields, pandas._libs.tslibs.timedeltas, pandas._libs.tslibs.tzconversion, pandas._libs.tslibs.timestamps, pandas._libs.tslibs.offsets, pandas._libs.tslibs.strptime, pandas._libs.tslibs.parsing, pandas._libs.tslibs.conversion, pandas._libs.tslibs.period, pandas._libs.tslibs.vectorized, pandas._libs.ops_dispatch, pandas._libs.missing, pandas._libs.hashtable, pandas._libs.algos, pandas._libs.interval, pandas._libs.lib, pyarrow._compute, pandas._libs.ops, pandas._libs.hashing, pandas._libs.arrays, pandas._libs.tslib, pandas._libs.sparse, pandas._libs.internals, pandas._libs.indexing, pandas._libs.index, pandas._libs.writers, pandas._libs.join, pandas._libs.window.aggregations, pandas._libs.window.indexers, pandas._libs.reshape, pandas._libs.groupby, pandas._libs.json, pandas._libs.parsers, pandas._libs.testing, pyarrow._acero, pyarrow._fs, pyarrow._csv, pyarrow._json, pyarrow._substrait, pyarrow._dataset, pyarrow._dataset_orc, pyarrow._parquet, pyarrow._azurefs, pyarrow._hdfs, pyarrow._gcsfs, pyarrow._s3fs, pyarrow._parquet_encryption, pyarrow._dataset_parquet_encryption, pyarrow._dataset_parquet, yaml._yaml, charset_normalizer.md, charset_normalizer.cd, requests.packages.charset_normalizer.md, requests.packages.chardet.md, requests.packages.charset_normalizer.cd, requests.packages.chardet.cd, multidict._multidict, yarl._quoting_c, propcache._helpers_c, aiohttp._http_writer, aiohttp._http_parser, aiohttp._websocket.mask, aiohttp._websocket.reader_c, frozenlist._frozenlist, xxhash._xxhash, scipy._cyutility, scipy._lib._ccallback_c, scipy.sparse._sparsetools, _csparsetools, scipy.sparse._csparsetools, scipy.io.matlab._mio_utils, scipy.io.matlab._streams, scipy.io.matlab._mio5_utils, torch._C, torch._C._dynamo.autograd_compiler, torch._C._dynamo.eval_frame, torch._C._dynamo.guards, torch._C._dynamo.utils, torch._C._fft, torch._C._linalg, torch._C._nested, torch._C._nn, torch._C._sparse, torch._C._special (total: 107)
