Warning: You are sending unauthenticated requests to the HF Hub. Please set a HF_TOKEN to enable higher rate limits and faster downloads.
CANONICAL .rowcache/fineweb_n480_skip80.pt: 3 chunks x 64 rows (FRESH FineWeb; receipt sha256[:16]=815b21618c2e477e)

=== question@mlp11 rank-2 TOP=4 (published share 0.718) ===
  lambda  chunk0 n=  22 share=0.5508 top=['mlp17', 'mlp11', 'attn10', 'attn9'] recon=1.0e-07
  lambda  chunk1 n=  13 share=0.5109 top=['mlp11', 'mlp17', 'attn9', 'attn10'] recon=9.1e-08
  lambda  chunk2 n=  11 share=0.5835 top=['mlp17', 'mlp11', 'attn10', 'attn9'] recon=8.8e-08
  random  chunk0 n=  22 share=0.3711 top=['mlp17', 'mlp16', 'attn17', 'mlp10'] recon=0.0e+00
  random  chunk1 n=  13 share=0.3372 top=['mlp16', 'mlp17', 'attn17', 'mlp14'] recon=5.0e-08
  random  chunk2 n=  11 share=0.3605 top=['mlp17', 'mlp10', 'mlp11', 'mlp16'] recon=2.0e-07
  -> mean share lambda 0.5484 vs random 0.3563 | gaps [0.1797, 0.1737, 0.223] | lambda-top absent from random [3, 3, 2]

=== pronouns@mlp17 rank-8 TOP=6 (published share 0.482) ===
  lambda  chunk0 n=  82 share=0.5383 top=['mlp17', 'mlp16', 'x0', 'mlp9', 'mlp11', 'mlp10'] recon=2.9e-07
  lambda  chunk1 n= 100 share=0.5960 top=['mlp17', 'mlp16', 'x0', 'mlp15', 'attn9', 'mlp9'] recon=2.1e-07
  lambda  chunk2 n=  84 share=0.5691 top=['mlp17', 'mlp16', 'x0', 'mlp9', 'mlp15', 'mlp11'] recon=2.3e-07
  random  chunk0 n=  82 share=0.6131 top=['mlp17', 'mlp16', 'mlp13', 'mlp10', 'attn17', 'x0'] recon=2.0e-07
  random  chunk1 n= 100 share=0.7372 top=['mlp17', 'mlp16', 'mlp13', 'mlp12', 'mlp15', 'attn17'] recon=2.3e-07
  random  chunk2 n=  84 share=0.6882 top=['mlp17', 'mlp16', 'mlp13', 'mlp12', 'mlp15', 'mlp9'] recon=2.1e-07
  -> mean share lambda 0.5678 vs random 0.6795 | gaps [0.0748, 0.1412, 0.1191] | lambda-top absent from random [2, 3, 2]

  question lambda 0.5484 null 0.3563 | published .718 | S1620 skip80 .545
  pronouns lambda 0.5678 null 0.6795 | published .482

pred_a False | pred_b False | pred_c True
wrote /workspace/tensor_language/basis_aligned/bilinear_quotient/published_vs_null_evalskip_results.json (10.1s)
