100 helped punct sites
stream-centre axis captured (norm 6497.9)
rows 0 done
rows 4 done
rows 8 done
rows 12 done
rows 16 done
rows 20 done
rows 24 done
rows 28 done
rows 32 done
rows 36 done
rows 40 done
rows 44 done
rows 48 done
rows 52 done
rows 56 done
a3: competitor 4.926 vs target 1.781
a6: competitor 4.09 vs target -3.52
a7: competitor 10.048 vs target 3.101
a8: competitor 11.726 vs target 2.816
m7: competitor 13.041 vs target 8.145
a12: competitor 5.996 vs target 5.957
helpers pushing competitor: 5/5 | mean pairwise cos 0.294 vs null 0.0317 | ctrl cos 0.349
(a) recentered geometry discriminates: FAILED
(b) verdict recorded either way: HELD
(c) logit asymmetry survives recentering: FAILED
wrote /workspace/tensor_language/basis_aligned/bilinear_quotient/punct_overconf_recentered_results.json (17s)
