{
  "uniform16_crossovers_tokens_rank56_to_native": [
    11580949742.1428,
    16908524143.715654,
    26272022524.859383,
    43840305243.45502,
    64003901167.72219,
    84731576718.33412
  ],
  "uniform32_crossovers_tokens_rank56_to_native": [
    23161899484.2856,
    33817048287.43131,
    52544045049.718765,
    87680610486.91003,
    128007802335.44438,
    169463153436.66824
  ],
  "uniform8_crossovers_tokens_rank56_to_native": [
    5790474871.0714,
    8454262071.857827,
    13136011262.429691,
    21920152621.72751,
    32001950583.861095,
    42365788359.16706
  ],
  "selections": {
    "32": {
      "1000000": "qk56",
      "1000000000": "qk56",
      "10000000000": "qk56",
      "100000000000": "qk88",
      "1000000000000": "native"
    },
    "16": {
      "1000000": "qk56",
      "1000000000": "qk56",
      "10000000000": "qk56",
      "100000000000": "native",
      "1000000000000": "native"
    },
    "8": {
      "1000000": "qk56",
      "1000000000": "qk56",
      "10000000000": "qk72",
      "100000000000": "native",
      "1000000000000": "native"
    }
  },
  "raw_matches_fp32": true,
  "predicates": [
    true,
    true,
    true
  ],
  "null": false,
  "runtime_s": 0.00072479248046875
}
QK FRONTIER MDL CROSSOVER DONE
