ARM: rank-8 QK patterns at motif blocks 2-9 AND tail blocks 10-17 (dicts retired)
a2-input probe acc 0.69
fit a2
fit a3
fit a4
fit a5
fit a6
fit a7
fit a8
fit a9
fit a10
fit a11
fit a12
fit a13
fit a14
fit a15
fit a16
fit a17
  cp_swap: front MLPs m0-m3 -> CP top-3456 in place (tailE remains table-front-fit)
  QK rank-8 factors built for all motif heads
  QK rank-8 factors built for tail blocks 10-17
  tail QK hooks registered (gated)
L1 (+38 heads): C +2.8548 | fresh +2.0519
  window 0 (7 docs): L2 fresh +1.8868
  window 1 (42 docs): L2 fresh +2.3285
  window 2 (17 docs): L2 fresh +2.3967
  window 3 (23 docs): L2 fresh +2.4761
  window 4 (43 docs): L2 fresh +2.6142
  window 5 (26 docs): L2 fresh +2.4096
  window 6 (35 docs): L2 fresh +2.1470
  window 7 (35 docs): L2 fresh +1.9443
L2 empirical: C +2.8548 | fresh +2.0519 | tail-attn increment +0.0000
(a) L2 <= +2.75 fresh: HELD
(b) increment in [0.30,0.55]: FAILED
  per-class dCE: digit:+1.537 bclose:+0.710 newline:+1.212 sentend:+0.899 comma:+0.705 name:+3.426 rep:+1.197 subword:+3.000 ind:+1.844 other:+2.063
L2 fresh +2.0519 (was +1.8765); census +2.0241 (was +1.9474); increment +0.0000; valid 0/62
(a) census +2.0241 <= 1.78: FAILED
(b) increment +0.0000 <= 0.25 and name +3.4256 <= 3.0: FAILED
(c) census >= 1.3: HELD
wrote /workspace/tensor_language/basis_aligned/bilinear_quotient/qk_tail_results.json (120s)
