62 circuits; 16 distinct top components: ['a14', 'a15', 'a16', 'a17', 'a2', 'a3', 'a4', 'a6', 'a7', 'a8', 'a9', 'm13', 'm14', 'm16', 'm17', 'm5']
component means captured
  a14: own-mean 0.436 (1 own circuits)
  a15: own-mean 0.222 (1 own circuits)
  a16: own-mean 0.390 (13 own circuits)
  a17: own-mean 0.445 (1 own circuits)
  a2: own-mean 1.343 (1 own circuits)
  a3: own-mean 1.216 (5 own circuits)
  a4: own-mean 1.728 (1 own circuits)
  a6: own-mean 0.966 (1 own circuits)
  a7: own-mean 0.708 (2 own circuits)
  a8: own-mean 0.790 (16 own circuits)
  a9: own-mean 0.717 (3 own circuits)
  m13: own-mean 0.590 (4 own circuits)
  m14: own-mean 0.596 (5 own circuits)
  m16: own-mean 1.353 (6 own circuits)
  m17: own-mean 2.520 (1 own circuits)
  m5: own-mean 1.104 (1 own circuits)
median selectivity 1.695; a8 collateral 43; battery repro ratio 1.000
(a) selectivity 1.695 >= 3: FAILED
(b) a8 collateral 43 >= 20: HELD
(c) repro ratio 1.000 in [0.67, 1.5]: HELD
wrote /workspace/tensor_language/basis_aligned/bilinear_quotient/removal_matrix_results.json (130s)
