baseline CE 3.2975
mlp 0: benefit +2.345  r80 8
mlp 1: benefit +0.965  r80 128
mlp 2: benefit +0.153  r80 256
mlp 3: benefit +0.122  r80 256
mlp 4: benefit +0.344  r80 64
mlp 5: benefit +0.083  r80 256
mlp 6: benefit +0.047  r80 512
mlp 7: benefit +0.041  r80 512
mlp 8: benefit +0.034  r80 512
mlp 9: benefit +0.035  r80 512
mlp10: benefit +0.029  r80 512
mlp11: benefit +0.032  r80 512
mlp12: benefit +0.028  r80 512
mlp13: benefit +0.030  r80 512
mlp14: benefit +0.029  r80 512
mlp15: benefit +0.143  r80 4
mlp16: benefit +0.881  r80 1
mlp17: benefit +0.723  r80 4

null: mlp1 random rank-8 recovered +0.121
r80 by depth: [8, 128, 256, 256, 64, 256, 512, 512, 512, 512, 512, 512, 512, 512, 512, 4, 1, 4]

wrote /workspace/tensor_language/basis_aligned/bilinear_quotient/rspd_depth_rank_map_results.json (118s)
