{
 "alpha": {
  "baseline": 0.334722101688385,
  "edit": 0.4866858124732971,
  "null0": 0.3349035978317261,
  "null1": 0.3348349332809448,
  "null2": 0.3345958888530731,
  "null3": 0.3343031108379364,
  "null4": 0.3347620666027069,
  "null5": 0.33475226163864136,
  "null6": 0.334852933883667,
  "null7": 0.3347644507884979,
  "null8": 0.33489131927490234,
  "null9": 0.33494165539741516,
  "null10": 0.3347814083099365,
  "null11": 0.33488258719444275
 },
 "cos": {
  "baseline": 0.7728161215782166,
  "edit": 0.832313597202301,
  "null0": 0.7729589939117432,
  "null1": 0.7726814150810242,
  "null2": 0.7727004885673523,
  "null3": 0.7725817561149597,
  "null4": 0.7729165554046631,
  "null5": 0.7728300094604492,
  "null6": 0.7725068926811218,
  "null7": 0.774158239364624,
  "null8": 0.7730071544647217,
  "null9": 0.7729576230049133,
  "null10": 0.7723581194877625,
  "null11": 0.7729150652885437
 },
 "alpha_rise_edit": 0.1519637107849121,
 "alpha_rise_null_max_abs": 0.0004189908504486084,
 "baseline_margin_oriented": 2.048141226172447,
 "margin_change_edit": -0.01359466214974736,
 "margin_change_null_max_abs": 0.001796474059422959,
 "margin_change_nulls": [
  1.5104810396682211e-05,
  0.00043107072512293954,
  0.00016407668590545654,
  0.0002392033735909571,
  0.00013648470242833,
  -7.422765096043449e-05,
  -0.001796474059422959,
  -0.001640374461809646,
  -5.366404851292472e-05,
  -0.0005349417527518163,
  0.00033955772717808586,
  0.0002954502900442968
 ],
 "replay_gap": 0.0002778983116150102
}
{
  "predictions": {
    "pred_a_baseline_replays": true,
    "pred_b_alpha_rises_when_gain_units_restored": true,
    "pred_c_rise_matches_net_census": true,
    "pred_d_rise_beats_random_pairs": true,
    "pred_e_number_margin_moves_beyond_null": true
  },
  "forwards": 58
}
