weights-only token terms {'10.1': -3092.53, '12.4': 3288.361, '9.6': 638.46, '15.1': -2238.411, '10.5': 240.546}
{
 "replay_max_abs": 1.430511474609375e-05,
 "text": {
  "pairs": 61,
  "gap_mean": 4.360080718994141,
  "pattern_mean": {
   "10.1": -0.24319988489151,
   "12.4": 0.11275117844343185,
   "9.6": 0.10901343077421188,
   "15.1": -0.22881461679935455,
   "10.5": 0.18305815756320953
  },
  "pattern_sign_constancy": {
   "10.1": 0.9590163826942444,
   "12.4": 0.7622950673103333,
   "9.6": 0.7213114500045776,
   "15.1": 0.8852459192276001,
   "10.5": 0.9426229596138
  },
  "direct_term": {
   "10.1": 5.593163967132568,
   "12.4": 14.640965461730957,
   "9.6": -1.0502736568450928,
   "15.1": 4.880427837371826,
   "10.5": -0.10166148841381073
  }
 }
}
pattern means {'10.1': -0.243, '12.4': 0.113, '9.6': 0.109, '15.1': -0.229, '10.5': 0.183} direct terms {'10.1': 5.593, '12.4': 14.641, '9.6': -1.05, '15.1': 4.88, '10.5': -0.102} singles {'10.1': 0.175, '10.5': 0.009, '12.4': 0.06, '15.1': 0.048, '9.6': 0.013}
{
  "predictions": {
    "pred_a_baseline_replays": true,
    "pred_b_pattern_signs_fix_the_terms": true,
    "pred_c_pattern_weighted_term_ranks_top_two": true,
    "pred_d_negative_pattern_heads": true,
    "pred_e_direct_term_within_range": false
  },
  "forwards": 2
}
