{
 "replay_max_abs": 1.430511474609375e-05,
 "text": {
  "pairs": 61,
  "gap_mean": 4.360080718994141,
  "sign_constancy": 0.8852459192276001,
  "closed": {
   "ALL_POS": 0.7319962978363037,
   "PATTERN": -0.07241163402795792,
   "JOINT": 0.7448449730873108
  }
 }
}
joint 0.745 pattern -0.072 values 0.732 interaction 0.085
{
  "predictions": {
    "pred_a_baseline_replays": true,
    "pred_b_joint_replays_the_write": false,
    "pred_c_interaction_is_a_fifth": false,
    "pred_d_pattern_replays": true,
    "pred_e_values_replay": true
  },
  "forwards": 8
}
