{
 "replay_max_abs": 2.384185791015625e-05,
 "text": {
  "pairs": 79,
  "gap_mean": {
   "verb": 3.139129638671875,
   "are_is": 1.641675353050232,
   "were_was": 1.497454285621643
  },
  "closed": {
   "n": {
    "verb": 0.019836172461509705,
    "are_is": 0.01930025964975357
   },
   "n1": {
    "verb": 0.07622270286083221,
    "are_is": 0.07411320507526398
   },
   "both": {
    "verb": 0.10076496005058289,
    "are_is": 0.09813858568668365
   },
   "h113_n": {
    "verb": 0.14725004136562347,
    "are_is": 0.14968296885490417
   }
  }
 },
 "panel": {
  "skipped": "distant rows only",
  "distant_rows": 79
 }
}
{
  "predictions": {
    "pred_a_baseline_replays": true,
    "pred_b_5_3_reads_the_post_noun_site": true,
    "pred_c_5_3_reads_the_noun_little": true,
    "pred_d_5_3_two_sites_at_least_the_post_noun": true,
    "pred_e_11_3_at_the_noun_replays": true
  },
  "forwards": 15
}
