{
 "replay_max_abs": 1.33514404296875e-05,
 "text": {
  "pairs": 122,
  "unit": 701,
  "contrast_mean": 9.754912376403809,
  "sign_constancy": 0.6475409865379333,
  "moved": {
   "a0": 0.008223438635468483,
   "a1": -0.005817222408950329,
   "a2": 0.019425339996814728,
   "a3": 0.006770797073841095,
   "a4": 0.06601948291063309,
   "a5": 0.09831271320581436,
   "a6": 0.018597973510622978,
   "a7": 0.06574385613203049,
   "a8": 0.10157962143421173,
   "a9": 0.2527843117713928,
   "a10": 0.03062545508146286,
   "a11": 0.17292651534080505,
   "a12": 0.000233487255172804,
   "a13": 0.11359366029500961,
   "a14": 0.009751202538609505,
   "a15": 0.023343980312347412,
   "a16": 0.03230815753340721,
   "a17": 0.05389777570962906,
   "attn_all": 1.3395329713821411
  },
  "margin_closed": {
   "a0": 0.0004701436555478722,
   "a1": 0.0008913065539672971,
   "a2": 0.0015078430296853185,
   "a3": 0.015945889055728912,
   "a4": 0.03742571547627449,
   "a5": 0.05305776372551918,
   "a6": 0.01687707006931305,
   "a7": 0.013036109507083893,
   "a8": 0.018150918185710907,
   "a9": 0.3907032310962677,
   "a10": 0.14591768383979797,
   "a11": 0.02681881934404373,
   "a12": 0.23665252327919006,
   "a13": 0.010052911005914211,
   "a14": 3.249468863941729e-05,
   "a15": 0.07430009543895721,
   "a16": -0.0017010909505188465,
   "a17": -0.004658597521483898,
   "attn_all": 0.9727925062179565
  }
 },
 "panel": {
  "skipped": "pronoun slot, natural pairs",
  "rows": 122
 }
}
{
  "predictions": {
    "pred_a_baseline_replays": true,
    "pred_b_pronoun_reader_blocks_lead": true,
    "pred_c_no_second_hop_copier_for_pronouns": false,
    "pred_d_early_blocks_small": true,
    "pred_e_singles_add": true
  },
  "forwards": 80
}
