{
 "n": 96,
 "exact_change_mean": -2.2646,
 "linear_total_mean": -2.2419,
 "remainder": -0.0227,
 "direct_mean": -1.9124,
 "direct_share_of_linear": 0.853,
 "downstream_net_mean": -0.3295,
 "largest_downstream_responder": "mlp:17"
}
{'attn:08': -0.4307, 'mlp:08': -0.0636, 'attn:09': -0.0255, 'mlp:09': -0.0334, 'attn:10': -0.4313, 'mlp:10': -0.2308, 'attn:11': -0.0016, 'mlp:11': -0.1051, 'attn:12': -0.0006, 'mlp:12': -0.0157, 'attn:13': -0.6138, 'mlp:13': -0.079, 'attn:14': 0.0015, 'mlp:14': -0.033, 'attn:15': -0.4366, 'mlp:15': -0.0412, 'attn:16': 0.0324, 'mlp:16': -0.0352, 'attn:17': 0.0036, 'mlp:17': 0.2977}
{
  "predictions": {
    "pred_a_recurrence_closure": true,
    "pred_b_linearization_remainder_small": true,
    "pred_c_direct_terms_carry_most": true,
    "pred_d_downstream_net_is_small": true,
    "pred_e_largest_responder_is_an_mlp": true
  },
  "forwards": 6
}
