0 0.02 816 0 0.9996153895345244
0 0.02 816 400 0.02571154695269722
0 0.02 816 800 0.021718122043046385
0 0.02 816 1200 0.020874982678700665
0 0.02 816 1600 0.02028799473407702
0 0.02 816 2000 0.020217788580811264
0 0.02 1816 0 0.9996346215813418
0 0.02 1816 400 0.025044336404276654
0 0.02 1816 800 0.02357161265322777
0 0.02 1816 1200 0.021132150266366615
0 0.02 1816 1600 0.020288491176628988
0 0.02 1816 2000 0.020218813352959022
0 0.05 816 0 0.9996153895345244
0 0.05 816 400 0.02796095234500362
0 0.05 816 800 0.026138413886254746
0 0.05 816 1200 0.023980209728974983
0 0.05 816 1600 0.020535178644556652
0 0.05 816 2000 0.020293394891991483
0 0.05 1816 0 0.9996346215813418
0 0.05 1816 400 0.027273753347413342
0 0.05 1816 800 0.023619857786373676
0 0.05 1816 1200 0.02193537392164133
0 0.05 1816 1600 0.020553456468036652
0 0.05 1816 2000 0.020334506173645295
{'pred_a_instrument': True, 'pred_b_sensitivity': False, 'pred_c_values': False, 'pred_d_group_fidelity': False}
