{
  "report": {
    "shapes": {
      "M0": [
        50304,
        1152
      ],
      "M1": [
        50304,
        4608
      ],
      "C_L": [
        4608,
        9
      ],
      "C_R": [
        4608,
        9
      ],
      "RESID_L": [
        4608
      ],
      "RESID_R": [
        4608
      ]
    },
    "lamb17": -0.0888671875,
    "resid_L_mean": 0.9782352447509766,
    "resid_L_median": 0.9793733954429626,
    "resid_R_mean": 0.9781691431999207,
    "resid_R_median": 0.9792568683624268,
    "resid_L_min": 0.6958372592926025,
    "resid_L_max": 0.9969374537467957,
    "resid_R_min": 0.6544709801673889,
    "resid_R_max": 0.9964683055877686,
    "M1_frobenius": 7138.62353515625,
    "M0_frobenius": 869.418212890625,
    "M1_M0_frobenius_ratio": 8.210805144536703
  },
  "predictions": {
    "pred_a_lstsq_closure": true,
    "pred_b_shapes_match": true,
    "pred_c_attention17_explains_some_reads": false,
    "pred_d_M1_finite": true,
    "pred_e_M0_M1_frobenius_ratio_sane": true
  }
}
