{
 "replay_max_abs": 1.239776611328125e-05,
 "text": {
  "pairs": 48,
  "unit": 701,
  "contrast_mean": 63.06951904296875,
  "sign_constancy": 0.7708333134651184,
  "moved": {
   "5.3": 0.22832824289798737,
   "9.6": 0.0872761681675911
  },
  "margin_closed": {
   "5.3": 0.0399317629635334,
   "9.6": 0.32145991921424866
  }
 },
 "panel": {
  "frame": "v76 panel pairs",
  "rows": 48
 }
}
{
  "predictions": {
    "pred_a_baseline_replays": true,
    "pred_b_5_3_writes_into_the_panel_answer": false,
    "pred_c_5_3_write_matches_its_value_effect": false,
    "pred_d_9_6_write_on_the_panel": true,
    "pred_e_5_3_above_its_text_write": false
  },
  "forwards": 9
}
