{
 "native_3465_medians": {
  "is|p": -87.77975463867188,
  "are|p": -48.95232009887695
 },
 "rank_114": 1,
 "top12_units": [
  [
   114,
   5471.00732421875
  ],
  [
   3040,
   1226.7469482421875
  ],
  [
   4040,
   1149.3294677734375
  ],
  [
   3318,
   -910.8663330078125
  ],
  [
   4047,
   806.6029052734375
  ],
  [
   3667,
   701.3888549804688
  ],
  [
   1613,
   675.840576171875
  ],
  [
   979,
   -671.9981079101562
  ],
  [
   998,
   626.9066772460938
  ],
  [
   2160,
   -615.003173828125
  ],
  [
   2873,
   611.3406372070312
  ],
  [
   4080,
   588.6963500976562
  ]
 ],
 "top_shares": {
  "10": 0.050355758517980576,
  "50": 0.11564990133047104,
  "200": 0.2532103359699249,
  "500": 0.42551910877227783
 },
 "edits": {
  "10": {
   "kl": 0.03919244557619095,
   "delta_logodds": 0.47507715225219727,
   "null_kl_max": 1.0086466318171006e-05,
   "top_units": [
    114,
    3040,
    4040,
    3318,
    4047,
    3667,
    1613,
    979,
    998,
    2160
   ]
  },
  "50": {
   "kl": 0.04285161942243576,
   "delta_logodds": 0.4800281524658203,
   "null_kl_max": 0.00011745090887416154,
   "top_units": [
    114,
    3040,
    4040,
    3318,
    4047,
    3667,
    1613,
    979,
    998,
    2160,
    2873,
    4080
   ]
  },
  "200": {
   "kl": 0.05333581566810608,
   "delta_logodds": 0.5174695253372192,
   "null_kl_max": 0.0005183224566280842,
   "top_units": [
    114,
    3040,
    4040,
    3318,
    4047,
    3667,
    1613,
    979,
    998,
    2160,
    2873,
    4080
   ]
  }
 },
 "logodds_plural_vs_singular_native_is_p": -1.5914647579193115
}
{
  "predictions": {
    "pred_a_baseline_frames_replay": true,
    "pred_b_114_leads_the_mirror_census": true,
    "pred_c_mirror_population_is_spread": true,
    "pred_d_mirror_edit_moves_the_prediction": true,
    "pred_e_mirror_edit_lowers_singular_preference": true
  },
  "forwards": 14
}
