{
 "replay_max_abs": 1.239776611328125e-05,
 "text": {
  "pairs": 48,
  "unit": 701,
  "contrast_mean": 63.06951904296875,
  "sign_constancy": 0.7708333134651184,
  "moved": {
   "5.0": -0.005865663290023804,
   "5.1": 0.002859539818018675,
   "5.2": 0.003182079177349806,
   "5.3": 0.22832824289798737,
   "5.4": -0.0019183941185474396,
   "5.5": -0.0011993689695373178,
   "5.6": -0.007147233467549086,
   "5.7": 0.0028185760602355003,
   "5.8": -0.003744137706235051,
   "11.0": -0.001604150515049696,
   "11.1": -0.001110887504182756,
   "11.2": -0.011092989705502987,
   "11.3": 0.4354073107242584,
   "11.4": -0.005064757540822029,
   "11.5": -0.0017293341225013137,
   "11.6": -0.007366678677499294,
   "11.7": -0.00280343322083354,
   "11.8": -0.0013269375776872039
  },
  "margin_closed": {
   "5.0": 5.672431598213734e-06,
   "5.1": 0.01064210943877697,
   "5.2": 0.0026829680427908897,
   "5.3": 0.0399317629635334,
   "5.4": 0.004177076276391745,
   "5.5": 0.00013834645505994558,
   "5.6": 0.027591364458203316,
   "5.7": 0.008940302766859531,
   "5.8": 0.0006362993735820055,
   "11.0": 0.0006205989047884941,
   "11.1": 0.03214924782514572,
   "11.2": 0.001031589461490512,
   "11.3": -0.002122027799487114,
   "11.4": 0.0026058019138872623,
   "11.5": 0.0002292229764861986,
   "11.6": 0.008511997759342194,
   "11.7": 0.0001635316584724933,
   "11.8": 0.00047069176798686385
  }
 },
 "panel": {
  "frame": "v76 panel pairs",
  "rows": 48
 }
}
{
  "predictions": {
    "pred_a_baseline_replays": true,
    "pred_b_5_3_leads_block_5_on_the_panel": true,
    "pred_c_other_block_5_heads_carry_the_rest": true,
    "pred_d_11_3_leads_block_11_on_the_panel": false,
    "pred_e_singles_add_to_blocks": true
  },
  "forwards": 57
}
