{
 "replay_max_abs": 1.239776611328125e-05,
 "text": {
  "pairs": 43,
  "unit": 701,
  "contrast_mean": 18.781227111816406,
  "sign_constancy": 0.6976743936538696,
  "moved": {
   "B0": 0.019120801240205765,
   "B1": 0.01711347885429859,
   "B2": 0.02850225754082203,
   "B3": 0.05130652338266373,
   "B4": 0.05957753583788872,
   "B5": 0.07567441463470459,
   "B6": -0.041705064475536346,
   "B7": -0.015211694873869419,
   "B9": 0.09039671719074249,
   "B10": -0.0009123400668613613,
   "B11": 0.14873844385147095,
   "B12": -0.021229393780231476
  },
  "margin_closed": {
   "B0": 0.0006401790305972099,
   "B1": 0.001159069244749844,
   "B2": 0.0039837113581597805,
   "B3": 0.012694516219198704,
   "B4": 0.027028553187847137,
   "B5": 0.05868951231241226,
   "B6": 0.03426880016922951,
   "B7": 0.03298727795481682,
   "B9": 0.11362170428037643,
   "B10": 0.04743751138448715,
   "B11": 0.023463629186153412,
   "B12": 0.03835541009902954
  }
 },
 "panel": {
  "skipped": "pronoun slot, natural pairs",
  "rows": 43
 }
}
other writers by block {'B0': 0.001, 'B1': 0.001, 'B2': 0.004, 'B3': 0.013, 'B4': 0.027, 'B5': 0.059, 'B6': 0.034, 'B7': 0.033, 'B9': 0.114, 'B10': 0.047, 'B11': 0.023, 'B12': 0.038} early sum 0.171 mid sum 0.223 top B9
{
  "predictions": {
    "pred_a_baseline_replays": true,
    "pred_b_early_singles_add": true,
    "pred_c_mid_singles_add": true,
    "pred_d_a_block_carries": true,
    "pred_e_block_4_writes": false
  },
  "forwards": 26
}
