0 0.005 0 0.00758952131926505
0 0.005 400 0.007663134900304964
0 0.005 800 0.007619315545561505
0 0.005 1200 0.007573056855105197
0 0.005 1600 0.007549484322055449
0 0.005 2000 0.007545933796018647
0 0.02 0 0.00758952131926505
0 0.02 400 0.008948652623303173
0 0.02 800 0.00805663059767315
0 0.02 1200 0.007840663033214488
0 0.02 1600 0.007706375304373906
0 0.02 2000 0.007688192952399459
0.1 0.005 0 0.01481760618284348
0.1 0.005 400 0.014982927015103523
0.1 0.005 800 0.014721302193243089
0.1 0.005 1200 0.014687282731551453
0.1 0.005 1600 0.014560945676516994
0.1 0.005 2000 0.014553946462860205
0.1 0.02 0 0.01481760618284348
0.1 0.02 400 0.022733967116637777
0.1 0.02 800 0.01630066232294118
0.1 0.02 1200 0.015004440215920546
0.1 0.02 1600 0.014708660324396883
0.1 0.02 2000 0.01467264700547217
1 0.005 0 0.0473221430633448
1 0.005 400 0.04599741865662615
1 0.005 800 0.04566369233070272
1 0.005 1200 0.04515724659008753
1 0.005 1600 0.04492926156885099
1 0.005 2000 0.04490624182209478
1 0.02 0 0.0473221430633448
1 0.02 400 0.05955605342773675
1 0.02 800 0.051119577035641475
1 0.02 1200 0.046208213073444256
1 0.02 1600 0.04518021528721424
1 0.02 2000 0.04507988534912452
10 0.005 0 0.07981380415487675
10 0.005 400 0.07718365733861171
10 0.005 800 0.07573506469213695
10 0.005 1200 0.07644380853171434
10 0.005 1600 0.07483485621888786
10 0.005 2000 0.07479657266692456
10 0.02 0 0.07981380415487675
10 0.02 400 0.09571262861176688
10 0.02 800 0.07969360264594304
10 0.02 1200 0.07679600511412425
10 0.02 1600 0.07514486395198326
10 0.02 2000 0.07498751990006837
{'pred_a_instrument': True, 'pred_b_sensitivity': False, 'pred_c_values': True}
