{
 "closure_max": 0.0,
 "median": {
  "singular": -36.75448226928711,
  "plural": -431.81805419921875,
  "ambiguous_s_verbs": -481.1173095703125,
  "unambiguous_s_verbs": -70.67628479003906,
  "mass_nouns": 8.42922306060791,
  "collective_nouns": -50.16049575805664
 },
 "pooled_std": 93.64122009277344,
 "position_on_singular_plural_axis": {
  "singular": -0.0,
  "plural": 1.0,
  "ambiguous_s_verbs": 1.1247881650924683,
  "unambiguous_s_verbs": 0.08586416393518448,
  "mass_nouns": -0.11437071859836578,
  "collective_nouns": 0.033933814615011215
 }
}
{
  "predictions": {
    "pred_a_closure": true,
    "pred_b_replays_v329": true,
    "pred_c_ambiguous_s_verbs_read_as_plural_nouns": true,
    "pred_d_unambiguous_s_verbs_read_as_nothing": true,
    "pred_e_mass_and_collective_nouns_singular_side": true
  },
  "forwards": 1
}
