{
 "replay_max_abs": 2.384185791015625e-05,
 "text": {
  "pairs": 79,
  "unit": 701,
  "contrast_mean": 37.7872428894043,
  "sign_constancy": 0.607594907283783,
  "moved": {
   "FIVE_W": 0.0866401270031929,
   "FIVE_V": 0.636074960231781,
   "UNION": 0.7276617884635925
  },
  "margin_closed": {
   "FIVE_W": 0.09608563035726547,
   "FIVE_V": 0.5568386912345886,
   "UNION": 0.6530736088752747
  }
 },
 "panel": {
  "skipped": "distant rows only",
  "distant_rows": 79
 }
}
{
  "predictions": {
    "pred_a_baseline_replays": true,
    "pred_b_pronoun_heads_write_little_into_the_verb": true,
    "pred_c_verb_heads_replay": true,
    "pred_d_union_adds": true,
    "pred_e_pronoun_heads_a_small_fraction": true
  },
  "forwards": 12
}
