{
 "replay_max_abs": 1.33514404296875e-05,
 "text": {
  "pairs": 122,
  "unit": 701,
  "contrast_mean": 9.754912376403809,
  "sign_constancy": 0.6475409865379333,
  "moved": {
   "5.0": 0.008038378320634365,
   "5.1": 0.007534441538155079,
   "5.2": 0.0013572965981438756,
   "5.3": 0.0891096293926239,
   "5.4": 0.007158141117542982,
   "5.5": 0.004251803737133741,
   "5.6": 0.006747131235897541,
   "5.7": -0.005324592348188162,
   "5.8": -0.014902324415743351,
   "9.0": 0.002078583464026451,
   "9.1": 0.02637491375207901,
   "9.2": -0.018775945529341698,
   "9.3": 0.019844498485326767,
   "9.4": 0.003916626330465078,
   "9.5": 0.001731750788167119,
   "9.6": 0.20370788872241974,
   "9.7": -0.04097151756286621,
   "9.8": 0.04831574857234955
  },
  "margin_closed": {
   "5.0": -0.00085682631470263,
   "5.1": 0.0056432452984154224,
   "5.2": 0.002205620752647519,
   "5.3": 0.020865442231297493,
   "5.4": -0.0010602473048493266,
   "5.5": -0.00026097497902810574,
   "5.6": 0.01407560333609581,
   "5.7": 0.00824462715536356,
   "5.8": 0.0001086419215425849,
   "9.0": 0.0009814059594646096,
   "9.1": 0.002703252946957946,
   "9.2": -0.0002156933187507093,
   "9.3": 0.0032239574939012527,
   "9.4": 0.0008496982627548277,
   "9.5": -0.0006747058359906077,
   "9.6": 0.36231663823127747,
   "9.7": 0.02484562061727047,
   "9.8": -0.0028611239977180958
  }
 },
 "panel": {
  "skipped": "pronoun slot, natural pairs",
  "rows": 122
 }
}
{
  "predictions": {
    "pred_a_baseline_replays": true,
    "pred_b_5_3_leads_block_5_into_the_pronoun": true,
    "pred_c_9_6_leads_block_9_into_the_pronoun": true,
    "pred_d_one_head_per_block": false,
    "pred_e_singles_add_to_blocks": true
  },
  "forwards": 76
}
