{
 "positions": 2944,
 "closure_max": 9.036278925123042e-07,
 "kinds_scored": [
  "alphabetic",
  "numeric",
  "other",
  "punctuation"
 ],
 "per_kind": {
  "alphabetic": {
   "n": 2428,
   "mlp1": {
    "alpha": 0.2707105278968811,
    "cos": 0.6429856419563293,
    "gamma2": 0.852306604385376,
    "cross": -0.85220867395401,
    "cross_negative_fraction": 1.0
   },
   "mlp2": {
    "alpha": 0.21313302218914032,
    "cos": 0.3644920289516449,
    "gamma2": 0.4098950922489166,
    "cross": -0.4416954219341278,
    "cross_negative_fraction": 1.0
   }
  },
  "numeric": {
   "n": 44,
   "mlp1": {
    "alpha": 0.27711570262908936,
    "cos": 0.6873556971549988,
    "gamma2": 0.8768411874771118,
    "cross": -0.8506369590759277,
    "cross_negative_fraction": 1.0
   },
   "mlp2": {
    "alpha": 0.17350299656391144,
    "cos": 0.3372674584388733,
    "gamma2": 0.3865900933742523,
    "cross": -0.4014161229133606,
    "cross_negative_fraction": 1.0
   }
  },
  "other": {
   "n": 107,
   "mlp1": {
    "alpha": 0.1762988269329071,
    "cos": 0.5908429622650146,
    "gamma2": 0.8024150133132935,
    "cross": -0.9534079432487488,
    "cross_negative_fraction": 1.0
   },
   "mlp2": {
    "alpha": 0.1824975311756134,
    "cos": 0.3337176442146301,
    "gamma2": 0.3364602029323578,
    "cross": -0.3545883595943451,
    "cross_negative_fraction": 1.0
   }
  },
  "punctuation": {
   "n": 365,
   "mlp1": {
    "alpha": 0.20819395780563354,
    "cos": 0.5887449383735657,
    "gamma2": 0.8220206499099731,
    "cross": -0.9273558855056763,
    "cross_negative_fraction": 0.9424657821655273
   },
   "mlp2": {
    "alpha": 0.14402607083320618,
    "cos": 0.286175400018692,
    "gamma2": 0.34659966826438904,
    "cross": -0.40325307846069336,
    "cross_negative_fraction": 0.9534246325492859
   }
  }
 }
}
{
  "predictions": {
    "pred_a_closure": true,
    "pred_b_alphabetic_keeps_more_than_punctuation_mlp1": true,
    "pred_c_numeric_lowest_at_mlp2": false,
    "pred_d_class_gaps_replay_filler_sign": true,
    "pred_e_mlp2_cross_negative_every_kind": true
  },
  "forwards": 8
}
