{
 "replay_max_abs": 1.239776611328125e-05,
 "text": {
  "pairs": 43,
  "unit": 701,
  "contrast_mean": 18.781227111816406,
  "sign_constancy": 0.6976743936538696,
  "moved": {
   "5.0": -0.005347962025552988,
   "5.1": -0.05140142887830734,
   "5.2": 0.0062249284237623215,
   "5.3": 0.08636651933193207,
   "5.4": -0.00038369439425878227,
   "5.5": -0.0027468474581837654,
   "5.6": 0.009584360755980015,
   "5.7": 0.005202269181609154,
   "5.8": 0.02358541265130043
  },
  "margin_closed": {
   "5.0": -8.457315561827272e-05,
   "5.1": 0.0047960588708519936,
   "5.2": -0.000361611571861431,
   "5.3": 0.04032505676150322,
   "5.4": 0.0015582534251734614,
   "5.5": -6.335684156510979e-05,
   "5.6": 0.0005119814304634929,
   "5.7": 0.0025540045462548733,
   "5.8": 0.0016476480523124337
  }
 },
 "panel": {
  "skipped": "pronoun slot, natural pairs",
  "rows": 43
 }
}
block-5 heads into the answer {'5.0': -0.0, '5.1': 0.005, '5.2': -0.0, '5.3': 0.04, '5.4': 0.002, '5.5': -0.0, '5.6': 0.001, '5.7': 0.003, '5.8': 0.002} sum 0.051 top 5.3
{
  "predictions": {
    "pred_a_baseline_replays": true,
    "pred_b_a_block_5_head_carries": true,
    "pred_c_block_5_singles_add": true,
    "pred_d_5_3_writes_person": true,
    "pred_e_at_most_two_heads_matter": true
  },
  "forwards": 20
}
