{
 "closure_max": 2.2052279291528976e-07,
 "unit_closure": 1.0141410827636719,
 "per_layer_axis": {
  "mlp12|VP0": [
   [
    [
     1131,
     64.28514862060547
    ],
    [
     2110,
     -8.018528938293457
    ],
    [
     2150,
     -5.389543056488037
    ],
    [
     1048,
     5.218189716339111
    ],
    [
     470,
     -4.511924743652344
    ]
   ],
   0.127,
   127.3
  ],
  "mlp12|u": [
   [
    [
     22,
     -50.08831787109375
    ],
    [
     3064,
     7.862361907958984
    ],
    [
     1088,
     -7.1741862297058105
    ],
    [
     1048,
     5.737569808959961
    ],
    [
     1131,
     5.505804061889648
    ]
   ],
   0.151,
   61.4
  ],
  "mlp13|VP0": [
   [
    [
     1330,
     49.44648361206055
    ],
    [
     191,
     16.47894859313965
    ],
    [
     968,
     11.8067626953125
    ],
    [
     1561,
     4.551620006561279
    ],
    [
     2676,
     4.1815690994262695
    ]
   ],
   0.128,
   162.4
  ],
  "mlp13|u": [
   [
    [
     2921,
     18.866689682006836
    ],
    [
     536,
     -9.163657188415527
    ],
    [
     2061,
     -5.144686222076416
    ],
    [
     1673,
     4.817152500152588
    ],
    [
     4404,
     3.7915353775024414
    ]
   ],
   0.092,
   55.2
  ],
  "mlp14|VP0": [
   [
    [
     2498,
     9.36326789855957
    ],
    [
     359,
     6.6229119300842285
    ],
    [
     1888,
     -5.1994171142578125
    ],
    [
     688,
     4.3599324226379395
    ],
    [
     375,
     3.7111904621124268
    ]
   ],
   0.064,
   89.2
  ],
  "mlp14|u": [
   [
    [
     162,
     -6.03580904006958
    ],
    [
     2957,
     4.221519470214844
    ],
    [
     665,
     -3.495408058166504
    ],
    [
     2681,
     -2.3672115802764893
    ],
    [
     3172,
     -2.241284132003784
    ]
   ],
   0.055,
   10.2
  ],
  "mlp15|VP0": [
   [
    [
     3173,
     -30.86224365234375
    ],
    [
     1579,
     18.31708526611328
    ],
    [
     4435,
     -7.037445068359375
    ],
    [
     1082,
     6.726459503173828
    ],
    [
     3417,
     -6.546525478363037
    ]
   ],
   0.11,
   108.3
  ],
  "mlp15|u": [
   [
    [
     702,
     -102.4666748046875
    ],
    [
     2792,
     -37.13108444213867
    ],
    [
     4279,
     -8.588309288024902
    ],
    [
     2648,
     7.45549201965332
    ],
    [
     3173,
     -4.414672374725342
    ]
   ],
   0.259,
   -115.0
  ],
  "mlp16|VP0": [
   [
    [
     2483,
     30.45393943786621
    ],
    [
     4103,
     14.859947204589844
    ],
    [
     3840,
     10.675071716308594
    ],
    [
     2138,
     10.002530097961426
    ],
    [
     3134,
     -9.648372650146484
    ]
   ],
   0.118,
   204.1
  ],
  "mlp16|u": [
   [
    [
     110,
     -40.56999588012695
    ],
    [
     439,
     -19.554290771484375
    ],
    [
     3134,
     -12.324681282043457
    ],
    [
     75,
     -7.765991687774658
    ],
    [
     1727,
     -2.9527587890625
    ]
   ],
   0.16,
   -88.4
  ],
  "mlp17|VP0": [
   [
    [
     701,
     115.70015716552734
    ],
    [
     3941,
     27.26045036315918
    ],
    [
     1348,
     20.252885818481445
    ],
    [
     343,
     17.368057250976562
    ],
    [
     280,
     17.228851318359375
    ]
   ],
   0.181,
   512.3
  ],
  "mlp17|u": [
   [
    [
     3547,
     -60.6786994934082
    ],
    [
     1747,
     -52.87091064453125
    ],
    [
     3093,
     -41.90305709838867
    ],
    [
     4448,
     -25.54541778564453
    ],
    [
     4458,
     -12.375228881835938
    ]
   ],
   0.265,
   -267.2
  ]
 },
 "mlp17_shared_top5_vp0_u": 0,
 "cross_layer_top5_overlap_vp0": {
  "12-13": 0,
  "12-14": 0,
  "12-15": 0,
  "12-16": 0,
  "12-17": 0,
  "13-14": 0,
  "13-15": 0,
  "13-16": 0,
  "13-17": 0,
  "14-15": 0,
  "14-16": 0,
  "14-17": 0,
  "15-16": 0,
  "15-17": 0,
  "16-17": 0
 }
}
{
  "predictions": {
    "pred_a_closure": true,
    "pred_b_unit_closure": false,
    "pred_c_mlp17_vp0_is_head_concentrated": false,
    "pred_d_mlp17_vp0_units_differ_from_u_units": true,
    "pred_e_late_mlps_share_units": true
  },
  "forwards": 3
}
