{
  "pred_a": true,
  "pred_b": true,
  "pred_c": true,
  "terminal": "normalizers_omissible_screen",
  "arms": [
    "native",
    "carried",
    "freeze_k1",
    "freeze_k2",
    "freeze_both"
  ],
  "target_effect_errors": {
    "all": {
      "freeze_k1": 0.018001316218692106,
      "freeze_k2": 0.04350315163412128,
      "freeze_both": 0.058885902262712904
    },
    "British": {
      "freeze_k1": 0.010267874915639874,
      "freeze_k2": 0.02809008690320555,
      "freeze_both": 0.04022270461561023
    },
    "American": {
      "freeze_k1": 0.022658875153957148,
      "freeze_k2": 0.05337042742439863,
      "freeze_both": 0.0712027510746185
    },
    "endpoint_0": {
      "freeze_k1": 0.018249268621418978,
      "freeze_k2": 0.04420814434704348,
      "freeze_both": 0.05988576297962632
    },
    "endpoint_1": {
      "freeze_k1": 0.018397233964072522,
      "freeze_k2": 0.04458071564714224,
      "freeze_both": 0.06031443259521307
    },
    "endpoint_2": {
      "freeze_k1": 0.018541775497212514,
      "freeze_k2": 0.04525072684239563,
      "freeze_both": 0.06159494965479716
    },
    "endpoint_3": {
      "freeze_k1": 0.018806769331256065,
      "freeze_k2": 0.04557906093826644,
      "freeze_both": 0.061822789464599855
    },
    "endpoint_4": {
      "freeze_k1": 0.016657520925456817,
      "freeze_k2": 0.03981188497451109,
      "freeze_both": 0.05368062711825991
    },
    "endpoint_5": {
      "freeze_k1": 0.017201388132254036,
      "freeze_k2": 0.041245285390049895,
      "freeze_both": 0.055623305884996685
    }
  },
  "both_frozen_effect_error_by_readout": [
    0.058885902262712904,
    0.05862565834258229,
    0.06207868530341319,
    0.08701068609521684,
    0.03563113433981491
  ],
  "interaction_over_carried_effect": 0.0034435015909051593,
  "anchor_max_abs": 0.0,
  "anchor_relative": 0.0,
  "factorial_closure": 0.0,
  "body_forwards": 40,
  "seconds": 1.6617416001390666,
  "panel_status": "opened four-context response diagnosis",
  "scope": "Freeze donor-city head-key RMS factors only. Block8 input RMS and native suffix remain. No fresh omission adoption, independent composition or complete circuit claim."
}
