NATIVE {"calibration_shaped": {"statistic": 0.9713120837811342, "edge_values": [0.9667024801429993, 0.964218937216408, 0.9830148339839954]}, "native_isotropic": {"statistic": 0.8836007761393612, "edge_values": [0.879305931285066, 0.860712819817843, 0.9107835773151747]}}
{"kind": "common", "seed": 0, "geometry": "calibration_shaped", "statistic": 0.9661801308684564, "edge_values": [0.9612369020619311, 0.9586640971828644, 0.9786393933605739]}
{"kind": "common", "seed": 0, "geometry": "native_isotropic", "statistic": 0.8807407093549657, "edge_values": [0.874339581283441, 0.8610678020781486, 0.9068147447033075]}
{"kind": "common", "seed": 1, "geometry": "calibration_shaped", "statistic": 0.9662947473774146, "edge_values": [0.9617047435580949, 0.9584998477279448, 0.9786796508462043]}
{"kind": "common", "seed": 1, "geometry": "native_isotropic", "statistic": 0.8792635574393001, "edge_values": [0.8740090301976968, 0.8578336860236626, 0.905947956096541]}
{"kind": "common", "seed": 2, "geometry": "calibration_shaped", "statistic": 0.9663729856672889, "edge_values": [0.9618770813660281, 0.9590682097392309, 0.9781736658966078]}
{"kind": "common", "seed": 2, "geometry": "native_isotropic", "statistic": 0.8834047496037959, "edge_values": [0.8766344222970871, 0.8651797452105926, 0.9084000813037078]}
{"kind": "common", "seed": 3, "geometry": "calibration_shaped", "statistic": 0.9667691053004438, "edge_values": [0.9622747256690891, 0.9594577779633531, 0.9785748122688891]}
{"kind": "common", "seed": 3, "geometry": "native_isotropic", "statistic": 0.8828625276182308, "edge_values": [0.8754448732960018, 0.865009837948207, 0.9081328716104837]}
{"kind": "common", "seed": 4, "geometry": "calibration_shaped", "statistic": 0.9666236508721262, "edge_values": [0.9617885112651934, 0.9596559479329816, 0.9784264934182039]}
{"kind": "common", "seed": 4, "geometry": "native_isotropic", "statistic": 0.881490015389577, "edge_values": [0.8754180770291591, 0.8628866327325282, 0.9061653364070438]}
{"kind": "common", "seed": 5, "geometry": "calibration_shaped", "statistic": 0.9663662825997156, "edge_values": [0.961528892421806, 0.9587288683785045, 0.9788410869988364]}
{"kind": "common", "seed": 5, "geometry": "native_isotropic", "statistic": 0.8811919799669963, "edge_values": [0.874838302538383, 0.8608544511599113, 0.9078831862026946]}
{"kind": "common", "seed": 6, "geometry": "calibration_shaped", "statistic": 0.9659914342373219, "edge_values": [0.9618385775503147, 0.9577150769193354, 0.9784206482423156]}
{"kind": "common", "seed": 6, "geometry": "native_isotropic", "statistic": 0.8823674312177695, "edge_values": [0.8762328029106533, 0.8630834438118207, 0.9077860469308346]}
{"kind": "common", "seed": 7, "geometry": "calibration_shaped", "statistic": 0.9660354340201326, "edge_values": [0.9615288931846699, 0.9584643437346857, 0.9781130651410423]}
{"kind": "common", "seed": 7, "geometry": "native_isotropic", "statistic": 0.8804524207987097, "edge_values": [0.874905166374518, 0.859549689518057, 0.906902406503554]}
{"kind": "common", "seed": 8, "geometry": "calibration_shaped", "statistic": 0.9663507526683418, "edge_values": [0.9614516047243622, 0.9590530675752893, 0.9785475857053743]}
{"kind": "common", "seed": 8, "geometry": "native_isotropic", "statistic": 0.8786935809953227, "edge_values": [0.8731349944625473, 0.8593944268137756, 0.9035513217096452]}
{"kind": "common", "seed": 9, "geometry": "calibration_shaped", "statistic": 0.9661679744043452, "edge_values": [0.9613190994894175, 0.9590096028941235, 0.9781752208294944]}
{"kind": "common", "seed": 9, "geometry": "native_isotropic", "statistic": 0.8786215099149418, "edge_values": [0.8723929611769732, 0.8599947142236033, 0.9034768543442488]}
{"kind": "common", "seed": 10, "geometry": "calibration_shaped", "statistic": 0.9660431458447327, "edge_values": [0.9606781138343988, 0.9588766860433178, 0.9785746376564813]}
{"kind": "common", "seed": 10, "geometry": "native_isotropic", "statistic": 0.8790602533769737, "edge_values": [0.8726884435447915, 0.8602981040882984, 0.9041942124978313]}
{"kind": "common", "seed": 11, "geometry": "calibration_shaped", "statistic": 0.9661872738662662, "edge_values": [0.9614526226049547, 0.9588977020636913, 0.9782114969301529]}
{"kind": "common", "seed": 11, "geometry": "native_isotropic", "statistic": 0.8800915733439546, "edge_values": [0.8756503954892944, 0.8598401269784602, 0.904784197564109]}
{"kind": "common", "seed": 12, "geometry": "calibration_shaped", "statistic": 0.9659585021052327, "edge_values": [0.9607662195236351, 0.9587889583214657, 0.9783203284705975]}
{"kind": "common", "seed": 12, "geometry": "native_isotropic", "statistic": 0.8809765868504934, "edge_values": [0.8748772078750491, 0.8618761693189612, 0.9061763833574701]}
{"kind": "common", "seed": 13, "geometry": "calibration_shaped", "statistic": 0.9661999279592065, "edge_values": [0.9611091512462723, 0.9591213629545818, 0.9783692696767657]}
{"kind": "common", "seed": 13, "geometry": "native_isotropic", "statistic": 0.8802840656597594, "edge_values": [0.8716283162656736, 0.8612288986642326, 0.9079949820493718]}
{"kind": "common", "seed": 14, "geometry": "calibration_shaped", "statistic": 0.9662472899273774, "edge_values": [0.9615045571468559, 0.9592783923329118, 0.9779589203023645]}
{"kind": "common", "seed": 14, "geometry": "native_isotropic", "statistic": 0.8795302824451586, "edge_values": [0.8722288601180572, 0.8608697127553349, 0.9054922744620838]}
{"kind": "common", "seed": 15, "geometry": "calibration_shaped", "statistic": 0.9662225882646706, "edge_values": [0.9614773272071329, 0.9588439254885647, 0.9783465120983144]}
{"kind": "common", "seed": 15, "geometry": "native_isotropic", "statistic": 0.880654595752283, "edge_values": [0.8744425143435345, 0.8608963229076803, 0.9066249500056345]}
{"kind": "pairwise", "seed": 0, "geometry": "calibration_shaped", "statistic": 0.9484786358259315, "edge_values": [0.9466291416771206, 0.9465289819662315, 0.9522777838344421]}
{"kind": "pairwise", "seed": 0, "geometry": "native_isotropic", "statistic": 0.8015702880503226, "edge_values": [0.7989269648034617, 0.7997460396584888, 0.8060378596890174]}
{"kind": "pairwise", "seed": 1, "geometry": "calibration_shaped", "statistic": 0.9488790649540872, "edge_values": [0.9460438381924274, 0.9479024583665958, 0.9526908983032385]}
{"kind": "pairwise", "seed": 1, "geometry": "native_isotropic", "statistic": 0.8041061611470374, "edge_values": [0.7997699337720456, 0.8056607010675805, 0.8068878486014857]}
{"kind": "pairwise", "seed": 2, "geometry": "calibration_shaped", "statistic": 0.948593946810134, "edge_values": [0.9453392362075339, 0.9489520179635326, 0.9514905862593355]}
{"kind": "pairwise", "seed": 2, "geometry": "native_isotropic", "statistic": 0.8044172846019105, "edge_values": [0.7995283544851219, 0.8077703936204143, 0.8059531057001957]}
{"kind": "pairwise", "seed": 3, "geometry": "calibration_shaped", "statistic": 0.948574201107701, "edge_values": [0.9459294283146389, 0.9478119655732207, 0.9519812094352434]}
{"kind": "pairwise", "seed": 3, "geometry": "native_isotropic", "statistic": 0.7999966321161347, "edge_values": [0.7924657423343648, 0.8010173398125335, 0.8065068142015057]}
{"kind": "pairwise", "seed": 4, "geometry": "calibration_shaped", "statistic": 0.948424488255629, "edge_values": [0.9464712075499526, 0.9467986189812705, 0.9520036382356639]}
{"kind": "pairwise", "seed": 4, "geometry": "native_isotropic", "statistic": 0.8013586035097434, "edge_values": [0.7980168563363143, 0.7991411004602871, 0.8069178537326287]}
{"kind": "pairwise", "seed": 5, "geometry": "calibration_shaped", "statistic": 0.9488149734317433, "edge_values": [0.9462459340023068, 0.9474433847894608, 0.9527556015034621]}
{"kind": "pairwise", "seed": 5, "geometry": "native_isotropic", "statistic": 0.8037792298812301, "edge_values": [0.7981279289894722, 0.8028984920210459, 0.8103112686331722]}
{"kind": "pairwise", "seed": 6, "geometry": "calibration_shaped", "statistic": 0.9478253112088432, "edge_values": [0.9445846114784681, 0.9467431797374416, 0.9521481424106198]}
{"kind": "pairwise", "seed": 6, "geometry": "native_isotropic", "statistic": 0.8007108694070079, "edge_values": [0.7967230141482277, 0.7975388273521313, 0.8078707667206646]}
{"kind": "pairwise", "seed": 7, "geometry": "calibration_shaped", "statistic": 0.9485188269017472, "edge_values": [0.9453015408174785, 0.9474326512987872, 0.9528222885889759]}
{"kind": "pairwise", "seed": 7, "geometry": "native_isotropic", "statistic": 0.8039774330599334, "edge_values": [0.8002125532336297, 0.8032519954360263, 0.8084677505101441]}
{"kind": "pairwise", "seed": 8, "geometry": "calibration_shaped", "statistic": 0.9490117644408339, "edge_values": [0.9460486022965942, 0.9482232946308203, 0.9527633963950873]}
{"kind": "pairwise", "seed": 8, "geometry": "native_isotropic", "statistic": 0.8041619470021558, "edge_values": [0.7989272927426638, 0.8023357097105258, 0.8112228385532777]}
{"kind": "pairwise", "seed": 9, "geometry": "calibration_shaped", "statistic": 0.9492863627859269, "edge_values": [0.947001692238849, 0.9477334758750962, 0.9531239202438356]}
{"kind": "pairwise", "seed": 9, "geometry": "native_isotropic", "statistic": 0.8073223103736344, "edge_values": [0.803655831158556, 0.8028871806776692, 0.8154239192846782]}
{"kind": "pairwise", "seed": 10, "geometry": "calibration_shaped", "statistic": 0.9490215174575222, "edge_values": [0.9468870921865273, 0.9482375001350067, 0.9519399600510323]}
{"kind": "pairwise", "seed": 10, "geometry": "native_isotropic", "statistic": 0.8027853237955253, "edge_values": [0.7997624275680579, 0.8037309048423937, 0.804862638976124]}
{"kind": "pairwise", "seed": 11, "geometry": "calibration_shaped", "statistic": 0.9487212872613017, "edge_values": [0.9458028092496651, 0.9481658061570846, 0.9521952463771554]}
{"kind": "pairwise", "seed": 11, "geometry": "native_isotropic", "statistic": 0.802588039325293, "edge_values": [0.7984243808641702, 0.8041027842429056, 0.8052369528688035]}
{"kind": "pairwise", "seed": 12, "geometry": "calibration_shaped", "statistic": 0.9489550844805564, "edge_values": [0.9462537039126033, 0.947592947741123, 0.953018601787943]}
{"kind": "pairwise", "seed": 12, "geometry": "native_isotropic", "statistic": 0.8024627992190007, "edge_values": [0.7984694992932607, 0.801505493354522, 0.8074134050092194]}
{"kind": "pairwise", "seed": 13, "geometry": "calibration_shaped", "statistic": 0.9487552383289183, "edge_values": [0.9467829719490267, 0.9469937963038835, 0.9524889467338447]}
{"kind": "pairwise", "seed": 13, "geometry": "native_isotropic", "statistic": 0.8019620506122124, "edge_values": [0.7996751941701419, 0.799573871481249, 0.8066370861852461]}
{"kind": "pairwise", "seed": 14, "geometry": "calibration_shaped", "statistic": 0.9489009264318807, "edge_values": [0.9469988729512872, 0.9477487015386561, 0.951955204805699]}
{"kind": "pairwise", "seed": 14, "geometry": "native_isotropic", "statistic": 0.8017552299222023, "edge_values": [0.8029231852016834, 0.7986362112084471, 0.8037062933564765]}
{"kind": "pairwise", "seed": 15, "geometry": "calibration_shaped", "statistic": 0.9491374242532115, "edge_values": [0.9462754208931953, 0.9480267918748218, 0.9531100599916171]}
{"kind": "pairwise", "seed": 15, "geometry": "native_isotropic", "statistic": 0.8038188140517729, "edge_values": [0.7980039950750238, 0.8014620969171202, 0.8119903501631747]}
[{"kind": "common", "geometry": "calibration_shaped", "native": 0.9713120837811342, "null_mean": 0.9662507016239421, "null_std": 0.00021746154485723844, "null_min": 0.9659585021052327, "null_max": 0.9667691053004438, "native_minus_null_mean": 0.005061382157192096, "exceeds_all": true, "monte_carlo_upper_tail": 0.058823529411764705}, {"kind": "common", "geometry": "native_isotropic", "native": 0.8836007761393612, "null_mean": 0.8806053649830144, "null_std": 0.0014293660961600637, "null_min": 0.8786215099149418, "null_max": 0.8834047496037959, "native_minus_null_mean": 0.0029954111563467167, "exceeds_all": true, "monte_carlo_upper_tail": 0.058823529411764705}, {"kind": "pairwise", "geometry": "calibration_shaped", "native": 0.9713120837811342, "null_mean": 0.948743690870998, "null_std": 0.00034730412075412116, "null_min": 0.9478253112088432, "null_max": 0.9492863627859269, "native_minus_null_mean": 0.022568392910136237, "exceeds_all": true, "monte_carlo_upper_tail": 0.058823529411764705}, {"kind": "pairwise", "geometry": "native_isotropic", "native": 0.8836007761393612, "null_mean": 0.8029233135046947, "null_std": 0.0017801401390370774, "null_min": 0.7999966321161347, "null_max": 0.8073223103736344, "native_minus_null_mean": 0.08067746263466646, "exceeds_all": true, "monte_carlo_upper_tail": 0.058823529411764705}]
{'pred_a_instrument': True, 'pred_b_excess_alignment': True, 'pred_c_cpu_gpu_replay': True}
