{
  "pred_a": true,
  "pred_b": false,
  "pred_c": false,
  "pred_d": true,
  "anchor_max_abs": 0.0,
  "residual_relative_error": 4.65261147985009e-05,
  "margin_max_abs": 4.376214923964422e-06,
  "margin_relative": 8.394353886223364e-05,
  "line_break_term_vector_cosines": {
    "archive_card": 0.9983634659974702,
    "instruction_first": 0.9986962662846618,
    "unquoted_prose": 0.9975817272278349,
    "indirect_report": 0.9922326929972923
  },
  "body_forwards": 80,
  "seconds": 2.158471915172413,
  "panel_status": "opened prospective panel",
  "scope": "Fixed-edit finite-change response attribution, including transported module responses, final RMS and softcap secants. No independent downstream edit or selective/extracted suffix claim."
}
