{
 "replay_max_abs": 1.33514404296875e-05,
 "text": {
  "pairs": 122,
  "gap_mean": 1.8995414972305298,
  "closed": {
   "h0": -3.757902231882326e-05,
   "h1": 0.0006572908023372293,
   "h2": -0.0015612125862389803,
   "h3": 0.0006171968998387456,
   "h4": -6.937824218766764e-05,
   "h5": 0.01739693060517311,
   "h6": 0.0363241508603096,
   "h7": -0.005908187013119459,
   "h8": 0.012318024411797523
  },
  "sum_singles": 0.05973723671559128
 },
 "panel": {
  "skipped": "text only (price)"
 }
}
{
  "predictions": {
    "pred_a_baseline_replays": true,
    "pred_b_one_head_leads": true,
    "pred_c_one_head_carries_most": false,
    "pred_d_singles_add_to_the_block": true,
    "pred_e_no_head_is_negative": true
  },
  "forwards": 40
}
