{
 "closure_max": 1.1100946721853688e-06,
 "per_unit": {
  "3289": {
   "cv_L": 0.23297519981861115,
   "cv_R": 0.2040044069290161,
   "mean_L_tab": -20.048179626464844,
   "mean_R_tab": 20.85684585571289,
   "r_L_share": -0.6236525177955627,
   "r_R_share": 0.6998820304870605,
   "cos_D_common": -0.5950568318367004,
   "r_h_alpha_text": -0.4914941191673279,
   "h_text_median": -2.095254421234131
  },
  "624": {
   "cv_L": 0.17050951719284058,
   "cv_R": 0.23355300724506378,
   "mean_L_tab": 21.150266647338867,
   "mean_R_tab": -19.09382438659668,
   "r_L_share": 0.7876477241516113,
   "r_R_share": -0.6960998773574829,
   "cos_D_common": -0.49269986152648926,
   "r_h_alpha_text": -0.5515266060829163,
   "h_text_median": -2.4308230876922607
  },
  "1715": {
   "cv_L": 0.3104388415813446,
   "cv_R": 0.27564042806625366,
   "mean_L_tab": 13.988591194152832,
   "mean_R_tab": -14.138899803161621,
   "r_L_share": 0.7849903106689453,
   "r_R_share": -0.8332787752151489,
   "cos_D_common": -0.43037208914756775,
   "r_h_alpha_text": -0.3865167498588562,
   "h_text_median": -9.834611892700195
  },
  "3804": {
   "cv_L": 0.261921763420105,
   "cv_R": 0.28139615058898926,
   "mean_L_tab": -12.100852012634277,
   "mean_R_tab": -11.368457794189453,
   "r_L_share": -0.8012046217918396,
   "r_R_share": -0.47592678666114807,
   "cos_D_common": 0.33007296919822693,
   "r_h_alpha_text": 0.5067113041877747,
   "h_text_median": 8.902663230895996
  }
 },
 "alpha_text_median": 0.26184162497520447
}
{
  "predictions": {
    "pred_a_factor_closure": true,
    "pred_b_head_units_have_a_token_constant_factor": true,
    "pred_c_head_units_context_factor_tracks_share": true,
    "pred_d_head_units_write_the_common_lookup_direction": false,
    "pred_e_head_units_are_gain_units_on_text": true
  },
  "forwards": 15
}
