{
 "closure_max": 0.0,
 "per_unit": {
  "3465": {
   "noun_sign_of_plural": -1.0,
   "verb_separation_over_std": 1.3463174104690552,
   "verb_separation_signed_by_noun": -1.3463174104690552,
   "have_minus_has": -36.821563720703125,
   "are_minus_is": -76.87191009521484,
   "verb_plural_median": -25.34760284423828,
   "verb_singular_median": -109.68466186523438
  },
  "493": {
   "noun_sign_of_plural": 1.0,
   "verb_separation_over_std": -0.676300048828125,
   "verb_separation_signed_by_noun": -0.676300048828125,
   "have_minus_has": 48.18510437011719,
   "are_minus_is": 1.6185874938964844,
   "verb_plural_median": 12.868074417114258,
   "verb_singular_median": 54.34262466430664
  },
  "1036": {
   "noun_sign_of_plural": 1.0,
   "verb_separation_over_std": 7.785401344299316,
   "verb_separation_signed_by_noun": 7.785401344299316,
   "have_minus_has": 10.009004592895508,
   "are_minus_is": 8.586904525756836,
   "verb_plural_median": 5.8740620613098145,
   "verb_singular_median": -1.6643670797348022
  },
  "829": {
   "noun_sign_of_plural": 1.0,
   "verb_separation_over_std": 0.9353200197219849,
   "verb_separation_signed_by_noun": 0.9353200197219849,
   "have_minus_has": 10.262960433959961,
   "are_minus_is": 24.32272720336914,
   "verb_plural_median": 6.7558746337890625,
   "verb_singular_median": -1.0602632761001587
  },
  "953": {
   "noun_sign_of_plural": -1.0,
   "verb_separation_over_std": -1.695250391960144,
   "verb_separation_signed_by_noun": 1.695250391960144,
   "have_minus_has": -23.26861000061035,
   "are_minus_is": -7.098913192749023,
   "verb_plural_median": -0.06511183828115463,
   "verb_singular_median": 13.742311477661133
  },
  "1030": {
   "noun_sign_of_plural": 1.0,
   "verb_separation_over_std": 2.7741539478302,
   "verb_separation_signed_by_noun": 2.7741539478302,
   "have_minus_has": 11.168412208557129,
   "are_minus_is": 7.657417297363281,
   "verb_plural_median": 7.170004844665527,
   "verb_singular_median": -0.6533695459365845
  }
 }
}
{
  "predictions": {
    "pred_a_closure": true,
    "pred_b_953_separates_verbs_by_number": true,
    "pred_c_829_separates_verbs_by_number": false,
    "pred_d_3465_493_ignore_verbs": false,
    "pred_e_have_has_pattern_matches_are_is": true
  },
  "forwards": 1
}
