{
 "closure_max": 3.697918145917356e-05,
 "mlp8_contrast": 72.0115737915039,
 "shares": {
  "10": 0.7077908813935307,
  "20": 0.7750802785256149,
  "50": 0.9326117015466429,
  "100": 0.9700643128752569,
  "200": 0.9582138474351503
 },
 "top_units": [
  [
   701,
   32.31405258178711
  ],
  [
   2059,
   12.611927032470703
  ],
  [
   1901,
   5.803885459899902
  ],
  [
   280,
   2.883443832397461
  ],
  [
   3542,
   1.8102830648422241
  ],
  [
   2711,
   -1.7616232633590698
  ],
  [
   3089,
   -1.5593241453170776
  ],
  [
   4196,
   1.544503092765808
  ],
  [
   3016,
   -1.3614671230316162
  ],
  [
   1568,
   -1.316550374031067
  ],
  [
   1635,
   1.283784031867981
  ],
  [
   2522,
   1.2694677114486694
  ],
  [
   1239,
   1.196550726890564
  ],
  [
   620,
   -1.1925561428070068
  ],
  [
   1679,
   1.1832612752914429
  ],
  [
   263,
   -1.1810111999511719
  ],
  [
   1963,
   1.1750341653823853
  ],
  [
   3284,
   1.1132317781448364
  ],
  [
   299,
   -1.0993748903274536
  ],
  [
   1459,
   1.097237467765808
  ],
  [
   3904,
   1.0740536451339722
  ],
  [
   582,
   -1.0231142044067383
  ],
  [
   2306,
   1.0229824781417847
  ],
  [
   1614,
   1.0104504823684692
  ],
  [
   2958,
   0.9773675203323364
  ],
  [
   3510,
   0.9682627320289612
  ],
  [
   3639,
   0.9568935632705688
  ],
  [
   2519,
   0.9240572452545166
  ],
  [
   1934,
   0.8425756692886353
  ],
  [
   4104,
   0.8356056213378906
  ]
 ],
 "ranks": {
  "829": 3135,
  "953": 1936,
  "1030": 2902,
  "3152": 168,
  "3943": 1957
 },
 "top20_overlap_with_v408": 0
}
{
  "predictions": {
    "pred_a_unit_closure": true,
    "pred_b_top_unit_carries_a_tenth": true,
    "pred_c_top_10_carry_half": true,
    "pred_d_top_50_carry_most": true,
    "pred_e_top_unit_column_aligns_with_u_v": false
  },
  "forwards": 2
}
