{
  "pred_h": true,
  "strength": 1.0,
  "pred_g": true,
  "behavior_replay_max_abs": 0.0,
  "native_baseline_max_abs": 0.0,
  "old_analytic_max_relative_error": 6.044775827658972e-05,
  "pred_a": true,
  "pred_b": true,
  "pred_c": true,
  "pred_d": true,
  "pred_e": true,
  "pred_f": true,
  "families": {
    "pile": {
      "linear_half_effect_error": 0.11954361695994505,
      "target_error": 0.02349668550341026,
      "retained_target_rms": 0.47480663254319133,
      "control_over_target": [
        0.07735496048732145,
        0.0713996924026125,
        0.07944891325207164,
        0.0747640379262504
      ],
      "capable_pairs": 111,
      "attenuation_positive_fraction": 0.918918918918919,
      "attenuation_mean": 0.3045918512464074,
      "target_over_null_median": 42.92235864905537,
      "nulls_beaten": 16,
      "null_readout_rms": [
        [
          0.008396144409918156,
          0.004924567308542498,
          0.00755003220516925,
          0.0019228500508849462,
          0.007503609267389671
        ],
        [
          0.01032933998923791,
          0.007423565102930287,
          0.004408203320275248,
          0.0065778410583838065,
          0.007987762354423195
        ],
        [
          0.010565662853993308,
          0.006759202215145877,
          0.006215781707071911,
          0.0035573143676928065,
          0.008153290223222101
        ],
        [
          0.010490872252884646,
          0.008525716379071353,
          0.006913929453380352,
          0.0028730616950805336,
          0.006184667411748396
        ],
        [
          0.012383946645847672,
          0.005054629711426181,
          0.004629006852394357,
          0.0030668030991187526,
          0.008504023815015919
        ],
        [
          0.013736861247139255,
          0.0052775818071532,
          0.00456962925188244,
          0.002037764940924668,
          0.0075598111433769575
        ],
        [
          0.013904765700476435,
          0.009790474659790828,
          0.005083522606182355,
          0.004434192615679622,
          0.013250060669828827
        ],
        [
          0.015009576487888452,
          0.00822293738227517,
          0.007580063268128974,
          0.005059041749320969,
          0.008292459839039472
        ],
        [
          0.014124006436783144,
          0.009596048365643092,
          0.006978135052940038,
          0.0035301612673552503,
          0.009233610083871425
        ],
        [
          0.010293330689852491,
          0.006887751441665869,
          0.008182418433375199,
          0.004799475598192865,
          0.010322474173902868
        ],
        [
          0.011757100775653374,
          0.006743554613523081,
          0.011242225253409824,
          0.004426217742135606,
          0.009123341599494048
        ],
        [
          0.011497441994315072,
          0.005292294862405517,
          0.005146222001442176,
          0.004022963430646116,
          0.01036325270988762
        ],
        [
          0.008253826352210081,
          0.005714107015220338,
          0.012258421361826696,
          0.00494632074858058,
          0.011386250846391456
        ],
        [
          0.009616886050576414,
          0.006886862745734451,
          0.008448040838646828,
          0.005775298346168059,
          0.008323510863049562
        ],
        [
          0.017161067907540947,
          0.009134988451495055,
          0.005658744860877309,
          0.0034150004899883343,
          0.007629525954777101
        ],
        [
          0.01062653476219716,
          0.006079429443494417,
          0.006741208030408188,
          0.004220244177639361,
          0.010058304817198733
        ]
      ],
      "cue_constant_error": 0.8360420317312789,
      "text_ols_error": 0.933908220332411
    }
  },
  "document_diagnostics": [
    {
      "context_id": 0,
      "document_sha256": "11502b639dbb4e810d495c4665cf2fffd046c80e372bac96d5ac8d669ba9e347",
      "native_pair_margins": [
        0.4983024597167969,
        0.5189903974533081,
        0.36941051483154297,
        0.16003084182739258,
        0.9807703495025635,
        0.8875374794006348
      ],
      "capable_endpoints": 6,
      "capable_attenuations": [
        -0.032485627014323226,
        -0.018016095619103882,
        -0.05873939925907759,
        -0.05908512584585038,
        -0.014914738714946267,
        -0.017985269443255014
      ],
      "untouched_natural_effects": [
        [
          -0.03314971923828125,
          -0.006609797477722168,
          -0.0032939910888671875,
          0.0008652806282043457,
          0.009613513946533203
        ],
        [
          -0.018882274627685547,
          -0.006609797477722168,
          -0.0032939910888671875,
          0.0008652806282043457,
          0.009613513946533203
        ],
        [
          -0.03246021270751953,
          -0.006609797477722168,
          -0.0032939910888671875,
          0.0008652806282043457,
          0.009613513946533203
        ],
        [
          -0.01865208148956299,
          -0.006609797477722168,
          -0.0032939910888671875,
          0.0008652806282043457,
          0.009613513946533203
        ],
        [
          -0.02889251708984375,
          -0.006609797477722168,
          -0.0032939910888671875,
          0.0008652806282043457,
          0.009613513946533203
        ],
        [
          -0.030500411987304688,
          -0.006609797477722168,
          -0.0032939910888671875,
          0.0008652806282043457,
          0.009613513946533203
        ]
      ]
    },
    {
      "context_id": 1,
      "document_sha256": "1b15f3bdd30e45c2fe9e68eb32a1d22d2df7743f622771e163c0a5b98deefc52",
      "native_pair_margins": [
        0.7355449199676514,
        0.43967437744140625,
        0.6866142749786377,
        0.4228801727294922,
        0.7873684167861938,
        0.7519078254699707
      ],
      "capable_endpoints": 6,
      "capable_attenuations": [
        0.2656423667441466,
        0.2705115913862812,
        0.25835550158705134,
        0.28855300368497727,
        0.22791311029269826,
        0.24795496126808572
      ],
      "untouched_natural_effects": [
        [
          0.0028772354125976562,
          0.003751039505004883,
          -0.0010010004043579102,
          0.00404667854309082,
          0.0021071434020996094
        ],
        [
          0.00223541259765625,
          0.003751039505004883,
          -0.0010010004043579102,
          0.00404667854309082,
          0.0021071434020996094
        ],
        [
          0.0031423568725585938,
          0.003751039505004883,
          -0.0010010004043579102,
          0.00404667854309082,
          0.0021071434020996094
        ],
        [
          0.0007902383804321289,
          0.003751039505004883,
          -0.0010010004043579102,
          0.00404667854309082,
          0.0021071434020996094
        ],
        [
          0.0034509897232055664,
          0.003751039505004883,
          -0.0010010004043579102,
          0.00404667854309082,
          0.0021071434020996094
        ],
        [
          0.0068225860595703125,
          0.003751039505004883,
          -0.0010010004043579102,
          0.00404667854309082,
          0.0021071434020996094
        ]
      ]
    },
    {
      "context_id": 2,
      "document_sha256": "acf425ed4be093cd5ce602521cdf05796d4c9093ed82b8528fe87071daef042f",
      "native_pair_margins": [
        4.7798473834991455,
        3.5491331815719604,
        5.339088082313538,
        3.239385962486267,
        4.084352016448975,
        4.874163627624512
      ],
      "capable_endpoints": 6,
      "capable_attenuations": [
        0.34186633488514867,
        0.3387098545704601,
        0.31646348021481074,
        0.3454781619992597,
        0.35211467925949974,
        0.349209542253652
      ],
      "untouched_natural_effects": [
        [
          0.0954289436340332,
          0.02113199234008789,
          -0.0011380910873413086,
          -0.0017080307006835938,
          0.020617961883544922
        ],
        [
          0.06034839153289795,
          0.02113199234008789,
          -0.0011380910873413086,
          -0.0017080307006835938,
          0.020617961883544922
        ],
        [
          0.09474754333496094,
          0.02113199234008789,
          -0.0011380910873413086,
          -0.0017080307006835938,
          0.020617961883544922
        ],
        [
          0.053768694400787354,
          0.02113199234008789,
          -0.0011380910873413086,
          -0.0017080307006835938,
          0.020617961883544922
        ],
        [
          0.08507800102233887,
          0.02113199234008789,
          -0.0011380910873413086,
          -0.0017080307006835938,
          0.020617961883544922
        ],
        [
          0.09260797500610352,
          0.02113199234008789,
          -0.0011380910873413086,
          -0.0017080307006835938,
          0.020617961883544922
        ]
      ]
    },
    {
      "context_id": 3,
      "document_sha256": "86af19349e10cd1e123750aabbc43c29278c0f34b08300ea4dd230ab3e4e9da4",
      "native_pair_margins": [
        0.3235764503479004,
        0.12258505821228027,
        0.8617186546325684,
        0.03715634346008301,
        0.32197046279907227,
        0.30731821060180664
      ],
      "capable_endpoints": 5,
      "capable_attenuations": [
        0.25154769676490485,
        0.18645788559570095,
        0.09787372970221149,
        0.22476048582612213,
        0.20474931457750511
      ],
      "untouched_natural_effects": [
        [
          -0.07898306846618652,
          -0.00849461555480957,
          -0.019974172115325928,
          -0.01120460033416748,
          0.0056607723236083984
        ],
        [
          -0.039493560791015625,
          -0.00849461555480957,
          -0.019974172115325928,
          -0.01120460033416748,
          0.0056607723236083984
        ],
        [
          -0.06811380386352539,
          -0.00849461555480957,
          -0.019974172115325928,
          -0.01120460033416748,
          0.0056607723236083984
        ],
        [
          -0.029183924198150635,
          -0.00849461555480957,
          -0.019974172115325928,
          -0.01120460033416748,
          0.0056607723236083984
        ],
        [
          -0.07186698913574219,
          -0.00849461555480957,
          -0.019974172115325928,
          -0.01120460033416748,
          0.0056607723236083984
        ],
        [
          -0.07056903839111328,
          -0.00849461555480957,
          -0.019974172115325928,
          -0.01120460033416748,
          0.0056607723236083984
        ]
      ]
    },
    {
      "context_id": 4,
      "document_sha256": "272a0b30b83d955914bb422b460850530e838a11200ee3c817c595367c81da5c",
      "native_pair_margins": [
        1.5039317607879639,
        1.2362165451049805,
        1.6682896614074707,
        0.9066727161407471,
        1.1690564155578613,
        1.2961626052856445
      ],
      "capable_endpoints": 6,
      "capable_attenuations": [
        0.19138207724319814,
        0.16460941302987733,
        0.15435980148954298,
        0.20423386497692134,
        0.21162492469477165,
        0.21041957141543272
      ],
      "untouched_natural_effects": [
        [
          0.01623225212097168,
          -0.003385305404663086,
          -0.0008677244186401367,
          0.0004024505615234375,
          -0.0013020038604736328
        ],
        [
          0.009417295455932617,
          -0.003385305404663086,
          -0.0008677244186401367,
          0.0004024505615234375,
          -0.0013020038604736328
        ],
        [
          0.011334419250488281,
          -0.003385305404663086,
          -0.0008677244186401367,
          0.0004024505615234375,
          -0.0013020038604736328
        ],
        [
          0.007865190505981445,
          -0.003385305404663086,
          -0.0008677244186401367,
          0.0004024505615234375,
          -0.0013020038604736328
        ],
        [
          0.012854576110839844,
          -0.003385305404663086,
          -0.0008677244186401367,
          0.0004024505615234375,
          -0.0013020038604736328
        ],
        [
          0.014295101165771484,
          -0.003385305404663086,
          -0.0008677244186401367,
          0.0004024505615234375,
          -0.0013020038604736328
        ]
      ]
    },
    {
      "context_id": 5,
      "document_sha256": "27f725bbc0fbb081ca03dcf2389421380da020185a230b3542c8a5ffa455eccf",
      "native_pair_margins": [
        1.6896629333496094,
        0.9997478723526001,
        1.5939860343933105,
        0.95756995677948,
        1.5942633152008057,
        1.7048544883728027
      ],
      "capable_endpoints": 6,
      "capable_attenuations": [
        0.5254405273911522,
        0.5460102333597607,
        0.5041515709289521,
        0.5392634263114461,
        0.5159663966082558,
        0.5280290204649125
      ],
      "untouched_natural_effects": [
        [
          0.15134620666503906,
          -0.007205009460449219,
          0.0070018768310546875,
          -0.011704683303833008,
          -0.0054967403411865234
        ],
        [
          0.07795882225036621,
          -0.007205009460449219,
          0.0070018768310546875,
          -0.011704683303833008,
          -0.0054967403411865234
        ],
        [
          0.13157272338867188,
          -0.007205009460449219,
          0.0070018768310546875,
          -0.011704683303833008,
          -0.0054967403411865234
        ],
        [
          0.08201372623443604,
          -0.007205009460449219,
          0.0070018768310546875,
          -0.011704683303833008,
          -0.0054967403411865234
        ],
        [
          0.12490510940551758,
          -0.007205009460449219,
          0.0070018768310546875,
          -0.011704683303833008,
          -0.0054967403411865234
        ],
        [
          0.13449156284332275,
          -0.007205009460449219,
          0.0070018768310546875,
          -0.011704683303833008,
          -0.0054967403411865234
        ]
      ]
    },
    {
      "context_id": 6,
      "document_sha256": "7f2eff5029693edfbd1cb30b6d85159cedff3d19b29ec35bfc5d141d5058831e",
      "native_pair_margins": [
        1.745802879333496,
        1.0365104675292969,
        1.8317737579345703,
        1.1419134140014648,
        1.6708139181137085,
        1.803635597229004
      ],
      "capable_endpoints": 6,
      "capable_attenuations": [
        0.24430366539623197,
        0.29406570303442947,
        0.25561732527955167,
        0.2640103458960082,
        0.2671719201532727,
        0.26150218717894896
      ],
      "untouched_natural_effects": [
        [
          0.11351466178894043,
          -0.021672964096069336,
          -0.014049768447875977,
          0.014784395694732666,
          0.02383279800415039
        ],
        [
          0.08508682250976562,
          -0.021672964096069336,
          -0.014049768447875977,
          0.014784395694732666,
          0.02383279800415039
        ],
        [
          0.10623335838317871,
          -0.021672964096069336,
          -0.014049768447875977,
          0.014784395694732666,
          0.02383279800415039
        ],
        [
          0.08398151397705078,
          -0.021672964096069336,
          -0.014049768447875977,
          0.014784395694732666,
          0.02383279800415039
        ],
        [
          0.11684060096740723,
          -0.021672964096069336,
          -0.014049768447875977,
          0.014784395694732666,
          0.02383279800415039
        ],
        [
          0.11844825744628906,
          -0.021672964096069336,
          -0.014049768447875977,
          0.014784395694732666,
          0.02383279800415039
        ]
      ]
    },
    {
      "context_id": 7,
      "document_sha256": "7422c7e5b7d9cc2e5f4986829969f0c4297005707976f861d7a5b426278b5927",
      "native_pair_margins": [
        3.5514509677886963,
        2.851872205734253,
        3.899259567260742,
        2.8144309520721436,
        4.114583492279053,
        4.272243022918701
      ],
      "capable_endpoints": 6,
      "capable_attenuations": [
        0.3304882260949599,
        0.3247970864144728,
        0.3592402908525266,
        0.3259255582092339,
        0.3089407499698397,
        0.33379699165459664
      ],
      "untouched_natural_effects": [
        [
          0.14109718799591064,
          -0.03332793712615967,
          0.030423104763031006,
          0.013792991638183594,
          -0.05087637901306152
        ],
        [
          0.10870766639709473,
          -0.03332793712615967,
          0.030423104763031006,
          0.013792991638183594,
          -0.05087637901306152
        ],
        [
          0.10951614379882812,
          -0.03332793712615967,
          0.030423104763031006,
          0.013792991638183594,
          -0.05087637901306152
        ],
        [
          0.07653188705444336,
          -0.03332793712615967,
          0.030423104763031006,
          0.013792991638183594,
          -0.05087637901306152
        ],
        [
          0.11780953407287598,
          -0.03332793712615967,
          0.030423104763031006,
          0.013792991638183594,
          -0.05087637901306152
        ],
        [
          0.14856457710266113,
          -0.03332793712615967,
          0.030423104763031006,
          0.013792991638183594,
          -0.05087637901306152
        ]
      ]
    },
    {
      "context_id": 8,
      "document_sha256": "6fc36667a8b772198a86501dd554f2c8ece2efcd1cd3a7f9caed81fb461fd648",
      "native_pair_margins": [
        0.07992720603942871,
        0.0752711296081543,
        0.10950717329978943,
        0.12579917907714844,
        0.12870371341705322,
        0.14668560028076172
      ],
      "capable_endpoints": 4,
      "capable_attenuations": [
        0.9039636125233402,
        0.6864045561367599,
        0.5329177646355978,
        0.6441639414606237
      ],
      "untouched_natural_effects": [
        [
          -0.009220361709594727,
          0.0004074573516845703,
          -0.0006198883056640625,
          -0.002562403678894043,
          -0.008041024208068848
        ],
        [
          -0.013365745544433594,
          0.0004074573516845703,
          -0.0006198883056640625,
          -0.002562403678894043,
          -0.008041024208068848
        ],
        [
          -0.016559600830078125,
          0.0004074573516845703,
          -0.0006198883056640625,
          -0.002562403678894043,
          -0.008041024208068848
        ],
        [
          -0.01688385009765625,
          0.0004074573516845703,
          -0.0006198883056640625,
          -0.002562403678894043,
          -0.008041024208068848
        ],
        [
          -0.009182929992675781,
          0.0004074573516845703,
          -0.0006198883056640625,
          -0.002562403678894043,
          -0.008041024208068848
        ],
        [
          -0.011781811714172363,
          0.0004074573516845703,
          -0.0006198883056640625,
          -0.002562403678894043,
          -0.008041024208068848
        ]
      ]
    },
    {
      "context_id": 9,
      "document_sha256": "d78d5a658f6c9fd04d15593fc1c81bab57089a1ba402e53ace7aa1f2778504ef",
      "native_pair_margins": [
        1.4294309616088867,
        1.0518109798431396,
        1.840694546699524,
        1.1161470413208008,
        1.601738452911377,
        1.6414895057678223
      ],
      "capable_endpoints": 6,
      "capable_attenuations": [
        0.2580698871214057,
        0.2754817113460717,
        0.22576118630659617,
        0.2859560906213019,
        0.2650618962462739,
        0.26445154080535016
      ],
      "untouched_natural_effects": [
        [
          -0.25017857551574707,
          -0.007942438125610352,
          0.012819051742553711,
          -0.02552509307861328,
          -0.023247480392456055
        ],
        [
          -0.195040762424469,
          -0.007942438125610352,
          0.012819051742553711,
          -0.02552509307861328,
          -0.023247480392456055
        ],
        [
          -0.2954220771789551,
          -0.007942438125610352,
          0.012819051742553711,
          -0.02552509307861328,
          -0.023247480392456055
        ],
        [
          -0.21335959434509277,
          -0.007942438125610352,
          0.012819051742553711,
          -0.02552509307861328,
          -0.023247480392456055
        ],
        [
          -0.2825584411621094,
          -0.007942438125610352,
          0.012819051742553711,
          -0.02552509307861328,
          -0.023247480392456055
        ],
        [
          -0.29369354248046875,
          -0.007942438125610352,
          0.012819051742553711,
          -0.02552509307861328,
          -0.023247480392456055
        ]
      ]
    },
    {
      "context_id": 10,
      "document_sha256": "6dacad940c8711bdc7617ac03d38e7adf0cc6d221e1bc4ce7b8ce5c9ac04f50f",
      "native_pair_margins": [
        2.526608943939209,
        1.6411907374858856,
        2.4504876136779785,
        1.861914038658142,
        2.5162878036499023,
        2.491089403629303
      ],
      "capable_endpoints": 6,
      "capable_attenuations": [
        0.25667897098203457,
        0.2678094622834973,
        0.25223246731639826,
        0.26148145060714073,
        0.251449392632761,
        0.2634417109149272
      ],
      "untouched_natural_effects": [
        [
          -0.30817675590515137,
          -0.02221381664276123,
          -0.03053569793701172,
          -0.00823509693145752,
          0.013019293546676636
        ],
        [
          -0.23190748691558838,
          -0.02221381664276123,
          -0.03053569793701172,
          -0.00823509693145752,
          0.013019293546676636
        ],
        [
          -0.29386472702026367,
          -0.02221381664276123,
          -0.03053569793701172,
          -0.00823509693145752,
          0.013019293546676636
        ],
        [
          -0.24159502983093262,
          -0.02221381664276123,
          -0.03053569793701172,
          -0.00823509693145752,
          0.013019293546676636
        ],
        [
          -0.30624067783355713,
          -0.02221381664276123,
          -0.03053569793701172,
          -0.00823509693145752,
          0.013019293546676636
        ],
        [
          -0.3234826326370239,
          -0.02221381664276123,
          -0.03053569793701172,
          -0.00823509693145752,
          0.013019293546676636
        ]
      ]
    },
    {
      "context_id": 11,
      "document_sha256": "895fe2b1b41b409d9cee674977fa76e89d3fd73b2343de4eba530c70302ff2a1",
      "native_pair_margins": [
        0.2573678493499756,
        0.22801363468170166,
        0.23149633407592773,
        0.18668091297149658,
        0.1825394630432129,
        0.23791921138763428
      ],
      "capable_endpoints": 6,
      "capable_attenuations": [
        0.005441513915509241,
        -0.01265215920598813,
        0.000536579035723187,
        -0.018028177648303664,
        -0.0093753346934404,
        0.0007866476334682993
      ],
      "untouched_natural_effects": [
        [
          -0.010970354080200195,
          -0.0011445283889770508,
          0.0011529922485351562,
          -0.00014901161193847656,
          0.00035011768341064453
        ],
        [
          -0.006022930145263672,
          -0.0011445283889770508,
          0.0011529922485351562,
          -0.00014901161193847656,
          0.00035011768341064453
        ],
        [
          -0.008945941925048828,
          -0.0011445283889770508,
          0.0011529922485351562,
          -0.00014901161193847656,
          0.00035011768341064453
        ],
        [
          -0.0062378644943237305,
          -0.0011445283889770508,
          0.0011529922485351562,
          -0.00014901161193847656,
          0.00035011768341064453
        ],
        [
          -0.008321285247802734,
          -0.0011445283889770508,
          0.0011529922485351562,
          -0.00014901161193847656,
          0.00035011768341064453
        ],
        [
          -0.010300517082214355,
          -0.0011445283889770508,
          0.0011529922485351562,
          -0.00014901161193847656,
          0.00035011768341064453
        ]
      ]
    },
    {
      "context_id": 12,
      "document_sha256": "fad9facc46bb2b5a18f609ff14dd8a51a7b8065662ea75805d60e50add55463a",
      "native_pair_margins": [
        4.122953176498413,
        3.179693579673767,
        3.8230724334716797,
        2.8997223377227783,
        4.185231924057007,
        4.289281725883484
      ],
      "capable_endpoints": 6,
      "capable_attenuations": [
        0.4797607621940518,
        0.4811856866233875,
        0.4744104318967706,
        0.4576225895115215,
        0.4589277683007451,
        0.47667443657855624
      ],
      "untouched_natural_effects": [
        [
          -0.3992142677307129,
          -0.030347347259521484,
          -0.005797386169433594,
          -0.0711599588394165,
          0.0548553466796875
        ],
        [
          -0.3435404300689697,
          -0.030347347259521484,
          -0.005797386169433594,
          -0.0711599588394165,
          0.0548553466796875
        ],
        [
          -0.45505619049072266,
          -0.030347347259521484,
          -0.005797386169433594,
          -0.0711599588394165,
          0.0548553466796875
        ],
        [
          -0.298778772354126,
          -0.030347347259521484,
          -0.005797386169433594,
          -0.0711599588394165,
          0.0548553466796875
        ],
        [
          -0.40618896484375,
          -0.030347347259521484,
          -0.005797386169433594,
          -0.0711599588394165,
          0.0548553466796875
        ],
        [
          -0.41965532302856445,
          -0.030347347259521484,
          -0.005797386169433594,
          -0.0711599588394165,
          0.0548553466796875
        ]
      ]
    },
    {
      "context_id": 13,
      "document_sha256": "bd7659a88f31e0bd97a38c0792b241054f6abfe2dcb184822eac9bbc31483261",
      "native_pair_margins": [
        3.716080129146576,
        2.3422901034355164,
        3.0176339149475098,
        2.5669256448745728,
        3.643229603767395,
        3.6783281564712524
      ],
      "capable_endpoints": 6,
      "capable_attenuations": [
        0.48200494217070655,
        0.540406015129816,
        0.5062042965743359,
        0.47147854869561895,
        0.4617818587853231,
        0.48738997823214786
      ],
      "untouched_natural_effects": [
        [
          0.08120441436767578,
          0.005984902381896973,
          0.000864863395690918,
          0.0030755996704101562,
          -0.00185394287109375
        ],
        [
          0.05274391174316406,
          0.005984902381896973,
          0.000864863395690918,
          0.0030755996704101562,
          -0.00185394287109375
        ],
        [
          0.044118404388427734,
          0.005984902381896973,
          0.000864863395690918,
          0.0030755996704101562,
          -0.00185394287109375
        ],
        [
          0.05142199993133545,
          0.005984902381896973,
          0.000864863395690918,
          0.0030755996704101562,
          -0.00185394287109375
        ],
        [
          0.07580184936523438,
          0.005984902381896973,
          0.000864863395690918,
          0.0030755996704101562,
          -0.00185394287109375
        ],
        [
          0.07453107833862305,
          0.005984902381896973,
          0.000864863395690918,
          0.0030755996704101562,
          -0.00185394287109375
        ]
      ]
    },
    {
      "context_id": 14,
      "document_sha256": "025f9a8bff198a516a583d1e5153eea5cd83388cfe3f5c2498192b9e51562a47",
      "native_pair_margins": [
        0.26425713300704956,
        0.2561464309692383,
        0.3272312879562378,
        0.26863574981689453,
        0.37540555000305176,
        0.37212204933166504
      ],
      "capable_endpoints": 6,
      "capable_attenuations": [
        0.2542292216599124,
        0.1846878502098001,
        0.1885527037192875,
        0.19757708078172426,
        0.17645635461222622,
        0.19121882273946642
      ],
      "untouched_natural_effects": [
        [
          -0.03215271234512329,
          -0.013418376445770264,
          0.00018334388732910156,
          0.0028331875801086426,
          -0.006369113922119141
        ],
        [
          -0.024225473403930664,
          -0.013418376445770264,
          0.00018334388732910156,
          0.0028331875801086426,
          -0.006369113922119141
        ],
        [
          -0.03323256969451904,
          -0.013418376445770264,
          0.00018334388732910156,
          0.0028331875801086426,
          -0.006369113922119141
        ],
        [
          -0.02557373046875,
          -0.013418376445770264,
          0.00018334388732910156,
          0.0028331875801086426,
          -0.006369113922119141
        ],
        [
          -0.033509254455566406,
          -0.013418376445770264,
          0.00018334388732910156,
          0.0028331875801086426,
          -0.006369113922119141
        ],
        [
          -0.03617119789123535,
          -0.013418376445770264,
          0.00018334388732910156,
          0.0028331875801086426,
          -0.006369113922119141
        ]
      ]
    },
    {
      "context_id": 15,
      "document_sha256": "6857a00dcee2edcdced05906d01d8fb57852dd4efeb1217cdd8a873960f94bfc",
      "native_pair_margins": [
        0.07056117057800293,
        0.013173699378967285,
        0.014419078826904297,
        0.025658845901489258,
        -0.029528141021728516,
        -0.041199564933776855
      ],
      "capable_endpoints": 0,
      "capable_attenuations": [],
      "untouched_natural_effects": [
        [
          -0.03799557685852051,
          -0.0009256526827812195,
          -0.01032114028930664,
          -0.0003008842468261719,
          -0.004755854606628418
        ],
        [
          -0.030579447746276855,
          -0.0009256526827812195,
          -0.01032114028930664,
          -0.0003008842468261719,
          -0.004755854606628418
        ],
        [
          -0.04037293791770935,
          -0.0009256526827812195,
          -0.01032114028930664,
          -0.0003008842468261719,
          -0.004755854606628418
        ],
        [
          -0.028107404708862305,
          -0.0009256526827812195,
          -0.01032114028930664,
          -0.0003008842468261719,
          -0.004755854606628418
        ],
        [
          -0.03674602508544922,
          -0.0009256526827812195,
          -0.01032114028930664,
          -0.0003008842468261719,
          -0.004755854606628418
        ],
        [
          -0.0427936315536499,
          -0.0009256526827812195,
          -0.01032114028930664,
          -0.0003008842468261719,
          -0.004755854606628418
        ]
      ]
    },
    {
      "context_id": 16,
      "document_sha256": "2acb012eab20fa5f5c00254503d934075c9e7ce33bec1e8e0794a00a46c31fd3",
      "native_pair_margins": [
        2.1015124320983887,
        1.399087905883789,
        2.256946086883545,
        1.419614553451538,
        2.3097381591796875,
        2.07700514793396
      ],
      "capable_endpoints": 6,
      "capable_attenuations": [
        0.42479835795634907,
        0.38601717732865276,
        0.37497261342794524,
        0.4168654727385862,
        0.39033050419168797,
        0.4478924687809609
      ],
      "untouched_natural_effects": [
        [
          0.19183921813964844,
          0.10108017921447754,
          -0.014639139175415039,
          0.019278287887573242,
          -0.086417555809021
        ],
        [
          0.10407733917236328,
          0.10108017921447754,
          -0.014639139175415039,
          0.019278287887573242,
          -0.086417555809021
        ],
        [
          0.24843311309814453,
          0.10108017921447754,
          -0.014639139175415039,
          0.019278287887573242,
          -0.086417555809021
        ],
        [
          0.07939565181732178,
          0.10108017921447754,
          -0.014639139175415039,
          0.019278287887573242,
          -0.086417555809021
        ],
        [
          0.18833303451538086,
          0.10108017921447754,
          -0.014639139175415039,
          0.019278287887573242,
          -0.086417555809021
        ],
        [
          0.19229650497436523,
          0.10108017921447754,
          -0.014639139175415039,
          0.019278287887573242,
          -0.086417555809021
        ]
      ]
    },
    {
      "context_id": 17,
      "document_sha256": "6e325ea27135e8627c766d4c5eab6cd41d6988684a6eb4f05983925d46699a9e",
      "native_pair_margins": [
        0.8868495225906372,
        0.7756081819534302,
        1.012677550315857,
        0.9493999481201172,
        1.0384795665740967,
        1.0807573795318604
      ],
      "capable_endpoints": 6,
      "capable_attenuations": [
        0.27947344911903904,
        0.28397240632232923,
        0.2693772951122166,
        0.23491765091138483,
        0.2675611882271938,
        0.2674114967378296
      ],
      "untouched_natural_effects": [
        [
          -0.021700501441955566,
          -0.0059250593185424805,
          -0.003782033920288086,
          -0.0008492469787597656,
          0.0033026933670043945
        ],
        [
          -0.02037787437438965,
          -0.0059250593185424805,
          -0.003782033920288086,
          -0.0008492469787597656,
          0.0033026933670043945
        ],
        [
          -0.028338074684143066,
          -0.0059250593185424805,
          -0.003782033920288086,
          -0.0008492469787597656,
          0.0033026933670043945
        ],
        [
          -0.01865553855895996,
          -0.0059250593185424805,
          -0.003782033920288086,
          -0.0008492469787597656,
          0.0033026933670043945
        ],
        [
          -0.024922966957092285,
          -0.0059250593185424805,
          -0.003782033920288086,
          -0.0008492469787597656,
          0.0033026933670043945
        ],
        [
          -0.02503681182861328,
          -0.0059250593185424805,
          -0.003782033920288086,
          -0.0008492469787597656,
          0.0033026933670043945
        ]
      ]
    },
    {
      "context_id": 18,
      "document_sha256": "55ff1b9fe4024cd7d5cc97abb28eaddc3d8cbc969f339a36894b4505259c7777",
      "native_pair_margins": [
        0.4716174602508545,
        0.545313835144043,
        0.6218373775482178,
        0.39659857749938965,
        0.46790647506713867,
        0.5879189968109131
      ],
      "capable_endpoints": 6,
      "capable_attenuations": [
        0.39803155238821764,
        0.4147057640481075,
        0.41065265942661056,
        0.3722631510921546,
        0.44647579516769575,
        0.42528785507668365
      ],
      "untouched_natural_effects": [
        [
          0.001329660415649414,
          -0.001409292221069336,
          -0.003112316131591797,
          -0.004958629608154297,
          0.00883626937866211
        ],
        [
          0.008339881896972656,
          -0.001409292221069336,
          -0.003112316131591797,
          -0.004958629608154297,
          0.00883626937866211
        ],
        [
          -0.0011179447174072266,
          -0.001409292221069336,
          -0.003112316131591797,
          -0.004958629608154297,
          0.00883626937866211
        ],
        [
          0.0028002262115478516,
          -0.001409292221069336,
          -0.003112316131591797,
          -0.004958629608154297,
          0.00883626937866211
        ],
        [
          0.0038509368896484375,
          -0.001409292221069336,
          -0.003112316131591797,
          -0.004958629608154297,
          0.00883626937866211
        ],
        [
          0.0006244182586669922,
          -0.001409292221069336,
          -0.003112316131591797,
          -0.004958629608154297,
          0.00883626937866211
        ]
      ]
    },
    {
      "context_id": 19,
      "document_sha256": "cf17336dea96ea6e8f01a0086bd1e39d2c5c6a62feab52605be61f8e0cd3fc7c",
      "native_pair_margins": [
        0.9652049541473389,
        0.692857027053833,
        0.8682384490966797,
        0.6294883489608765,
        0.872589111328125,
        0.9456595182418823
      ],
      "capable_endpoints": 6,
      "capable_attenuations": [
        0.3731920778843202,
        0.3437180946114885,
        0.37971626095380784,
        0.3792351564643783,
        0.37632845014514044,
        0.381608208081745
      ],
      "untouched_natural_effects": [
        [
          0.0750267505645752,
          0.012980461120605469,
          0.002080202102661133,
          -0.0014238357543945312,
          0.0030969083309173584
        ],
        [
          0.03999161720275879,
          0.012980461120605469,
          0.002080202102661133,
          -0.0014238357543945312,
          0.0030969083309173584
        ],
        [
          0.04892325401306152,
          0.012980461120605469,
          0.002080202102661133,
          -0.0014238357543945312,
          0.0030969083309173584
        ],
        [
          0.044805169105529785,
          0.012980461120605469,
          0.002080202102661133,
          -0.0014238357543945312,
          0.0030969083309173584
        ],
        [
          0.06156635284423828,
          0.012980461120605469,
          0.002080202102661133,
          -0.0014238357543945312,
          0.0030969083309173584
        ],
        [
          0.07549095153808594,
          0.012980461120605469,
          0.002080202102661133,
          -0.0014238357543945312,
          0.0030969083309173584
        ]
      ]
    }
  ],
  "instrument_scope": "Prospective strength1 test on opened Pile documents; independent FP32 native reference; baseline replay only. V2 precision failure preserved.",
  "full_reentry_max_abs": 2.86102294921875e-06,
  "full_reentry_relative": 4.788090910256388e-07,
  "max_full_joint_input_error": 0.0,
  "max_null_norm_error": 5.54172800144503e-09,
  "max_outside": 0.0,
  "body_forwards": 800,
  "seconds": 9.240873200120404,
  "scope": "Filtered natural Pile contexts;20documents, one untouched arm and one city substitution. One native input and external suffix; diagnostic spelling readers, not natural next-token labels. No pretraining-disjointness/token-only/composition claim."
}
