{
 "replay_max_abs": 1.33514404296875e-05,
 "text": {
  "pairs": 122,
  "gap_mean": 1.8995414972305298,
  "closed": {
   "b9": 0.2757470905780792,
   "b10": 0.12836703658103943,
   "b11": 0.013203306123614311,
   "b12": 0.08885794132947922,
   "b13": -0.004807005170732737,
   "b14": -0.0007010889239609241,
   "b15": 0.024303531274199486,
   "b16": -0.0016314724925905466,
   "b17": -0.0004569945449475199
  },
  "sum_singles": 0.5228823447541799
 },
 "panel": {
  "skipped": "text only (price)"
 }
}
{
  "predictions": {
    "pred_a_baseline_replays": true,
    "pred_b_reader_blocks_are_the_top_three": false,
    "pred_c_blocks_16_17_carry_a_share": false,
    "pred_d_singles_add_to_the_half": true,
    "pred_e_no_high_block_is_negative": true
  },
  "forwards": 40
}
