0 816 0 0.013471567636436976
0 816 400 0.014525420619302176
0 816 800 0.01358727661316994
0 816 1200 0.013068475796077172
0 816 1600 0.012904209072019945
0 816 2000 0.012881681870960837
RECORD {"key": "0_seed816", "removed": 0, "seed": 816, "objective": 0.012881681870960837, "best_step": 2000, "dense_replay": 1.8735013540549517e-16, "execution_replay": 0.0, "original_coefficient_error": 0.08582811490520807, "original_core_cosines": [0.8963948519884046, 0.9493186336870747, 0.9762730174889563, 0.9948465584686934, 0.9963854336862088, 0.9972432168474701], "source_products": 383, "stored_floats": 896262, "per_mode_errors": [0.024770553579196768, 0.024432739931478143, 0.18786417625202767], "euclidean_jacobian_errors": [0.20756038463105378, 0.17827122295105458, 0.20451075659782827]}
0 1816 0 0.013473394225343993
0 1816 400 0.014104410573815507
0 1816 800 0.01403024422021526
0 1816 1200 0.013125496697759864
0 1816 1600 0.012925354444281001
0 1816 2000 0.012902606434167074
RECORD {"key": "0_seed1816", "removed": 0, "seed": 1816, "objective": 0.012902606434167074, "best_step": 2000, "dense_replay": 4.0766001685454967e-16, "execution_replay": 0.0, "original_coefficient_error": 0.08594525409783693, "original_core_cosines": [0.8964991084062867, 0.9490799568401401, 0.9763215430251109, 0.994855742986804, 0.9963522954913834, 0.9972406290281061], "source_products": 383, "stored_floats": 896262, "per_mode_errors": [0.027477194254490606, 0.02554663590542416, 0.18573768567885204], "euclidean_jacobian_errors": [0.20786464924771378, 0.17855285960840803, 0.2041615477894586]}
16 816 0 0.039182794509708296
16 816 400 0.015269489499521116
16 816 800 0.014013893253471688
16 816 1200 0.013205860966857719
16 816 1600 0.01300170781012655
16 816 2000 0.012978095055708128
RECORD {"key": "16_seed816", "removed": 16, "seed": 816, "objective": 0.012978095055708128, "best_step": 2000, "dense_replay": 1.6306400674181987e-16, "execution_replay": 2.4316890689505404e-16, "original_coefficient_error": 0.08628930473640428, "original_core_cosines": [0.8989307513867761, 0.9488438530341067, 0.975840891171331, 0.9947639958445538, 0.9963230943224202, 0.9972371095095621], "source_products": 399, "stored_floats": 896198, "per_mode_errors": [0.02575917412662641, 0.025181300289381103, 0.16090408335009626], "euclidean_jacobian_errors": [0.20785459421709304, 0.1794112651020524, 0.2037816472387393]}
16 1816 0 0.03915704900176853
16 1816 400 0.01429672631061163
16 1816 800 0.013508126815737764
16 1816 1200 0.013288477371440788
16 1816 1600 0.013012469049533237
16 1816 2000 0.01298854300733443
RECORD {"key": "16_seed1816", "removed": 16, "seed": 1816, "objective": 0.01298854300733443, "best_step": 2000, "dense_replay": 4.2847669856627135e-16, "execution_replay": 2.139512245755073e-16, "original_coefficient_error": 0.08628207419868449, "original_core_cosines": [0.8981873819866284, 0.9486963157212657, 0.9758547132020969, 0.9947979487159254, 0.9963143686175766, 0.9972332171594841], "source_products": 399, "stored_floats": 896198, "per_mode_errors": [0.02696323999305704, 0.026195730591147243, 0.17676445906629937], "euclidean_jacobian_errors": [0.2083691180702169, 0.17957842493996162, 0.2055288477545196]}
{'pred_a_instrument': True, 'pred_b_values': False, 'pred_c_relative': False}
