{
 "replay_max_abs": 2.002716064453125e-05,
 "text": {
  "pairs": 43,
  "gap_mean": 14.924256324768066,
  "closed": {
   "ATTN": 0.31311556696891785,
   "MLPS": 0.45182403922080994,
   "BOTH": 0.4814508259296417
  }
 },
 "panel": {
  "skipped": "adjacent natural rows only",
  "rows": 43
 }
}
{
  "predictions": {
    "pred_a_baseline_replays": true,
    "pred_b_attention_into_the_noun_bounded": true,
    "pred_c_mlps_and_attention_close_most": false,
    "pred_d_joint_at_most_one": true,
    "pred_e_mlps_replay": true
  },
  "forwards": 8
}
