{
 "native_margin": 2.048141226172447,
 "replay_gap": 4.1226172447395015e-05,
 "margin_change_rel": -0.04655365618542419,
 "relative_cut_of_contrast": {
  "1036": 0.3251203366002864,
  "1779": -0.170932496834032,
  "829": 0.08823032810482445
 },
 "contrast_1779_native": -715.3292236328125,
 "contrast_1779_edit": -837.6022338867188,
 "mlp7_write_on_829_L_relative_cut": -0.08106902586134246
}
{
  "predictions": {
    "pred_a_baseline_replays": true,
    "pred_b_1779_rises_under_mlp3_cut": true,
    "pred_c_829_cut_smaller_than_1036_cut": true,
    "pred_d_1036_cut_tracks_head45_cut": true,
    "pred_e_restorer_share": true
  },
  "forwards": 9
}
