{
 "replay_max_abs": 2.09808349609375e-05,
 "text": {
  "pairs": 93,
  "gap_mean": 3.433440923690796,
  "sign_constancy": 0.9354838728904724,
  "closed": {
   "ALL_N": 0.7894195914268494,
   "FIVE_N": 0.25353947281837463,
   "LOW_N": 0.6635249257087708,
   "HIGH_N": 0.3015196621417999
  }
 }
}
temporal census {'ALL_N': 0.789, 'FIVE_N': 0.254, 'LOW_N': 0.664, 'HIGH_N': 0.302} gap 3.43 sign 0.935
{
  "predictions": {
    "pred_a_baseline_replays": true,
    "pred_b_all_values_at_the_cue_carry_tense": false,
    "pred_c_four_readers_carry": false,
    "pred_d_low_and_high_add": false,
    "pred_e_pairs_are_sign_constant": true
  },
  "forwards": 15
}
