{
 "closure_margin_gap": 4.1226172447395015e-05,
 "factor_closure_max": 4.831198111787671e-06,
 "per_unit": {
  "3465": {
   "pooled_contrast": -20317.8203125,
   "share_L_contrast_term": 0.3014548881619853,
   "share_R_contrast_term": 0.6985451118380147,
   "L_pair_rel_spread_median": 2.627523183822632,
   "R_pair_rel_spread_median": 6.449442386627197,
   "L_mean": -13.876688957214355,
   "R_mean": 3.6650478839874268
  },
  "493": {
   "pooled_contrast": 15940.638671875,
   "share_L_contrast_term": 0.2828158106608172,
   "share_R_contrast_term": 0.7171841280767378,
   "L_pair_rel_spread_median": 2.0289502143859863,
   "R_pair_rel_spread_median": 5.443409442901611,
   "L_mean": 7.7028584480285645,
   "R_mean": 5.7760443687438965
  },
  "1036": {
   "pooled_contrast": 1722.9959716796875,
   "share_L_contrast_term": 0.6177378709966707,
   "share_R_contrast_term": 0.3822620581556231,
   "L_pair_rel_spread_median": 4.842525005340576,
   "R_pair_rel_spread_median": 3.237431764602661,
   "L_mean": -1.259365439414978,
   "R_mean": -3.356297254562378
  },
  "829": {
   "pooled_contrast": 4823.689453125,
   "share_L_contrast_term": 0.5717888987010316,
   "share_R_contrast_term": 0.428211151911809,
   "L_pair_rel_spread_median": 5.358319282531738,
   "R_pair_rel_spread_median": 3.618711471557617,
   "L_mean": -2.7321155071258545,
   "R_mean": -4.259037971496582
  }
 }
}
{
  "predictions": {
    "pred_a_closure": true,
    "pred_b_factor_closure": true,
    "pred_c_3465_contrast_is_on_the_noun_factor": false,
    "pred_d_829_contrast_is_on_the_noun_factor": false,
    "pred_e_licensing_factor_is_constant_across_pairs": false
  },
  "forwards": 3
}
