{
 "replay_max_abs": 1.33514404296875e-05,
 "text": {
  "pairs": 122,
  "family_size": 80,
  "FIVE_N": {
   "non_family_share_of_top10": 0.08729508196721311,
   "most_moved_non_family": [
    [
     " theirs",
     77
    ],
    [
     " THEY",
     14
    ],
    [
     " THEIR",
     13
    ],
    [
     " THEM",
     11
    ],
    [
     " ones",
     4
    ],
    [
     " HIS",
     3
    ],
    [
     "?\"",
     3
    ],
    [
     " SHE",
     2
    ],
    [
     "imsy",
     2
    ],
    [
     ")?",
     2
    ],
    [
     "?",
     2
    ],
    [
     "?)",
     2
    ],
    [
     "?),",
     2
    ],
    [
     "\"?",
     2
    ],
    [
     "\"),",
     2
    ],
    [
     " years",
     2
    ],
    [
     " Wednesday",
     2
    ],
    [
     "selves",
     2
    ],
    [
     "pun",
     2
    ],
    [
     " eighteen",
     2
    ]
   ],
   "plural_marked_share_of_non_family": 0.4647887323943662,
   "plural_marked_mean_signed": 0.0902698851974779,
   "verb_signed_change": {
    "is": -0.018661295995116234,
    "was": -0.03230765834450722,
    "has": -0.04011102765798569,
    "does": -0.047677431255578995,
    "are": 0.09976260364055634,
    "were": 0.10564982891082764,
    "have": 0.04580799490213394,
    "do": 0.030757581815123558
   },
   "verb_signs_ok": true
  },
  "COPIER": {
   "non_family_share_of_top10": 0.5762295081967214,
   "most_moved_non_family": [
    [
     " theirs",
     21
    ],
    [
     " i",
     7
    ],
    [
     " respectively",
     7
    ],
    [
     " were",
     7
    ],
    [
     " are",
     6
    ],
    [
     " was",
     5
    ],
    [
     " conservatives",
     4
    ],
    [
     " english",
     4
    ],
    [
     " lol",
     4
    ],
    [
     " governments",
     4
    ],
    [
     " THEIR",
     4
    ],
    [
     " knows",
     4
    ],
    [
     " doesn",
     4
    ],
    [
     " each",
     3
    ],
    [
     "to",
     3
    ],
    [
     " weeks",
     3
    ],
    [
     " Republicans",
     3
    ],
    [
     " google",
     3
    ],
    [
     "(",
     3
    ],
    [
     " \ufffd",
     3
    ]
   ],
   "plural_marked_share_of_non_family": 0.2034139402560455,
   "plural_marked_mean_signed": 0.006594270493951626,
   "verb_signed_change": {
    "is": -0.09314697980880737,
    "was": -0.09428363293409348,
    "has": -0.10511081665754318,
    "does": -0.1052507609128952,
    "are": 0.019513912498950958,
    "were": 0.03890213370323181,
    "have": -0.026991693302989006,
    "do": -0.02502512000501156
   },
   "verb_signs_ok": false
  }
 },
 "panel": {
  "skipped": "text only (price)",
  "verb_slot_rows": 122
 }
}
{
  "predictions": {
    "pred_a_baseline_replays": true,
    "pred_b_copier_non_family_is_plural_marked": false,
    "pred_c_plural_marked_rise": true,
    "pred_d_readers_non_family_small": true,
    "pred_e_copier_verbs_at_verb_slots": true
  },
  "forwards": 24
}
