[split] calibration S+C vs stored rows 6.76e-07 | fresh 7.77e-07 | forwards 44
[census] target piece identity 1.21e-06 | parent identity 1.05e-15 | allocation per output [[1, 2, 2, 1, 0], [1, 1, 3, 1, 0], [1, 1, 2, 2, 0], [1, 1, 1, 2, 1], [3, 1, 1, 1, 0], [0, 1, 2, 3, 0], [0, 1, 3, 2, 0], [0, 0, 2, 3, 1], [2, 1, 2, 1, 0], [0, 1, 3, 2, 0], [1, 1, 3, 1, 0], [2, 2, 1, 1, 0], [1, 1, 3, 1, 0], [1, 2, 2, 1, 0], [1, 1, 2, 2, 0], [0, 0, 2, 3, 1]]
[typed_seed25001] step 50 val 0.6980 | fresh small value 0.4909 response 0.5294 | outputs 0-3 value [0.0528, 0.0517, 0.0714, 0.1821] (parent [0.0611, 0.0601, 0.0838, 0.216]) | 10s
[typed_seed25002] step 40 val 0.7007 | fresh small value 0.4992 response 0.5365 | outputs 0-3 value [0.0538, 0.0533, 0.0735, 0.1805] (parent [0.0611, 0.0601, 0.0838, 0.216]) | 10s
[untyped_seed25001] step 40 val 0.7072 | fresh small value 0.4951 response 0.5357 | outputs 0-3 value [0.054, 0.053, 0.074, 0.1845] (parent [0.0611, 0.0601, 0.0838, 0.216]) | 10s
[untyped_seed25002] step 30 val 0.7041 | fresh small value 0.5093 response 0.5481 | outputs 0-3 value [0.0561, 0.0545, 0.0794, 0.1832] (parent [0.0611, 0.0601, 0.0838, 0.216]) | 10s
{
 "predictions": {
  "pred_a_integrity": true,
  "pred_b_typed_beats_untyped": false,
  "pred_c_beats_hybrid": false,
  "pred_d_large_outputs_kept": true,
  "pred_e_cross_start_stability": false
 },
 "replay": {
  "calibration": 6.762442324370061e-07,
  "fresh": 7.771504414677858e-07,
  "export": 1.1102230246251565e-16,
  "target_piece_identity": 1.2077519284471017e-06,
  "parent_identity": 1.046005929140315e-15
 },
 "typed_over_untyped": {
  "25001": {
   "value": 0.9914088840137163,
   "response": 0.9884058299627597
  },
  "25002": {
   "value": 0.9801191540958565,
   "response": 0.9788127437645504
  }
 },
 "forwards": 44
}
