{
 "replay_max_abs": 2.1457672119140625e-05,
 "text": {
  "pairs": 45,
  "unit": 701,
  "contrast_mean": 67.70201110839844,
  "sign_constancy": 0.6666666865348816,
  "moved": {
   "FIVE_V": 0.5689804553985596,
   "REST_V": 0.1641901284456253,
   "ALL": 0.8937632441520691
  },
  "margin_closed": {
   "FIVE_V": 0.5986727476119995,
   "REST_V": 0.08461342006921768,
   "ALL": 0.9811749458312988
  }
 },
 "panel": {
  "skipped": "distant rows only",
  "distant_rows": 45
 }
}
{
  "predictions": {
    "pred_a_baseline_replays": true,
    "pred_b_five_verb_writes_carry_a_third": true,
    "pred_c_rest_of_their_blocks_small": true,
    "pred_d_all_attention_is_the_channel": true,
    "pred_e_five_below_all": true
  },
  "forwards": 8
}
