{
 "closure": 6.7902101363870315e-06,
 "direct": {
  "delta_w_total": 691.463623046875,
  "writer_shares": {
   "embedding": 0.13043186299865653,
   "mlp17": 0.10418615951713046,
   "mlp8": 0.09906599823107899,
   "mlp12": 0.08258850232237085,
   "mlp10": 0.07594689463444947,
   "mlp15": 0.05715045383769355,
   "mlp9": 0.05230995243156023,
   "mlp11": 0.04963408977362401,
   "mlp13": 0.04068794719541281,
   "attn11": 0.03822049161263101,
   "mlp6": 0.03512861750525645,
   "mlp14": 0.03146679543717241,
   "attn13": 0.030479437506951226,
   "mlp16": 0.025935629238039923,
   "attn5": 0.020306372165003965,
   "mlp5": 0.018558508949204428,
   "attn16": 0.015210729114992223,
   "attn6": 0.01060502874717317,
   "attn7": 0.010552958010634711,
   "mlp3": 0.009933235010292226,
   "attn8": 0.009433481309813628,
   "attn10": 0.008981484863102815,
   "attn9": 0.008181518278629774,
   "mlp7": 0.007522813255256008,
   "attn14": 0.004261620639817141,
   "mlp2": 0.004181632256636543,
   "attn15": 0.003987692071698676,
   "mlp4": 0.0037617445343518458,
   "attn4": 0.0034815881384313097,
   "mlp1": 0.002422778624644053,
   "attn17": 0.0023296192924933843,
   "attn12": 0.001517233601510821,
   "attn2": 0.0007843321058446333,
   "attn3": 0.0004211934042097054,
   "mlp0": 0.00020975984420900146,
   "attn1": 0.0001216172631980022,
   "attn0": 2.5185355507571776e-07
  },
  "mlp_share": 0.7006915125983832,
  "attn_abs_share": 0.16887664997969126,
  "embedding_share": 0.13043186299865653,
  "top3": [
   "embedding",
   "mlp17",
   "mlp8"
  ]
 }
}
{
  "predictions": {
    "pred_a_closure": true,
    "pred_b_mlps_carry_most_of_the_direct_path": true,
    "pred_c_late_mlps_carry_a_third": true,
    "pred_d_mlp8_in_the_top_three": true,
    "pred_e_attention_small": true
  },
  "forwards": 2
}
