{
  "predictions": {
    "pred_a_instrument": true,
    "pred_b_effect": false,
    "pred_c_replace": true
  },
  "summary": {
    "fineweb": {
      "constant": {
        "replacement": {
          "ce_added": 0.1384945965061585
        },
        "removal": {
          "centered_effect_relative_error": 1.0
        },
        "same_token": {
          "centered_effect_relative_error": 1.0
        }
      },
      "projected64": {
        "replacement": {
          "ce_added": 0.01601054665322105
        },
        "removal": {
          "centered_effect_relative_error": 0.2773868706156832
        },
        "same_token": {
          "centered_effect_relative_error": 0.36632136092029194
        }
      },
      "projected256": {
        "replacement": {
          "ce_added": 0.008367474683715652
        },
        "removal": {
          "centered_effect_relative_error": 0.20475459938531185
        },
        "same_token": {
          "centered_effect_relative_error": 0.27102273016078043
        }
      },
      "program64": {
        "replacement": {
          "ce_added": 0.015998091311970105
        },
        "removal": {
          "centered_effect_relative_error": 0.2929958529681799
        },
        "same_token": {
          "centered_effect_relative_error": 0.38272988905159383
        }
      },
      "program256": {
        "replacement": {
          "ce_added": 0.009580459375865758
        },
        "removal": {
          "centered_effect_relative_error": 0.23881471355587314
        },
        "same_token": {
          "centered_effect_relative_error": 0.31152026730621685
        }
      },
      "product_shared256": {
        "replacement": {
          "ce_added": 0.009114340444405874
        },
        "removal": {
          "centered_effect_relative_error": 0.22977335357335268
        },
        "same_token": {
          "centered_effect_relative_error": 0.3006377852148438
        },
        "source_only": {
          "centered_effect_relative_error": 0.26126993082558014
        },
        "context_only": {
          "centered_effect_relative_error": 0.5536553679266077
        }
      },
      "product_exact_linear": {
        "replacement": {
          "ce_added": 0.005506170017179101
        },
        "removal": {
          "centered_effect_relative_error": 0.1790253165916819
        },
        "same_token": {
          "centered_effect_relative_error": 0.23293064665786287
        },
        "source_only": {
          "centered_effect_relative_error": 0.2567167647082645
        },
        "context_only": {
          "centered_effect_relative_error": 0.5536553679266077
        }
      },
      "product_private_equal": {
        "replacement": {
          "ce_added": 0.010268507478758692
        },
        "removal": {
          "centered_effect_relative_error": 0.243263214595733
        },
        "same_token": {
          "centered_effect_relative_error": 0.3183655167619939
        },
        "source_only": {
          "centered_effect_relative_error": 0.25960507230615004
        },
        "context_only": {
          "centered_effect_relative_error": 0.5536553679266077
        }
      },
      "product_private_adaptive": {
        "replacement": {
          "ce_added": 0.00873223738744855
        },
        "removal": {
          "centered_effect_relative_error": 0.21762605539741858
        },
        "same_token": {
          "centered_effect_relative_error": 0.2845440329025846
        },
        "source_only": {
          "centered_effect_relative_error": 0.2642743415353031
        },
        "context_only": {
          "centered_effect_relative_error": 0.5536553679266077
        }
      }
    },
    "code": {
      "constant": {
        "replacement": {
          "ce_added": 0.8776201009750366
        },
        "removal": {
          "centered_effect_relative_error": 1.0
        },
        "same_token": {
          "centered_effect_relative_error": 1.0
        }
      },
      "projected64": {
        "replacement": {
          "ce_added": 0.07187496423721314
        },
        "removal": {
          "centered_effect_relative_error": 0.18800527523328844
        },
        "same_token": {
          "centered_effect_relative_error": 0.308797899642438
        }
      },
      "projected256": {
        "replacement": {
          "ce_added": 0.0331935519973437
        },
        "removal": {
          "centered_effect_relative_error": 0.13537267715746104
        },
        "same_token": {
          "centered_effect_relative_error": 0.22907587858819356
        }
      },
      "program64": {
        "replacement": {
          "ce_added": 0.07612147592008114
        },
        "removal": {
          "centered_effect_relative_error": 0.20071065678477923
        },
        "same_token": {
          "centered_effect_relative_error": 0.3261322264345788
        }
      },
      "program256": {
        "replacement": {
          "ce_added": 0.042567304180314146
        },
        "removal": {
          "centered_effect_relative_error": 0.16098522252374228
        },
        "same_token": {
          "centered_effect_relative_error": 0.2671051749502399
        }
      },
      "product_shared256": {
        "replacement": {
          "ce_added": 0.04116263060520093
        },
        "removal": {
          "centered_effect_relative_error": 0.14979500229872286
        },
        "same_token": {
          "centered_effect_relative_error": 0.25448786294668096
        },
        "source_only": {
          "centered_effect_relative_error": 0.2135160255044919
        },
        "context_only": {
          "centered_effect_relative_error": 0.3954953384184284
        }
      },
      "product_exact_linear": {
        "replacement": {
          "ce_added": 0.02366641021023194
        },
        "removal": {
          "centered_effect_relative_error": 0.11399258591796319
        },
        "same_token": {
          "centered_effect_relative_error": 0.20082290398364436
        },
        "source_only": {
          "centered_effect_relative_error": 0.2069235411229398
        },
        "context_only": {
          "centered_effect_relative_error": 0.3954953384184284
        }
      },
      "product_private_equal": {
        "replacement": {
          "ce_added": 0.05236826681842407
        },
        "removal": {
          "centered_effect_relative_error": 0.1585827599410499
        },
        "same_token": {
          "centered_effect_relative_error": 0.266718209680223
        },
        "source_only": {
          "centered_effect_relative_error": 0.2105831581890729
        },
        "context_only": {
          "centered_effect_relative_error": 0.3954953384184284
        }
      },
      "product_private_adaptive": {
        "replacement": {
          "ce_added": 0.038504126978417236
        },
        "removal": {
          "centered_effect_relative_error": 0.14029272005240542
        },
        "same_token": {
          "centered_effect_relative_error": 0.24150760306774613
        },
        "source_only": {
          "centered_effect_relative_error": 0.2165051155510612
        },
        "context_only": {
          "centered_effect_relative_error": 0.3954953384184284
        }
      }
    }
  },
  "instrument": 2.254617593932288e-15,
  "seconds": 9.28440942009911,
  "scope": "Full source-dependent midpoint contribution centered on calibration mean. Replacement retains that mean but approximates all varying output coordinates. Residual background and true source states fixed; no upstream ablation or whole-model speed claim. Reused panels, no fitting."
}
{"pred_a_instrument": true, "pred_b_whole": true, "pred_c_source": true}
