{
 "native_margin": 2.048141226172447,
 "change_trio": -0.07381246487299609,
 "change_pair_3465_493": -0.045978933572769165,
 "change_114_alone": -0.018055235346158494,
 "null_changes": [
  0.00030049681663513184,
  -0.001840685804685105,
  -0.0019674748182296753,
  0.004558836420377244,
  0.0009811272223791967,
  0.001490245262781631,
  -0.0011684695879616847,
  -0.002070536216100205,
  0.0011874337991080175,
  0.0011774698893227686,
  -0.00041447083155299325,
  -0.0031451284885406494
 ],
 "null_max_abs": 0.004558836420377244,
 "replay_gap": 4.1226172447395015e-05
}
{
  "predictions": {
    "pred_a_baseline_replays": true,
    "pred_b_trio_lowers_the_margin": true,
    "pred_c_beats_random_trios": true,
    "pred_d_trio_exceeds_pair": true,
    "pred_e_114_adds_to_the_pair": true
  },
  "forwards": 48
}
