captured calibration
captured fineweb
captured code
directions 32
directions 64
directions 96
directions 128
directions 160
directions 192
directions 224
directions 256
{
  "predictions": {
    "pred_a_replay": true,
    "pred_b_coverage": true,
    "pred_c_weighted": true
  },
  "teacher_replay": 2.2726022533842323e-14,
  "projection_identity": 1.9160258410093357e-16,
  "seconds": 484.74060562998056,
  "scope": "Full centered output variation relative to fixed calibration mean, original folded weight target, explicit normalization; reused held panels, no interventions yet. Input products assume upstream midpoint/source coordinates available."
}
