{
 "replay_max_abs": 1.33514404296875e-05,
 "text": {
  "pairs": 122,
  "gap_mean": 1.8995414972305298,
  "closed": {
   "h0": -6.818585825385526e-05,
   "h1": 0.07061255723237991,
   "h2": 0.0020482707768678665,
   "h3": 0.00042047002352774143,
   "h4": -0.0005824707332067192,
   "h5": 0.054444391280412674,
   "h6": -0.00022705797164235264,
   "h7": 0.0005222750478424132,
   "h8": 0.0012146171648055315
  },
  "sum_singles": 0.1283848669627332
 },
 "panel": {
  "skipped": "text only (price)"
 }
}
{
  "predictions": {
    "pred_a_baseline_replays": true,
    "pred_b_head_10_5_is_the_exit": false,
    "pred_c_one_head_carries_most": false,
    "pred_d_singles_add_to_the_block": true,
    "pred_e_no_head_is_negative": true
  },
  "forwards": 40
}
