{
 "readers": {},
 "top10": {
  "pronoun": [
   "12.4",
   "9.6",
   "15.1",
   "10.5",
   "3.4",
   "10.1",
   "5.6",
   "5.3",
   "13.1",
   "2.7"
  ],
  "verb": [
   "11.3",
   "5.3",
   "9.6",
   "13.1",
   "12.4",
   "7.8",
   "15.1",
   "10.5",
   "2.6",
   "3.4"
  ]
 },
 "named_ranks": {
  "pronoun": {
   "10.1": 6,
   "10.5": 4,
   "12.4": 1,
   "15.1": 3,
   "9.6": 2
  },
  "verb": {
   "11.3": 1,
   "13.1": 4,
   "5.3": 2,
   "7.8": 6,
   "9.7": 12
  }
 },
 "pronoun_hits": 5,
 "verb_hits": 4,
 "shared_top10": 7,
 "block5_verb_template": {
  "5.3": 0.023682838305830956,
  "5.6": 0.005870238412171602,
  "5.1": 0.002806706354022026,
  "5.8": 0.0023086650762706995,
  "5.2": 0.0020296084694564342,
  "5.4": 0.0019625017885118723,
  "5.7": 0.001130941673181951,
  "5.0": 0.0007101945811882615,
  "5.5": 0.00046279761590994895
 },
 "rank_5_3_verb": 2,
 "rank_4_5": {
  "pronoun": 25,
  "verb": 68
 },
 "median_rank": {
  "pronoun": 3,
  "verb": 4
 },
 "closure_max": 3.04167372178199e-07
}
{
  "predictions": {
    "pred_a_capture_closure": true,
    "pred_b_5_3_first_in_block_5_with_post_noun_d": true,
    "pred_c_5_3_rank_improves": true,
    "pred_d_pronoun_top10_still_holds_readers": true,
    "pred_e_copier_rank_improves": false
  },
  "forwards": 4
}
