{
 "readers": {},
 "top10": {
  "pronoun": [
   "9.6",
   "12.4",
   "10.1",
   "10.5",
   "3.4",
   "4.5",
   "15.1",
   "13.1",
   "1.2",
   "2.6"
  ],
  "verb": [
   "11.3",
   "7.8",
   "2.6",
   "13.1",
   "4.5",
   "9.6",
   "5.3",
   "10.5",
   "1.5",
   "3.4"
  ]
 },
 "named_ranks": {
  "pronoun": {
   "10.1": 3,
   "10.5": 4,
   "12.4": 2,
   "15.1": 7,
   "9.6": 1
  },
  "verb": {
   "11.3": 1,
   "13.1": 4,
   "5.3": 7,
   "7.8": 2,
   "9.7": 12
  }
 },
 "pronoun_hits": 5,
 "verb_hits": 4,
 "shared_top10": 6,
 "median_rank": {
  "pronoun": 3,
  "verb": 4
 },
 "difference_top10": [
  "9.6",
  "12.4",
  "10.1",
  "10.5",
  "3.4",
  "15.1",
  "1.2",
  "0.3",
  "5.6",
  "4.5"
 ],
 "difference_bottom10": [
  "0.6",
  "9.5",
  "10.8",
  "7.4",
  "2.8",
  "3.6",
  "2.6",
  "5.3",
  "7.8",
  "11.3"
 ],
 "difference_ranks": {
  "pronoun": {
   "10.1": 3,
   "10.5": 4,
   "12.4": 2,
   "15.1": 6,
   "9.6": 1
  },
  "verb": {
   "11.3": 162,
   "13.1": 36,
   "5.3": 160,
   "7.8": 161,
   "9.7": 116
  },
  "shared_upstream": {
   "4.5": 10,
   "2.6": 159,
   "3.4": 5
  }
 },
 "difference_scores": {
  "pronoun": {
   "10.1": 0.03210742800729349,
   "10.5": 0.023031937889754772,
   "12.4": 0.0817088084295392,
   "15.1": 0.015420614741742611,
   "9.6": 0.09638073574751616
  },
  "verb": {
   "11.3": -0.09288619412109256,
   "13.1": 0.0011758729815483093,
   "5.3": -0.007843622472137213,
   "7.8": -0.030130836414173245,
   "9.7": -0.0005507068708539009
  }
 },
 "closure_max": 2.6969289024236787e-07
}
{
  "predictions": {
    "pred_a_capture_closure": true,
    "pred_b_pronoun_readers_top_the_difference": true,
    "pred_c_verb_readers_bottom_the_difference": true,
    "pred_d_shared_upstream_in_the_middle": false,
    "pred_e_difference_separates_the_two_sets": true
  },
  "forwards": 4
}
