{
 "replay_max_abs": 2.384185791015625e-05,
 "text": {
  "pairs": 73,
  "family_size": 80,
  "11.3": {
   "verb_signed_change": {
    "is": -0.06968404352664948,
    "was": -0.06354706734418869,
    "has": -0.0706326961517334,
    "does": -0.07125299423933029,
    "are": 0.1946960985660553,
    "were": 0.17654189467430115,
    "have": 0.15116779506206512,
    "do": 0.09809353202581406
   },
   "verb_mean_abs_change": 0.12705715000629425,
   "verb_signs_ok": true,
   "lemma_signed_change": {
    "itself": -0.008283400908112526,
    "herself": -0.008056343533098698,
    "its": -0.00744287294219248,
    "my": -0.006798673653975129,
    "I": -0.005971433827653527,
    "us": -0.005924050492467359,
    "your": -0.005814062256831676,
    "himself": -0.0045228361850604415,
    "it": -0.0027951568481512368,
    "you": -0.0023474067565985024,
    "our": 0.0007047109975246713,
    "their": 0.0008432238682871684,
    "hers": 0.0009387916652485728,
    "myself": 0.0012884556781500578,
    "me": 0.0022520763279771927,
    "we": 0.004406234133057296,
    "she": 0.004808787954971194,
    "he": 0.005496173573192209,
    "him": 0.0056365737691521645,
    "his": 0.005685152835212648,
    "her": 0.008378559490665793,
    "them": 0.014241878903703764,
    "they": 0.016051500220783055,
    "yourself": 0.020709709264338017,
    "ourselves": 0.03565288707613945,
    "themselves": 0.06719601899385452
   }
  },
  "7.8": {
   "verb_signed_change": {
    "is": -0.029987486079335213,
    "was": -0.02994859404861927,
    "has": -0.026601029559969902,
    "does": -0.02280941791832447,
    "are": 0.09585969150066376,
    "were": 0.09105882048606873,
    "have": 0.07152729481458664,
    "do": 0.04569666087627411
   },
   "verb_mean_abs_change": 0.07079114019870758,
   "verb_signs_ok": true,
   "lemma_signed_change": {
    "himself": -0.014838410541415215,
    "herself": -0.012313627637922764,
    "us": -0.0028635505586862564,
    "my": -0.002751741947577102,
    "myself": -0.0026364284567534924,
    "its": -0.0022077639514463954,
    "his": -0.002048901340458542,
    "it": -0.0016777282144175842,
    "I": -0.00106919149402529,
    "itself": -0.0008181988960132003,
    "you": -0.0005607098719337955,
    "your": -0.00015187101962510496,
    "he": 0.00023295727442018688,
    "me": 0.0007322502933675423,
    "yourself": 0.0018829581094905734,
    "our": 0.0021531336824409664,
    "him": 0.0027192276126394668,
    "hers": 0.002751438218789796,
    "she": 0.003043872852686036,
    "we": 0.003242921957280487,
    "them": 0.0038978400019307933,
    "her": 0.004039279680000618,
    "their": 0.010954355238936841,
    "they": 0.01616774662397802,
    "ourselves": 0.01631062664091587,
    "themselves": 0.03386080637574196
   }
  },
  "5.3": {
   "verb_signed_change": {
    "is": -0.010295943357050419,
    "was": -0.00813867338001728,
    "has": -0.006614443380385637,
    "does": -0.0010954573517665267,
    "are": 0.061230625957250595,
    "were": 0.0640767514705658,
    "have": 0.04578880965709686,
    "do": 0.03410694748163223
   },
   "verb_mean_abs_change": 0.08103593438863754,
   "verb_signs_ok": true,
   "lemma_signed_change": {
    "himself": -0.02229735115543008,
    "herself": -0.01490306481719017,
    "his": -0.013234041864052415,
    "he": -0.007249458227306604,
    "you": -0.007152149104513228,
    "its": -0.005148362834006548,
    "her": -0.00457630379969487,
    "she": -0.00338063231902197,
    "we": -0.0026033369940705597,
    "us": -0.0024495137622579932,
    "my": -0.001447737902708468,
    "our": -0.001123335910961032,
    "it": -0.0010151614533242537,
    "itself": -0.0009276605560444295,
    "myself": -0.0007144163828343153,
    "your": -0.0006854205275885761,
    "I": -0.000580710475333035,
    "yourself": 0.0016298748960252851,
    "them": 0.002216384280472994,
    "me": 0.002266412069729995,
    "him": 0.005442658361668388,
    "hers": 0.00589666763941447,
    "ourselves": 0.014105296693742275,
    "they": 0.015463882824406028,
    "their": 0.018001521937549114,
    "themselves": 0.04257600009441376
   }
  },
  "COPIER": {
   "verb_signed_change": {
    "is": -0.0346180684864521,
    "was": -0.019526788964867592,
    "has": -0.03383674845099449,
    "does": -0.02992928773164749,
    "are": 0.07721919566392899,
    "were": 0.08967319875955582,
    "have": 0.043369706720113754,
    "do": 0.023318568244576454
   },
   "verb_mean_abs_change": 0.10206715762615204,
   "verb_signs_ok": true,
   "lemma_signed_change": {
    "himself": -0.05620689317584038,
    "his": -0.05007836036384106,
    "herself": -0.04407520219683647,
    "he": -0.031138739082962275,
    "him": -0.028633467232187588,
    "her": -0.02606154326349497,
    "she": -0.022542958613485098,
    "you": -0.014093853998929262,
    "my": -0.012030574260279536,
    "its": -0.009687099507573294,
    "myself": -0.008656232617795467,
    "it": -0.008101936895400286,
    "I": -0.0071998363273451105,
    "your": -0.004379998339572921,
    "me": -0.0029424940003082156,
    "yourself": 0.0017720996402204037,
    "us": 0.002642156556248665,
    "hers": 0.012188941861192385,
    "itself": 0.012883292511105537,
    "we": 0.019417985109612346,
    "our": 0.020674637984484434,
    "them": 0.050177412728468575,
    "ourselves": 0.056393664330244064,
    "their": 0.08881447464227676,
    "they": 0.08928020298480988,
    "themselves": 0.13124863803386688
   }
  },
  "verb_cos_11_3_vs_7_8": 0.9956002235412598,
  "verb_cos_5_3_vs_copier": 0.9306135773658752,
  "verb_cos_11_3_vs_5_3": 0.9547232389450073
 },
 "panel": {
  "skipped": "distant verb slot only",
  "verb_slot_rows": 73
 }
}
{
  "predictions": {
    "pred_a_baseline_replays": true,
    "pred_b_11_3_and_7_8_write_the_same_verb_vector": true,
    "pred_c_5_3_writes_the_copier_verb_vector": true,
    "pred_d_all_four_verb_signs": true,
    "pred_e_11_3_largest_verb_change": true
  },
  "forwards": 15
}
