{
 "readers": {},
 "top10": {
  "pronoun": [
   "9.6",
   "12.4",
   "10.1",
   "10.5",
   "3.4",
   "4.5",
   "15.1",
   "13.1",
   "5.6",
   "1.2"
  ],
  "verb": [
   "11.3",
   "7.8",
   "13.1",
   "2.6",
   "5.3",
   "9.6",
   "4.5",
   "10.5",
   "3.4",
   "9.7"
  ]
 },
 "named_ranks": {
  "pronoun": {
   "10.1": 3,
   "10.5": 4,
   "12.4": 2,
   "15.1": 7,
   "9.6": 1
  },
  "verb": {
   "11.3": 1,
   "13.1": 3,
   "5.3": 5,
   "7.8": 2,
   "9.7": 10
  }
 },
 "pronoun_hits": 5,
 "verb_hits": 5,
 "shared_top10": 5,
 "frame_replay": {
  "pronoun": 9,
  "verb": 9
 },
 "median_rank": {
  "pronoun": 3,
  "verb": 3
 },
 "closure_max": 2.725437866502034e-07
}
{
  "predictions": {
    "pred_a_capture_closure": true,
    "pred_b_pronoun_top10_hits_on_the_panel": true,
    "pred_c_verb_top10_hits_on_the_panel": true,
    "pred_d_pronoun_top10_replays_across_frames": true,
    "pred_e_verb_top10_replays_across_frames": true
  },
  "forwards": 3
}
