weights-only token terms {'10.1': -3092.53, '12.4': 3288.361, '9.6': 638.46, '15.1': -2238.411, '10.5': 240.546}
{
 "replay_max_abs": 1.430511474609375e-05,
 "text": {
  "pairs": 61,
  "gap_mean": 4.360080718994141,
  "sign_constancy": 0.8852459192276001,
  "closed": {
   "10.1": 0.17472943663597107,
   "12.4": 0.05977746844291687,
   "9.6": 0.013376735150814056,
   "15.1": 0.04750685766339302,
   "10.5": 0.008877763524651527
  }
 }
}
token-only singles {'10.1': 0.175, '12.4': 0.06, '9.6': 0.013, '15.1': 0.048, '10.5': 0.009} sum 0.304 top2 edit ['10.1', '12.4'] top2 weights ['12.4', '10.1']
{
  "predictions": {
    "pred_a_baseline_replays": true,
    "pred_b_token_singles_add": true,
    "pred_c_weights_rank_the_top_two": true,
    "pred_d_weights_sign_agrees": false,
    "pred_e_10_5_inert": true
  },
  "forwards": 12
}
