{
 "positions": 2944,
 "closure_max": 3.155829062961857e-06,
 "alpha_median": 0.26184162497520447,
 "pooled_net_per_position": -7200.32177734375,
 "head_ranks": {
  "3289": 1,
  "624": 2
 },
 "head_share": 0.22376488149166107,
 "top_shares": {
  "2": 0.22376488149166107,
  "10": 0.31080162525177,
  "50": 0.3689512610435486,
  "200": 0.4636537432670593,
  "500": 0.569239616394043,
  "1000": 0.6806029081344604,
  "2000": 0.8230571746826172
 },
 "pearson_lookup_vs_net": -0.9980127215385437,
 "units_negative_fraction": 0.9893662929534912,
 "top12_units": [
  [
   3289,
   -1046.4268798828125,
   1075.8826904296875
  ],
  [
   624,
   -564.7523193359375,
   581.832763671875
  ],
  [
   1715,
   -325.68377685546875,
   369.8522033691406
  ],
  [
   1782,
   -83.73026275634766,
   151.18295288085938
  ],
  [
   3804,
   -66.19926452636719,
   77.11590576171875
  ],
  [
   778,
   -46.632232666015625,
   56.59733200073242
  ],
  [
   2976,
   -33.200172424316406,
   47.8370361328125
  ],
  [
   640,
   -24.751306533813477,
   33.9268913269043
  ],
  [
   4331,
   -24.641359329223633,
   28.820035934448242
  ],
  [
   2894,
   -21.854040145874023,
   24.17219352722168
  ],
  [
   4385,
   -20.279863357543945,
   23.730087280273438
  ],
  [
   2126,
   -19.270450592041016,
   20.80936050415039
  ]
 ]
}
{
  "predictions": {
    "pred_a_net_closure_on_text": true,
    "pred_b_gain_head_leads_on_text": true,
    "pred_c_head_share_on_text": true,
    "pred_d_units_lose_in_proportion_on_text": true,
    "pred_e_top200_share_on_text": true
  },
  "forwards": 8
}
