{
 "instrument_max_rel": 0.00010930395364994183,
 "readers": {
  "9.6": {
   "text": {
    "mean": 0.09714911757014805,
    "std": 0.10837037557099599,
    "cv": 1.1155055061899606,
    "sign_constancy": 0.8401639344262295,
    "corr_with_plural": 0.0070079628303461585,
    "n": 244,
    "quantiles": [
     -0.03535829103085053,
     0.010709905663071062,
     0.0776116988821336,
     0.15949889406606133,
     0.2732010334405217
    ]
   },
   "panel": {
    "mean": 0.12959898401719194,
    "std": 0.08305067982824953,
    "cv": 0.6408281705143032,
    "sign_constancy": 0.9791666666666666,
    "corr_with_plural": -0.009299402575998426,
    "n": 96,
    "quantiles": [
     0.036132488296614085,
     0.0709279829429974,
     0.10018625441389162,
     0.18572306398047544,
     0.28272034100813137
    ]
   }
  },
  "12.4": {
   "text": {
    "mean": 0.14462388684201646,
    "std": 0.14625261756981794,
    "cv": 1.0112618376076468,
    "sign_constancy": 0.8278688524590164,
    "corr_with_plural": -0.105185311143212,
    "n": 244,
    "quantiles": [
     -0.06385756775949858,
     0.026474187564888396,
     0.1421260621288667,
     0.2621965045595971,
     0.39051790009735754
    ]
   },
   "panel": {
    "mean": 0.14699602761793026,
    "std": 0.07449169722201011,
    "cv": 0.5067599337828893,
    "sign_constancy": 0.9895833333333334,
    "corr_with_plural": -0.7490662062157494,
    "n": 96,
    "quantiles": [
     0.034375285325229044,
     0.08429340605010793,
     0.14621633990593352,
     0.1945260715627306,
     0.2603259061552876
    ]
   }
  },
  "15.1": {
   "text": {
    "mean": -0.23555017682561907,
    "std": 0.17972632214920403,
    "cv": 0.7630065261307692,
    "sign_constancy": 0.9631147540983607,
    "corr_with_plural": -0.052568545302426745,
    "n": 244,
    "quantiles": [
     -0.6150347993302496,
     -0.3456484662148185,
     -0.19944989086770448,
     -0.09469955918554795,
     -0.008036275069809085
    ]
   },
   "panel": {
    "mean": -0.39523251267293497,
    "std": 0.07455964027103797,
    "cv": 0.18864753753884103,
    "sign_constancy": 1.0,
    "corr_with_plural": -0.13813203055402276,
    "n": 96,
    "quantiles": [
     -0.4941186925756256,
     -0.4531709600943685,
     -0.4095858001738506,
     -0.3408160560862825,
     -0.26870715966601466
    ]
   }
  }
 }
}
{
  "predictions": {
    "pred_a_instrument": true,
    "pred_b_9_6_pattern_sign_constant": false,
    "pred_c_9_6_pattern_weight_narrow": false,
    "pred_d_9_6_15_1_pattern_uncorrelated_with_number": true,
    "pred_e_12_4_pattern_correlated_with_number": false
  },
  "forwards": 7
}
