{
 "positions": 2944,
 "closure_max": 1.3439116628433112e-06,
 "pearson_alpha_share": 0.6532113552093506,
 "pearson_word": 0.7242122888565063,
 "pearson_rest": 0.5186007022857666,
 "word_fraction": 0.82472825050354,
 "alpha_median": 0.26184162497520447,
 "share_median": 0.164324089884758,
 "gap_median": 0.0863908901810646,
 "cos_median": 0.6357625722885132,
 "cos_word_median": 0.6429856419563293,
 "cos_rest_median": 0.5946477055549622,
 "alpha_by_position_median": [
  0.4932887852191925,
  0.36911287903785706,
  0.31626835465431213,
  0.2984676957130432,
  0.2782456874847412,
  0.27711570262908936,
  0.2636300325393677,
  0.24436822533607483,
  0.23293918371200562,
  0.24959923326969147,
  0.2423018366098404,
  0.24977260828018188,
  0.2560456693172455,
  0.25249406695365906,
  0.2333926111459732,
  0.22775401175022125,
  0.24282434582710266,
  0.2530153691768646,
  0.2377006858587265,
  0.21383395791053772,
  0.23028649389743805,
  0.2365717589855194,
  0.22232578694820404
 ],
 "share_by_position_median": [
  0.496648907661438,
  0.35593920946121216,
  0.28589892387390137,
  0.24139836430549622,
  0.2248985320329666,
  0.2027127593755722,
  0.18687494099140167,
  0.18327726423740387,
  0.16898053884506226,
  0.1710258424282074,
  0.16107112169265747,
  0.15555769205093384,
  0.1513907015323639,
  0.1488053798675537,
  0.15018613636493683,
  0.15001556277275085,
  0.1422201246023178,
  0.14210379123687744,
  0.13333909213542938,
  0.1309184730052948,
  0.13226133584976196,
  0.13041435182094574,
  0.1247844249010086
 ]
}
{
  "predictions": {
    "pred_a_closure": true,
    "pred_b_alpha_tracks_self_share_on_text": true,
    "pred_c_alpha_within_025_of_share": true,
    "pred_d_direction_kept_on_text": true,
    "pred_e_content_words_track_better": true
  },
  "forwards": 8
}
