{
 "closure_max": 1.0003894203691743e-05,
 "top12": [
  [
   3465,
   24345.943359375
  ],
  [
   2033,
   24132.115234375
  ],
  [
   114,
   23135.89453125
  ],
  [
   1473,
   5274.3642578125
  ],
  [
   493,
   4795.70458984375
  ],
  [
   1638,
   3824.00634765625
  ],
  [
   1987,
   3580.63134765625
  ],
  [
   96,
   3482.03857421875
  ],
  [
   1450,
   3326.2158203125
  ],
  [
   4458,
   3245.1748046875
  ],
  [
   4040,
   -2610.819091796875
  ],
  [
   4483,
   2497.008056640625
  ]
 ],
 "ranks": {
  "3465": 1,
  "114": 3,
  "493": 5
 },
 "trio_share_of_mlp3": 0.10502270609140396,
 "head_write_contrast": 336783.1875,
 "mlp3_term_contrast": 173784.75,
 "mlp3_share_of_head": 0.5160137336131128
}
{
  "predictions": {
    "pred_a_unit_closure": true,
    "pred_b_trio_leads_on_rows": false,
    "pred_c_trio_share_of_mlp3_term": false,
    "pred_d_3465_first_on_rows": true,
    "pred_e_mlp3_term_share_of_head_write": true
  },
  "forwards": 3
}
