calibration_shaped 0 0 0.006525319217844864
calibration_shaped 0 300 0.006288746332505868
calibration_shaped 0 600 0.006276245749257817
calibration_shaped 0 900 0.006273095223812844
calibration_shaped 0 1200 0.006271197310148653
calibration_shaped 0 1500 0.006270606872788871
calibration_shaped 0 1800 0.0062705264515671155
RECORD {"key": "calibration_shaped_0", "geometry": "calibration_shaped", "seed": 0, "best_step": 1800, "objective": 0.0062705264515671155, "native_error": 0.6018647243324685, "covariance_error": 0.07918665576703726, "dense_loss_replay": 1.3877787807814457e-16, "projection_orthogonality": 1.5914277548761505e-15, "history": [{"step": 0, "loss": 0.006525319217844864}, {"step": 300, "loss": 0.006288746332505868}, {"step": 600, "loss": 0.006276245749257817}, {"step": 900, "loss": 0.006273095223812844}, {"step": 1200, "loss": 0.006271197310148653}, {"step": 1500, "loss": 0.006270606872788871}, {"step": 1800, "loss": 0.0062705264515671155}]}
calibration_shaped 26301 0 0.9125068453635811
calibration_shaped 26301 300 0.006604876154744624
calibration_shaped 26301 600 0.0063628857685339435
calibration_shaped 26301 900 0.006296494577391157
calibration_shaped 26301 1200 0.00628142315119636
calibration_shaped 26301 1500 0.006277435987135593
calibration_shaped 26301 1800 0.0062769642762784406
RECORD {"key": "calibration_shaped_26301", "geometry": "calibration_shaped", "seed": 26301, "best_step": 1800, "objective": 0.0062769642762784406, "native_error": 0.6020806974522145, "covariance_error": 0.07922729502058193, "dense_loss_replay": 1.1622647289044608e-16, "projection_orthogonality": 1.6673381849341078e-15, "history": [{"step": 0, "loss": 0.9125068453635811}, {"step": 300, "loss": 0.006604876154744624}, {"step": 600, "loss": 0.0063628857685339435}, {"step": 900, "loss": 0.006296494577391157}, {"step": 1200, "loss": 0.00628142315119636}, {"step": 1500, "loss": 0.006277435987135593}, {"step": 1800, "loss": 0.0062769642762784406}]}
native_isotropic 0 0 0.2651243440283577
native_isotropic 0 300 0.2616407645624767
native_isotropic 0 600 0.26146268430334163
native_isotropic 0 900 0.2614010914908711
native_isotropic 0 1200 0.26137104111080467
native_isotropic 0 1500 0.2613614091248146
native_isotropic 0 1800 0.2613598563007064
RECORD {"key": "native_isotropic_0", "geometry": "native_isotropic", "seed": 0, "best_step": 1800, "objective": 0.2613598563007064, "native_error": 0.5112336611577003, "covariance_error": 0.13360433978496272, "dense_loss_replay": 5.551115123125783e-17, "projection_orthogonality": 1.3888552593050162e-15, "history": [{"step": 0, "loss": 0.2651243440283577}, {"step": 300, "loss": 0.2616407645624767}, {"step": 600, "loss": 0.26146268430334163}, {"step": 900, "loss": 0.2614010914908711}, {"step": 1200, "loss": 0.26137104111080467}, {"step": 1500, "loss": 0.2613614091248146}, {"step": 1800, "loss": 0.2613598563007064}]}
native_isotropic 26301 0 0.905451261557039
native_isotropic 26301 300 0.26243913006519826
native_isotropic 26301 600 0.261511563997197
native_isotropic 26301 900 0.26139721061193755
native_isotropic 26301 1200 0.26134485196527757
native_isotropic 26301 1500 0.26133243326354283
native_isotropic 26301 1800 0.26133070868550323
RECORD {"key": "native_isotropic_26301", "geometry": "native_isotropic", "seed": 26301, "best_step": 1800, "objective": 0.26133070868550323, "native_error": 0.51120515322667, "covariance_error": 0.13373236857005905, "dense_loss_replay": 0.0, "projection_orthogonality": 1.4063165668990122e-15, "history": [{"step": 0, "loss": 0.905451261557039}, {"step": 300, "loss": 0.26243913006519826}, {"step": 600, "loss": 0.261511563997197}, {"step": 900, "loss": 0.26139721061193755}, {"step": 1200, "loss": 0.26134485196527757}, {"step": 1500, "loss": 0.26133243326354283}, {"step": 1800, "loss": 0.26133070868550323}]}
{'pred_a_instrument': True, 'pred_b_primary_covariance': False, 'pred_c_primary_native': True}
