{
  "pred_a": true,
  "pred_b": true,
  "pred_c": false,
  "arms": {
    "full": {
      "target_rms": 0.4784756230295816,
      "target_over_full": 1.0,
      "control_over_target": [
        0.07655146647264048,
        0.06832928994509319,
        0.07949912168455639,
        0.07398663325775257
      ],
      "positive_fraction": 0.918918918918919,
      "mean_attenuation": 0.31373991969608583
    },
    "mlp7_group": {
      "target_rms": 0.1457358647465267,
      "target_over_full": 0.30458367727025587,
      "control_over_target": [
        0.08799183723839069,
        0.06410580450700251,
        0.06711677450171312,
        0.07673236778452538
      ],
      "positive_fraction": 0.8828828828828829,
      "mean_attenuation": 0.07513645954325922
    },
    "complement": {
      "target_rms": 0.33003385235909616,
      "target_over_full": 0.6897610588171844,
      "control_over_target": [
        0.07841388556194269,
        0.07096417005325448,
        0.08229436168963052,
        0.07889742273740233
      ],
      "positive_fraction": 0.963963963963964,
      "mean_attenuation": 0.23739043894807418
    }
  },
  "interaction_over_smaller": 0.34571131394446597,
  "random_interactions": [
    0.2448265566379892,
    0.2469590594827209,
    0.24342692695163978,
    0.24019335187779686,
    0.24385987411674312,
    0.2448688537393529,
    0.23876265191798718,
    0.23978483859676522,
    0.26179273523370467,
    0.26277641656635087,
    0.24103597879277064,
    0.2499746312300811,
    0.26906547722941826,
    0.24401329989220616,
    0.24868396798646802,
    0.2446899249490647
  ],
  "random_median": 0.24475824079352693,
  "randoms_beaten": 0,
  "random_piece_target_rms": [
    0.24238701893947998,
    0.23185686527864796,
    0.22961334566810138,
    0.24478956732610216,
    0.24122085352214706,
    0.2333887614744884,
    0.23859693087723421,
    0.23564660456647435,
    0.23368973526762032,
    0.2409011087470481,
    0.2438716797262669,
    0.2308089199376653,
    0.23868350271674327,
    0.23651085234594785,
    0.23675876452420705,
    0.23770186720958503,
    0.21614841417370428,
    0.2575668254647325,
    0.21331792226773708,
    0.2600740439667958,
    0.23952067022138337,
    0.23490617308522513,
    0.2272437777411014,
    0.2476122047931075,
    0.20948646995254747,
    0.26526505101765246,
    0.23143439084530906,
    0.24339689065263412,
    0.24691360258261374,
    0.22762099271992015,
    0.231073928947626,
    0.24322520156442454
  ],
  "replay_max_abs": 0.0,
  "replay_relative": 0.0,
  "sum_relative_error": 3.3156958304212346e-17,
  "max_outside": 0.0,
  "body_forwards": 1440,
  "seconds": 15.053495805012062,
  "scope": "Opened source-partition specificity against native-coordinate random splits. Not fresh confirmation or port closure; prior independent-branch failures preserved."
}
