{
 "replay_max_abs": 1.33514404296875e-05,
 "text": {
  "pairs": 122,
  "unit": 701,
  "contrast_mean": 9.754912376403809,
  "sign_constancy": 0.6475409865379333,
  "moved": {
   "m9_12": 0.17829963564872742,
   "m9_16": -0.06275597959756851
  },
  "margin_closed": {
   "m9_12": 0.16732154786586761,
   "m9_16": 0.21380877494812012
  }
 },
 "panel": {
  "skipped": "pronoun slot, natural pairs",
  "rows": 122
 }
}
{
  "predictions": {
    "pred_a_baseline_replays": true,
    "pred_b_two_stages_jointly_below_the_sum": false,
    "pred_c_two_stages_jointly_above_the_larger": true,
    "pred_d_all_stages_replay": true,
    "pred_e_two_stages_are_most_of_all": true
  },
  "forwards": 12
}
