decomposed 32 seconds 34.00927750393748
decomposed 64 seconds 65.7183315998409
decomposed 96 seconds 97.41911502485164
decomposed 128 seconds 129.21189785399474
decomposed 160 seconds 161.00364978192374
decomposed 192 seconds 192.84569994104095
decomposed 224 seconds 224.66285211895593
decomposed 256 seconds 256.4502214989625
decomposed 288 seconds 288.2097883669194
decomposed 320 seconds 320.05411934899166
decomposed 352 seconds 352.0136872068979
decomposed 384 seconds 383.855171962874
decomposed 416 seconds 415.7365577199962
decomposed 448 seconds 447.59924868983217
decomposed 480 seconds 479.52569375396706
decomposed 512 seconds 511.3163173990324
{
  "predictions": {
    "pred_a_instrument": true,
    "pred_b_effect": false,
    "pred_c_replace": true
  },
  "summary": {
    "fineweb": {
      "constant": {
        "replacement": {
          "ce_added": 0.1384945965061585
        },
        "removal": {
          "centered_effect_relative_error": 1.0
        },
        "same_token": {
          "centered_effect_relative_error": 1.0
        }
      },
      "projected64": {
        "replacement": {
          "ce_added": 0.01601054665322105
        },
        "removal": {
          "centered_effect_relative_error": 0.2773868706156832
        },
        "same_token": {
          "centered_effect_relative_error": 0.36632136092029194
        }
      },
      "projected256": {
        "replacement": {
          "ce_added": 0.008367474683715652
        },
        "removal": {
          "centered_effect_relative_error": 0.20475459938531185
        },
        "same_token": {
          "centered_effect_relative_error": 0.27102273016078043
        }
      },
      "program64": {
        "replacement": {
          "ce_added": 0.015998091311970105
        },
        "removal": {
          "centered_effect_relative_error": 0.2929958529681799
        },
        "same_token": {
          "centered_effect_relative_error": 0.38272988905159383
        }
      },
      "program256": {
        "replacement": {
          "ce_added": 0.009580459375865758
        },
        "removal": {
          "centered_effect_relative_error": 0.23881471355587314
        },
        "same_token": {
          "centered_effect_relative_error": 0.31152026730621685
        }
      },
      "product_prior512": {
        "replacement": {
          "ce_added": 0.010984608011009792
        },
        "removal": {
          "centered_effect_relative_error": 0.23742235529576322
        },
        "same_token": {
          "centered_effect_relative_error": 0.3166038696807318
        },
        "source_only": {
          "centered_effect_relative_error": 0.2771642889794581
        },
        "context_only": {
          "centered_effect_relative_error": 0.5712371628729569
        }
      },
      "product_w256r2": {
        "replacement": {
          "ce_added": 0.00943956618818144
        },
        "removal": {
          "centered_effect_relative_error": 0.2102411011546231
        },
        "same_token": {
          "centered_effect_relative_error": 0.26963182608080644
        },
        "source_only": {
          "centered_effect_relative_error": 0.2929510641667244
        },
        "context_only": {
          "centered_effect_relative_error": 0.6332985500466349
        }
      },
      "product_w512r1": {
        "replacement": {
          "ce_added": 0.012688789768920591
        },
        "removal": {
          "centered_effect_relative_error": 0.2548468646984019
        },
        "same_token": {
          "centered_effect_relative_error": 0.31858842437002877
        },
        "source_only": {
          "centered_effect_relative_error": 0.34282447161901375
        },
        "context_only": {
          "centered_effect_relative_error": 0.7315069828877278
        }
      },
      "product_w256r4": {
        "replacement": {
          "ce_added": 0.0049953008652664724
        },
        "removal": {
          "centered_effect_relative_error": 0.17580105079472652
        },
        "same_token": {
          "centered_effect_relative_error": 0.22801083392874952
        },
        "source_only": {
          "centered_effect_relative_error": 0.2527761792043875
        },
        "context_only": {
          "centered_effect_relative_error": 0.5456634077724998
        }
      },
      "product_w512r2": {
        "replacement": {
          "ce_added": 0.009123577018423626
        },
        "removal": {
          "centered_effect_relative_error": 0.2083387047734311
        },
        "same_token": {
          "centered_effect_relative_error": 0.2662396726342018
        },
        "source_only": {
          "centered_effect_relative_error": 0.29089351697530413
        },
        "context_only": {
          "centered_effect_relative_error": 0.6293911789871682
        }
      }
    },
    "code": {
      "constant": {
        "replacement": {
          "ce_added": 0.8776201009750366
        },
        "removal": {
          "centered_effect_relative_error": 1.0
        },
        "same_token": {
          "centered_effect_relative_error": 1.0
        }
      },
      "projected64": {
        "replacement": {
          "ce_added": 0.07187496423721314
        },
        "removal": {
          "centered_effect_relative_error": 0.18800527523328844
        },
        "same_token": {
          "centered_effect_relative_error": 0.308797899642438
        }
      },
      "projected256": {
        "replacement": {
          "ce_added": 0.0331935519973437
        },
        "removal": {
          "centered_effect_relative_error": 0.13537267715746104
        },
        "same_token": {
          "centered_effect_relative_error": 0.22907587858819356
        }
      },
      "program64": {
        "replacement": {
          "ce_added": 0.07612147592008114
        },
        "removal": {
          "centered_effect_relative_error": 0.20071065678477923
        },
        "same_token": {
          "centered_effect_relative_error": 0.3261322264345788
        }
      },
      "program256": {
        "replacement": {
          "ce_added": 0.042567304180314146
        },
        "removal": {
          "centered_effect_relative_error": 0.16098522252374228
        },
        "same_token": {
          "centered_effect_relative_error": 0.2671051749502399
        }
      },
      "product_prior512": {
        "replacement": {
          "ce_added": 0.027581228750447433
        },
        "removal": {
          "centered_effect_relative_error": 0.16137151843162725
        },
        "same_token": {
          "centered_effect_relative_error": 0.2756508932284551
        },
        "source_only": {
          "centered_effect_relative_error": 0.23575252596438412
        },
        "context_only": {
          "centered_effect_relative_error": 0.4212743696430089
        }
      },
      "product_w256r2": {
        "replacement": {
          "ce_added": 0.040513293941815694
        },
        "removal": {
          "centered_effect_relative_error": 0.18400951163087956
        },
        "same_token": {
          "centered_effect_relative_error": 0.2942733508503979
        },
        "source_only": {
          "centered_effect_relative_error": 0.31204045359908766
        },
        "context_only": {
          "centered_effect_relative_error": 0.5993419857375869
        }
      },
      "product_w512r1": {
        "replacement": {
          "ce_added": 0.05913012294719617
        },
        "removal": {
          "centered_effect_relative_error": 0.21249292449905083
        },
        "same_token": {
          "centered_effect_relative_error": 0.3294598743198521
        },
        "source_only": {
          "centered_effect_relative_error": 0.3521496565914046
        },
        "context_only": {
          "centered_effect_relative_error": 0.6699610621800255
        }
      },
      "product_w256r4": {
        "replacement": {
          "ce_added": 0.021872616652399302
        },
        "removal": {
          "centered_effect_relative_error": 0.10934364604723376
        },
        "same_token": {
          "centered_effect_relative_error": 0.1940481685489868
        },
        "source_only": {
          "centered_effect_relative_error": 0.202990932991795
        },
        "context_only": {
          "centered_effect_relative_error": 0.38804840039180005
        }
      },
      "product_w512r2": {
        "replacement": {
          "ce_added": 0.04213402339955792
        },
        "removal": {
          "centered_effect_relative_error": 0.18245091265984542
        },
        "same_token": {
          "centered_effect_relative_error": 0.29090537857050275
        },
        "source_only": {
          "centered_effect_relative_error": 0.3108141440128464
        },
        "context_only": {
          "centered_effect_relative_error": 0.5971210665327166
        }
      }
    }
  },
  "instrument": 2.254617593932288e-15,
  "seconds": 9.918519735103473,
  "scope": "Full source-dependent midpoint contribution centered on calibration mean. Replacement retains that mean but approximates all varying output coordinates. Residual background and true source states fixed; no upstream ablation or whole-model speed claim. Reused panels, no fitting."
}
{"pred_a_instrument": true, "pred_b_allocation": false, "pred_c_context": false}
