{
 "replay_max_abs": 1.33514404296875e-05,
 "text": {
  "pairs": 122,
  "gap_mean": 1.8995414972305298,
  "closed": {
   "keys": 0.00017536534869577736,
   "low": 0.5113217234611511,
   "high": 0.5045130252838135
  },
  "low_plus_high": 1.0158347487449646
 },
 "panel": {
  "pairs": 48,
  "gap_mean": 4.0962815284729,
  "closed": {
   "keys": 0.003891541389748454,
   "low": 0.6603683233261108,
   "high": 0.3301621079444885
  },
  "low_plus_high": 0.9905304312705994
 }
}
{
  "predictions": {
    "pred_a_baseline_replays": true,
    "pred_b_all_keys_at_noun_carry_nothing": true,
    "pred_c_low_block_values_feed_the_rebuild": true,
    "pred_d_high_block_values_are_the_readers": true,
    "pred_e_low_plus_high_exceed_all": true
  },
  "forwards": 28
}
