{
  "schema": "joint_atom_pruning_v617",
  "plan": {
    "retained": [
      64,
      128,
      256,
      512,
      1024,
      2048,
      2304,
      3072,
      4096,
      4608
    ],
    "forwards_max": 0,
    "model_backwards": 0,
    "model_updates": 0,
    "fit_parameters": 0,
    "random_seeds": [
      0,
      1,
      2
    ],
    "execution_policy": "managed_queue_only"
  },
  "selected_gram_fp64_relative_error": 1.1032762705658502e-06,
  "atom_cancellation_ratio": 1.070603445424246,
  "best_half_budget": {
    "method": "greedy",
    "retained": 2304,
    "relative_tensor_error": 0.6184551834195834,
    "folded_factor_values": 147750912,
    "native_factor_values": 73875456,
    "quadratic_products": 2304
  },
  "predictions": {
    "pred_a_gram_replay": true,
    "pred_b_full_identity": true,
    "pred_c_half_budget_fidelity": false
  },
  "price_scope": "two alternative storage grammars; native factor price includes U and E but not generation of z or normalization",
  "scope": "fixed native dictionary; no basis discovery, OOD, extraction, removal selectivity or reuse claim",
  "seconds": 0.9083044279832393,
  "finished_utc": "2026-09-20T03:27:59.778561+00:00"
}
[{"method": "greedy", "retained": 64, "relative_tensor_error": 0.9735328724506787, "folded_factor_values": 4104192, "native_factor_values": 66134016, "quadratic_products": 64}, {"method": "greedy", "retained": 128, "relative_tensor_error": 0.9607875549133511, "folded_factor_values": 8208384, "native_factor_values": 66355200, "quadratic_products": 128}, {"method": "greedy", "retained": 256, "relative_tensor_error": 0.9392119783011275, "folded_factor_values": 16416768, "native_factor_values": 66797568, "quadratic_products": 256}, {"method": "greedy", "retained": 512, "relative_tensor_error": 0.8994620920204243, "folded_factor_values": 32833536, "native_factor_values": 67682304, "quadratic_products": 512}, {"method": "greedy", "retained": 1024, "relative_tensor_error": 0.8222983285781998, "folded_factor_values": 65667072, "native_factor_values": 69451776, "quadratic_products": 1024}, {"method": "greedy", "retained": 2048, "relative_tensor_error": 0.6616256732357013, "folded_factor_values": 131334144, "native_factor_values": 72990720, "quadratic_products": 2048}, {"method": "greedy", "retained": 2304, "relative_tensor_error": 0.6184551834195834, "folded_factor_values": 147750912, "native_factor_values": 73875456, "quadratic_products": 2304}, {"method": "greedy", "retained": 3072, "relative_tensor_error": 0.4766882994682142, "folded_factor_values": 197001216, "native_factor_values": 76529664, "quadratic_products": 3072}, {"method": "greedy", "retained": 4096, "relative_tensor_error": 0.23113839619925522, "folded_factor_values": 262668288, "native_factor_values": 80068608, "quadratic_products": 4096}, {"method": "greedy", "retained": 4608, "relative_tensor_error": 0.0, "folded_factor_values": 295501824, "native_factor_values": 81838080, "quadratic_products": 4608}, {"method": "atom_norm", "retained": 64, "relative_tensor_error": 0.9759223419971292, "folded_factor_values": 4104192, "native_factor_values": 66134016, "quadratic_products": 64}, {"method": "atom_norm", "retained": 128, "relative_tensor_error": 0.9636482695309354, "folded_factor_values": 8208384, "native_factor_values": 66355200, "quadratic_products": 128}, {"method": "atom_norm", "retained": 256, "relative_tensor_error": 0.9418481120689648, "folded_factor_values": 16416768, "native_factor_values": 66797568, "quadratic_products": 256}, {"method": "atom_norm", "retained": 512, "relative_tensor_error": 0.9026977422698412, "folded_factor_values": 32833536, "native_factor_values": 67682304, "quadratic_products": 512}, {"method": "atom_norm", "retained": 1024, "relative_tensor_error": 0.8257066858886509, "folded_factor_values": 65667072, "native_factor_values": 69451776, "quadratic_products": 1024}, {"method": "atom_norm", "retained": 2048, "relative_tensor_error": 0.6644635775940779, "folded_factor_values": 131334144, "native_factor_values": 72990720, "quadratic_products": 2048}, {"method": "atom_norm", "retained": 2304, "relative_tensor_error": 0.6213506779373171, "folded_factor_values": 147750912, "native_factor_values": 73875456, "quadratic_products": 2304}, {"method": "atom_norm", "retained": 3072, "relative_tensor_error": 0.4791845779734053, "folded_factor_values": 197001216, "native_factor_values": 76529664, "quadratic_products": 3072}, {"method": "atom_norm", "retained": 4096, "relative_tensor_error": 0.23387299902478267, "folded_factor_values": 262668288, "native_factor_values": 80068608, "quadratic_products": 4096}, {"method": "atom_norm", "retained": 4608, "relative_tensor_error": 0.0, "folded_factor_values": 295501824, "native_factor_values": 81838080, "quadratic_products": 4608}, {"method": "random_0", "retained": 64, "relative_tensor_error": 0.9924031481886064, "folded_factor_values": 4104192, "native_factor_values": 66134016, "quadratic_products": 64}, {"method": "random_0", "retained": 128, "relative_tensor_error": 0.985007549515878, "folded_factor_values": 8208384, "native_factor_values": 66355200, "quadratic_products": 128}, {"method": "random_0", "retained": 256, "relative_tensor_error": 0.96977105610049, "folded_factor_values": 16416768, "native_factor_values": 66797568, "quadratic_products": 256}, {"method": "random_0", "retained": 512, "relative_tensor_error": 0.9401789118299573, "folded_factor_values": 32833536, "native_factor_values": 67682304, "quadratic_products": 512}, {"method": "random_0", "retained": 1024, "relative_tensor_error": 0.8743553117272044, "folded_factor_values": 65667072, "native_factor_values": 69451776, "quadratic_products": 1024}, {"method": "random_0", "retained": 2048, "relative_tensor_error": 0.7343963517244794, "folded_factor_values": 131334144, "native_factor_values": 72990720, "quadratic_products": 2048}, {"method": "random_0", "retained": 2304, "relative_tensor_error": 0.6956837277526138, "folded_factor_values": 147750912, "native_factor_values": 73875456, "quadratic_products": 2304}, {"method": "random_0", "retained": 3072, "relative_tensor_error": 0.5636579853840724, "folded_factor_values": 197001216, "native_factor_values": 76529664, "quadratic_products": 3072}, {"method": "random_0", "retained": 4096, "relative_tensor_error": 0.3249976916825816, "folded_factor_values": 262668288, "native_factor_values": 80068608, "quadratic_products": 4096}, {"method": "random_0", "retained": 4608, "relative_tensor_error": 0.0, "folded_factor_values": 295501824, "native_factor_values": 81838080, "quadratic_products": 4608}, {"method": "random_1", "retained": 64, "relative_tensor_error": 0.9924762001959297, "folded_factor_values": 4104192, "native_factor_values": 66134016, "quadratic_products": 64}, {"method": "random_1", "retained": 128, "relative_tensor_error": 0.9854313847453456, "folded_factor_values": 8208384, "native_factor_values": 66355200, "quadratic_products": 128}, {"method": "random_1", "retained": 256, "relative_tensor_error": 0.9674295885007018, "folded_factor_values": 16416768, "native_factor_values": 66797568, "quadratic_products": 256}, {"method": "random_1", "retained": 512, "relative_tensor_error": 0.9365602725558287, "folded_factor_values": 32833536, "native_factor_values": 67682304, "quadratic_products": 512}, {"method": "random_1", "retained": 1024, "relative_tensor_error": 0.874140533830895, "folded_factor_values": 65667072, "native_factor_values": 69451776, "quadratic_products": 1024}, {"method": "random_1", "retained": 2048, "relative_tensor_error": 0.7343931360865582, "folded_factor_values": 131334144, "native_factor_values": 72990720, "quadratic_products": 2048}, {"method": "random_1", "retained": 2304, "relative_tensor_error": 0.6953644906344696, "folded_factor_values": 147750912, "native_factor_values": 73875456, "quadratic_products": 2304}, {"method": "random_1", "retained": 3072, "relative_tensor_error": 0.5664077517330951, "folded_factor_values": 197001216, "native_factor_values": 76529664, "quadratic_products": 3072}, {"method": "random_1", "retained": 4096, "relative_tensor_error": 0.3241792668512752, "folded_factor_values": 262668288, "native_factor_values": 80068608, "quadratic_products": 4096}, {"method": "random_1", "retained": 4608, "relative_tensor_error": 0.0, "folded_factor_values": 295501824, "native_factor_values": 81838080, "quadratic_products": 4608}, {"method": "random_2", "retained": 64, "relative_tensor_error": 0.9925047460396508, "folded_factor_values": 4104192, "native_factor_values": 66134016, "quadratic_products": 64}, {"method": "random_2", "retained": 128, "relative_tensor_error": 0.9841326215451341, "folded_factor_values": 8208384, "native_factor_values": 66355200, "quadratic_products": 128}, {"method": "random_2", "retained": 256, "relative_tensor_error": 0.9695406140702127, "folded_factor_values": 16416768, "native_factor_values": 66797568, "quadratic_products": 256}, {"method": "random_2", "retained": 512, "relative_tensor_error": 0.9376690786544911, "folded_factor_values": 32833536, "native_factor_values": 67682304, "quadratic_products": 512}, {"method": "random_2", "retained": 1024, "relative_tensor_error": 0.872967251290717, "folded_factor_values": 65667072, "native_factor_values": 69451776, "quadratic_products": 1024}, {"method": "random_2", "retained": 2048, "relative_tensor_error": 0.7337428069071719, "folded_factor_values": 131334144, "native_factor_values": 72990720, "quadratic_products": 2048}, {"method": "random_2", "retained": 2304, "relative_tensor_error": 0.69520393178585, "folded_factor_values": 147750912, "native_factor_values": 73875456, "quadratic_products": 2304}, {"method": "random_2", "retained": 3072, "relative_tensor_error": 0.5659813636100033, "folded_factor_values": 197001216, "native_factor_values": 76529664, "quadratic_products": 3072}, {"method": "random_2", "retained": 4096, "relative_tensor_error": 0.3247507929139538, "folded_factor_values": 262668288, "native_factor_values": 80068608, "quadratic_products": 4096}, {"method": "random_2", "retained": 4608, "relative_tensor_error": 0.0, "folded_factor_values": 295501824, "native_factor_values": 81838080, "quadratic_products": 4608}]
