{
 "instrument_max_rel": 3.6432859360502334e-06,
 "readers": {
  "9.6": {
   "noun_source_contrast": 48738.621175436776,
   "total_contrast": 98452.80946350098,
   "noun_source_share": 0.4950455090213089,
   "term_shares": {
    "value_only": 1.1311538297375885,
    "s1_only": 0.045052795276247434,
    "s2_only": 0.010071693382408355,
    "s1_s2": -0.002022414615117902,
    "s1_value": -0.11352618454833746,
    "s2_value": -0.025371291779685244,
    "s1_s2_value": 0.004937631832864706,
    "query_change": -0.0502960592859684
   },
   "degree_shares": {
    "degree1": 1.1862783183962442,
    "degree2": -0.1409198909431406,
    "degree3": 0.004937631832864706,
    "query": -0.0502960592859684
   },
   "leading_term_by_frame": {
    "lost": "value_only",
    "because": "value_only",
    "later": "value_only"
   },
   "pairs": 48,
   "skipped": 0
  },
  "12.4": {
   "noun_source_contrast": 32317.113667858655,
   "total_contrast": 100733.42477416992,
   "noun_source_share": 0.32081817669069673,
   "term_shares": {
    "value_only": 2.084102190823666,
    "s1_only": 0.07287770390855645,
    "s2_only": 0.8066881268528137,
    "s1_s2": -0.04938907323757645,
    "s1_value": -0.11928902150098795,
    "s2_value": -1.3116243236039442,
    "s1_s2_value": 0.08207577951615637,
    "query_change": -0.5654413827586823
   },
   "degree_shares": {
    "degree1": 2.963668021585036,
    "degree2": -1.4803024183425086,
    "degree3": 0.08207577951615637,
    "query": -0.5654413827586823
   },
   "leading_term_by_frame": {
    "lost": "value_only",
    "because": "value_only",
    "later": "value_only"
   },
   "pairs": 48,
   "skipped": 0
  },
  "15.1": {
   "noun_source_contrast": 9068.629368275477,
   "total_contrast": 52106.15675354004,
   "noun_source_share": 0.17404141723922795,
   "term_shares": {
    "value_only": 1.077333558015666,
    "s1_only": 0.051676536523196696,
    "s2_only": -0.0017763571371580077,
    "s1_s2": 8.279265358138386e-06,
    "s1_value": -0.1041116847941924,
    "s2_value": 0.005519535138133243,
    "s1_s2_value": -0.00025462342196900194,
    "query_change": -0.02839524358903429
   },
   "degree_shares": {
    "degree1": 1.1272337374017045,
    "degree2": -0.09858387039070102,
    "degree3": -0.00025462342196900194,
    "query": -0.02839524358903429
   },
   "leading_term_by_frame": {
    "lost": "value_only",
    "because": "value_only",
    "later": "value_only"
   },
   "pairs": 48,
   "skipped": 0
  }
 },
 "closure_max": 4.423796395658625e-15
}
{
  "predictions": {
    "pred_a_closure": true,
    "pred_b_postnoun_source_carries_a_third": true,
    "pred_c_value_only_term_leads": true,
    "pred_d_third_order_small": true,
    "pred_e_leading_term_replays_across_frames": true
  },
  "forwards": 3
}
