{
 "replay_max_abs": 1.430511474609375e-05,
 "text": {
  "pairs": 61,
  "gap_mean": 4.360080718994141,
  "sign_constancy": 0.8852459192276001,
  "closed": {
   "9.6": 0.10661466419696808,
   "12.4": 0.17007587850093842,
   "10.1": 0.254768043756485,
   "10.5": 0.015307134948670864,
   "15.1": 0.05489909276366234,
   "8.1": 0.15364839136600494,
   "6.1": 0.11274496465921402
  }
 }
}
{
  "predictions": {
    "pred_a_baseline_replays": true,
    "pred_b_9_6_is_the_largest_reader": false,
    "pred_c_gender_tilted_readers_carry": true,
    "pred_d_10_5_small": true,
    "pred_e_reader_singles_add": true
  },
  "forwards": 16
}
