{
 "replay_max_abs": 2.384185791015625e-05,
 "text": {
  "pairs": 79,
  "gap_mean": {
   "verb": 3.139129638671875,
   "are_is": 1.641675353050232,
   "were_was": 1.497454285621643
  },
  "closed": {
   "LATE_N": {
    "verb": -5.287695614697441e-09,
    "are_is": 2.160049028532285e-08
   },
   "LATE_A": {
    "verb": 0.06882371008396149,
    "are_is": 0.08208271116018295
   },
   "HUB_N": {
    "verb": 0.04557016119360924,
    "are_is": 0.04497697576880455
   },
   "HUB_A": {
    "verb": 0.031154721975326538,
    "are_is": 0.031173694878816605
   }
  }
 },
 "panel": {
  "skipped": "verb slot only (price)",
  "verb_slot_rows": 79
 }
}
{
  "predictions": {
    "pred_a_baseline_replays": true,
    "pred_b_late_units_at_the_noun_do_not_reach_a_distant_verb": true,
    "pred_c_late_units_at_the_verb_position_do": true,
    "pred_d_hub_units_at_the_noun_reach_it": true,
    "pred_e_hub_units_at_the_verb_position_too": false
  },
  "forwards": 15
}
