{
 "replay_max_abs": 1.33514404296875e-05,
 "text": {
  "pairs": 122,
  "family_size": 80,
  "family_lead": 4.861564636230469,
  "top10_family_share": 0.9127049446105957,
  "signed_change_by_lemma_singular_rows": {
   "his": -0.3403828777372837,
   "he": -0.3184078671038151,
   "herself": -0.3113233149051666,
   "she": -0.2788589149713516,
   "himself": -0.27510181069374084,
   "him": -0.26339609424273175,
   "her": -0.21673204749822617,
   "hers": -0.06133567353026592,
   "itself": -0.03798844292759895,
   "your": -0.02962131891399622,
   "you": -0.02345089169102721,
   "its": -0.02139986213296652,
   "yourself": -0.020701331086456776,
   "it": -0.017700501950457692,
   "I": -0.016532090958207846,
   "my": -0.01012640273620491,
   "we": -0.009494793062913232,
   "myself": -0.008780593052506447,
   "our": 3.46645392710343e-05,
   "me": 0.0022971988655626774,
   "us": 0.003715987753821537,
   "ourselves": 0.048076167702674866,
   "them": 0.3868544598420461,
   "themselves": 0.4888056814670563,
   "their": 0.4954993277788162,
   "they": 0.5089802891016006
  },
  "signs_ok": false
 },
 "panel": {
  "pairs": 48,
  "family_size": 80,
  "family_lead": 4.984771251678467,
  "top10_family_share": 0.981249988079071,
  "signed_change_by_lemma_singular_rows": {
   "he": -0.26501287147402763,
   "herself": -0.2628203332424164,
   "his": -0.2610781770199537,
   "him": -0.2328411415219307,
   "she": -0.2328080702573061,
   "her": -0.1959045622497797,
   "himself": -0.17998209036886692,
   "I": -0.05446534976363182,
   "it": -0.05308000341756269,
   "you": -0.046912814723327756,
   "your": -0.02142374124377966,
   "we": -0.007843990111723542,
   "my": -0.006285895826295018,
   "its": -0.005170964897843078,
   "hers": 0.0007288927833239237,
   "me": 0.006330670868919697,
   "our": 0.00995217019226402,
   "us": 0.02575029036961496,
   "yourself": 0.041958436369895935,
   "myself": 0.05154285952448845,
   "itself": 0.07636307924985886,
   "ourselves": 0.21127289533615112,
   "them": 0.8086524605751038,
   "their": 1.0236310809850693,
   "they": 1.0428529232740402,
   "themselves": 1.0962063074111938
  },
  "signs_ok": false
 }
}
{
  "predictions": {
    "pred_a_baseline_replays": true,
    "pred_b_family_leads_the_logit_changes": false,
    "pred_c_family_fills_the_top_ten": true,
    "pred_d_plural_up_masculine_down": false,
    "pred_e_holds_on_panel": true
  },
  "forwards": 14
}
