{
 "replay_max_abs": 2.002716064453125e-05,
 "text": {
  "pairs": 43,
  "gap_mean": {
   "verb": 14.92425537109375,
   "are_is": 7.83402681350708,
   "were_was": 7.0902299880981445
  },
  "closed": {
   "h113": {
    "verb": 0.0545247420668602,
    "are_is": 0.05307542160153389
   },
   "V5": {
    "verb": 0.10700234770774841,
    "are_is": 0.10431886464357376
   },
   "P5": {
    "verb": 0.03142682835459709,
    "are_is": 0.029570959508419037
   },
   "ALL": {
    "verb": 0.2604181468486786,
    "are_is": 0.25507500767707825
   }
  }
 },
 "panel": {
  "rows": "adjacent (answer = noun)",
  "adjacent_rows": 43
 }
}
{
  "predictions": {
    "pred_a_baseline_replays": true,
    "pred_b_11_3_self_read_carries": true,
    "pred_c_verb_heads_self_read_carry": true,
    "pred_d_all_values_replay": true,
    "pred_e_self_reads_below_all_values": true
  },
  "forwards": 10
}
