{
 "replay_max_abs": 9.059906005859375e-06,
 "text": {
  "pairs": 79,
  "gap_mean": {
   "verb": 0.9060161113739014,
   "are_is": 0.8259225487709045,
   "were_was": -0.08009359240531921
  },
  "closed": {
   "U22_A": {
    "verb": 0.013018429279327393,
    "are_is": 0.011579331010580063
   },
   "RANDOM_A": {
    "verb": 7.572894537588581e-05,
    "are_is": -1.1810553587565664e-05
   },
   "HUB_N": {
    "verb": 0.13258418440818787,
    "are_is": 0.1366250067949295
   }
  }
 },
 "panel": {
  "skipped": "verb slot only (price)",
  "verb_slot_rows": 79
 }
}
{
  "predictions": {
    "pred_a_baseline_replays": true,
    "pred_b_unit_3428_moves_the_pronoun_margin": false,
    "pred_c_random_unit_does_not": true,
    "pred_d_unit_3428_within_mlp9": true,
    "pred_e_hub_units_at_the_noun_replay": true
  },
  "forwards": 12
}
