fineweb done
code done
{
  "predictions": {
    "pred_a_replay": true,
    "pred_b_cross": true,
    "pred_c_cancel": true
  },
  "replay_max": 2.937580703462444e-07,
  "toy": {
    "sum_replay": 2.8628108601384304e-16,
    "self_replay": 0.0,
    "source_union_replay": 2.4305324233482064e-16
  },
  "summary": {
    "fineweb": {
      "r_r": {
        "raw_effect_energy": 11751902065.671162,
        "centered_effect_energy": 3420839708.515921,
        "ce_added": 1.400475911796093,
        "kl": 1.3726760037243366,
        "centered_effect_norm_over_mm": 3.340844903329436
      },
      "r_m": {
        "raw_effect_energy": 3694876652.991133,
        "centered_effect_energy": 1556444968.585529,
        "ce_added": 2.496423862874508,
        "kl": 2.5318521969020367,
        "centered_effect_norm_over_mm": 2.253496234964128
      },
      "r_a": {
        "raw_effect_energy": 141765918.4218789,
        "centered_effect_energy": 53652988.91106568,
        "ce_added": 0.02457277410576353,
        "kl": 0.0210773847065866,
        "centered_effect_norm_over_mm": 0.41839541074059766
      },
      "m_m": {
        "raw_effect_energy": 372227514.6564712,
        "centered_effect_energy": 306492672.65794665,
        "ce_added": 0.11280545743647963,
        "kl": 0.12066408118698746,
        "centered_effect_norm_over_mm": 1.0
      },
      "m_a": {
        "raw_effect_energy": 32779330.109897997,
        "centered_effect_energy": 15771197.694366058,
        "ce_added": 0.006525123815663392,
        "kl": 0.008310508113936521,
        "centered_effect_norm_over_mm": 0.2268413847283444
      },
      "a_a": {
        "raw_effect_energy": 332466.6882944007,
        "centered_effect_energy": 203566.082673211,
        "ce_added": 0.00011605029430938885,
        "kl": 8.517569744981301e-05,
        "centered_effect_norm_over_mm": 0.025771675926716826
      },
      "mlp_dependent": {
        "raw_effect_energy": 2750669920.200407,
        "centered_effect_energy": 1042922996.939002,
        "ce_added": 1.5543419905006886,
        "kl": 1.585782002657652,
        "centered_effect_norm_over_mm": 1.8446589097238477
      },
      "attention_dependent": {
        "raw_effect_energy": 47791846.39268205,
        "centered_effect_energy": 18231377.929763395,
        "ce_added": 0.008575658703193767,
        "kl": 0.006898847466800362,
        "centered_effect_norm_over_mm": 0.24389320389411395
      },
      "all_polynomial": {
        "raw_effect_energy": 6249561393.818269,
        "centered_effect_energy": 1542010552.3901575,
        "ce_added": 0.653111738152802,
        "kl": 0.6214023735374212,
        "centered_effect_norm_over_mm": 2.2430224724453347
      }
    },
    "code": {
      "r_r": {
        "raw_effect_energy": 6926556970.181352,
        "centered_effect_energy": 2056656045.784829,
        "ce_added": 3.4959097504615784,
        "kl": 3.7032032907009125,
        "centered_effect_norm_over_mm": 2.6293063538188317
      },
      "r_m": {
        "raw_effect_energy": 2256448108.462184,
        "centered_effect_energy": 1022966008.6917448,
        "ce_added": 4.621484950184822,
        "kl": 4.803188145160675,
        "centered_effect_norm_over_mm": 1.8543468000945629
      },
      "r_a": {
        "raw_effect_energy": 72358152.48572034,
        "centered_effect_energy": 33358244.538472362,
        "ce_added": 0.13027035910636187,
        "kl": 0.05955709144473076,
        "centered_effect_norm_over_mm": 0.334858981254826
      },
      "m_m": {
        "raw_effect_energy": 323434065.4899055,
        "centered_effect_energy": 297494735.45449674,
        "ce_added": 0.4615887999534607,
        "kl": 0.623259037733078,
        "centered_effect_norm_over_mm": 1.0
      },
      "m_a": {
        "raw_effect_energy": 19534096.686407518,
        "centered_effect_energy": 12252367.877891723,
        "ce_added": 0.0006821081915404648,
        "kl": 0.03461724251974374,
        "centered_effect_norm_over_mm": 0.20294126897261058
      },
      "a_a": {
        "raw_effect_energy": 161224.93609775472,
        "centered_effect_energy": 112484.66204959065,
        "ce_added": 0.00133128123707138,
        "kl": 0.00019320023375257733,
        "centered_effect_norm_over_mm": 0.019444958095113474
      },
      "mlp_dependent": {
        "raw_effect_energy": 1779605737.1855931,
        "centered_effect_energy": 651711801.9037163,
        "ce_added": 3.1963991522789,
        "kl": 3.332611605525017,
        "centered_effect_norm_over_mm": 1.4800900889774855
      },
      "attention_dependent": {
        "raw_effect_energy": 21212899.092724826,
        "centered_effect_energy": 8856369.124486437,
        "ce_added": 0.051938660559244454,
        "kl": 0.015460782567970455,
        "centered_effect_norm_over_mm": 0.172539371701107
      },
      "all_polynomial": {
        "raw_effect_energy": 5430778434.738377,
        "centered_effect_energy": 1312835191.5832624,
        "ce_added": 2.1261834278702736,
        "kl": 1.900061883032322,
        "centered_effect_norm_over_mm": 2.10070690291934
      }
    }
  },
  "source_grams": [
    {
      "domain": "fineweb",
      "names": [
        "r_r",
        "r_m",
        "r_a",
        "m_m",
        "m_a",
        "a_a"
      ],
      "gram": [
        [
          4.398969965184518e+16,
          -2.8695904135572064e+16,
          1491580803185590.8,
          5235021473830589.0,
          -210610825310262.22,
          27700832478648.926
        ],
        [
          -2.8695904135572064e+16,
          2.5448415756857776e+16,
          -100325529741581.78,
          -6401363383608690.0,
          -236052832977921.12,
          -18756124329000.336
        ],
        [
          1491580803185590.8,
          -100325529741581.78,
          349904190008987.1,
          -253997333198391.06,
          -143004675155491.75,
          -491179031338.68134
        ],
        [
          5235021473830589.0,
          -6401363383608690.0,
          -253997333198391.06,
          2176159982334827.8,
          215021029291965.06,
          8484009697618.997
        ],
        [
          -210610825310262.22,
          -236052832977921.12,
          -143004675155491.75,
          215021029291965.06,
          95060559068888.64,
          4882281335837.171
        ],
        [
          27700832478648.926,
          -18756124329000.336,
          -491179031338.68134,
          8484009697618.997,
          4882281335837.171,
          1050551536669.9755
        ]
      ],
      "m_dependent_cancellation_ratio": 0.7325419059872944
    },
    {
      "domain": "code",
      "names": [
        "r_r",
        "r_m",
        "r_a",
        "m_m",
        "m_a",
        "a_a"
      ],
      "gram": [
        [
          4.887921075250211e+16,
          -3.3578117742606428e+16,
          117987742088218.61,
          5679321150406584.0,
          485477502775772.6,
          81371324687383.89
        ],
        [
          -3.3578117742606428e+16,
          2.9995436473353948e+16,
          622553633932719.6,
          -7579383056726038.0,
          -724880227362246.2,
          -54975932501059.39
        ],
        [
          117987742088218.61,
          622553633932719.6,
          226991389414319.25,
          -366253209235969.3,
          -125346896194387.98,
          -2880591064388.7056
        ],
        [
          5679321150406584.0,
          -7579383056726038.0,
          -366253209235969.3,
          2820740886904089.5,
          312675708781173.25,
          12086312563130.38
        ],
        [
          485477502775772.6,
          -724880227362246.2,
          -125346896194387.98,
          312675708781173.25,
          95327320028652.53,
          4715411652939.543
        ],
        [
          81371324687383.89,
          -54975932501059.39,
          -2880591064388.7056,
          12086312563130.38,
          4715411652939.543,
          607409295678.1583
        ]
      ],
      "m_dependent_cancellation_ratio": 0.7171882787374824
    }
  ],
  "seconds": 7.1942615730222315,
  "scope": "Exact native source-block numerator with shared frozen normalization. Component removals are not full upstream source interventions. Reused data, no student fit or semantic claim."
}
