{
 "replay_max_abs": 1.239776611328125e-05,
 "text": {
  "pairs": 43,
  "unit": 701,
  "contrast_mean": 18.781227111816406,
  "sign_constancy": 0.6976743936538696,
  "moved": {
   "FIVE_W": 0.4355475902557373,
   "REST_W": 0.000633731484413147,
   "ALL_W": 0.7575244903564453
  },
  "margin_closed": {
   "FIVE_W": 0.4115847945213318,
   "REST_W": 0.13671985268592834,
   "ALL_W": 0.9425185918807983
  }
 },
 "panel": {
  "skipped": "pronoun slot, natural pairs",
  "rows": 43
 }
}
person writes into the answer {'FIVE_W': 0.412, 'REST_W': 0.137, 'ALL_W': 0.943}
{
  "predictions": {
    "pred_a_baseline_replays": true,
    "pred_b_four_writes_into_the_answer_carry": false,
    "pred_c_rest_of_their_blocks_small": true,
    "pred_d_all_writes_into_the_answer": true,
    "pred_e_four_below_all": true
  },
  "forwards": 8
}
