{
 "replay_max_abs": 1.239776611328125e-05,
 "text": {
  "pairs": 48,
  "gap_mean": 4.0962815284729,
  "closed": {
   "H53_N1": 0.0933808982372284,
   "FIVE_2": 0.6385578513145447,
   "FIVE2_53": 0.7305514216423035,
   "FIVEN_53": 0.4485519230365753
  }
 },
 "panel": {
  "pairs": 48,
  "gap_mean": 4.0962815284729,
  "closed": {
   "H53_N1": 0.0933808982372284,
   "FIVE_2": 0.6385578513145447,
   "FIVE2_53": 0.7305514216423035,
   "FIVEN_53": 0.4485519230365753
  }
 }
}
{
  "predictions": {
    "pred_a_baseline_replays": true,
    "pred_b_5_3_routes_through_the_readers_post_noun_read": false,
    "pred_c_5_3_adds_to_the_readers_noun_read": true,
    "pred_d_5_3_replays": true,
    "pred_e_five_two_sites_replays": true
  },
  "forwards": 15
}
