layer 0 mean-ablation costs: 0.0=+0.0016 0.1=+0.0003 0.2=+0.0006 0.3=+0.0617 0.4=+0.0010 0.5=+0.0013 0.6=+0.0032 0.7=+0.0035 0.8=+0.0047
layer 1 mean-ablation costs: 1.0=+0.0021 1.1=+0.0248 1.2=+0.0011 1.3=+0.0095 1.4=+0.0124 1.5=+0.0052 1.6=+0.0015 1.7=+0.0032 1.8=+0.0071
layer 2 mean-ablation costs: 2.0=+0.0036 2.1=+0.0007 2.2=+0.0078 2.3=+0.0112 2.4=+0.0008 2.5=+0.0280 2.6=+0.0104 2.7=+0.0060 2.8=+0.0041
layer 3 mean-ablation costs: 3.0=+0.0058 3.1=+0.0027 3.2=+0.0020 3.3=+0.0038 3.4=+0.0068 3.5=+0.0104 3.6=+0.0067 3.7=+0.0024 3.8=+0.0123
layer 4 mean-ablation costs: 4.0=+0.0140 4.1=+0.0137 4.2=+0.0013 4.3=+0.0030 4.4=+0.0028 4.5=+0.0121 4.6=+0.0032 4.7=+0.0092 4.8=+0.0035
layer 5 mean-ablation costs: 5.0=+0.0051 5.1=+0.0028 5.2=+0.0035 5.3=+0.0096 5.4=+0.0038 5.5=+0.0118 5.6=+0.0085 5.7=+0.0124 5.8=+0.0096
layer 6 mean-ablation costs: 6.0=+0.0010 6.1=+0.0107 6.2=+0.0005 6.3=+0.0229 6.4=+0.0005 6.5=+0.0022 6.6=+0.0014 6.7=+0.0078 6.8=+0.0007
layer 7 mean-ablation costs: 7.0=+0.0123 7.1=+0.0026 7.2=+0.0030 7.3=+0.0023 7.4=+0.0007 7.5=+0.0017 7.6=-0.0002 7.7=+0.0043 7.8=+0.0201
layer 8 mean-ablation costs: 8.0=+0.0000 8.1=+0.0064 8.2=+0.0035 8.3=+0.0086 8.4=+0.0028 8.5=+0.0004 8.6=+0.0008 8.7=+0.0038 8.8=+0.0033
layer 9 mean-ablation costs: 9.0=+0.0002 9.1=+0.0041 9.2=+0.0001 9.3=+0.0010 9.4=+0.0021 9.5=+0.0005 9.6=+0.0045 9.7=+0.0205 9.8=+0.0043
layer 10 mean-ablation costs: 10.0=+0.0006 10.1=+0.0017 10.2=+0.0044 10.3=+0.0015 10.4=+0.0023 10.5=+0.0041 10.6=+0.0009 10.7=+0.0006 10.8=+0.0010
layer 11 mean-ablation costs: 11.0=+0.0011 11.1=+0.0037 11.2=+0.0103 11.3=+0.0039 11.4=+0.0007 11.5=+0.0016 11.6=+0.0082 11.7=+0.0004 11.8=+0.0004
layer 12 mean-ablation costs: 12.0=+0.0008 12.1=+0.0008 12.2=+0.0005 12.3=+0.0009 12.4=+0.0019 12.5=+0.0002 12.6=+0.0014 12.7=+0.0010 12.8=+0.0007
layer 13 mean-ablation costs: 13.0=+0.0052 13.1=+0.0006 13.2=+0.0010 13.3=+0.0017 13.4=+0.0003 13.5=+0.0022 13.6=+0.0006 13.7=+0.0003 13.8=+0.0034
layer 14 mean-ablation costs: 14.0=+0.0022 14.1=+0.0020 14.2=+0.0004 14.3=+0.0009 14.4=+0.0077 14.5=+0.0003 14.6=+0.0033 14.7=+0.0014 14.8=+0.0005
layer 15 mean-ablation costs: 15.0=+0.0005 15.1=+0.0023 15.2=+0.0003 15.3=+0.0012 15.4=+0.0007 15.5=+0.0006 15.6=+0.0001 15.7=+0.0004 15.8=+0.0002
layer 16 mean-ablation costs: 16.0=+0.0022 16.1=+0.0002 16.2=+0.0009 16.3=+0.0032 16.4=+0.0023 16.5=+0.0013 16.6=+0.0001 16.7=+0.0004 16.8=+0.0007
layer 17 mean-ablation costs: 17.0=+0.0015 17.1=+0.0011 17.2=+0.0028 17.3=+0.0004 17.4=+0.0010 17.5=+0.0002 17.6=+0.0018 17.7=+0.0007 17.8=+0.0008
native 3.13241 | top heads by mean-ablation cost: 0.3:0.062 2.5:0.028 1.1:0.025 6.3:0.023 9.7:0.020 7.8:0.020 4.0:0.014 4.1:0.014 5.7:0.012 1.4:0.012 7.0:0.012 3.8:0.012
layer sums: 0:0.078 1:0.067 2:0.073 3:0.053 4:0.063 5:0.067 6:0.048 7:0.047 8:0.030 9:0.037 10:0.017 11:0.030 12:0.008 13:0.015 14:0.019 15:0.006 16:0.011 17:0.010 | median head 0.0021 | heads >= 0.02: 6, median kernel recovery 0.82
{
  "predictions": {
    "pred_a_native_replays": true,
    "pred_b_57_is_costliest": false,
    "pred_c_layer5_carries_most": false,
    "pred_d_median_head_small": true,
    "pred_e_kernel_recovery_median": true
  },
  "forwards": 993
}
