{
  "pred_a": true,
  "pred_b": true,
  "pred_c": true,
  "pred_d": true,
  "pred_e": true,
  "terminal": "fresh_midpoint_screen_pass",
  "capable_cells": 21,
  "total_cells": 24,
  "attenuation_positive_fraction": 0.8571428571428571,
  "attenuation_mean": 0.025829551217544017,
  "target_rms_logits": 0.025550264216033954,
  "null_target_rms_logits": [
    0.0015490072563001782,
    0.003350439252337598,
    0.0014469271779129183,
    0.0033269408039175983,
    0.001439061322976598,
    0.003644794770857204,
    0.0006920260035506705,
    0.0023041412266361417,
    0.002903406657543633,
    0.0024446866631335166,
    0.0022456400755180646,
    0.0011407418959723378,
    0.001429753928308722,
    0.0024794688910712106,
    0.001982217577079983,
    0.0017236795130022573
  ],
  "target_over_median_null": 12.086624629063914,
  "nulls_beaten": 16,
  "control_over_target_rms": [
    0.09712468758860454,
    0.044935455878507086,
    0.06303823670883305,
    0.08520275691076647
  ],
  "full_replay_errors": [
    2.3502939704867468e-05,
    0.000197657963950224,
    0.0005156107501864506,
    0.00038466068305976483,
    0.00036444340222212143
  ],
  "half_full_target_error": 0.0015554472609205542,
  "max_write_error": 2.138854711120075e-07,
  "max_table_error": 2.1897139390603115e-07,
  "max_null_norm_error": 1.7767241899946384e-07,
  "body_forwards": 960,
  "seconds": 16.292272353777662,
  "contexts": 4,
  "token_sequences": 8,
  "rows": 48,
  "panel_status": "fresh at freeze; source-disjoint from two earlier panels",
  "program_sha256": "b8faca4a604472ca857799ab77a522b6e956e8b938d01e44493e037847a143a0",
  "scope": "Paired midpoint, same-head equal-norm nulls, four controls; conditional native suffix. Earlier strict replay failure remains. No independent composition or broad-model adoption."
}
