{
 "replay_max_abs": 2.1457672119140625e-05,
 "text": {
  "pairs": 45,
  "gap_mean": {
   "verb": 4.247371196746826,
   "are_is": 2.1876418590545654,
   "were_was": 2.05972957611084
  },
  "closed": {
   "LATE_N": {
    "verb": 7.640353238969055e-09,
    "are_is": 4.541011566772113e-09
   },
   "LATE_A": {
    "verb": 0.07906179875135422,
    "are_is": 0.09537670016288757
   },
   "HUB_N": {
    "verb": 0.055856142193078995,
    "are_is": 0.055175747722387314
   },
   "HUB_A": {
    "verb": 0.030757779255509377,
    "are_is": 0.029909027740359306
   }
  }
 },
 "panel": {
  "skipped": "verb slot only (price)",
  "verb_slot_rows": 45
 }
}
{
  "predictions": {
    "pred_a_baseline_replays": true,
    "pred_b_late_units_at_the_noun_inert": true,
    "pred_c_late_units_at_the_verb_replay": true,
    "pred_d_hub_units_at_the_noun_replay": true,
    "pred_e_hub_units_at_the_verb_replay": true
  },
  "forwards": 10
}
