{
  "predictions": {
    "pred_a_instrument": true,
    "pred_b_absolute": false,
    "pred_c_retention": false
  },
  "summary": [
    {
      "seed": 1001,
      "domain": "fineweb",
      "alpha": 0.25,
      "condition": "newline",
      "n": 106,
      "prefixes": 16,
      "error": 0.041824908242500965,
      "reference_energy": 215701.85645491222,
      "native_case_mean": -0.09966521892907484,
      "native_case_mean_abs": 0.18406618766064914,
      "candidate_case_mean": -0.09627330528115327
    },
    {
      "seed": 1001,
      "domain": "fineweb",
      "alpha": 0.25,
      "condition": "other",
      "n": 3718,
      "prefixes": 16,
      "error": 0.13004331886778284,
      "reference_energy": 2892250.276408983,
      "native_case_mean": 0.09562525805636976,
      "native_case_mean_abs": 0.10887202875405118,
      "candidate_case_mean": 0.0907501157347139
    },
    {
      "seed": 1001,
      "domain": "fineweb",
      "alpha": 1.0,
      "condition": "newline",
      "n": 106,
      "prefixes": 16,
      "error": 0.04008306077609545,
      "reference_energy": 2904722.0061522387,
      "native_case_mean": -0.6332855854394301,
      "native_case_mean_abs": 0.8838596973779067,
      "candidate_case_mean": -0.6240519307694345
    },
    {
      "seed": 1001,
      "domain": "fineweb",
      "alpha": 1.0,
      "condition": "other",
      "n": 3718,
      "prefixes": 16,
      "error": 0.13180190928761282,
      "reference_energy": 34400248.10650786,
      "native_case_mean": 0.395614021628566,
      "native_case_mean_abs": 0.4463297002350149,
      "candidate_case_mean": 0.3821278178865003
    },
    {
      "seed": 1001,
      "domain": "stdlib",
      "alpha": 0.25,
      "condition": "newline",
      "n": 210,
      "prefixes": 16,
      "error": 0.06334726963506902,
      "reference_energy": 43735.32198269991,
      "native_case_mean": 0.0026822544279552643,
      "native_case_mean_abs": 0.00947889146350679,
      "candidate_case_mean": 0.0023299353463309153
    },
    {
      "seed": 1001,
      "domain": "stdlib",
      "alpha": 0.25,
      "condition": "other",
      "n": 3614,
      "prefixes": 16,
      "error": 0.09644484034302661,
      "reference_energy": 3299855.3315359964,
      "native_case_mean": 0.14002239921835818,
      "native_case_mean_abs": 0.14616528042918356,
      "candidate_case_mean": 0.12724150592738512
    },
    {
      "seed": 1001,
      "domain": "stdlib",
      "alpha": 1.0,
      "condition": "newline",
      "n": 210,
      "prefixes": 16,
      "error": 0.06299645914112964,
      "reference_energy": 630547.9171129924,
      "native_case_mean": -0.0004489489964076451,
      "native_case_mean_abs": 0.03921381178356352,
      "candidate_case_mean": -0.0018445605323428199
    },
    {
      "seed": 1001,
      "domain": "stdlib",
      "alpha": 1.0,
      "condition": "other",
      "n": 3614,
      "prefixes": 16,
      "error": 0.08643130504492365,
      "reference_energy": 35347071.25008634,
      "native_case_mean": 0.5277570754570003,
      "native_case_mean_abs": 0.5509712504760033,
      "candidate_case_mean": 0.4882885978310294
    },
    {
      "seed": 1002,
      "domain": "fineweb",
      "alpha": 0.25,
      "condition": "newline",
      "n": 106,
      "prefixes": 16,
      "error": 0.0504166591688066,
      "reference_energy": 215701.85645491222,
      "native_case_mean": -0.09966521892907484,
      "native_case_mean_abs": 0.18406618766064914,
      "candidate_case_mean": -0.09497853944886406
    },
    {
      "seed": 1002,
      "domain": "fineweb",
      "alpha": 0.25,
      "condition": "other",
      "n": 3718,
      "prefixes": 16,
      "error": 0.13952448933872097,
      "reference_energy": 2892250.276408983,
      "native_case_mean": 0.09562525805636976,
      "native_case_mean_abs": 0.10887202875405118,
      "candidate_case_mean": 0.08973932702288696
    },
    {
      "seed": 1002,
      "domain": "fineweb",
      "alpha": 1.0,
      "condition": "newline",
      "n": 106,
      "prefixes": 16,
      "error": 0.04995539513819079,
      "reference_energy": 2904722.0061522387,
      "native_case_mean": -0.6332855854394301,
      "native_case_mean_abs": 0.8838596973779067,
      "candidate_case_mean": -0.6163074205506522
    },
    {
      "seed": 1002,
      "domain": "fineweb",
      "alpha": 1.0,
      "condition": "other",
      "n": 3718,
      "prefixes": 16,
      "error": 0.13416165876688801,
      "reference_energy": 34400248.10650786,
      "native_case_mean": 0.395614021628566,
      "native_case_mean_abs": 0.4463297002350149,
      "candidate_case_mean": 0.3791247128542551
    },
    {
      "seed": 1002,
      "domain": "stdlib",
      "alpha": 0.25,
      "condition": "newline",
      "n": 210,
      "prefixes": 16,
      "error": 0.06104958193547097,
      "reference_energy": 43735.32198269991,
      "native_case_mean": 0.0026822544279552643,
      "native_case_mean_abs": 0.00947889146350679,
      "candidate_case_mean": 0.0023422377450125556
    },
    {
      "seed": 1002,
      "domain": "stdlib",
      "alpha": 0.25,
      "condition": "other",
      "n": 3614,
      "prefixes": 16,
      "error": 0.1130629771013031,
      "reference_energy": 3299855.3315359964,
      "native_case_mean": 0.14002239921835818,
      "native_case_mean_abs": 0.14616528042918356,
      "candidate_case_mean": 0.12433075363885386
    },
    {
      "seed": 1002,
      "domain": "stdlib",
      "alpha": 1.0,
      "condition": "newline",
      "n": 210,
      "prefixes": 16,
      "error": 0.060152684127035984,
      "reference_energy": 630547.9171129924,
      "native_case_mean": -0.0004489489964076451,
      "native_case_mean_abs": 0.03921381178356352,
      "candidate_case_mean": -0.001526460193452381
    },
    {
      "seed": 1002,
      "domain": "stdlib",
      "alpha": 1.0,
      "condition": "other",
      "n": 3614,
      "prefixes": 16,
      "error": 0.09783558836012439,
      "reference_energy": 35347071.25008634,
      "native_case_mean": 0.5277570754570003,
      "native_case_mean_abs": 0.5509712504760033,
      "candidate_case_mean": 0.4796401398842943
    }
  ],
  "program_sha256": {
    "1001": "84f0e00dd65a74ca2f1a48005ad2d305dcfb6c82ed433fe5ac3391ddaef3a5c6",
    "1002": "f24740146204f698cfc7520ad2031a111cec8bfac5da6f9a373f558b2b9c6b61"
  },
  "reader_replay": 2.384185791015625e-07,
  "maximum_native_replay": 4.729075442355679e-08,
  "maximum_zero_edit": 0.0,
  "prior_reference_energy_replay": 0.0,
  "seconds": 1.8155573322437704,
  "scope": "Frozen two CP candidates; native root1 projected quartic removal at quarter/full strength, actual final RMSNorm/softcap, same original denominator/otherbranches. OpenedFineWeb/code panels. Selectivity previouslyfailed andnotreset. No OOD or semanticadoption claim. Eachcandidate1536products848912storedfloatsincludingcommonwriter; prunedconditionalprogramrank256 withtwoquartic-reusedpaircorrectionsandconstant. Compareparent512CPcost1536products2385920floats. Openedpanelretention, notfreshvalidation."
}
