{
 "recon": 1.4279206186914173e-07,
 "split_exact": 1.4844878181442073e-07,
 "replay_x16": 8.349867394617708e-07,
 "replay_rows": 6.743598062524765e-07,
 "replay_target": 1.2077519284397088e-06,
 "replay_direct": 9.666614683207593e-08,
 "parent_identity": 1.0480018517258986e-15,
 "group_energy": {
  "S": 0.44290390954696623,
  "C": 0.2993543313308259,
  "cross": 0.25774176022219086
 },
 "pr": {
  "S": 119.97965055045536,
  "C": 54.463321922188506,
  "x": 145.8689010914724
 },
 "s40": 0.09014546871185303,
 "mixed": 0.753782331943512,
 "residual_context_share": 0.833232581615448,
 "mean_small_share": [
  0.09014546126127243,
  0.1370907872915268,
  0.2533194124698639,
  0.36337217688560486,
  0.156072199344635
 ],
 "mean_small_residual_share": [
  0.16676752269268036,
  0.1842406839132309,
  0.33513617515563965,
  0.2732102572917938,
  0.040645331144332886
 ],
 "resid_energy_share_small": 0.18047702118861217,
 "predictions": {
  "pred_a_instrument": true,
  "pred_b_state_piece_dominates": false,
  "pred_c_context_low_dimensional": false,
  "pred_d_mixed_pieces_live": true,
  "pred_e_residual_in_context_pieces": true
 },
 "forwards": 13
}
{"pred_a_instrument": true, "pred_b_state_piece_dominates": false, "pred_c_context_low_dimensional": false, "pred_d_mixed_pieces_live": true, "pred_e_residual_in_context_pieces": true}
