{
 "replay_max_abs": 2.384185791015625e-05,
 "text": {
  "pairs": 79,
  "gap_mean": {
   "verb": 3.139129638671875,
   "are_is": 1.641675353050232,
   "were_was": 1.497454285621643
  },
  "closed": {
   "h113_n": {
    "verb": 0.14725004136562347,
    "are_is": 0.14968296885490417
   },
   "j113_53": {
    "verb": 0.23611994087696075,
    "are_is": 0.23705530166625977
   },
   "j4_53": {
    "verb": 0.4337010383605957,
    "are_is": 0.4337257742881775
   },
   "jfull": {
    "verb": 0.5157636404037476,
    "are_is": 0.5160012245178223
   }
  }
 },
 "panel": {
  "skipped": "distant rows only",
  "distant_rows": 79
 }
}
{
  "predictions": {
    "pred_a_baseline_replays": true,
    "pred_b_early_and_late_routes_add": true,
    "pred_c_five_verb_readers_add": true,
    "pred_d_full_verb_named_set": true,
    "pred_e_11_3_replays": true
  },
  "forwards": 15
}
