{
 "readers": {
  "9.6": {
   "cos_contrast_by_head": {
    "0": -0.00038212514482438564,
    "1": 0.0011153626255691051,
    "2": 0.00030881917336955667,
    "3": -0.0022721015848219395,
    "4": -0.002842717571184039,
    "5": -0.0004455249581951648,
    "6": 0.11163002997636795,
    "7": -0.006077016703784466,
    "8": -0.0014261254109442234
   },
   "reader_rank": 1,
   "cos_identity": 0.03303166478872299,
   "energy_share_along_T": 0.012461263592524807,
   "corr_transport_vs_projection": 0.710856556892395,
   "mean_transport": 3139.886962890625,
   "d_norm": 4.928627014160156
  },
  "12.4": {
   "cos_contrast_by_head": {
    "0": -0.0007149251759983599,
    "1": 7.114004984032363e-05,
    "2": 0.0014169805217534304,
    "3": 0.00022954134328756481,
    "4": 0.08818728476762772,
    "5": -0.0016733381198719144,
    "6": 0.00030046497704461217,
    "7": 0.00073153933044523,
    "8": 0.00022534013260155916
   },
   "reader_rank": 1,
   "cos_identity": 0.05466466769576073,
   "energy_share_along_T": 0.007776997194686663,
   "corr_transport_vs_projection": 0.5171995162963867,
   "mean_transport": 2837.7490234375,
   "d_norm": 5.002532005310059
  },
  "15.1": {
   "cos_contrast_by_head": {
    "0": 0.00011382799129933119,
    "1": -0.020174449309706688,
    "2": 0.0005948634352535009,
    "3": -0.000387245265301317,
    "4": -6.117666634963825e-05,
    "5": 0.0001904418459162116,
    "6": 0.0002270764234708622,
    "7": -0.0012034320970997214,
    "8": -0.0005579350981861353
   },
   "reader_rank": 9,
   "cos_identity": -0.08438096195459366,
   "energy_share_along_T": 0.00040700840494992466,
   "corr_transport_vs_projection": -0.6038903594017029,
   "mean_transport": -672.7863159179688,
   "d_norm": 5.985686779022217
  }
 },
 "closure_max": 2.004890973239526e-07
}
{
  "predictions": {
    "pred_a_capture_closure": true,
    "pred_b_readers_score_the_contrast_template": false,
    "pred_c_identity_template_small": false,
    "pred_d_rank_one_map_predicts_per_pair_transport": false,
    "pred_e_template_is_a_small_part_of_the_map": true
  },
  "forwards": 4
}
