{
 "native_margin": 2.3956499341875315,
 "change_top50": -0.4502972746267915,
 "change_rel": -0.18796455533871928,
 "null_max_abs": 0.00786614790558815,
 "top10_per_layer": {
  "3": [
   3465,
   114,
   493,
   1638,
   2033,
   1450,
   4040,
   1987,
   4425,
   2617
  ],
  "5": [
   1036,
   2403,
   4038,
   2538,
   1601,
   3274,
   3034,
   3940,
   3218,
   3846
  ],
  "6": [
   2483,
   2826,
   1868,
   852,
   3671,
   738,
   4179,
   1018,
   355,
   69
  ],
  "7": [
   1779,
   4361,
   1845,
   3603,
   4415,
   46,
   3153,
   3550,
   834,
   490
  ],
  "8": [
   829,
   953,
   1030,
   1484,
   3152,
   1738,
   684,
   3205,
   2092,
   1959
  ]
 }
}
{
  "predictions": {
    "pred_a_native_margin_positive": true,
    "pred_b_top50_lowers_margin_on_text": true,
    "pred_c_beats_random_sets_on_text": true,
    "pred_d_exceeds_six_on_text": true,
    "pred_e_within_2x_of_panel": true
  },
  "forwards": 31
}
