head 2.0: d1=0.1746/0.98/r1 d2=0.1618/0.98/r1 d4=0.1002/0.98/r1 d8=0.0490/0.96/r1 d16=0.0095/0.70/r6 d32=0.0042/0.54/r32 d64=0.0043/0.51/r34
head 2.1: d1=0.0270/0.52/r6 d2=0.0301/0.53/r6 d4=0.0376/0.53/r5 d8=0.0396/0.58/r5 d16=0.0354/0.58/r6 d32=0.0273/0.59/r7 d64=0.0195/0.55/r10
head 2.2: d1=0.3245/0.97/r1 d2=0.3159/0.98/r1 d4=0.1753/0.97/r1 d8=0.0717/0.91/r1 d16=0.0214/0.57/r13 d32=0.0054/0.47/r12 d64=0.0028/0.44/r36
head 2.3: d1=0.0891/0.87/r3 d2=0.1060/0.92/r1 d4=0.0651/0.87/r3 d8=0.0362/0.77/r9 d16=0.0250/0.74/r13 d32=0.0095/0.55/r24 d64=0.0030/0.45/r75
head 2.4: d1=0.0672/0.95/r1 d2=0.0711/0.95/r1 d4=0.0681/0.95/r1 d8=0.0560/0.95/r1 d16=0.0436/0.94/r1 d32=0.0259/0.90/r2 d64=0.0126/0.77/r4
head 2.5: d1=0.0185/0.08/r287 d2=0.0192/0.07/r277 d4=0.0209/0.08/r259 d8=0.0234/0.11/r210 d16=0.0255/0.12/r176 d32=0.0229/0.09/r258 d64=0.0208/0.08/r320
head 2.6: d1=0.5179/1.00/r1 d2=0.4672/1.00/r1 d4=0.0730/0.95/r1 d8=0.0657/0.97/r1 d16=0.0176/0.73/r3 d32=0.0241/0.98/r1 d64=0.0148/0.96/r1
head 2.7: d1=0.3351/0.99/r1 d2=0.3387/0.99/r1 d4=0.2622/0.99/r1 d8=0.2183/0.99/r1 d16=0.1406/0.98/r1 d32=0.0884/0.97/r1 d64=0.0452/0.96/r1
head 2.8: d1=0.2645/0.97/r1 d2=0.1944/0.96/r1 d4=0.0467/0.73/r5 d8=0.0548/0.86/r3 d16=0.0274/0.82/r5 d32=0.0246/0.92/r1 d64=0.0027/0.46/r34
separable set: [0, 2, 3, 4, 6, 7, 8]
  head 2.0 program residual d1=0.016 d2=0.022 d4=0.066 d8=0.164 d16=0.821 d32=0.908 d64=0.983 | kappa(1..8) [0.0014, 0.0013, 0.0011, 0.0008, 0.0006, 0.0005, 0.0004, 0.0004]
  head 2.2 program residual d1=0.029 d2=0.049 d4=0.178 d8=0.276 d16=0.803 d32=0.877 d64=0.973 | kappa(1..8) [0.0008, 0.0007, 0.0006, 0.0004, 0.0003, 0.0002, 0.0002, 0.0001]
  head 2.3 program residual d1=0.125 d2=0.127 d4=0.337 d8=0.483 d16=0.532 d32=0.778 d64=0.981 | kappa(1..8) [0.0029, 0.0035, 0.0029, 0.0019, 0.001, 0.0007, 0.0008, 0.0009]
  head 2.4 program residual d1=0.053 d2=0.054 d4=0.060 d8=0.088 d16=0.118 d32=0.249 d64=0.515 | kappa(1..8) [0.0037, 0.0039, 0.0039, 0.0038, 0.0035, 0.0033, 0.0032, 0.0031]
  head 2.6 program residual d1=0.005 d2=0.026 d4=0.363 d8=0.127 d16=0.724 d32=0.180 d64=0.321 | kappa(1..8) [0.0005, 0.0004, 0.0002, 0.0001, 0.0, 0.0, 0.0001, 0.0001]
  head 2.7 program residual d1=0.008 d2=0.011 d4=0.035 d8=0.035 d16=0.083 d32=0.132 d64=0.277 | kappa(1..8) [0.0007, 0.0007, 0.0007, 0.0006, 0.0005, 0.0005, 0.0005, 0.0005]
  head 2.8 program residual d1=0.028 d2=0.071 d4=0.684 d8=0.289 d16=0.484 d32=0.425 d64=0.964 | kappa(1..8) [0.0009, 0.0007, 0.0003, 0.0001, 0.0, 0.0001, 0.0002, 0.0002]
real kernels kbar(1..6) and mean row sum: 2.0: [0.0723, 0.0739, 0.0682, 0.0602, 0.0521, 0.0445] sum +0.566 | 2.1: [-0.0188, -0.0077, -0.0024, 0.0007, 0.0026, 0.0034] sum +0.330 | 2.2: [0.1506, 0.1276, 0.0903, 0.0569, 0.0338, 0.02] sum +0.461 | 2.3: [0.0416, 0.027, 0.0191, 0.0144, 0.0116, 0.0098] sum +0.210 | 2.4: [0.0123, 0.0054, 0.002, -0.0003, -0.0016, -0.0022] sum -0.789 | 2.5: [-0.0024, -0.0025, -0.0025, -0.0021, -0.002, -0.002] sum -0.257 | 2.6: [0.2366, 0.1053, 0.0409, 0.0106, -0.0004, -0.0018] sum +0.372 | 2.7: [-0.0213, -0.0315, -0.035, -0.0357, -0.0332, -0.0298] sum -1.068 | 2.8: [0.09, 0.0111, -0.0083, -0.0103, -0.0071, -0.0047] sum -0.012
native 3.13241 | prog|0=+0.0013 prog|2=+0.0094 prog|3=+0.0096 prog|4=+0.0022 prog|6=+0.1631 prog|7=+0.9481 prog|8=+0.0090 kernel|0=+0.0017 kernel|1=+0.0008 kernel|2=+0.0034 kernel|3=+0.0090 kernel|4=+0.0004 kernel|5=+0.0252 kernel|6=+0.0015 kernel|7=+0.0020 kernel|8=+0.0024 set=+2.0226 twelve=+0.0364 twelve_plus_set=+3.0816
{
  "predictions": {
    "pred_a_native_replays": true,
    "pred_b_some_layer2_heads_separable": true,
    "pred_c_separable_programs_cheap": true,
    "pred_d_layer2_set_under_bar": false,
    "pred_e_composes_with_twelve": true
  },
  "forwards": 135
}
