{
  "pred_a": true,
  "pred_b": true,
  "pred_c": false,
  "pred_d": true,
  "pred_e": true,
  "pred_f": true,
  "variants": {
    "archive_card": {
      "capable_pairs": 24,
      "native_pairs": 24,
      "parent_rms_logits": 0.03611665025194794,
      "prediction_error": 0.9142731409316153,
      "attenuation_positive_fraction": 1.0,
      "attenuation_mean": 0.23413739594614505,
      "target_rms_logits": 0.3683321232907733,
      "target_over_null_median": 14.9626151128265,
      "nulls_beaten": 16,
      "null_readout_rms_logits": [
        [
          0.025130844962833528,
          0.00571693598676204,
          0.005224238048315092,
          0.002085127387406347,
          0.008205476064221423
        ],
        [
          0.02410281112112543,
          0.010437571606626842,
          0.0042389618117237545,
          0.00200156923523661,
          0.006435530675840135
        ],
        [
          0.03193097220643017,
          0.006994779013318376,
          0.005776273775703789,
          0.0036705059553148694,
          0.005114705632514094
        ],
        [
          0.018888355378663717,
          0.005297040863488547,
          0.008223899459090703,
          0.004271778609245323,
          0.01088764980971742
        ],
        [
          0.03127170932403087,
          0.005940374718052017,
          0.013476206062976172,
          0.0024096199874228813,
          0.012545821272492434
        ],
        [
          0.020323656272299487,
          0.006468662857451409,
          0.010986688765744212,
          0.004081188826704894,
          0.008064539495572745
        ],
        [
          0.023524040907009474,
          0.007495254607076315,
          0.0036886999585100445,
          0.002287195247569039,
          0.00490605375312791
        ],
        [
          0.026916067069296893,
          0.006310442376674333,
          0.0075403782801972755,
          0.002706629246665009,
          0.008939107603767961
        ],
        [
          0.02775115185479222,
          0.009183412536437662,
          0.005304373178741684,
          0.0037239410722135183,
          0.00898350951323907
        ],
        [
          0.015058871037956237,
          0.007295511124212445,
          0.006637685005575569,
          0.003959671000390566,
          0.006708987989734379
        ],
        [
          0.02639131143333011,
          0.009404916237774676,
          0.015686270059377234,
          0.001883498348182527,
          0.00569982502356991
        ],
        [
          0.06355783764195003,
          0.011635841539478692,
          0.01447185296470243,
          0.007087220287525964,
          0.01714806879514612
        ],
        [
          0.02154408771162937,
          0.009239004348022727,
          0.011877250916164928,
          0.00440586703582707,
          0.011837555722510962
        ],
        [
          0.022848932871833982,
          0.011538544782526267,
          0.005662478659060808,
          0.0039053125194192864,
          0.003828988774918705
        ],
        [
          0.03796988711606242,
          0.0060973011637016055,
          0.015604003707307926,
          0.005776363911842165,
          0.01734440093133022
        ],
        [
          0.017105839197913784,
          0.008044863708106264,
          0.007270973706346621,
          0.005246185246167752,
          0.012966941629233201
        ]
      ],
      "control_over_target_rms": [
        0.09831403771786512,
        0.12453023088564191,
        0.09527378355147122,
        0.18205798718006647
      ]
    },
    "instruction_first": {
      "capable_pairs": 24,
      "native_pairs": 24,
      "parent_rms_logits": 0.03441944227074556,
      "prediction_error": 0.9381572925849262,
      "attenuation_positive_fraction": 1.0,
      "attenuation_mean": 0.21860290641382285,
      "target_rms_logits": 0.3619507671032087,
      "target_over_null_median": 8.58598541369724,
      "nulls_beaten": 16,
      "null_readout_rms_logits": [
        [
          0.028560732719326003,
          0.006544280260366036,
          0.004166618550564515,
          0.002756765884090802,
          0.011112739497394017
        ],
        [
          0.05352964329396991,
          0.0164181766126915,
          0.010184028326926527,
          0.005253943166145246,
          0.011496761280259482
        ],
        [
          0.04807175028636035,
          0.009526256935434912,
          0.007778796966849303,
          0.005049908416652053,
          0.00815273920141463
        ],
        [
          0.057393929658333113,
          0.012579952705566397,
          0.004003789226552457,
          0.003617552809182478,
          0.00958699328122239
        ],
        [
          0.05200698699584077,
          0.011022307549992661,
          0.009289849876359127,
          0.005763187690932875,
          0.014638396780999518
        ],
        [
          0.041680960306214716,
          0.0057454241693228195,
          0.008511004136386679,
          0.003974496037788115,
          0.006536835118998855
        ],
        [
          0.03716451109096836,
          0.009831543551866148,
          0.006008011483406779,
          0.005594791534148644,
          0.0055544860740469075
        ],
        [
          0.03511973490164933,
          0.008256833407489,
          0.01303778907820103,
          0.004900479182028263,
          0.008606115989124441
        ],
        [
          0.042631031774691436,
          0.010605541944732408,
          0.011224136645599939,
          0.00680291551082093,
          0.012160968708309166
        ],
        [
          0.02993439938984313,
          0.012225588340036252,
          0.008130303377811492,
          0.004103744543339566,
          0.010550884574421665
        ],
        [
          0.033377713797103394,
          0.012579003196937312,
          0.007060415235436265,
          0.004873414539511006,
          0.010991209312015651
        ],
        [
          0.026083484745699593,
          0.009481520832028661,
          0.005862213277695802,
          0.0049870134400911235,
          0.007523257268598785
        ],
        [
          0.04031205820068154,
          0.009350789664707855,
          0.010501151958043168,
          0.00554161255177444,
          0.008801408202010082
        ],
        [
          0.05349470775713949,
          0.010230583209736969,
          0.011811203211365986,
          0.0057625972256281745,
          0.013963235935144468
        ],
        [
          0.04798642610843157,
          0.006743618534921979,
          0.009394431928163468,
          0.007569092606529489,
          0.009321960227574524
        ],
        [
          0.04267144870521604,
          0.011161385014069504,
          0.010193410495535163,
          0.006251496428242488,
          0.010649500942125256
        ]
      ],
      "control_over_target_rms": [
        0.10147797818304563,
        0.11026688311552858,
        0.09539770103629484,
        0.15326234885057521
      ]
    },
    "unquoted_prose": {
      "capable_pairs": 24,
      "native_pairs": 24,
      "parent_rms_logits": 0.034904129415818344,
      "prediction_error": 0.9105739983154455,
      "attenuation_positive_fraction": 1.0,
      "attenuation_mean": 0.2213238008618721,
      "target_rms_logits": 0.3396847795701874,
      "target_over_null_median": 13.599253799363332,
      "nulls_beaten": 16,
      "null_readout_rms_logits": [
        [
          0.023053682765632907,
          0.00453813567973487,
          0.004263391178900306,
          0.0028275535412434203,
          0.005163669463025861
        ],
        [
          0.020588198534587845,
          0.010074352459854363,
          0.005874532511848741,
          0.0031935762991055975,
          0.006319564234063995
        ],
        [
          0.03275843454938704,
          0.008154655251396765,
          0.01082435440708448,
          0.003172631725215825,
          0.007566890184870519
        ],
        [
          0.03699972768589628,
          0.008946948793644416,
          0.008803239623196436,
          0.0021986159951205638,
          0.008345386692317576
        ],
        [
          0.019521300778060545,
          0.00747930101439497,
          0.007539182455301255,
          0.0030993397098790856,
          0.00531191436563036
        ],
        [
          0.030800941808265144,
          0.007240852825986956,
          0.007782512953951144,
          0.003436780534735007,
          0.006427665571716245
        ],
        [
          0.02614519877447639,
          0.005986166376209856,
          0.0049369336502258524,
          0.0014545704546286237,
          0.00549608386741842
        ],
        [
          0.023811186271604622,
          0.007684072337305283,
          0.006543736826584951,
          0.0022727890128022383,
          0.008226103713735142
        ],
        [
          0.018420488799678093,
          0.007449663784362683,
          0.008147067324784808,
          0.002357103619718229,
          0.008957608659171877
        ],
        [
          0.04439971392082243,
          0.009145253081377385,
          0.008061820567742909,
          0.0021181278404296972,
          0.0100992162707434
        ],
        [
          0.021342463139510003,
          0.003999346055660718,
          0.0043383346235115194,
          0.0031984201906490595,
          0.010072926438033225
        ],
        [
          0.03521036018077969,
          0.006487402341730621,
          0.0058964980644807125,
          0.0018962080122916238,
          0.018229032665680232
        ],
        [
          0.02029660193470167,
          0.008229250842758993,
          0.007364656244598631,
          0.0041194545345255565,
          0.006468791308140289
        ],
        [
          0.03823677411537862,
          0.010115161727073012,
          0.004926074090409232,
          0.0019238701808768754,
          0.005305702188131493
        ],
        [
          0.013193345084282012,
          0.012102668764903013,
          0.004053978230876204,
          0.0024725254583708675,
          0.006172301520545231
        ],
        [
          0.027749055364832256,
          0.01198142091468599,
          0.006712705278054593,
          0.002102770677693416,
          0.007318372573065385
        ]
      ],
      "control_over_target_rms": [
        0.12957516544265438,
        0.09568969416485228,
        0.04124820797796357,
        0.1417613121431726
      ]
    },
    "line_break": {
      "capable_pairs": 24,
      "native_pairs": 24,
      "parent_rms_logits": 0.03432136367404254,
      "prediction_error": 0.9321938008185099,
      "attenuation_positive_fraction": 1.0,
      "attenuation_mean": 0.2557230075674491,
      "target_rms_logits": 0.45475845963841316,
      "target_over_null_median": 9.623245786820288,
      "nulls_beaten": 16,
      "null_readout_rms_logits": [
        [
          0.1196088333289412,
          0.014537452545837265,
          0.007638029342455723,
          0.006166823581893111,
          0.029302543022751357
        ],
        [
          0.07253649658018071,
          0.01608776384675572,
          0.00891599911974854,
          0.005678898874029565,
          0.008072307503736649
        ],
        [
          0.04186547325194475,
          0.00933899159672894,
          0.007703207125917273,
          0.005053968868284919,
          0.010170609907070558
        ],
        [
          0.03351254770418941,
          0.008051494804229349,
          0.009366409665733464,
          0.003901225276701386,
          0.0068985986073791415
        ],
        [
          0.038250357171908285,
          0.01621105007408442,
          0.00611563891796145,
          0.003117599025335791,
          0.005820287241369949
        ],
        [
          0.025350893362563246,
          0.004748072875199674,
          0.007535556955314773,
          0.0048063717210792365,
          0.009830452235578208
        ],
        [
          0.053831673354943,
          0.005662344607356624,
          0.004443868330732871,
          0.002570340491105238,
          0.00805901564568118
        ],
        [
          0.05489586831997341,
          0.013246003833417624,
          0.008854827432376292,
          0.003892437565588163,
          0.011838342939616624
        ],
        [
          0.07490884117324718,
          0.012488785118723847,
          0.005158789297490721,
          0.005910460841043667,
          0.01936795726177859
        ],
        [
          0.04732653225500263,
          0.006545453157985043,
          0.006479381683029404,
          0.003710194683329539,
          0.011150422652025309
        ],
        [
          0.03551398174449251,
          0.007483894320463036,
          0.006207065389588811,
          0.0049782785783307444,
          0.010851412255879034
        ],
        [
          0.04596861333245057,
          0.010518870914262035,
          0.005955711101200956,
          0.0031623463555599854,
          0.013532968300874302
        ],
        [
          0.03575830868179675,
          0.012600816684523165,
          0.005926863370409147,
          0.0017192446553035278,
          0.006516139518911633
        ],
        [
          0.047185957545733175,
          0.010215562195692255,
          0.0069187785206350355,
          0.006451513576360924,
          0.012867570548211228
        ],
        [
          0.06324649163289844,
          0.009711411290389226,
          0.00815689244103012,
          0.004278588194006465,
          0.011269163009636797
        ],
        [
          0.05804160768583657,
          0.016691283385171278,
          0.01182495003832813,
          0.0055138681426651175,
          0.013789676811375232
        ]
      ],
      "control_over_target_rms": [
        0.10738303768977085,
        0.08752915370037438,
        0.06405769394467165,
        0.15203771872456862
      ]
    },
    "indirect_report": {
      "capable_pairs": 24,
      "native_pairs": 24,
      "parent_rms_logits": 0.029858543909073446,
      "prediction_error": 0.8889143541255405,
      "attenuation_positive_fraction": 1.0,
      "attenuation_mean": 0.25429488124464544,
      "target_rms_logits": 0.24470349011584017,
      "target_over_null_median": 14.827519669478786,
      "nulls_beaten": 16,
      "null_readout_rms_logits": [
        [
          0.034941977275217265,
          0.0028552603615716377,
          0.0030793352293329726,
          0.001097439773511458,
          0.006151295272379918
        ],
        [
          0.015312982469027799,
          0.0014195735439717736,
          0.0012764205761905758,
          0.0015311271656414586,
          0.00229693313733973
        ],
        [
          0.017693682916760482,
          0.0046112222217348925,
          0.0029011111919432712,
          0.0017591588193128895,
          0.003433851718562958
        ],
        [
          0.02319829807374453,
          0.002922147151194698,
          0.0012541727834528692,
          0.00099627655249948,
          0.006168901730242302
        ],
        [
          0.013068449409812354,
          0.002658699233008401,
          0.0023565465076455503,
          0.0010840927545775131,
          0.0035427042143894847
        ],
        [
          0.01958522406889721,
          0.00217895928452935,
          0.002385870978349075,
          0.0012466647511860556,
          0.0040171305771154985
        ],
        [
          0.010782741883552667,
          0.0027501582182171943,
          0.002780659351147511,
          0.0018061091977548257,
          0.003347897735919499
        ],
        [
          0.013829856502195233,
          0.0019085519336565534,
          0.0016393228853615824,
          0.0013005338664687754,
          0.0031890742983103405
        ],
        [
          0.014226907794896963,
          0.003646401060652335,
          0.0033582172156617655,
          0.0019185649624512042,
          0.0028354153998634123
        ],
        [
          0.014661643498178858,
          0.00135756480269741,
          0.0019404759156632567,
          0.0009743912770647909,
          0.001258026243025455
        ],
        [
          0.018848329717500254,
          0.0022300075708642703,
          0.0030745829864495706,
          0.0013929814876587137,
          0.0032996180516526303
        ],
        [
          0.014409584933950738,
          0.0022594914527406373,
          0.0026588596886167304,
          0.0012378794139262517,
          0.004658556639167787
        ],
        [
          0.01972846818282554,
          0.003180493297096516,
          0.002260112880297919,
          0.0009622524046497255,
          0.0027501864526288866
        ],
        [
          0.01260007879688478,
          0.004544325245894804,
          0.0035846060574490596,
          0.0018112440039939977,
          0.003862622989316725
        ],
        [
          0.030592587577405718,
          0.005717632345551788,
          0.0038235970994920728,
          0.003572787037673783,
          0.0025373434643933207
        ],
        [
          0.023262927618690355,
          0.0022963538663174302,
          0.0019882083005620336,
          0.0014152412698959613,
          0.0026470821908358404
        ]
      ],
      "control_over_target_rms": [
        0.11478862657377731,
        0.0442388653866414,
        0.04174453471822902,
        0.07828615159190007
      ]
    }
  },
  "max_null_norm_error": 2.0010702428407967e-07,
  "anchor_max_abs": 0.0,
  "body_forwards": 760,
  "seconds": 9.629925959045067,
  "scope": "Opened prospective rows. Same frozen half-write applied before MLP8 with all native consumers recomputed. Conditional odd-only route is a distinct counterfactual. No fresh-row confirmation or composition promotion."
}
