{
 "replay_max_abs": 1.239776611328125e-05,
 "text": {
  "pairs": 48,
  "gap_mean": 4.0962815284729,
  "closed": {
   "FIVE_N": 0.33970513939857483,
   "FIVE_2": 0.6385578513145447,
   "THREE_2": 0.533067524433136
  }
 },
 "panel": {
  "pairs": 48,
  "gap_mean": 4.0962815284729,
  "closed": {
   "FIVE_N": 0.33970513939857483,
   "FIVE_2": 0.6385578513145447,
   "THREE_2": 0.533067524433136
  }
 }
}
{
  "predictions": {
    "pred_a_baseline_replays": true,
    "pred_b_five_two_sites_on_the_panel": true,
    "pred_c_five_two_sites_exceed_three_on_the_panel": true,
    "pred_d_three_two_sites_replay_on_the_panel": true,
    "pred_e_five_noun_replays_on_the_panel": true
  },
  "forwards": 12
}
