{"arm": "uniform", "training": {"objective": 0.003144690347402039, "selected_step": 100, "history": [{"step": 0, "objective": 0.05145923577134444}, {"step": 25, "objective": 0.010449715447914452}, {"step": 50, "objective": 0.00473810999299247}, {"step": 75, "objective": 0.0033577991933698243}, {"step": 100, "objective": 0.003144690347402039}]}, "results": [{"value_error": 0.03574422506032522, "weighted_root_errors": [0.05740529775371805, 0.0901689649183108, 0.09941482661525002, 0.11785903490018063, 0.0738606053307222, 0.06658292771817916, 0.14677631376804126, 0.10158542958093245, 0.1896047437873013, 0.12995539496312655, 0.1341623530379813, 0.15901581041753798, 0.11940169664648272, 0.11535870497321266, 0.11681016963171145, 0.09225748194378502], "mean_root_weighted_error": 0.11313873474915459}, {"value_error": 0.09349841852824854, "weighted_root_errors": [0.11026212028677221, 0.1683816617014386, 0.17521547945008548, 0.36608201124417655, 0.43284289442537693, 0.2789758185032528, 0.7586228725680334, 0.44995454605772506, 0.714027220428154, 0.5960327025978028, 0.6208307907251154, 0.6272672475748697, 0.7714740447663203, 0.8396264861096479, 0.5385138993292379, 0.6066429463470527], "mean_root_weighted_error": 0.5034220463821913}], "price": {"products": 384, "stored_coefficients": 322048, "stored_integer_indices": 768, "additions": 320632, "fp32_parameter_and_index_bytes": 1294336}}
{"arm": "sensitive", "training": {"objective": 0.0039408525747665875, "selected_step": 100, "history": [{"step": 0, "objective": 0.06875488079300048}, {"step": 25, "objective": 0.010167636963363383}, {"step": 50, "objective": 0.005395620901660715}, {"step": 75, "objective": 0.004144310567864681}, {"step": 100, "objective": 0.0039408525747665875}]}, "results": [{"value_error": 0.04148875873834387, "weighted_root_errors": [0.03573438520037819, 0.042836224541019374, 0.044384534859096984, 0.05036694779535458, 0.054165785156790026, 0.05640670737048943, 0.05655854675924179, 0.06648677974797751, 0.0670418868832293, 0.07356330335301908, 0.07640178435338839, 0.06944556989956292, 0.07031822048467849, 0.06461792114590492, 0.07661919930937797, 0.07692208579726989], "mean_root_weighted_error": 0.06136686766604868}, {"value_error": 0.08765618924406741, "weighted_root_errors": [0.10801793697707861, 0.1619151229818135, 0.17084648698536442, 0.34698116031093945, 0.4128389300521068, 0.2836181724112989, 0.6878803999066723, 0.4756956813318796, 0.7184046868353914, 0.5229874054422673, 0.775367195532053, 0.6152011521516689, 0.7289810569517848, 0.7897462659497569, 0.5290844904022386, 0.5485306103845335], "mean_root_weighted_error": 0.49225604716292803}], "price": {"products": 384, "stored_coefficients": 322048, "stored_integer_indices": 768, "additions": 320658, "fp32_parameter_and_index_bytes": 1294336}}
{
  "predictions": {
    "pred_a_integrity": true,
    "pred_b_transfer": false,
    "pred_c_preservation": true
  },
  "results": {
    "uniform": [
      {
        "value_error": 0.03574422506032522,
        "weighted_root_errors": [
          0.05740529775371805,
          0.0901689649183108,
          0.09941482661525002,
          0.11785903490018063,
          0.0738606053307222,
          0.06658292771817916,
          0.14677631376804126,
          0.10158542958093245,
          0.1896047437873013,
          0.12995539496312655,
          0.1341623530379813,
          0.15901581041753798,
          0.11940169664648272,
          0.11535870497321266,
          0.11681016963171145,
          0.09225748194378502
        ],
        "mean_root_weighted_error": 0.11313873474915459
      },
      {
        "value_error": 0.09349841852824854,
        "weighted_root_errors": [
          0.11026212028677221,
          0.1683816617014386,
          0.17521547945008548,
          0.36608201124417655,
          0.43284289442537693,
          0.2789758185032528,
          0.7586228725680334,
          0.44995454605772506,
          0.714027220428154,
          0.5960327025978028,
          0.6208307907251154,
          0.6272672475748697,
          0.7714740447663203,
          0.8396264861096479,
          0.5385138993292379,
          0.6066429463470527
        ],
        "mean_root_weighted_error": 0.5034220463821913
      }
    ],
    "sensitive": [
      {
        "value_error": 0.04148875873834387,
        "weighted_root_errors": [
          0.03573438520037819,
          0.042836224541019374,
          0.044384534859096984,
          0.05036694779535458,
          0.054165785156790026,
          0.05640670737048943,
          0.05655854675924179,
          0.06648677974797751,
          0.0670418868832293,
          0.07356330335301908,
          0.07640178435338839,
          0.06944556989956292,
          0.07031822048467849,
          0.06461792114590492,
          0.07661919930937797,
          0.07692208579726989
        ],
        "mean_root_weighted_error": 0.06136686766604868
      },
      {
        "value_error": 0.08765618924406741,
        "weighted_root_errors": [
          0.10801793697707861,
          0.1619151229818135,
          0.17084648698536442,
          0.34698116031093945,
          0.4128389300521068,
          0.2836181724112989,
          0.6878803999066723,
          0.4756956813318796,
          0.7184046868353914,
          0.5229874054422673,
          0.775367195532053,
          0.6152011521516689,
          0.7289810569517848,
          0.7897462659497569,
          0.5290844904022386,
          0.5485306103845335
        ],
        "mean_root_weighted_error": 0.49225604716292803
      }
    ]
  },
  "histories": {
    "uniform": {
      "objective": 0.003144690347402039,
      "selected_step": 100,
      "history": [
        {
          "step": 0,
          "objective": 0.05145923577134444
        },
        {
          "step": 25,
          "objective": 0.010449715447914452
        },
        {
          "step": 50,
          "objective": 0.00473810999299247
        },
        {
          "step": 75,
          "objective": 0.0033577991933698243
        },
        {
          "step": 100,
          "objective": 0.003144690347402039
        }
      ]
    },
    "sensitive": {
      "objective": 0.0039408525747665875,
      "selected_step": 100,
      "history": [
        {
          "step": 0,
          "objective": 0.06875488079300048
        },
        {
          "step": 25,
          "objective": 0.010167636963363383
        },
        {
          "step": 50,
          "objective": 0.005395620901660715
        },
        {
          "step": 75,
          "objective": 0.004144310567864681
        },
        {
          "step": 100,
          "objective": 0.0039408525747665875
        }
      ]
    }
  },
  "prices": {
    "uniform": {
      "products": 384,
      "stored_coefficients": 322048,
      "stored_integer_indices": 768,
      "additions": 320632,
      "fp32_parameter_and_index_bytes": 1294336
    },
    "sensitive": {
      "products": 384,
      "stored_coefficients": 322048,
      "stored_integer_indices": 768,
      "additions": 320658,
      "fp32_parameter_and_index_bytes": 1294336
    }
  },
  "program_sha256": {
    "uniform": "eafc9ac88e06f18ea70e934f43e1f51dfbddd8b67c8030f3574404a3bc62c027",
    "sensitive": "ddfafece2a55300b0da492616fe415d826c7466060317424f2034f902d103f6e"
  },
  "maximum_export_replay": 4.0167659197884234e-07,
  "seconds": 26.45924712298438
}
