{
 "readers": {
  "11.3": {
   "sign": -1.0,
   "cos_contrast_by_head": {
    "0": -0.00124663719907403,
    "1": 0.0002973874215967953,
    "2": 0.002132983645424247,
    "3": 0.09959635883569717,
    "4": 0.0007237130776047707,
    "5": -0.00044646288733929396,
    "6": 0.0005724778166040778,
    "7": -0.0023120550904423,
    "8": -9.332568879472092e-05
   },
   "reader_rank": 1,
   "transport_variance_explained_by_topk": {
    "1": 5.666676288296202e-05,
    "2": 0.6475739061740686,
    "3": 0.707324121863468,
    "4": 0.895396232322607,
    "5": 0.8954902782975865,
    "6": 0.9011408560736999,
    "7": 0.9473565261753427,
    "8": 0.9483314162986529
   },
   "cos_top_direction_vs_d": 0.2785651981830597,
   "mean_transport": -5231.8759765625
  },
  "7.8": {
   "sign": 1.0,
   "cos_contrast_by_head": {
    "0": -0.00018440884014125913,
    "1": -0.0017627003835514188,
    "2": 0.0011502810521051288,
    "3": -0.002882785629481077,
    "4": -0.005232441239058971,
    "5": -0.0024063847959041595,
    "6": -0.00041560959652997553,
    "7": -0.002624399261549115,
    "8": 0.03145935386419296
   },
   "reader_rank": 1,
   "transport_variance_explained_by_topk": {
    "1": 0.016382076547421298,
    "2": 0.6857833712051074,
    "3": 0.7013960544215302,
    "4": 0.8634468696480467,
    "5": 0.8658879571130312,
    "6": 0.8924405908320412,
    "7": 0.8927560943571574,
    "8": 0.895155441728199
   },
   "cos_top_direction_vs_d": 0.2069733738899231,
   "mean_transport": 1255.369873046875
  },
  "13.1": {
   "sign": 1.0,
   "cos_contrast_by_head": {
    "0": -0.00040356043609790504,
    "1": 0.017336275428533554,
    "2": -0.0008725301595404744,
    "3": -0.0012592531275004148,
    "4": 0.00039630651008337736,
    "5": 0.0008918789681047201,
    "6": 0.00042977012344636023,
    "7": 0.000428744126111269,
    "8": -0.0008705565705895424
   },
   "reader_rank": 1,
   "transport_variance_explained_by_topk": {
    "1": 0.09893256831691577,
    "2": 0.5403652284350327,
    "3": 0.5438229134644389,
    "4": 0.8251463003539201,
    "5": 0.842136575867108,
    "6": 0.8461686552440979,
    "7": 0.8622065653911971,
    "8": 0.8622106628008268
   },
   "cos_top_direction_vs_d": 0.30131223797798157,
   "mean_transport": 385.7611999511719
  },
  "9.7": {
   "sign": -1.0,
   "cos_contrast_by_head": {
    "0": -0.00029586066375486553,
    "1": -0.002289348980411887,
    "2": 0.0009358460083603859,
    "3": 0.0004968786961399019,
    "4": 0.0036592704709619284,
    "5": -0.003336432157084346,
    "6": -0.015249294228851795,
    "7": 0.006627723574638367,
    "8": 0.0007173414342105389
   },
   "reader_rank": 1,
   "transport_variance_explained_by_topk": {
    "1": 0.05104277513493505,
    "2": 0.8450956994603525,
    "3": 0.8453363756632857,
    "4": 0.8585271400134559,
    "5": 0.8606608525499149,
    "6": 0.8873440010884529,
    "7": 0.9037050795989126,
    "8": 0.9092254397922056
   },
   "cos_top_direction_vs_d": 0.2404375672340393,
   "mean_transport": -335.73931884765625
  },
  "9.6": {
   "sign": 1.0,
   "cos_contrast_by_head": {
    "0": -0.00038212514482438564,
    "1": 0.0011153626255691051,
    "2": 0.00030881917336955667,
    "3": -0.0022721015848219395,
    "4": -0.002842717571184039,
    "5": -0.0004455249581951648,
    "6": 0.11163002997636795,
    "7": -0.006077016703784466,
    "8": -0.0014261254109442234
   },
   "reader_rank": 1,
   "transport_variance_explained_by_topk": {
    "1": 0.0008160423591926369,
    "2": 0.696273440308337,
    "3": 0.8730100218523977,
    "4": 0.9242613766772823,
    "5": 0.9265890705965121,
    "6": 0.9265891861489554,
    "7": 0.9281837603432643,
    "8": 0.9319049121805834
   },
   "cos_top_direction_vs_d": 0.2404375672340393,
   "mean_transport": 3139.886962890625
  }
 },
 "transport_vector_cos": {
  "11.3|7.8": -0.6804877519607544,
  "11.3|13.1": -0.2642156779766083,
  "11.3|9.7": 0.4864445626735687,
  "11.3|9.6": -0.25193503499031067,
  "7.8|13.1": 0.24680347740650177,
  "7.8|9.7": -0.47731268405914307,
  "7.8|9.6": 0.24979189038276672,
  "13.1|9.7": -0.14067743718624115,
  "13.1|9.6": 0.34905803203582764,
  "9.7|9.6": -0.11082947254180908
 },
 "closure_max": 1.6143826542247552e-07
}
{
  "predictions": {
    "pred_a_capture_closure": true,
    "pred_b_sign_aware_template_picks_the_verb_readers": true,
    "pred_c_transport_needs_few_directions": true,
    "pred_d_11_3_and_7_8_share_directions": true,
    "pred_e_verb_and_pronoun_transport_vectors_distinct": true
  },
  "forwards": 4
}
