{
 "closure": 6.846641917945817e-05,
 "text_9.6": {
  "delta_w_total": 634453.4375,
  "writer_shares": {
   "mlp8": 0.47803040116714635,
   "embedding": 0.14317995656694665,
   "mlp7": 0.1053012041368284,
   "mlp6": 0.09897360597285754,
   "mlp5": 0.05986327552603102,
   "mlp3": 0.03398744170055821,
   "mlp4": 0.02971362284761835,
   "mlp2": 0.01717532401166161,
   "attn4": 0.01353917415876165,
   "mlp1": 0.006000913649346805,
   "attn8": 0.003985686375723987,
   "attn6": 0.00385192020284684,
   "attn5": 0.0035863053386009907,
   "attn2": 0.0018161855356800712,
   "attn3": 0.0006173035032060075,
   "mlp0": 0.00040940183088815124,
   "attn7": -8.860991385347796e-05,
   "attn1": 5.7465305590601855e-05,
   "attn0": -5.465626593367777e-07
  },
  "mlp_share": 0.8294551908429364,
  "attn_abs_share": 0.027543196896922965,
  "embedding_share": 0.14317995656694665,
  "top3": [
   "mlp8",
   "embedding",
   "mlp7"
  ]
 },
 "panel_9.6": {
  "delta_w_total": 349498.5625,
  "writer_shares": {
   "mlp8": 0.4981662567639316,
   "mlp6": 0.1055181155072705,
   "mlp7": 0.1005559393395216,
   "embedding": 0.09727894535331601,
   "mlp5": 0.07701396907569541,
   "mlp4": 0.03732323782805258,
   "mlp3": 0.033059394736423275,
   "mlp2": 0.01753669112685907,
   "attn4": 0.009937202777300407,
   "attn8": 0.007164867351475158,
   "mlp1": 0.005683291255378017,
   "attn5": 0.00432988427549863,
   "attn6": 0.002949212368787461,
   "attn7": 0.0019490199977575016,
   "attn2": 0.0011895849778955636,
   "mlp0": 0.0003466888847238195,
   "attn3": -2.6216333732042575e-05,
   "attn1": 2.4046823521916702e-05,
   "attn0": -2.4079249946385937e-07
  },
  "mlp_share": 0.8752035845178558,
  "attn_abs_share": 0.027570275698468146,
  "embedding_share": 0.09727894535331601,
  "top3": [
   "mlp8",
   "mlp6",
   "mlp7"
  ]
 }
}
{
  "predictions": {
    "pred_a_closure": true,
    "pred_b_mlp8_is_the_largest_writer_on_text": true,
    "pred_c_mlps_carry_most": true,
    "pred_d_attention_blocks_small": true,
    "pred_e_writer_ranking_replays_panel_to_text": false
  },
  "forwards": 7
}
