{
  "pred_a": true,
  "pred_b": true,
  "pred_c": true,
  "family_effect_errors": {
    "glossary_header": [
      0.0,
      0.0,
      0.0,
      0.0,
      0.0
    ],
    "proof_request": [
      0.0,
      0.0,
      0.0,
      0.0,
      0.0
    ],
    "plain_editorial": [
      0.0,
      0.0,
      0.0,
      0.0,
      0.0
    ],
    "line_editorial": [
      0.0,
      0.0,
      0.0,
      0.0,
      0.0
    ],
    "reported_choice": [
      0.0,
      0.0,
      0.0,
      0.0,
      0.0
    ]
  },
  "anchor_max_abs": 0.0,
  "max_joint_input_error": 0.0,
  "max_outside": 0.0,
  "margin_max_abs": 0.0,
  "margin_relative": 0.0,
  "body_forwards": 120,
  "seconds": 2.310110006015748,
  "scope": "Opened fresh-panel precision replay. Native suffix external. Isolated replay gate scored separately; no composition/simplicity promotion."
}
