{
 "replay_max_abs": 1.430511474609375e-05,
 "text": {
  "pairs": 61,
  "gap_mean": 4.360080718994141,
  "closed": {
   "U2": 0.06257560104131699,
   "RAND": -1.3996388588566333e-05,
   "MLP8": 0.07800419628620148,
   "MLPS_1_7": 0.06712526828050613,
   "MLPS_9_17": 0.027365656569600105
  }
 }
}
{
  "predictions": {
    "pred_a_baseline_replays": true,
    "pred_b_detectors_by_replacement": true,
    "pred_c_mlp8_whole_above_the_detectors": false,
    "pred_d_mlps_1_7_carry": false,
    "pred_e_random_units_inert": true
  },
  "forwards": 12
}
