{
 "closure_max": 2.2052279291528976e-07,
 "vc1_pronoun_order": {
  "her": -3.098203182220459,
  "she": -3.054927349090576,
  "he": -1.6180543899536133,
  "him": -1.097939372062683,
  "they": 0.6974765062332153,
  "I": 0.719928503036499,
  "it": 0.7317798733711243,
  "them": 0.9879701733589172,
  "we": 1.4430772066116333,
  "you": 1.5218064785003662,
  "us": 1.9907820224761963
 },
 "plural_pronouns_separated": false,
 "cos_vc1_u": 0.44985783100128174,
 "panel_writers_vc1_top8": {
  "9.6": 402.695068359375,
  "12.4": 389.3602294921875,
  "15.1": 154.06533813476562,
  "mlp17": -132.66091918945312,
  "10.5": 130.15797424316406,
  "attn5": 94.85594177246094,
  "mlp9": 60.55086898803711,
  "mlp11": 55.607791900634766
 },
 "text_writers_vc1_top8": {
  "9.6": 365.06182861328125,
  "12.4": 284.3525390625,
  "mlp12": 226.54519653320312,
  "mlp9": 166.54800415039062,
  "mlp11": 161.2248992919922,
  "mlp13": 153.79635620117188,
  "10.5": 133.093017578125,
  "15.1": 111.90083312988281
 },
 "panel_writers_orth_top8": {
  "12.4": 136.7999267578125,
  "9.6": 121.2884750366211,
  "15.1": 43.40135955810547,
  "mlp12": -40.17091369628906,
  "mlp15": 39.96666717529297,
  "10.5": 35.51764678955078,
  "attn5": 33.19048309326172,
  "mlp11": 32.82340621948242
 },
 "reader_share": {
  "panel_vc1": 0.4553066087664791,
  "text_vc1": 0.31671461297013387,
  "panel_orth": 0.37666411210329187
 }
}
{
  "predictions": {
    "pred_a_closure": true,
    "pred_b_vc1_writers_are_the_readers": true,
    "pred_c_vc1_writers_replay_on_text": false,
    "pred_d_vc1_component_orthogonal_to_u_is_written_by_readers": true,
    "pred_e_vc1_separates_plural_pronouns": false
  },
  "forwards": 5
}
