{"seed": 1001, "ratio": 0.0, "endpoint_error": 4.711597988209861e-14, "budget": 0.0, "captured_coefficient_score": 0.00518208732776219, "solver": {"multiplier": null, "displacement": 0.0, "endpoint": "coefficient"}, "unregularized_coefficient_loss_increase": 0.0, "text_error": 0.40874718950328637, "gaussian_error": 0.9897612533709643, "sampled_coefficient_error": 0.9777570972393907, "root1_sensitivity_error": 0.5423440660514285, "root1_same_token_error": 0.2954221475353002, "export_error": 2.2227303086025537e-07}
{"seed": 1001, "ratio": 0.01, "endpoint_error": 4.711597988209861e-14, "budget": 5.18208732776219e-05, "captured_coefficient_score": 0.00518208732776219, "solver": {"multiplier": 3040753.6593501233, "displacement": 5.1820873277621876e-05, "endpoint": "constrained", "stationarity": 7.461690407693894e-17}, "unregularized_coefficient_loss_increase": 5.181944417295258e-05, "text_error": 0.17971340602645833, "gaussian_error": 0.9893882678034739, "sampled_coefficient_error": 0.9779423301468562, "root1_sensitivity_error": 0.34665061680050263, "root1_same_token_error": 0.27765438122688263, "export_error": 1.8828319671339652e-07}
{"seed": 1001, "ratio": 0.1, "endpoint_error": 4.711597988209861e-14, "budget": 0.000518208732776219, "captured_coefficient_score": 0.00518208732776219, "solver": {"multiplier": 49831.74609731818, "displacement": 0.0005182087327762189, "endpoint": "constrained", "stationarity": 9.262494084313023e-17}, "unregularized_coefficient_loss_increase": 0.0005181911243584362, "text_error": 0.11854043900729357, "gaussian_error": 0.9888680644282095, "sampled_coefficient_error": 0.9796329015483975, "root1_sensitivity_error": 0.2791352455074244, "root1_same_token_error": 0.19592361334746894, "export_error": 2.531182887059612e-07}
{"seed": 1001, "ratio": 1.0, "endpoint_error": 4.711597988209861e-14, "budget": 0.00518208732776219, "captured_coefficient_score": 0.00518208732776219, "solver": {"multiplier": 789.2401687717042, "displacement": 0.005182087327762188, "endpoint": "constrained", "stationarity": 8.733047986334996e-17}, "unregularized_coefficient_loss_increase": 0.005181954335750895, "text_error": 0.09789842684981763, "gaussian_error": 0.9875974522694493, "sampled_coefficient_error": 0.9960225897375408, "root1_sensitivity_error": 0.23111873853081558, "root1_same_token_error": 0.14266519159636207, "export_error": 2.136235841845843e-07}
{"seed": 1001, "ratio": 10.0, "endpoint_error": 4.711597988209861e-14, "budget": 0.0518208732776219, "captured_coefficient_score": 0.00518208732776219, "solver": {"multiplier": 2.0953055948006125, "displacement": 0.05182087327762191, "endpoint": "constrained", "stationarity": 9.340611852727562e-17}, "unregularized_coefficient_loss_increase": 0.051819955991075105, "text_error": 0.09568325233815748, "gaussian_error": 1.015451006217308, "sampled_coefficient_error": 1.1470618575094185, "root1_sensitivity_error": 0.20391749465419906, "root1_same_token_error": 0.13080551615710592, "export_error": 2.816103435779725e-07}
{"seed": 1001, "ratio": 100.0, "endpoint_error": 4.711597988209861e-14, "budget": 0.518208732776219, "captured_coefficient_score": 0.00518208732776219, "solver": {"multiplier": 0.0, "displacement": 0.10324411582356074, "endpoint": "target", "stationarity": 9.358647721215711e-17}, "unregularized_coefficient_loss_increase": 0.10324272989446187, "text_error": 0.09600274896855022, "gaussian_error": 1.0643293870205137, "sampled_coefficient_error": 1.2676848518471742, "root1_sensitivity_error": 0.20425816271418656, "root1_same_token_error": 0.13113381727177018, "export_error": 1.985007135411016e-07}
{"seed": 1001, "ratio": null, "endpoint_error": 4.711597988209861e-14, "budget": null, "captured_coefficient_score": 0.00518208732776219, "solver": {"multiplier": 0.0, "displacement": 0.10324411582356074, "endpoint": "target", "stationarity": 9.358647721215711e-17}, "unregularized_coefficient_loss_increase": 0.10324272989446187, "text_error": 0.09600274896855022, "gaussian_error": 1.0643293870205137, "sampled_coefficient_error": 1.2676848518471742, "root1_sensitivity_error": 0.20425816271418656, "root1_same_token_error": 0.13113381727177018, "export_error": 1.985007135411016e-07}
{"seed": 1002, "ratio": 0.0, "endpoint_error": 5.357245377159814e-14, "budget": 0.0, "captured_coefficient_score": 0.00518423779818911, "solver": {"multiplier": null, "displacement": 0.0, "endpoint": "coefficient"}, "unregularized_coefficient_loss_increase": 0.0, "text_error": 0.390270155371165, "gaussian_error": 0.9887784442474234, "sampled_coefficient_error": 0.9789923493504041, "root1_sensitivity_error": 0.5253709799965519, "root1_same_token_error": 0.26489874585191375, "export_error": 3.1658283905257536e-07}
{"seed": 1002, "ratio": 0.01, "endpoint_error": 5.357245377159814e-14, "budget": 5.1842377981891096e-05, "captured_coefficient_score": 0.00518423779818911, "solver": {"multiplier": 1925123.9998824613, "displacement": 5.1842377981891035e-05, "endpoint": "constrained", "stationarity": 8.329749645837381e-17}, "unregularized_coefficient_loss_increase": 5.183994488195884e-05, "text_error": 0.14753068983604758, "gaussian_error": 0.9885371649259219, "sampled_coefficient_error": 0.9789918961749408, "root1_sensitivity_error": 0.361613979358944, "root1_same_token_error": 0.23371487220010445, "export_error": 2.848025714664168e-07}
{"seed": 1002, "ratio": 0.1, "endpoint_error": 5.357245377159814e-14, "budget": 0.000518423779818911, "captured_coefficient_score": 0.00518423779818911, "solver": {"multiplier": 44624.35244624516, "displacement": 0.0005184237798189099, "endpoint": "constrained", "stationarity": 1.1308946644141656e-16}, "unregularized_coefficient_loss_increase": 0.0005183979979591462, "text_error": 0.13182330873169834, "gaussian_error": 0.9880286676675856, "sampled_coefficient_error": 0.9795672993182412, "root1_sensitivity_error": 0.301177708255579, "root1_same_token_error": 0.2256850701952166, "export_error": 3.1105683220894104e-07}
{"seed": 1002, "ratio": 1.0, "endpoint_error": 5.357245377159814e-14, "budget": 0.00518423779818911, "captured_coefficient_score": 0.00518423779818911, "solver": {"multiplier": 1031.4898537461972, "displacement": 0.005184237798189103, "endpoint": "constrained", "stationarity": 1.1713250838757828e-16}, "unregularized_coefficient_loss_increase": 0.005184075708512807, "text_error": 0.10033986644718068, "gaussian_error": 0.9816094981000837, "sampled_coefficient_error": 0.9938502725058627, "root1_sensitivity_error": 0.25636570299839034, "root1_same_token_error": 0.1629403506454996, "export_error": 2.9361495552205787e-07}
{"seed": 1002, "ratio": 10.0, "endpoint_error": 5.357245377159814e-14, "budget": 0.0518423779818911, "captured_coefficient_score": 0.00518423779818911, "solver": {"multiplier": 9.727949468530895, "displacement": 0.051842377981891063, "endpoint": "constrained", "stationarity": 7.161342610979986e-17}, "unregularized_coefficient_loss_increase": 0.05184135667176505, "text_error": 0.101740694873457, "gaussian_error": 0.9696597180440331, "sampled_coefficient_error": 1.1407441238707325, "root1_sensitivity_error": 0.21759659129533077, "root1_same_token_error": 0.1536209292466389, "export_error": 3.200868904749071e-07}
{"seed": 1002, "ratio": 100.0, "endpoint_error": 5.357245377159814e-14, "budget": 0.518423779818911, "captured_coefficient_score": 0.00518423779818911, "solver": {"multiplier": 0.0, "displacement": 0.09562340739121852, "endpoint": "target", "stationarity": 5.2771595286371806e-17}, "unregularized_coefficient_loss_increase": 0.09562180683882177, "text_error": 0.10333774027919974, "gaussian_error": 0.9799277986709439, "sampled_coefficient_error": 1.2665638797189893, "root1_sensitivity_error": 0.21816747249348542, "root1_same_token_error": 0.15528346362956721, "export_error": 2.7711499420551146e-07}
{"seed": 1002, "ratio": null, "endpoint_error": 5.357245377159814e-14, "budget": null, "captured_coefficient_score": 0.00518423779818911, "solver": {"multiplier": 0.0, "displacement": 0.09562340739121852, "endpoint": "target", "stationarity": 5.2771595286371806e-17}, "unregularized_coefficient_loss_increase": 0.09562180683882177, "text_error": 0.10333774027919974, "gaussian_error": 0.9799277986709439, "sampled_coefficient_error": 1.2665638797189893, "root1_sensitivity_error": 0.21816747249348542, "root1_same_token_error": 0.15528346362956721, "export_error": 2.7711499420551146e-07}
{
  "predictions": {
    "pred_a_integrity": true,
    "pred_b_tradeoff": true,
    "pred_c_component": false
  },
  "rows": [
    {
      "seed": 1001,
      "ratio": 0.0,
      "endpoint_error": 4.711597988209861e-14,
      "budget": 0.0,
      "captured_coefficient_score": 0.00518208732776219,
      "solver": {
        "multiplier": null,
        "displacement": 0.0,
        "endpoint": "coefficient"
      },
      "unregularized_coefficient_loss_increase": 0.0,
      "text_error": 0.40874718950328637,
      "gaussian_error": 0.9897612533709643,
      "sampled_coefficient_error": 0.9777570972393907,
      "root1_sensitivity_error": 0.5423440660514285,
      "root1_same_token_error": 0.2954221475353002,
      "export_error": 2.2227303086025537e-07
    },
    {
      "seed": 1001,
      "ratio": 0.01,
      "endpoint_error": 4.711597988209861e-14,
      "budget": 5.18208732776219e-05,
      "captured_coefficient_score": 0.00518208732776219,
      "solver": {
        "multiplier": 3040753.6593501233,
        "displacement": 5.1820873277621876e-05,
        "endpoint": "constrained",
        "stationarity": 7.461690407693894e-17
      },
      "unregularized_coefficient_loss_increase": 5.181944417295258e-05,
      "text_error": 0.17971340602645833,
      "gaussian_error": 0.9893882678034739,
      "sampled_coefficient_error": 0.9779423301468562,
      "root1_sensitivity_error": 0.34665061680050263,
      "root1_same_token_error": 0.27765438122688263,
      "export_error": 1.8828319671339652e-07
    },
    {
      "seed": 1001,
      "ratio": 0.1,
      "endpoint_error": 4.711597988209861e-14,
      "budget": 0.000518208732776219,
      "captured_coefficient_score": 0.00518208732776219,
      "solver": {
        "multiplier": 49831.74609731818,
        "displacement": 0.0005182087327762189,
        "endpoint": "constrained",
        "stationarity": 9.262494084313023e-17
      },
      "unregularized_coefficient_loss_increase": 0.0005181911243584362,
      "text_error": 0.11854043900729357,
      "gaussian_error": 0.9888680644282095,
      "sampled_coefficient_error": 0.9796329015483975,
      "root1_sensitivity_error": 0.2791352455074244,
      "root1_same_token_error": 0.19592361334746894,
      "export_error": 2.531182887059612e-07
    },
    {
      "seed": 1001,
      "ratio": 1.0,
      "endpoint_error": 4.711597988209861e-14,
      "budget": 0.00518208732776219,
      "captured_coefficient_score": 0.00518208732776219,
      "solver": {
        "multiplier": 789.2401687717042,
        "displacement": 0.005182087327762188,
        "endpoint": "constrained",
        "stationarity": 8.733047986334996e-17
      },
      "unregularized_coefficient_loss_increase": 0.005181954335750895,
      "text_error": 0.09789842684981763,
      "gaussian_error": 0.9875974522694493,
      "sampled_coefficient_error": 0.9960225897375408,
      "root1_sensitivity_error": 0.23111873853081558,
      "root1_same_token_error": 0.14266519159636207,
      "export_error": 2.136235841845843e-07
    },
    {
      "seed": 1001,
      "ratio": 10.0,
      "endpoint_error": 4.711597988209861e-14,
      "budget": 0.0518208732776219,
      "captured_coefficient_score": 0.00518208732776219,
      "solver": {
        "multiplier": 2.0953055948006125,
        "displacement": 0.05182087327762191,
        "endpoint": "constrained",
        "stationarity": 9.340611852727562e-17
      },
      "unregularized_coefficient_loss_increase": 0.051819955991075105,
      "text_error": 0.09568325233815748,
      "gaussian_error": 1.015451006217308,
      "sampled_coefficient_error": 1.1470618575094185,
      "root1_sensitivity_error": 0.20391749465419906,
      "root1_same_token_error": 0.13080551615710592,
      "export_error": 2.816103435779725e-07
    },
    {
      "seed": 1001,
      "ratio": 100.0,
      "endpoint_error": 4.711597988209861e-14,
      "budget": 0.518208732776219,
      "captured_coefficient_score": 0.00518208732776219,
      "solver": {
        "multiplier": 0.0,
        "displacement": 0.10324411582356074,
        "endpoint": "target",
        "stationarity": 9.358647721215711e-17
      },
      "unregularized_coefficient_loss_increase": 0.10324272989446187,
      "text_error": 0.09600274896855022,
      "gaussian_error": 1.0643293870205137,
      "sampled_coefficient_error": 1.2676848518471742,
      "root1_sensitivity_error": 0.20425816271418656,
      "root1_same_token_error": 0.13113381727177018,
      "export_error": 1.985007135411016e-07
    },
    {
      "seed": 1001,
      "ratio": null,
      "endpoint_error": 4.711597988209861e-14,
      "budget": null,
      "captured_coefficient_score": 0.00518208732776219,
      "solver": {
        "multiplier": 0.0,
        "displacement": 0.10324411582356074,
        "endpoint": "target",
        "stationarity": 9.358647721215711e-17
      },
      "unregularized_coefficient_loss_increase": 0.10324272989446187,
      "text_error": 0.09600274896855022,
      "gaussian_error": 1.0643293870205137,
      "sampled_coefficient_error": 1.2676848518471742,
      "root1_sensitivity_error": 0.20425816271418656,
      "root1_same_token_error": 0.13113381727177018,
      "export_error": 1.985007135411016e-07
    },
    {
      "seed": 1002,
      "ratio": 0.0,
      "endpoint_error": 5.357245377159814e-14,
      "budget": 0.0,
      "captured_coefficient_score": 0.00518423779818911,
      "solver": {
        "multiplier": null,
        "displacement": 0.0,
        "endpoint": "coefficient"
      },
      "unregularized_coefficient_loss_increase": 0.0,
      "text_error": 0.390270155371165,
      "gaussian_error": 0.9887784442474234,
      "sampled_coefficient_error": 0.9789923493504041,
      "root1_sensitivity_error": 0.5253709799965519,
      "root1_same_token_error": 0.26489874585191375,
      "export_error": 3.1658283905257536e-07
    },
    {
      "seed": 1002,
      "ratio": 0.01,
      "endpoint_error": 5.357245377159814e-14,
      "budget": 5.1842377981891096e-05,
      "captured_coefficient_score": 0.00518423779818911,
      "solver": {
        "multiplier": 1925123.9998824613,
        "displacement": 5.1842377981891035e-05,
        "endpoint": "constrained",
        "stationarity": 8.329749645837381e-17
      },
      "unregularized_coefficient_loss_increase": 5.183994488195884e-05,
      "text_error": 0.14753068983604758,
      "gaussian_error": 0.9885371649259219,
      "sampled_coefficient_error": 0.9789918961749408,
      "root1_sensitivity_error": 0.361613979358944,
      "root1_same_token_error": 0.23371487220010445,
      "export_error": 2.848025714664168e-07
    },
    {
      "seed": 1002,
      "ratio": 0.1,
      "endpoint_error": 5.357245377159814e-14,
      "budget": 0.000518423779818911,
      "captured_coefficient_score": 0.00518423779818911,
      "solver": {
        "multiplier": 44624.35244624516,
        "displacement": 0.0005184237798189099,
        "endpoint": "constrained",
        "stationarity": 1.1308946644141656e-16
      },
      "unregularized_coefficient_loss_increase": 0.0005183979979591462,
      "text_error": 0.13182330873169834,
      "gaussian_error": 0.9880286676675856,
      "sampled_coefficient_error": 0.9795672993182412,
      "root1_sensitivity_error": 0.301177708255579,
      "root1_same_token_error": 0.2256850701952166,
      "export_error": 3.1105683220894104e-07
    },
    {
      "seed": 1002,
      "ratio": 1.0,
      "endpoint_error": 5.357245377159814e-14,
      "budget": 0.00518423779818911,
      "captured_coefficient_score": 0.00518423779818911,
      "solver": {
        "multiplier": 1031.4898537461972,
        "displacement": 0.005184237798189103,
        "endpoint": "constrained",
        "stationarity": 1.1713250838757828e-16
      },
      "unregularized_coefficient_loss_increase": 0.005184075708512807,
      "text_error": 0.10033986644718068,
      "gaussian_error": 0.9816094981000837,
      "sampled_coefficient_error": 0.9938502725058627,
      "root1_sensitivity_error": 0.25636570299839034,
      "root1_same_token_error": 0.1629403506454996,
      "export_error": 2.9361495552205787e-07
    },
    {
      "seed": 1002,
      "ratio": 10.0,
      "endpoint_error": 5.357245377159814e-14,
      "budget": 0.0518423779818911,
      "captured_coefficient_score": 0.00518423779818911,
      "solver": {
        "multiplier": 9.727949468530895,
        "displacement": 0.051842377981891063,
        "endpoint": "constrained",
        "stationarity": 7.161342610979986e-17
      },
      "unregularized_coefficient_loss_increase": 0.05184135667176505,
      "text_error": 0.101740694873457,
      "gaussian_error": 0.9696597180440331,
      "sampled_coefficient_error": 1.1407441238707325,
      "root1_sensitivity_error": 0.21759659129533077,
      "root1_same_token_error": 0.1536209292466389,
      "export_error": 3.200868904749071e-07
    },
    {
      "seed": 1002,
      "ratio": 100.0,
      "endpoint_error": 5.357245377159814e-14,
      "budget": 0.518423779818911,
      "captured_coefficient_score": 0.00518423779818911,
      "solver": {
        "multiplier": 0.0,
        "displacement": 0.09562340739121852,
        "endpoint": "target",
        "stationarity": 5.2771595286371806e-17
      },
      "unregularized_coefficient_loss_increase": 0.09562180683882177,
      "text_error": 0.10333774027919974,
      "gaussian_error": 0.9799277986709439,
      "sampled_coefficient_error": 1.2665638797189893,
      "root1_sensitivity_error": 0.21816747249348542,
      "root1_same_token_error": 0.15528346362956721,
      "export_error": 2.7711499420551146e-07
    },
    {
      "seed": 1002,
      "ratio": null,
      "endpoint_error": 5.357245377159814e-14,
      "budget": null,
      "captured_coefficient_score": 0.00518423779818911,
      "solver": {
        "multiplier": 0.0,
        "displacement": 0.09562340739121852,
        "endpoint": "target",
        "stationarity": 5.2771595286371806e-17
      },
      "unregularized_coefficient_loss_increase": 0.09562180683882177,
      "text_error": 0.10333774027919974,
      "gaussian_error": 0.9799277986709439,
      "sampled_coefficient_error": 1.2665638797189893,
      "root1_sensitivity_error": 0.21816747249348542,
      "root1_same_token_error": 0.15528346362956721,
      "export_error": 2.7711499420551146e-07
    }
  ],
  "seconds": 4.906944191083312,
  "peak_memory_bytes": 1118863872,
  "scope": "Exact fixed-feature convex frontier; budgets are regularized coefficient deterioration relativecapturedscore, notrelativefulltensorerror. Openedstates andlocal sensitivity, no OOD/nativefiniteintervention claim."
}
