{
 "replay_max_abs": 1.430511474609375e-05,
 "text": {
  "pairs": 61,
  "gap_mean": 4.360080718994141,
  "sign_constancy": 0.8852459192276001,
  "closed": {
   "ALL_N": 0.9005147218704224,
   "FIVE_N": 0.6001140475273132,
   "LOW_N": 0.45073452591896057,
   "HIGH_N": 0.6250491142272949
  }
 }
}
{
  "predictions": {
    "pred_a_baseline_replays": true,
    "pred_b_all_values_at_the_noun_carry_gender": true,
    "pred_c_five_readers_carry_a_third": true,
    "pred_d_low_and_high_add": false,
    "pred_e_high_at_least_low": true
  },
  "forwards": 10
}
