{
 "replay_max_abs": 2.384185791015625e-05,
 "text": {
  "pairs": 79,
  "gap_mean": {
   "verb": 3.139129638671875,
   "are_is": 1.641675353050232,
   "were_was": 1.497454285621643
  },
  "closed": {
   "9.0": {
    "verb": 0.00025611097225919366,
    "are_is": 0.0001765656197676435
   },
   "9.1": {
    "verb": 0.014464636333286762,
    "are_is": 0.014177801087498665
   },
   "9.2": {
    "verb": 0.0003149529220536351,
    "are_is": 0.0004001697525382042
   },
   "9.3": {
    "verb": 0.0033593573607504368,
    "are_is": 0.003387629520148039
   },
   "9.4": {
    "verb": 7.236139208544046e-05,
    "are_is": 0.0002690460532903671
   },
   "9.5": {
    "verb": 1.3352632777241524e-05,
    "are_is": -9.689290163805708e-05
   },
   "9.6": {
    "verb": 0.020020153373479843,
    "are_is": 0.01962941512465477
   },
   "9.7": {
    "verb": 0.03900277614593506,
    "are_is": 0.038365159183740616
   },
   "9.8": {
    "verb": -0.0003857809060718864,
    "are_is": 0.0006383932777680457
   },
   "13.0": {
    "verb": -0.0002129953500116244,
    "are_is": -0.0003357713285367936
   },
   "13.1": {
    "verb": 0.04547213762998581,
    "are_is": 0.04522554948925972
   },
   "13.2": {
    "verb": 0.00021277951600495726,
    "are_is": 0.0001117898864322342
   },
   "13.3": {
    "verb": 0.004358133301138878,
    "are_is": 0.003905774326995015
   },
   "13.4": {
    "verb": -0.00044959617662243545,
    "are_is": -0.0005279196193441749
   },
   "13.5": {
    "verb": -7.809614180587232e-05,
    "are_is": -2.6284118575858884e-05
   },
   "13.6": {
    "verb": 0.010305478237569332,
    "are_is": 0.010045330971479416
   },
   "13.7": {
    "verb": -0.0012607628013938665,
    "are_is": -0.0011808151612058282
   },
   "13.8": {
    "verb": -0.00027175029390491545,
    "are_is": -0.0002021098043769598
   }
  }
 },
 "panel": {
  "skipped": "distant rows only",
  "distant_rows": 79
 }
}
{
  "predictions": {
    "pred_a_baseline_replays": true,
    "pred_b_9_7_leads_block_9": true,
    "pred_c_one_head_leads_block_13": true,
    "pred_d_one_head_per_block": false,
    "pred_e_singles_add_to_blocks": true
  },
  "forwards": 57
}
