covariance 0.01 spectral 0 0.008146281118772884
covariance 0.01 spectral 100 0.008066164395026387
covariance 0.01 spectral 200 0.008066163456366042
covariance 0.01 spectral 300 0.008066163454153891
covariance 0.01 spectral 400 0.008066163453952922
covariance 0.01 perturbed 0 0.00821918476429705
covariance 0.01 perturbed 100 0.008066165128168202
covariance 0.01 perturbed 200 0.00806616346333273
covariance 0.01 perturbed 300 0.0080661634558873
covariance 0.01 perturbed 400 0.00806616345511795
covariance 0.05 spectral 0 0.008146281118772884
covariance 0.05 spectral 100 0.0080661670593493
covariance 0.05 spectral 200 0.008066163453675116
covariance 0.05 spectral 300 0.008066163453586992
covariance 0.05 spectral 400 0.008066163453587103
covariance 0.05 perturbed 0 0.00821918476429705
covariance 0.05 perturbed 100 0.008066166432090781
covariance 0.05 perturbed 200 0.008066163453658492
covariance 0.05 perturbed 300 0.008066163453587056
covariance 0.05 perturbed 400 0.008066163453587074
{
  "predictions": {
    "pred_a_instrument": true,
    "pred_b_gaussian": false,
    "pred_c_native_probe": false
  },
  "selected_by_gaussian_loss": {
    "covariance": "covariance_0.05_spectral"
  },
  "initial_gaussian_errors": {
    "covariance": 0.09025675109803634
  },
  "initial_native_opened_evaluation_error": 0.39867872778912544,
  "seconds": 13.713466840796173,
  "input_sha256": "f12b528a80a4f9e2ee945f2311ffc42a39d14c7dd66da2774d5e0b42fad1617f",
  "evaluation_documents": [
    24,
    25,
    26,
    27,
    29,
    30,
    31
  ],
  "scope": "Exact Gaussian numerator moment objective with constant coordinate fixed1 and training24-document jointmean/covariance. Four fixedrank16 fits; winner chosen by Gaussianobjective only. Native normalized error scored on seven distinct previouslyopened rows, no refitting to them. NoGaussianinverseRMS, nativeintervention or semanticadoptionclaim."
}
