{
  "pred_a": true,
  "pred_b": false,
  "pred_c": false,
  "pred_d": true,
  "anchor_max_abs": 0.0,
  "residual_relative_error": 3.509214733796057e-06,
  "margin_max_abs": 5.484078670514592e-06,
  "margin_relative": 7.414298204132169e-06,
  "line_break_term_vector_cosines": {
    "archive_card": 0.9901242742199711,
    "instruction_first": 0.9953559296508688,
    "unquoted_prose": 0.9959023813235424,
    "indirect_report": 0.9743534164804549
  },
  "body_forwards": 80,
  "seconds": 1.970558136003092,
  "panel_status": "opened prospective panel",
  "scope": "Fixed-edit finite-change response attribution, including transported module responses, final RMS and softcap secants. No independent downstream edit or selective/extracted suffix claim."
}
