{
 "closure": 1.4027310726305586e-06,
 "units": {
  "3465": {
   "total_contrast": -13084.936515808105,
   "table_share": 0.7360820549799997,
   "remainder_share": 0.3810861003833118,
   "cross_share": -0.11716816432796641,
   "table_sign_agreement": 1.0,
   "alpha_median": 0.5400515198707581,
   "mean_abs_total_per_row": 156.7256317138672,
   "mean_abs_table_per_row": 124.1918716430664,
   "mean_abs_remainder_per_row": 52.80369567871094
  },
  "493": {
   "total_contrast": 14468.880546569824,
   "table_share": 0.7484771419029812,
   "remainder_share": 0.494022424438896,
   "cross_share": -0.2424995610689091,
   "table_sign_agreement": 1.0,
   "alpha_median": 0.5400515198707581,
   "mean_abs_total_per_row": 165.54197692871094,
   "mean_abs_table_per_row": 132.99842834472656,
   "mean_abs_remainder_per_row": 75.6291732788086
  }
 }
}
{
  "predictions": {
    "pred_a_product_closure": true,
    "pred_b_table_part_carries_most": true,
    "pred_c_remainder_carries_little": false,
    "pred_d_same_for_493": false,
    "pred_e_table_part_positive_every_pair": true
  },
  "forwards": 4
}
