{
 "native_margin": 2.048141226172447,
 "replay_gap": 4.1226172447395015e-05,
 "vp0_projection_native": 2239.198974609375,
 "vp0_projection_edit": 1963.5020751953125,
 "vp0_rel_change": -0.12312300181459195,
 "class_logit_contrast_native": -0.059282708913087845,
 "class_logit_contrast_edit": 0.02432417869567871,
 "margin_change_rel": 0.00715936631293126,
 "null_vp0_rel_max_abs": 0.0024921064759769636,
 "null_class_change_max_abs": 0.0015206634998321533,
 "null_margin_max_abs": 0.008297463258107651
}
{
  "predictions": {
    "pred_a_baseline_replays": true,
    "pred_b_vp0_units_cut_the_agreement_axis": false,
    "pred_c_beats_random_sets": true,
    "pred_d_class_logit_contrast_falls": false,
    "pred_e_pronoun_margin_barely_moves": true
  },
  "forwards": 42
}
