{"family": "dense", "rank": 4608, "stored_values": 24235715, "fraction_of_dense": 1.0, "calibration_max_error": 0.06101269484772698, "validation_max_error": 0.05689693576160804}
{"family": "global_centered", "rank": 0, "stored_values": 8311619, "fraction_of_dense": 0.3429491970837254, "calibration_max_error": 3.918808177261654, "validation_max_error": 4.269421670467065, "global_tensor_error": 0.9999288320541382, "parent_dictionary_error": 0.9993297457695007}
{"family": "global_centered", "rank": 256, "stored_values": 9196355, "fraction_of_dense": 0.37945466019880164, "calibration_max_error": 3.667689174886947, "validation_max_error": 3.9651136891116665, "global_tensor_error": 0.9580332040786743, "parent_dictionary_error": 0.952876091003418}
{"family": "global_centered", "rank": 1024, "stored_values": 11850563, "fraction_of_dense": 0.48897104954403037, "calibration_max_error": 3.550398993425033, "validation_max_error": 3.822137209248376, "global_tensor_error": 0.8453551530838013, "parent_dictionary_error": 0.8432375192642212}
{"family": "global_centered", "rank": 2304, "stored_values": 16274243, "fraction_of_dense": 0.6714983651194116, "calibration_max_error": 3.2843546095729867, "validation_max_error": 3.539121410775928, "global_tensor_error": 0.642069935798645, "parent_dictionary_error": 0.6434130072593689}
{"family": "global_centered", "rank": 4608, "stored_values": 24236867, "fraction_of_dense": 1.0000475331550978, "calibration_max_error": 0.06101270332411063, "validation_max_error": 0.056896935205853386, "global_tensor_error": 0.0, "parent_dictionary_error": 0.0}
{"family": "parent_centered", "rank": 0, "stored_values": 8311619, "fraction_of_dense": 0.3429491970837254, "calibration_max_error": 3.918808177261654, "validation_max_error": 4.269421670467065, "global_tensor_error": 0.9999288320541382, "parent_dictionary_error": 0.9993297457695007}
{"family": "parent_centered", "rank": 256, "stored_values": 9196355, "fraction_of_dense": 0.37945466019880164, "calibration_max_error": 3.4179883904282944, "validation_max_error": 3.7089758731814273, "global_tensor_error": 0.9613623023033142, "parent_dictionary_error": 0.9465929269790649}
{"family": "parent_centered", "rank": 1024, "stored_values": 11850563, "fraction_of_dense": 0.48897104954403037, "calibration_max_error": 3.1585669493401642, "validation_max_error": 3.380216738989256, "global_tensor_error": 0.8528017401695251, "parent_dictionary_error": 0.8317134380340576}
{"family": "parent_centered", "rank": 2304, "stored_values": 16274243, "fraction_of_dense": 0.6714983651194116, "calibration_max_error": 2.905850694022692, "validation_max_error": 3.1036253689026836, "global_tensor_error": 0.6517643332481384, "parent_dictionary_error": 0.6307827234268188}
{"family": "parent_centered", "rank": 4608, "stored_values": 24236867, "fraction_of_dense": 1.0000475331550978, "calibration_max_error": 0.06101270020016506, "validation_max_error": 0.05689694745408316, "global_tensor_error": 0.0, "parent_dictionary_error": 0.0}
{"family": "random_products", "rank": 0, "stored_values": 8311619, "fraction_of_dense": 0.3429491970837254, "calibration_max_error": 3.918808177261654, "validation_max_error": 4.269421670467065, "global_tensor_error": 0.9999288320541382, "parent_dictionary_error": 0.9993297457695007}
{"family": "random_products", "rank": 256, "stored_values": 9196355, "fraction_of_dense": 0.37945466019880164, "calibration_max_error": 3.335504646659094, "validation_max_error": 3.656853312481945, "global_tensor_error": 0.9714197516441345, "parent_dictionary_error": 0.9701864123344421}
{"family": "random_products", "rank": 1024, "stored_values": 11850563, "fraction_of_dense": 0.48897104954403037, "calibration_max_error": 2.415413538232837, "validation_max_error": 2.633836889521225, "global_tensor_error": 0.8808245062828064, "parent_dictionary_error": 0.8792234063148499}
{"family": "random_products", "rank": 2304, "stored_values": 16274243, "fraction_of_dense": 0.6714983651194116, "calibration_max_error": 1.1314981424597472, "validation_max_error": 1.221648480603706, "global_tensor_error": 0.7045921683311462, "parent_dictionary_error": 0.7016010284423828}
{"family": "random_products", "rank": 4608, "stored_values": 24236867, "fraction_of_dense": 1.0000475331550978, "calibration_max_error": 0.06101269112191365, "validation_max_error": 0.056896919692247784, "global_tensor_error": 0.0, "parent_dictionary_error": 0.0}
{
  "family": "dense",
  "rank": 4608,
  "stored_values": 24235715,
  "fraction_of_dense": 1.0,
  "calibration_max_error": 0.06101269484772698,
  "validation_max_error": 0.05689693576160804
}
{'pred_a_factored_replay': True, 'pred_b_twenty_percent_saving': False, 'pred_c_frozen_validation': False}
