{
 "closure_max": 7.587227173644351e-06,
 "top12": [
  [
   3465,
   684.7877807617188
  ],
  [
   2033,
   406.49884033203125
  ],
  [
   114,
   309.83050537109375
  ],
  [
   96,
   163.47718811035156
  ],
  [
   1473,
   136.86062622070312
  ],
  [
   1621,
   72.76496124267578
  ],
  [
   493,
   61.60906982421875
  ],
  [
   1638,
   58.47593307495117
  ],
  [
   1219,
   44.001834869384766
  ],
  [
   4458,
   36.68596649169922
  ],
  [
   1450,
   34.4388427734375
  ],
  [
   88,
   31.516313552856445
  ]
 ],
 "ranks": {
  "3465": 1,
  "114": 3,
  "493": 7
 },
 "top10_share": 0.2057088315486908,
 "head_write_contrast": 7222.0654296875,
 "mlp3_term_contrast": 3499.1025390625,
 "mlp3_share_of_head": 0.48450163919574274
}
{
  "predictions": {
    "pred_a_unit_closure": true,
    "pred_b_3465_in_top3_on_text": true,
    "pred_c_top10_share_on_text": true,
    "pred_d_mlp3_share_of_head_on_text": true,
    "pred_e_114_in_top10_on_text": true
  },
  "forwards": 2
}
