{
 "instrument_max_rel": 0.00010930395364994183,
 "readers": {
  "9.6": {
   "shares": {
    "query_main": 0.2515277249847509,
    "key_main": 0.3724902021110851,
    "interaction": 0.3759820695502541
   },
   "grand_mean": 0.06266043335199356,
   "diag_mean": 0.09714911133050919,
   "n": 244,
   "query_gain_range": [
    -0.017822476103901863,
    0.17716984450817108
   ],
   "key_gain_range": [
    -0.03514644876122475,
    0.22392025589942932
   ]
  },
  "12.4": {
   "shares": {
    "query_main": 0.18116148680646318,
    "key_main": 0.5713687917308784,
    "interaction": 0.24746976970972948
   },
   "grand_mean": 0.12480410188436508,
   "diag_mean": 0.14462387561798096,
   "n": 244,
   "query_gain_range": [
    -0.0025217668153345585,
    0.26923868060112
   ],
   "key_gain_range": [
    -0.11151757836341858,
    0.310214102268219
   ]
  },
  "15.1": {
   "shares": {
    "query_main": 0.19136560559101695,
    "key_main": 0.7631668828152608,
    "interaction": 0.04546760540032008
   },
   "grand_mean": -0.22433020174503326,
   "diag_mean": -0.235550194978714,
   "n": 244,
   "query_gain_range": [
    -0.4874896705150604,
    -0.06836474686861038
   ],
   "key_gain_range": [
    -0.6195164322853088,
    -0.004538051784038544
   ]
  }
 },
 "cross_closure_max": 2.8978067348361947e-05
}
{
  "predictions": {
    "pred_a_instrument": true,
    "pred_b_cross_closure": false,
    "pred_c_key_side_leads": false,
    "pred_d_query_side_small": true,
    "pred_e_interaction_small": false
  },
  "forwards": 4
}
