[split] calibration 6.76e-07 | fresh 7.77e-07 | prev 1.49e-07 | corpus 1.50e-07 | teacher 1.11e-06 | forwards 432
[size1216_seed25001] step 90 val 0.4190 | fresh small value 0.3728 response 0.3972 | calibration weighted small 0.4013 | outputs 0-3 [0.0252, 0.0401, 0.0529, 0.1263] | 134s
[size1216_seed25002] step 100 val 0.4189 | fresh small value 0.3757 response 0.4042 | calibration weighted small 0.4059 | outputs 0-3 [0.0254, 0.0411, 0.0537, 0.1286] | 134s
[size3040_seed25001] step 310 val 0.3614 | fresh small value 0.3431 response 0.3634 | calibration weighted small 0.3908 | outputs 0-3 [0.0229, 0.0388, 0.0504, 0.1177] | 334s
[size3040_seed25002] step 220 val 0.3627 | fresh small value 0.3413 response 0.3595 | calibration weighted small 0.3871 | outputs 0-3 [0.0229, 0.0378, 0.0498, 0.1193] | 334s
[audit size 1216] cosines 4-15 mean 0.876 min 0.724 | min CC per output [0.017, 0.006, 0.143, 0.012, 0.101, 0.101, 0.024, 0.018, 0.049, 0.187, 0.022, 0.023, 0.021, 0.016, 0.026, 0.015]
[audit size 3040] cosines 4-15 mean 0.885 min 0.764 | min CC per output [0.003, 0.032, 0.006, 0.045, 0.307, 0.112, 0.06, 0.135, 0.073, 0.191, 0.281, 0.035, 0.019, 0.166, 0.158, 0.038]
{
 "predictions": {
  "pred_a_integrity": true,
  "pred_b_more_data_helps": true,
  "pred_c_monotone": true,
  "pred_d_cross_start_stability": false,
  "pred_e_spans_identified": false
 },
 "replay": {
  "calibration": 6.762442324370061e-07,
  "fresh": 7.771504414677858e-07,
  "prev": 1.486380836494322e-07,
  "corpus": 1.4984510471050305e-07,
  "teacher": 1.1115582541851799e-06,
  "export": 1.1102230246251565e-16
 },
 "forwards": 432
}
