{
 "closure_margin_gap": 4.1226172447395015e-05,
 "split_closure": 9.292960006631456e-08,
 "per_factor": {
  "L": {
   "mlp2_contrast_term": -656.7891845703125,
   "table_share": 0.3395021240918687,
   "remainder_share": 0.6604977829785312,
   "alpha2_median": 0.43461570143699646
  },
  "R": {
   "mlp2_contrast_term": 172.63766479492188,
   "table_share": 0.6256856339350726,
   "remainder_share": 0.3743144102580329,
   "alpha2_median": 0.43461570143699646
  }
 }
}
{
  "predictions": {
    "pred_a_closure": true,
    "pred_b_split_closure": true,
    "pred_c_mlp2_table_part_carries_less_than_mlp1s": true,
    "pred_d_mlp2_remainder_carries_at_least_a_third": true,
    "pred_e_signs_agree": true
  },
  "forwards": 4
}
