calibration captured
fineweb captured
code captured
{
  "predictions": {
    "pred_a_exact": true,
    "pred_b_native64": true,
    "pred_c_transfer": true
  },
  "results": {
    "calibration": {
      "native": {
        "relative_error": {
          "4": 0.11756455851255782,
          "16": 0.08479224268209198,
          "32": 0.07365103682495809,
          "64": 0.06244493224465617,
          "128": 0.0499524855524711,
          "256": 0.0351579756867265,
          "512": 0.018571229271835347,
          "1024": 0.003141618070619583,
          "1152": 4.371001124656478e-08
        },
        "affine_relative_error": {
          "4": 0.11543884739163814,
          "16": 0.0845048956051474,
          "32": 0.0734693200975882,
          "64": 0.062371615673410964,
          "128": 0.04989948195403741,
          "256": 0.035122856580228984,
          "512": 0.01855491389996363,
          "1024": 0.0031386511796390355,
          "1152": 0.0
        },
        "constant_mean_relative_error": 0.3152965012348362,
        "target_energy": 1916767665885.8481
      },
      "shifted": {
        "relative_error": {
          "4": 0.16176171970280506,
          "16": 0.09952261487885526,
          "32": 0.08334956414686198,
          "64": 0.07020148964725705,
          "128": 0.05811341021312092,
          "256": 0.04501565259960352,
          "512": 0.030275503866433167,
          "1024": 0.009938481830489902,
          "1152": 4.4686972765097034e-08
        },
        "affine_relative_error": {
          "4": 0.15721138112288263,
          "16": 0.09914459699095987,
          "32": 0.08326675082789806,
          "64": 0.07033802960353248,
          "128": 0.05815920731788071,
          "256": 0.04513085639064906,
          "512": 0.030379791199527616,
          "1024": 0.00997057388312413,
          "1152": 0.0
        },
        "constant_mean_relative_error": 0.40869818604796876,
        "target_energy": 2200648533547.5
      }
    },
    "fineweb": {
      "native": {
        "relative_error": {
          "4": 0.12606892730206834,
          "16": 0.09837509136570499,
          "32": 0.09028615768945909,
          "64": 0.08173259972111922,
          "128": 0.07224042228297121,
          "256": 0.05979428716224818,
          "512": 0.04232510402043357,
          "1024": 0.014338087993603582,
          "1152": 4.4909106588875486e-08
        },
        "affine_relative_error": {
          "4": 0.12499428673479566,
          "16": 0.0983485328098441,
          "32": 0.09018152719136645,
          "64": 0.08177212814782812,
          "128": 0.07224630448957924,
          "256": 0.059805758217914194,
          "512": 0.04234021765316639,
          "1024": 0.014342800676553613,
          "1152": 0.0
        },
        "constant_mean_relative_error": 0.32710549045298337,
        "target_energy": 1815776872888.5264
      },
      "shifted": {
        "relative_error": {
          "4": 0.16041160348462613,
          "16": 0.10789703824137305,
          "32": 0.09509670189188797,
          "64": 0.08414801888798779,
          "128": 0.07347993473299871,
          "256": 0.06028852929016306,
          "512": 0.04249484360586989,
          "1024": 0.014283528062134952,
          "1152": 4.478923886685162e-08
        },
        "affine_relative_error": {
          "4": 0.15750462170909643,
          "16": 0.10780292687654013,
          "32": 0.09520082538801476,
          "64": 0.08437863095084307,
          "128": 0.07355465282873337,
          "256": 0.060412243905874276,
          "512": 0.04259708457988221,
          "1024": 0.014313974681187561,
          "1152": 0.0
        },
        "constant_mean_relative_error": 0.42094165911685855,
        "target_energy": 2068910048317.2642
      }
    },
    "code": {
      "native": {
        "relative_error": {
          "4": 0.12908362946571741,
          "16": 0.07870509209817418,
          "32": 0.07177980234838942,
          "64": 0.06302865939072771,
          "128": 0.05519194095581933,
          "256": 0.04502216687246562,
          "512": 0.03149299571550258,
          "1024": 0.010629906908742562,
          "1152": 4.61152133735064e-08
        },
        "affine_relative_error": {
          "4": 0.12336604802706003,
          "16": 0.07877213044520516,
          "32": 0.07170398222761418,
          "64": 0.06302430153272809,
          "128": 0.05520428752037795,
          "256": 0.045029376400825896,
          "512": 0.03149298015937925,
          "1024": 0.010640231335285919,
          "1152": 0.0
        },
        "constant_mean_relative_error": 0.46803059657457635,
        "target_energy": 4132892489022.338
      },
      "shifted": {
        "relative_error": {
          "4": 0.15490322494843936,
          "16": 0.08598121994002192,
          "32": 0.07476394784970235,
          "64": 0.06430764433204814,
          "128": 0.05604627437485518,
          "256": 0.0455492750417524,
          "512": 0.031810256990841765,
          "1024": 0.010642077714548606,
          "1152": 4.100575159441488e-08
        },
        "affine_relative_error": {
          "4": 0.14559607008180275,
          "16": 0.08601154419282406,
          "32": 0.07431990023967902,
          "64": 0.06431139380575177,
          "128": 0.056055872751556,
          "256": 0.04557521228171999,
          "512": 0.03187732964873868,
          "1024": 0.010696303278866483,
          "1152": 7.248861255015461e-09
        },
        "constant_mean_relative_error": 0.51795631512657,
        "target_energy": 4646227568437.358
      }
    }
  },
  "replay_max": 5.13076553819616e-15,
  "fullbasis_energy_residual": 2.1266129044840238e-15,
  "calls": 80,
  "panels": {
    "calibration": {
      "rows": 2048,
      "token_sha256": "4779918d92859011804f998ca7ec53f08dadbf2346e977d82fd66354b4804e5c"
    },
    "fineweb": {
      "rows": 8192,
      "token_sha256": "65234b2fd77834ea065566fc2d255c5fad520420c481c77ce6de795cf2521dac"
    },
    "code": {
      "rows": 4096,
      "token_sha256": "871bb3dbb640b0b6aed0d1eea7a3538c74d5317f99324bd229ba8934ffb776a0"
    }
  },
  "seconds": 5.310427023097873,
  "scope": "Frozen calibration output basis. Exact paired native target, explicit last-MLP denominator, before final normalization/softcap. Reused diagnostics, not circuit or behavioral identification."
}
