{
 "closure_max": 3.183818009233619e-08,
 "9.6": {
  "native": {
   "noun": 46777.41015625,
   "other": 51675.40625,
   "total": 98452.8125,
   "noun_share": 0.4751251789404188
  },
  "cut": {
   "noun": 37122.30859375,
   "other": 42440.65625,
   "total": 79562.96875
  },
  "loss_total": -18889.84375,
  "loss_on_noun_share": 0.5111265974606063,
  "noun_rel_loss": 0.206405218464408
 },
 "12.4": {
  "native": {
   "noun": 23899.91796875,
   "other": 76833.515625,
   "total": 100733.421875,
   "noun_share": 0.2372590697693898
  },
  "cut": {
   "noun": 23386.814453125,
   "other": 72557.453125,
   "total": 95944.265625
  },
  "loss_total": -4789.15625,
  "loss_on_noun_share": 0.10713860413825504,
  "noun_rel_loss": 0.021468840030995136
 }
}
{
  "predictions": {
    "pred_a_key_split_closure": true,
    "pred_b_9_6_reads_the_noun": false,
    "pred_c_12_4_reads_elsewhere": true,
    "pred_d_cut_falls_on_the_noun_key": false,
    "pred_e_noun_key_share_of_9_6_loss": true
  },
  "forwards": 6
}
