`loss_type=None` was set in the config but it is unrecognized. Using the default loss: `ForCausalLMLoss`.
native CE on skip7000: stock sdpa 3.39828 | explicit softmax 3.39828
mean-ablation values: top 0.1:0.549 0.3:0.191 0.5:0.074 7.11:0.030 4.11:0.023 0.10:0.022 0.9:0.019 5.10:0.018 5.9:0.018 9.5:0.017 8.5:0.014 11.3:0.014 | median 0.0050 | sum 1.684 | joint (all 162) 3.345
kernels-only with the position-0 column native: +2.9204 (vs kernels-only +5.8025)
k=1: energy 0.9700 | kernels-only-with-k-shapes cost +5.7295 (over kernels-only -0.0730)
k=2: energy 0.9945 | kernels-only-with-k-shapes cost +6.2884 (over kernels-only +0.4859)
k=4: energy 0.9996 | kernels-only-with-k-shapes cost +6.5707 (over kernels-only +0.7682)
k=8: energy 1.0000 | kernels-only-with-k-shapes cost +5.7968 (over kernels-only -0.0057)
k=16: energy 1.0000 | kernels-only-with-k-shapes cost +5.8006 (over kernels-only -0.0019)
native 3.39828 | kernels-only (closed form) +5.8025 | named-4 basis: energy 0.7372, cost +6.1101 | SVD energy cum (1..8) [0.97, 0.994, 0.999, 1.0, 1.0, 1.0, 1.0, 1.0]
{
  "predictions": {
    "pred_a_instrument_replays": true,
    "pred_b_joint_value_comparable": true,
    "pred_c_kernels_only_cost": false,
    "pred_d_kernel_energy_top4": true,
    "pred_e_four_shapes_cheap": false
  },
  "forwards": 947
}
