calibration_shaped_inherited 0 0.006310575870075515
calibration_shaped_inherited 50 0.006294278528143534
calibration_shaped_inherited 100 0.006273405027453105
calibration_shaped_inherited 150 0.006251946970317501
calibration_shaped_inherited 200 0.006231640328954254
RECORD {"key": "calibration_shaped_inherited", "geometry": "calibration_shaped", "initialization": "inherited", "initial_objective": 0.006310575870075515, "objective": 0.006230064984502329, "evaluations": 205, "best_evaluation": 204, "optimization_failure": null, "instrument": true, "dense_replay": 5.637851296924623e-16, "native_error": 0.5937275092430478, "covariance_error": 0.07893076069887388, "execution_replay": 6.60812077661932e-15, "per_mode_errors": [0.022181460701550058, 0.022940263643796033, 0.10672336583420844], "euclidean_jacobian_errors": [0.2020621146736093, 0.1707179538229084, 0.17693130284830266], "stored_floats": 1058124, "physical_storage_floats": 1058124, "index_integers": 4224, "projection_multiplications": 1044480, "activation_products": 1056, "source_total_multiplications": 1047648}
calibration_shaped_algebraic 0 0.024970379186357437
calibration_shaped_algebraic 50 0.008813041024336738
calibration_shaped_algebraic 100 0.007420505571815871
calibration_shaped_algebraic 150 0.00696134158831474
calibration_shaped_algebraic 200 0.006728529320873579
RECORD {"key": "calibration_shaped_algebraic", "geometry": "calibration_shaped", "initialization": "algebraic", "initial_objective": 0.024970379186357437, "objective": 0.006713275262119696, "evaluations": 205, "best_evaluation": 204, "optimization_failure": null, "instrument": true, "dense_replay": 2.1250362580715887e-16, "native_error": 0.6114623575971143, "covariance_error": 0.08193457915996095, "execution_replay": 2.3053492611991514e-15, "per_mode_errors": [0.023571193983910898, 0.02607324869207687, 0.11731355198391792], "euclidean_jacobian_errors": [0.2069130070604285, 0.17511253077325586, 0.1854377194780202], "stored_floats": 1058124, "physical_storage_floats": 1058124, "index_integers": 4224, "projection_multiplications": 1044480, "activation_products": 1056, "source_total_multiplications": 1047648}
native_isotropic_inherited 0 0.2505106125528922
native_isotropic_inherited 50 0.24990705265543883
native_isotropic_inherited 100 0.249020518745386
native_isotropic_inherited 150 0.248161876288781
native_isotropic_inherited 200 0.24764075763984145
RECORD {"key": "native_isotropic_inherited", "geometry": "native_isotropic", "initialization": "inherited", "initial_objective": 0.2505106125528922, "objective": 0.24762444914782594, "evaluations": 203, "best_evaluation": 202, "optimization_failure": null, "instrument": true, "dense_replay": 1.3877787807814457e-16, "native_error": 0.4976187789340609, "covariance_error": 0.13356242706200214, "execution_replay": 3.735726576695294e-15, "per_mode_errors": [0.019809293345908682, 0.03202748873606887, 0.11756293871451452], "euclidean_jacobian_errors": [0.19822225189590056, 0.18024848107425392, 0.17468104044115068], "stored_floats": 1058124, "physical_storage_floats": 1058124, "index_integers": 4224, "projection_multiplications": 1044480, "activation_products": 1056, "source_total_multiplications": 1047648}
native_isotropic_algebraic 0 0.4380028574567517
native_isotropic_algebraic 50 0.25435765891987777
native_isotropic_algebraic 100 0.25155586640912797
native_isotropic_algebraic 150 0.2506144647320898
native_isotropic_algebraic 200 0.2500965886850355
RECORD {"key": "native_isotropic_algebraic", "geometry": "native_isotropic", "initialization": "algebraic", "initial_objective": 0.4380028574567517, "objective": 0.250072411184603, "evaluations": 204, "best_evaluation": 203, "optimization_failure": null, "instrument": true, "dense_replay": 2.220446049250313e-16, "native_error": 0.5000724059419823, "covariance_error": 0.13235972571267826, "execution_replay": 2.9201174585012426e-15, "per_mode_errors": [0.01987881863278229, 0.030596941123925525, 0.12328631950720484], "euclidean_jacobian_errors": [0.198013208639476, 0.1781692669340379, 0.17577358101612983], "stored_floats": 1058124, "physical_storage_floats": 1058124, "index_integers": 4224, "projection_multiplications": 1044480, "activation_products": 1056, "source_total_multiplications": 1047648}
{'pred_a_instrument': True, 'pred_b_components': False, 'pred_c_coefficients': False, 'pred_d_arithmetic': True, 'pred_e_initialization': False}
