{
 "replay_max_abs": 1.33514404296875e-05,
 "text": {
  "pairs": 122,
  "family_size": 80,
  "FIVE_N": {
   "verb_signed_change": {
    "is": -0.018661295995116234,
    "was": -0.03230765834450722,
    "has": -0.04011102765798569,
    "does": -0.047677431255578995,
    "are": 0.09976260364055634,
    "were": 0.10564982891082764,
    "have": 0.04580799490213394,
    "do": 0.030757581815123558
   },
   "verb_mean_abs_change": 0.06311880797147751,
   "verb_signs_ok": true,
   "lemma_signed_change": {
    "his": -0.3403828777372837,
    "he": -0.3184078671038151,
    "herself": -0.3113233149051666,
    "she": -0.2788589149713516,
    "himself": -0.27510181069374084,
    "him": -0.26339609424273175,
    "her": -0.21673204749822617,
    "hers": -0.06133567353026592,
    "itself": -0.03798844292759895,
    "your": -0.02962131891399622,
    "you": -0.02345089169102721,
    "its": -0.02139986213296652,
    "yourself": -0.020701331086456776,
    "it": -0.017700501950457692,
    "I": -0.016532090958207846,
    "my": -0.01012640273620491,
    "we": -0.009494793062913232,
    "myself": -0.008780593052506447,
    "our": 3.46645392710343e-05,
    "me": 0.0022971988655626774,
    "us": 0.003715987753821537,
    "ourselves": 0.048076167702674866,
    "them": 0.3868544598420461,
    "themselves": 0.4888056814670563,
    "their": 0.4954993277788162,
    "they": 0.5089802891016006
   }
  },
  "COPIER": {
   "verb_signed_change": {
    "is": -0.09314697980880737,
    "was": -0.09428363293409348,
    "has": -0.10511081665754318,
    "does": -0.1052507609128952,
    "are": 0.019513912498950958,
    "were": 0.03890213370323181,
    "have": -0.026991693302989006,
    "do": -0.02502512000501156
   },
   "verb_mean_abs_change": 0.09880241751670837,
   "verb_signs_ok": false,
   "lemma_signed_change": {
    "himself": -0.1813291236758232,
    "herself": -0.17841172218322754,
    "his": -0.15081357769668102,
    "he": -0.14530707150697708,
    "she": -0.1262867022305727,
    "him": -0.10482363278667133,
    "her": -0.09537469502538443,
    "I": -0.06532242894172668,
    "myself": -0.06218971684575081,
    "you": -0.04241103958338499,
    "me": -0.03729710925836116,
    "your": -0.03723102854564786,
    "my": -0.0353653603233397,
    "yourself": -0.03057901281863451,
    "hers": -0.02859299381573995,
    "its": -0.022699626511894166,
    "it": -0.022216550540179014,
    "us": -0.018652854254469275,
    "itself": -0.014294968917965889,
    "our": -0.011910445056855679,
    "we": -0.011403088574297726,
    "ourselves": 0.03569037839770317,
    "them": 0.12203243871529897,
    "they": 0.2036360800266266,
    "their": 0.2119360715150833,
    "themselves": 0.23545068502426147
   }
  },
  "UNITS": {
   "verb_signed_change": {
    "is": -0.015052170492708683,
    "was": -0.019256822764873505,
    "has": -0.019339650869369507,
    "does": -0.02154235728085041,
    "are": 0.03013320080935955,
    "were": 0.03146249055862427,
    "have": 0.011853329837322235,
    "do": 0.004507482051849365
   },
   "verb_mean_abs_change": 0.01945805922150612,
   "verb_signs_ok": true,
   "lemma_signed_change": {
    "herself": -0.08698735386133194,
    "his": -0.07778213359415531,
    "he": -0.07619701605290174,
    "she": -0.0761267514899373,
    "himself": -0.06839928030967712,
    "him": -0.06448204070329666,
    "her": -0.0602054288610816,
    "hers": -0.017212914768606424,
    "we": -0.015260224463418126,
    "it": -0.013100458541885018,
    "itself": -0.010332826524972916,
    "its": -0.01019104989245534,
    "our": -0.010072731296531856,
    "you": -0.007647161022759974,
    "I": -0.0065673652570694685,
    "your": -0.004537785716820508,
    "yourself": -0.004057464539073408,
    "us": -0.0033964516915148124,
    "myself": -0.0024127752985805273,
    "ourselves": -0.00016868901730049402,
    "my": 7.084489334374666e-05,
    "me": 0.0030834489789413055,
    "them": 0.12067839751640956,
    "themselves": 0.15656976401805878,
    "their": 0.16160404309630394,
    "they": 0.1622830331325531
   }
  },
  "lemma_cos_units_vs_readers": 0.9906830191612244,
  "lemma_cos_copier_vs_readers": 0.966517984867096,
  "verb_cos_units_vs_copier": 0.7263356447219849,
  "reader_over_copier_verb_change": 0.6388387000834626
 },
 "panel": {
  "skipped": "text only (price)",
  "verb_slot_rows": 122
 }
}
{
  "predictions": {
    "pred_a_baseline_replays": true,
    "pred_b_units_move_verbs_like_the_copier": true,
    "pred_c_units_move_pronouns_like_the_readers": true,
    "pred_d_readers_move_verbs_less_at_verb_slot": false,
    "pred_e_units_verb_signs": true
  },
  "forwards": 32
}
