{
 "closure_max": 2.2052279291528976e-07,
 "text": {
  "energy_vp1": 593657.0,
  "energy_u": 9755258.0,
  "vp1_share_top32": 0.1405143580656731,
  "writers_vp1_top8": {
   "mlp16": 339.4325256347656,
   "mlp17": 212.42835998535156,
   "attn17": 62.63486862182617,
   "embedding": 57.97199630737305,
   "mlp12": -57.457149505615234,
   "mlp10": 48.45661163330078,
   "9.6": -40.09332275390625,
   "mlp13": 35.642887115478516
  },
  "reader_share_vp1": 0.032244749895955535
 },
 "panel": {
  "energy_vp1": 225253.90625,
  "vp1_share_top32": 0.03445855792241025,
  "writers_vp1_top8": {
   "mlp17": -205.6208953857422,
   "mlp15": -57.87487030029297,
   "mlp16": -53.80889129638672,
   "mlp12": -46.9539794921875,
   "9.6": -37.111366271972656,
   "15.1": -31.298690795898438,
   "13.7": -28.22287940979004,
   "mlp13": 24.93933868408203
  }
 }
}
{
  "predictions": {
    "pred_a_closure": true,
    "pred_b_vp1_is_the_text_axis": false,
    "pred_c_vp1_writers_are_readers": false,
    "pred_d_vp1_on_panel_too": false,
    "pred_e_vp1_energy_small_vs_u": true
  },
  "forwards": 5
}
