{
  "pred_a": true,
  "pred_b": true,
  "pred_c": true,
  "family_effect_errors": {
    "museum_label": [
      2.1019743659192523e-06,
      1.0684258630241307e-05,
      1.889282458770927e-05,
      6.544199796665823e-05,
      7.475111918477562e-06
    ],
    "editorial_request": [
      2.3502085374672085e-06,
      2.0855897237875905e-05,
      1.9933141994910107e-05,
      2.3995645269113674e-05,
      2.205595305558645e-05
    ],
    "plain_memo": [
      2.2700628487774987e-06,
      1.3435483385983341e-05,
      1.652466188431124e-05,
      2.524409541772278e-05,
      2.817925188519721e-05
    ],
    "multiline_record": [
      1.6338102402079682e-06,
      9.147110050631022e-06,
      3.0008247225201565e-05,
      1.8817958581137796e-05,
      6.688645199869996e-06
    ],
    "reported_note": [
      2.541372672351869e-06,
      1.8865110354176226e-05,
      7.009394819798541e-05,
      4.9802236813466835e-05,
      1.7919396272203445e-05
    ]
  },
  "anchor_max_abs": 0.0,
  "max_joint_input_error": 1.7151321618430827e-05,
  "max_outside": 0.0,
  "margin_max_abs": 3.337860107421875e-06,
  "margin_relative": 6.046338827866936e-07,
  "body_forwards": 120,
  "seconds": 2.4725728870835155,
  "scope": "Opened fresh-panel precision replay. Native suffix external. Isolated replay gate scored separately; no composition/simplicity promotion."
}
