{
  "reading": "INCONCLUSIVE_between_registered_thresholds",
  "families": {
    "fitted_A1_heldout": {
      "mean_recovery": 0.9797735810279846,
      "mean_absolute_recovery": 0.9797735810279846,
      "rows": 16
    },
    "probed_A1": {
      "mean_recovery": 0.3765164017677307,
      "mean_absolute_recovery": 0.3765164017677307,
      "rows": 32
    },
    "probed_A2": {
      "mean_recovery": 0.4574697017669678,
      "mean_absolute_recovery": 0.4574697017669678,
      "rows": 32
    }
  },
  "predictions": {
    "pred_a_head_reproduces_producer": true,
    "pred_b_fitted_behaviour_replicates": true,
    "pred_c_shared_correlative_feature": false,
    "pred_d_cross_construction_on_probed": false,
    "pred_e_separate_lexical_associations": false
  }
}
