{
 "closure_max": 8.544498268747702e-05,
 "top12": [
  [
   3465,
   171978.71875
  ],
  [
   114,
   74077.1953125
  ],
  [
   493,
   32070.65234375
  ],
  [
   1638,
   14844.83203125
  ],
  [
   1555,
   12014.7109375
  ],
  [
   4008,
   10496.056640625
  ],
  [
   96,
   10321.728515625
  ],
  [
   189,
   -7385.4453125
  ],
  [
   1450,
   6517.197265625
  ],
  [
   1306,
   -6233.3369140625
  ],
  [
   4458,
   6229.615234375
  ],
  [
   872,
   5897.81982421875
  ]
 ],
 "top10_share": 0.20559751987457275,
 "ranks": {
  "3465": 1,
  "493": 3,
  "3040": 2552,
  "114": 2,
  "565": 688
 },
 "contrast_3465": 171978.71875,
 "contrast_493": 32070.65234375
}
{
  "predictions": {
    "pred_a_unit_closure": true,
    "pred_b_agreement_units_in_top10": true,
    "pred_c_top10_carry_half": false,
    "pred_d_3465_sign_positive_on_r": true,
    "pred_e_mismatch_leaders_not_in_top10": false
  },
  "forwards": 2
}
