{
 "replay_max_abs": 2.384185791015625e-05,
 "text": {
  "pairs": 79,
  "unit": 701,
  "contrast_mean": 37.7872428894043,
  "sign_constancy": 0.607594907283783,
  "moved": {
   "a0": 0.013764589093625546,
   "a1": 0.009111571125686169,
   "a2": -0.012321694754064083,
   "a3": -0.013331407681107521,
   "a4": -0.05561169236898422,
   "a5": 0.15803967416286469,
   "a6": 0.029510848224163055,
   "a7": 0.14569209516048431,
   "a8": 0.019589463248848915,
   "a9": 0.14075158536434174,
   "a10": 0.03709932789206505,
   "a11": 0.3032735586166382,
   "a12": 0.00776391988620162,
   "a13": 0.13806818425655365,
   "a14": 0.0134486248716712,
   "a15": 0.03294786810874939,
   "a16": 0.028842639178037643,
   "a17": 0.03094237670302391
  },
  "margin_closed": {
   "a0": 0.0050595598295331,
   "a1": 0.013313568197190762,
   "a2": 0.01925479620695114,
   "a3": 0.029588162899017334,
   "a4": 0.06564751267433167,
   "a5": 0.1603345423936844,
   "a6": 0.015700874850153923,
   "a7": 0.09518864750862122,
   "a8": 0.033918868750333786,
   "a9": 0.1163964495062828,
   "a10": 0.039682019501924515,
   "a11": 0.25036415457725525,
   "a12": 0.00915536843240261,
   "a13": 0.07263726741075516,
   "a14": 0.008514096960425377,
   "a15": 0.03802889585494995,
   "a16": 0.02477385476231575,
   "a17": -0.001127180177718401
  }
 },
 "panel": {
  "skipped": "distant rows only",
  "distant_rows": 79
 }
}
{
  "predictions": {
    "pred_a_baseline_replays": true,
    "pred_b_block_11_leads": true,
    "pred_c_verb_reader_blocks_carry_half": true,
    "pred_d_early_blocks_small": true,
    "pred_e_singles_add": true
  },
  "forwards": 57
}
