{
  "pred_a": true,
  "pred_b": true,
  "pred_c": true,
  "write_errors": [
    1.2851111611536345e-06,
    9.517097156347423e-07,
    4.4344072247191263e-07,
    3.5540096426906126e-07,
    6.565726643343826e-07,
    6.726199651389574e-07,
    3.92637113687945e-07,
    3.7443381565555667e-07,
    4.539189345073562e-07,
    6.38694284781431e-07,
    3.174624684124394e-07,
    2.6849457143426273e-07,
    6.065523374702408e-07,
    5.173806872770474e-07,
    2.7318668881666123e-07,
    2.743654537636989e-07,
    4.551236360597198e-07,
    4.0185546556815316e-07,
    2.260569965090626e-07,
    3.600538942004814e-07,
    8.485020357362616e-07,
    5.876156093760005e-07,
    3.59765113852228e-07,
    3.310116924902442e-07,
    5.070685400154478e-07,
    5.829611816085115e-07,
    3.168644415548931e-07,
    3.8759597234171125e-07,
    7.110610392841296e-07,
    5.269036569886598e-07,
    5.309280344572727e-07,
    4.879963738734655e-07,
    1.4259568905160382e-06,
    1.6260963486960674e-06,
    8.427236685688705e-07,
    1.1648417146555052e-06,
    8.666678352460412e-07,
    7.518842467673758e-07,
    3.302407111432478e-07,
    5.245093713599562e-07
  ],
  "anchor_max_abs": 0.0,
  "readout_max_abs": 4.291534423828125e-06,
  "readout_relative": 6.214636357858855e-07,
  "effect_errors": [
    3.2312048069188534e-05,
    0.0002612993001928599,
    0.0003687021005576522,
    0.000300653394510223,
    0.0001462570942112244
  ],
  "program_float_scalars": 1788419,
  "program_bytes": 7224941,
  "body_forwards": 120,
  "seconds": 2.603336959145963,
  "scope": "Opened native precision test of complete current8/donor-city8/raw9 -> head9 write. Three native-state arrays; native suffix remains. Isolated CPU replay pending. No fresh or causal composition claim."
}
