{
 "replay_max_abs": 2.002716064453125e-05,
 "text": {
  "pairs": 43,
  "gap_mean": {
   "verb": 14.92425537109375,
   "are_is": 7.83402681350708,
   "were_was": 7.0902299880981445
  },
  "closed": {
   "HUB3": {
    "verb": 0.1138540580868721,
    "are_is": 0.10840210318565369
   },
   "TOP3": {
    "verb": 0.1489202231168747,
    "are_is": 0.14363719522953033
   },
   "TOP10": {
    "verb": 0.2158433049917221,
    "are_is": 0.2085554301738739
   },
   "TOP30": {
    "verb": 0.23238204419612885,
    "are_is": 0.223516583442688
   }
  }
 },
 "panel": {
  "skipped": "verb slot only (price)",
  "verb_slot_rows": 43
 }
}
{
  "predictions": {
    "pred_a_baseline_replays": true,
    "pred_b_hub_three_replay": true,
    "pred_c_top_10_carry_two_thirds": true,
    "pred_d_top_30_carry_most": false,
    "pred_e_nested_sets_monotone": true
  },
  "forwards": 10
}
