{
  "pred_a": true,
  "pred_b": true,
  "pred_c": true,
  "pred_d": false,
  "families": {
    "word_index": {
      "inherited": {
        "target_rms": 0.12326069031803387,
        "control_over_target": [
          0.05371288171703702,
          0.04204844522533336,
          0.04158356950881151,
          0.08497026949421145
        ],
        "capable_pairs": 24,
        "positive_fraction": 1.0,
        "mean_attenuation": 0.0763470333208284,
        "attenuations": [
          0.03227145462605728,
          0.025994273365417864,
          0.03065843311244836,
          0.03335034503011387,
          0.0296806473722776,
          0.02527633891936777,
          0.14672409612901546,
          0.1482221242158747,
          0.14342552971383796,
          0.13590861671565901,
          0.15652996109233186,
          0.15888305523520574,
          0.03718995118821897,
          0.025300376661063165,
          0.025168909509068194,
          0.0651953383664237,
          0.02985689612206439,
          0.02016858647145106,
          0.09643304505034632,
          0.09363102016925413,
          0.09170766483294722,
          0.08837226107382633,
          0.10711613826026069,
          0.08526373646735012
        ]
      },
      "current": {
        "target_rms": 0.025760963753683138,
        "control_over_target": [
          0.12932793106963328,
          0.07476412420447062,
          0.08840945017385961,
          0.1340086960353027
        ],
        "capable_pairs": 24,
        "positive_fraction": 1.0,
        "mean_attenuation": 0.023726823913423723,
        "attenuations": [
          0.06082235530819804,
          0.05393424716485937,
          0.05771321107751998,
          0.0666927721872218,
          0.06617780729296331,
          0.05872690806570666,
          0.00997309761549772,
          0.009999076001100135,
          0.009612504665619758,
          0.00871172932150945,
          0.009889986471654287,
          0.009749842627142236,
          0.024299211170810617,
          0.016883472824117847,
          0.01609375373033368,
          0.04496380388365669,
          0.020353748427173232,
          0.015807301682752368,
          0.0015763518107035713,
          0.0013461124851468222,
          0.0012384813106171661,
          0.0013122526923795372,
          0.0010200445997040084,
          0.0025457015057811076
        ]
      },
      "both": {
        "target_rms": 0.13793547961860406,
        "control_over_target": [
          0.07170249079879086,
          0.04544392047050578,
          0.04831509754530295,
          0.09352284680327833
        ],
        "capable_pairs": 24,
        "positive_fraction": 1.0,
        "mean_attenuation": 0.10535897352710134,
        "attenuations": [
          0.0990862065518908,
          0.08523760726595828,
          0.09436451085072334,
          0.10660228321545527,
          0.10264274780043642,
          0.0891426312553506,
          0.16370538170303128,
          0.16515823148875028,
          0.160154955113017,
          0.15106839553637255,
          0.17365035607626925,
          0.17531229661558637,
          0.06663871316961323,
          0.04586452108205749,
          0.04500115391655194,
          0.1199899188987078,
          0.054858344700816276,
          0.03840066427215742,
          0.10160976223914127,
          0.09832886309247355,
          0.09637553188045461,
          0.09294554440335454,
          0.11198424432683242,
          0.09049249919543033
        ]
      },
      "interaction_over_smaller": 0.2706981578740976
    },
    "exact_copy": {
      "inherited": {
        "target_rms": 0.17264320030445715,
        "control_over_target": [
          0.08410346761653327,
          0.029966540053252545,
          0.039408287379649055,
          0.05609046136535943
        ],
        "capable_pairs": 24,
        "positive_fraction": 1.0,
        "mean_attenuation": 0.0793959093386968,
        "attenuations": [
          0.02079445720959519,
          0.01803133801725101,
          0.01936217072873931,
          0.024902800505013357,
          0.01915601695868191,
          0.017909232320597525,
          0.11368629300180798,
          0.11882991657875397,
          0.10375151883566615,
          0.10929746299659147,
          0.1341092717180842,
          0.12428427859302897,
          0.026533462860141136,
          0.02468926385854774,
          0.026097354431737614,
          0.03183617217152193,
          0.024705957427882463,
          0.020419018025263615,
          0.1490573564429343,
          0.1534157413568919,
          0.1362540435817946,
          0.14335281273596875,
          0.17142605318328807,
          0.17359983058893988
        ]
      },
      "current": {
        "target_rms": 0.021047289709790397,
        "control_over_target": [
          0.15686453832313096,
          0.15560655324598277,
          0.09041218822633265,
          0.08732103026781624
        ],
        "capable_pairs": 24,
        "positive_fraction": 1.0,
        "mean_attenuation": 0.022698863995693305,
        "attenuations": [
          0.033600362285725556,
          0.03104045850346551,
          0.029513538644358874,
          0.04206936059043988,
          0.0338631086328193,
          0.03203366808434835,
          0.005447509584263796,
          0.0055350025160592784,
          0.004805046931548708,
          0.005026330436004223,
          0.0057785318001261745,
          0.006992021650648742,
          0.045858318194802114,
          0.04370063233504578,
          0.04163242095579319,
          0.05849451416419871,
          0.04741912258096122,
          0.04909892337952378,
          0.003930178546622624,
          0.003892306528853886,
          0.003331345684377787,
          0.0029465039147028188,
          0.0040771537475367955,
          0.004686376204412208
        ]
      },
      "both": {
        "target_rms": 0.18488384473633893,
        "control_over_target": [
          0.08942711863137379,
          0.04030849449535152,
          0.04202633952136653,
          0.05968760573281911
        ],
        "capable_pairs": 24,
        "positive_fraction": 1.0,
        "mean_attenuation": 0.10753410553936273,
        "attenuations": [
          0.060659010418512495,
          0.055029254309602114,
          0.05480591417679762,
          0.07481933830789374,
          0.059706024123557994,
          0.05530192802588091,
          0.12389690502840797,
          0.12903354614545984,
          0.11301687224276012,
          0.11873334310733516,
          0.14483854991411874,
          0.1353535764593465,
          0.07813251110503368,
          0.07395968402978692,
          0.07319691079399672,
          0.09777417383279914,
          0.07833666690086509,
          0.0755490607718109,
          0.1579398173474443,
          0.16210686709688021,
          0.14423754290733354,
          0.15092865668463798,
          0.18065601380501325,
          0.18280636540943057
        ]
      },
      "interaction_over_smaller": 0.3686862216251544
    },
    "plain_word_note": {
      "inherited": {
        "target_rms": 0.11056140084457836,
        "control_over_target": [
          0.07494986496581188,
          0.039674237449722205,
          0.030394788238139656,
          0.07793982322574151
        ],
        "capable_pairs": 24,
        "positive_fraction": 0.75,
        "mean_attenuation": 0.057727791405473405,
        "attenuations": [
          -0.0037376696543160873,
          -0.0043844879143278125,
          -0.004738968609924468,
          -0.007116128856644661,
          -0.008038959090768606,
          -0.007164678297608471,
          0.12142518857773285,
          0.11602909848233212,
          0.11626831464978406,
          0.10982390013021726,
          0.12128448437153606,
          0.1274364076246564,
          0.014825606434211016,
          0.00922640110395895,
          0.012927958667732886,
          0.01170113201299197,
          0.007081917953378998,
          0.00671209034455848,
          0.1055273952061661,
          0.11193580915274001,
          0.10338492394806996,
          0.09774409599967257,
          0.11543613598651152,
          0.11187702550870068
        ]
      },
      "current": {
        "target_rms": 0.013072760773370933,
        "control_over_target": [
          0.17494602723741384,
          0.13343177463805087,
          0.10399628740535435,
          0.1124384452807347
        ],
        "capable_pairs": 24,
        "positive_fraction": 1.0,
        "mean_attenuation": 0.022439121661844013,
        "attenuations": [
          0.0434641832846896,
          0.036594265872937494,
          0.03836735821576911,
          0.049693774127796665,
          0.03910363636774813,
          0.03394439655044089,
          0.006827539153582206,
          0.006115126814917816,
          0.00629121783187964,
          0.005761671069433493,
          0.0060607425979214485,
          0.007122048126841369,
          0.04327218170703145,
          0.04275982981195877,
          0.0369349753385096,
          0.04512045848192639,
          0.04814681798903336,
          0.030465458121198108,
          0.002498113406675098,
          0.0018415961270773057,
          0.0019164599758035655,
          0.0018333406150387878,
          0.0022776798563942705,
          0.002126048439651709
        ]
      },
      "both": {
        "target_rms": 0.1163890286414795,
        "control_over_target": [
          0.09047232013721174,
          0.047061111747169516,
          0.03728435749639427,
          0.08037881274277502
        ],
        "capable_pairs": 24,
        "positive_fraction": 1.0,
        "mean_attenuation": 0.0835104388923354,
        "attenuations": [
          0.044078108858862576,
          0.03585249021335093,
          0.03754639308178997,
          0.047625208353681676,
          0.035079728111047204,
          0.029826599133995137,
          0.1298715838715004,
          0.1236432770092939,
          0.12418878620266667,
          0.11710396953270173,
          0.12891644953917153,
          0.13595766048421618,
          0.06327000491875175,
          0.05716765391269784,
          0.054543064297468455,
          0.06228826497425582,
          0.06134413043864396,
          0.04091005748207622,
          0.11081837101982418,
          0.11661416669963451,
          0.10800385647156344,
          0.10217911063902393,
          0.12077713281616885,
          0.11664446535366317
        ]
      },
      "interaction_over_smaller": 0.23001539172861443
    },
    "line_word_note": {
      "inherited": {
        "target_rms": 0.1741582769359847,
        "control_over_target": [
          0.16441916923201783,
          0.05248972288592049,
          0.03069642772546684,
          0.07286482901658489
        ],
        "capable_pairs": 24,
        "positive_fraction": 1.0,
        "mean_attenuation": 0.09894187959329248,
        "attenuations": [
          0.08311276189251121,
          0.07239430613691047,
          0.0755820285002999,
          0.09003865065838407,
          0.07635346307200241,
          0.07215164066938858,
          0.12492931888998228,
          0.11786811591367889,
          0.11741531614670213,
          0.11498491418316398,
          0.1236237054687741,
          0.1289004842482955,
          0.03230842231761455,
          0.0276614227175433,
          0.030557490804204578,
          0.03467760012741612,
          0.03116433006234621,
          0.023583173588687147,
          0.1645000443635297,
          0.16600966341055057,
          0.14934885132903694,
          0.15877296730757612,
          0.18311543624434637,
          0.17555100218607422
        ]
      },
      "current": {
        "target_rms": 0.036960688602647125,
        "control_over_target": [
          0.21711104466352474,
          0.07144137653025794,
          0.0421603218468784,
          0.08043028874554037
        ],
        "capable_pairs": 24,
        "positive_fraction": 0.75,
        "mean_attenuation": 0.034557888186015205,
        "attenuations": [
          0.06472349411548378,
          0.058054498086392785,
          0.05814489258328677,
          0.07202172288594325,
          0.06306418340264851,
          0.058053430046268395,
          0.017288280962294983,
          0.015787546189123668,
          0.01604128570870479,
          0.015423036654549617,
          0.01652844966018728,
          0.01722701552012757,
          0.059136368799703284,
          0.05692599533311684,
          0.05614465147085727,
          0.07055762672300392,
          0.0666109882497059,
          0.05782644806990225,
          -0.0003472094120201078,
          -0.0016893281379003586,
          -0.0002602411859366278,
          -0.0012427973200133098,
          -0.0024373831345459226,
          -0.004193638806519478
        ]
      },
      "both": {
        "target_rms": 0.19986039800991548,
        "control_over_target": [
          0.17141803330242242,
          0.05458531751539542,
          0.03217224251171756,
          0.07473368105848936
        ],
        "capable_pairs": 24,
        "positive_fraction": 1.0,
        "mean_attenuation": 0.14025164744387028,
        "attenuations": [
          0.1496954464984387,
          0.13217152159230117,
          0.1354617320571413,
          0.16401326796701124,
          0.14156404455620267,
          0.13168177929685668,
          0.1506168935181288,
          0.14151934047853612,
          0.14147884046553752,
          0.1381661608768317,
          0.14845005015854643,
          0.1542792965024524,
          0.10085635401618397,
          0.09409919727183795,
          0.09622947079797162,
          0.11633252237577138,
          0.10873100103483603,
          0.09045575398173508,
          0.17150727150266745,
          0.1715290916150356,
          0.15590783468257488,
          0.16450373546878191,
          0.18846075137001647,
          0.17832818056749009
        ]
      },
      "interaction_over_smaller": 0.2854597993078063
    },
    "reported_word_note": {
      "inherited": {
        "target_rms": 0.10091192606492488,
        "control_over_target": [
          0.11155306854128204,
          0.027054654361849475,
          0.024145313071533846,
          0.05528281570362721
        ],
        "capable_pairs": 24,
        "positive_fraction": 0.9583333333333334,
        "mean_attenuation": 0.07158175159012126,
        "attenuations": [
          0.005666149973721238,
          0.003680116743143338,
          0.008400950031573397,
          0.0048065506017943675,
          0.0013872415500843888,
          -0.010970779433313359,
          0.12619888934415147,
          0.12635879357255142,
          0.11814363107315126,
          0.11931314224304437,
          0.12934415376044067,
          0.16036071558178286,
          0.015102346257577432,
          0.011784101749924706,
          0.016176046605540055,
          0.014264340000802187,
          0.011955890655739614,
          0.013004190572395886,
          0.1328940365054525,
          0.13658707409298607,
          0.12722304960363745,
          0.12903412273068676,
          0.13857625797791306,
          0.17867102636812912
        ]
      },
      "current": {
        "target_rms": 0.02178071928772269,
        "control_over_target": [
          0.16162735534386397,
          0.06791677435076075,
          0.05094140862260186,
          0.08379735247142858
        ],
        "capable_pairs": 24,
        "positive_fraction": 0.9583333333333334,
        "mean_attenuation": 0.03352928711734796,
        "attenuations": [
          0.05401942349409017,
          0.051522012611322957,
          0.0545219329199659,
          0.05747424023445973,
          0.049715768468222094,
          0.05336159884789494,
          0.0025502724696794864,
          0.002222704666981108,
          0.002614110739190872,
          0.0020413882622429855,
          0.0018976730653052516,
          -0.0010539067951531602,
          0.06236865398068471,
          0.05951328133159206,
          0.06257466948250205,
          0.0675646567295438,
          0.060341315204358405,
          0.060929817777181504,
          0.016465456154046064,
          0.016397750857424613,
          0.015713020768471586,
          0.0155578241882695,
          0.01636246941003509,
          0.02002675594803938
        ]
      },
      "both": {
        "target_rms": 0.1089023984137044,
        "control_over_target": [
          0.12698553463619572,
          0.03342985697075553,
          0.03142635194693428,
          0.0632052821692486
        ],
        "capable_pairs": 24,
        "positive_fraction": 1.0,
        "mean_attenuation": 0.10994137542409604,
        "attenuations": [
          0.06447973835538774,
          0.05980474101781262,
          0.06802291659155041,
          0.06745695677875747,
          0.055682601358591446,
          0.04735635193586884,
          0.13330778562290566,
          0.1330449695203532,
          0.12508986811519981,
          0.1257089434738599,
          0.13576400813270065,
          0.16475538811970414,
          0.08303667535932917,
          0.07677228941482551,
          0.0847519953238625,
          0.08785417594279571,
          0.0778232424944414,
          0.07937728041584789,
          0.15346775835045265,
          0.15716241139517634,
          0.14703535256472408,
          0.14858139819031746,
          0.15900168488580582,
          0.20325447681803466
        ]
      },
      "interaction_over_smaller": 0.21536704431406806
    }
  },
  "anchor_max_abs": 0.0,
  "max_outside": 0.0,
  "body_forwards": 160,
  "seconds": 2.386489897966385,
  "scope": "Opened native source factorial. No donor or approximate MLP response. No fresh/null-selectivity/random-split specificity claim."
}
