{
 "replay_max_abs": 1.33514404296875e-05,
 "text": {
  "pairs": 122,
  "gap_mean": 1.8995414972305298,
  "closed": {
   "b0": -0.0014935457147657871,
   "b1": -0.004929345101118088,
   "b2": 0.06605734676122665,
   "b3": 0.013187563046813011,
   "b4": 0.21728256344795227,
   "b5": 0.024890068918466568,
   "b6": 0.032645225524902344,
   "b7": 0.0046279109083116055,
   "b8": 0.025581838563084602
  },
  "sum_singles": 0.3778496263548732
 },
 "panel": {
  "skipped": "text only (price)"
 }
}
{
  "predictions": {
    "pred_a_baseline_replays": true,
    "pred_b_block4_is_the_largest_low_exit": true,
    "pred_c_blocks_0_1_carry_a_share": false,
    "pred_d_singles_add_to_the_half": true,
    "pred_e_no_low_block_is_negative": true
  },
  "forwards": 40
}
