{
 "native_margin": 2.048141226172447,
 "change_site_four": -0.07353843251864123,
 "change_chain_six": -0.28595893581708265,
 "change_both_ten": -0.4133378118276596,
 "null_changes": [
  0.0007137606541314234,
  -0.0012269169092178345,
  -0.0016706486543021093,
  0.0004656761884689331,
  -0.00035428504149104256,
  0.0009499490261077881,
  0.003687262535095215,
  -0.00036613643169403076,
  -0.0007806668678917994,
  -1.6575058301437906e-05,
  -1.9232432047378012e-05,
  0.0003514190514883886
 ],
 "null_max_abs": 0.003687262535095215,
 "replay_gap": 4.1226172447395015e-05,
 "site_rel": -0.03590496181558211,
 "both_rel": -0.20181118691707728
}
{
  "predictions": {
    "pred_a_baseline_replays": true,
    "pred_b_site_four_lower_the_margin": true,
    "pred_c_beats_random_sets": true,
    "pred_d_site_four_smaller_than_chain": true,
    "pred_e_both_exceed_either": true
  },
  "forwards": 48
}
