programs built; running fit-row singles
layer 0: 0.0: val +0.002 k +0.002 r4 +0.002 r16 +0.001 0.1: val +0.001 k +0.001 r4 +0.000 r16 +0.000 0.2: val +0.000 k +0.000 r4 +0.000 r16 +0.000 0.3: val +0.065 k +0.005 r4 +0.002 r16 +0.001 0.4: val +0.000 k +0.000 r4 +0.001 r16 +0.001 0.5: val +0.002 k +0.002 r4 +0.002 r16 +0.001 0.6: val +0.003 k +0.003 r4 +0.001 r16 +0.000 0.7: val +0.002 k +0.001 r4 +0.001 r16 +0.001 0.8: val +0.005 k +0.003 r4 +0.001 r16 +0.000
layer 1: 1.0: val +0.002 k +0.002 r4 +0.002 r16 +0.001 1.1: val +0.019 k +0.001 r4 +0.000 r16 +0.000 1.2: val +0.001 k +0.001 r4 +0.001 r16 +0.001 1.3: val +0.011 k +0.005 r4 +0.003 r16 +0.002 1.4: val +0.011 k +0.004 r4 +0.005 r16 +0.003 1.5: val +0.008 k +0.004 r4 +0.003 r16 +0.002 1.6: val +0.001 k +0.002 r4 +0.001 r16 +0.000 1.7: val +0.003 k +0.003 r4 +0.001 r16 +0.002 1.8: val +0.003 k +0.003 r4 +0.003 r16 +0.003
layer 2: 2.0: val +0.004 k +0.002 r4 +0.002 r16 +0.000 2.1: val +0.001 k +0.001 r4 +0.001 r16 +0.000 2.2: val +0.009 k +0.005 r4 +0.002 r16 +0.002 2.3: val +0.011 k +0.008 r4 +0.007 r16 +0.003 2.4: val +0.001 k +0.001 r4 +0.003 r16 +0.000 2.5: val +0.031 k +0.030 r4 +0.026 r16 +0.012 2.6: val +0.009 k +0.001 r4 +0.001 r16 +0.000 2.7: val +0.004 k +0.002 r4 +0.003 r16 +0.001 2.8: val +0.003 k +0.002 r4 +0.001 r16 +0.000
layer 3: 3.0: val +0.006 k +0.005 r4 +0.005 r16 +0.001 3.1: val +0.004 k +0.002 r4 +0.002 r16 +0.002 3.2: val +0.001 k +0.001 r4 +0.002 r16 +0.001 3.3: val +0.003 k +0.003 r4 +0.004 r16 +0.002 3.4: val +0.007 k +0.003 r4 +0.003 r16 +0.002 3.5: val +0.008 k +0.004 r4 +0.005 r16 +0.003 3.6: val +0.006 k +0.002 r4 +0.003 r16 +0.001 3.7: val +0.002 k +0.000 r4 +0.001 r16 -0.000 3.8: val +0.020 k +0.019 r4 +0.020 r16 +0.009
layer 4: 4.0: val +0.013 k +0.003 r4 +0.002 r16 +0.000 4.1: val +0.014 k +0.005 r4 +0.004 r16 +0.002 4.2: val +0.002 k +0.001 r4 +0.001 r16 +0.001 4.3: val +0.002 k +0.001 r4 +0.000 r16 +0.000 4.4: val +0.009 k +0.004 r4 +0.003 r16 +0.001 4.5: val +0.011 k +0.006 r4 +0.005 r16 +0.002 4.6: val +0.003 k +0.003 r4 +0.012 r16 +0.002 4.7: val +0.008 k +0.001 r4 +0.002 r16 +0.000 4.8: val +0.002 k +0.001 r4 +0.001 r16 +0.001
layer 5: 5.0: val +0.004 k +0.003 r4 +0.004 r16 +0.002 5.1: val +0.003 k +0.003 r4 +0.005 r16 +0.003 5.2: val +0.002 k +0.004 r4 +0.004 r16 +0.003 5.3: val +0.008 k +0.006 r4 +0.006 r16 +0.003 5.4: val +0.004 k +0.003 r4 +0.003 r16 +0.002 5.5: val +0.010 k +0.010 r4 +0.011 r16 +0.005 5.6: val +0.009 k +0.003 r4 +0.003 r16 +0.002 5.7: val +0.014 k +0.075 r4 +0.083 r16 +0.072 5.8: val +0.008 k +0.005 r4 +0.004 r16 +0.001
layer 6: 6.0: val +0.001 k +0.001 r4 +0.001 r16 +0.000 6.1: val +0.005 k +0.003 r4 +0.003 r16 +0.002 6.2: val +0.000 k +0.000 r4 +0.001 r16 +0.000 6.3: val +0.021 k +0.007 r4 +0.003 r16 +0.001 6.4: val +0.001 k +0.000 r4 +0.000 r16 -0.000 6.5: val +0.002 k +0.002 r4 +0.002 r16 +0.001 6.6: val +0.001 k +0.001 r4 +0.001 r16 +0.000 6.7: val +0.004 k +0.004 r4 +0.003 r16 +0.002 6.8: val +0.001 k +0.000 r4 +0.001 r16 -0.000
layer 7: 7.0: val +0.013 k +0.007 r4 +0.005 r16 +0.002 7.1: val +0.002 k +0.002 r4 +0.003 r16 +0.001 7.2: val +0.002 k +0.001 r4 +0.001 r16 -0.000 7.3: val +0.002 k +0.002 r4 +0.002 r16 +0.002 7.4: val +0.001 k +0.001 r4 +0.001 r16 +0.001 7.5: val +0.002 k +0.002 r4 +0.002 r16 +0.001 7.6: val +0.000 k +0.000 r4 +0.005 r16 +0.000 7.7: val +0.002 k +0.001 r4 +0.001 r16 +0.000 7.8: val +0.021 k +0.004 r4 +0.003 r16 +0.001
layer 8: 8.0: val +0.000 k +0.000 r4 +0.003 r16 +0.000 8.1: val +0.006 k +0.004 r4 +0.004 r16 +0.003 8.2: val +0.003 k +0.002 r4 +0.003 r16 +0.001 8.3: val +0.008 k +0.008 r4 +0.008 r16 +0.007 8.4: val +0.003 k +0.003 r4 +0.003 r16 +0.003 8.5: val +0.001 k +0.001 r4 +0.001 r16 +0.000 8.6: val +0.001 k +0.001 r4 +0.001 r16 +0.001 8.7: val +0.002 k +0.002 r4 +0.001 r16 +0.000 8.8: val +0.003 k +0.002 r4 +0.001 r16 +0.001
layer 9: 9.0: val +0.001 k +0.001 r4 +0.001 r16 +0.000 9.1: val +0.002 k +0.002 r4 +0.002 r16 +0.001 9.2: val +0.000 k +0.000 r4 +0.001 r16 +0.000 9.3: val +0.003 k +0.003 r4 +0.006 r16 +0.003 9.4: val +0.002 k +0.001 r4 +0.002 r16 +0.001 9.5: val +0.001 k +0.001 r4 +0.001 r16 +0.000 9.6: val +0.004 k +0.004 r4 +0.004 r16 +0.002 9.7: val +0.017 k +0.004 r4 +0.005 r16 +0.002 9.8: val +0.003 k +0.002 r4 +0.003 r16 +0.001
layer 10: 10.0: val +0.000 k +0.000 r4 +0.003 r16 +0.000 10.1: val +0.000 k +0.001 r4 +0.001 r16 +0.000 10.2: val +0.001 k +0.000 r4 +0.002 r16 +0.000 10.3: val +0.002 k +0.001 r4 +0.001 r16 +0.001 10.4: val +0.002 k +0.002 r4 +0.002 r16 +0.000 10.5: val +0.004 k +0.001 r4 +0.001 r16 +0.000 10.6: val +0.001 k +0.001 r4 +0.002 r16 +0.000 10.7: val +0.000 k +0.000 r4 +0.001 r16 +0.000 10.8: val +0.001 k +0.001 r4 +0.001 r16 +0.000
layer 11: 11.0: val +0.002 k +0.001 r4 +0.003 r16 +0.001 11.1: val +0.002 k +0.001 r4 +0.001 r16 +0.002 11.2: val +0.010 k +0.007 r4 +0.008 r16 +0.001 11.3: val +0.003 k +0.002 r4 +0.004 r16 +0.001 11.4: val +0.001 k +0.001 r4 +0.002 r16 +0.000 11.5: val +0.002 k +0.002 r4 +0.002 r16 +0.001 11.6: val +0.007 k +0.003 r4 +0.004 r16 +0.002 11.7: val +0.001 k +0.001 r4 +0.000 r16 +0.000 11.8: val +0.000 k +0.000 r4 +0.000 r16 +0.001
layer 12: 12.0: val +0.001 k +0.001 r4 +0.001 r16 +0.000 12.1: val +0.001 k +0.001 r4 +0.000 r16 +0.000 12.2: val +0.000 k +0.000 r4 +0.000 r16 +0.000 12.3: val +0.001 k +0.001 r4 +0.002 r16 +0.001 12.4: val +0.004 k +0.003 r4 +0.002 r16 +0.001 12.5: val +0.000 k +0.000 r4 +0.000 r16 +0.000 12.6: val +0.000 k +0.001 r4 +0.001 r16 +0.000 12.7: val +0.000 k +0.000 r4 +0.000 r16 +0.000 12.8: val +0.001 k +0.000 r4 +0.000 r16 +0.000
layer 13: 13.0: val +0.007 k +0.006 r4 +0.007 r16 +0.002 13.1: val +0.000 k +0.000 r4 +0.000 r16 -0.000 13.2: val +0.001 k +0.001 r4 +0.002 r16 +0.001 13.3: val +0.001 k +0.001 r4 +0.004 r16 +0.001 13.4: val +0.000 k +0.000 r4 +0.000 r16 -0.000 13.5: val +0.001 k +0.001 r4 +0.001 r16 +0.001 13.6: val +0.001 k +0.001 r4 +0.007 r16 +0.000 13.7: val +0.000 k +0.000 r4 +0.000 r16 +0.000 13.8: val +0.004 k +0.004 r4 +0.003 r16 +0.001
layer 14: 14.0: val +0.002 k +0.002 r4 +0.002 r16 +0.001 14.1: val +0.001 k +0.001 r4 +0.001 r16 +0.001 14.2: val +0.000 k +0.000 r4 +0.002 r16 +0.000 14.3: val +0.000 k +0.000 r4 +0.001 r16 +0.000 14.4: val +0.007 k +0.007 r4 +0.006 r16 +0.003 14.5: val +0.001 k +0.000 r4 +0.000 r16 +0.000 14.6: val +0.003 k +0.003 r4 +0.003 r16 +0.001 14.7: val +0.001 k +0.001 r4 +0.002 r16 +0.001 14.8: val +0.001 k +0.001 r4 +0.001 r16 +0.001
layer 15: 15.0: val +0.000 k +0.000 r4 +0.000 r16 +0.000 15.1: val +0.001 k +0.000 r4 +0.000 r16 +0.000 15.2: val +0.000 k +0.000 r4 +0.001 r16 +0.000 15.3: val +0.002 k +0.002 r4 +0.002 r16 +0.000 15.4: val +0.001 k +0.001 r4 +0.001 r16 +0.000 15.5: val +0.000 k +0.000 r4 +0.001 r16 +0.000 15.6: val +0.001 k +0.001 r4 +0.001 r16 +0.000 15.7: val +0.000 k +0.000 r4 +0.000 r16 -0.000 15.8: val +0.001 k +0.001 r4 +0.000 r16 +0.000
layer 16: 16.0: val +0.003 k +0.002 r4 +0.005 r16 +0.001 16.1: val +0.000 k +0.000 r4 +0.002 r16 +0.000 16.2: val +0.001 k +0.000 r4 +0.001 r16 +0.000 16.3: val +0.003 k +0.002 r4 +0.003 r16 +0.001 16.4: val +0.003 k +0.003 r4 +0.004 r16 +0.001 16.5: val +0.002 k +0.002 r4 +0.001 r16 +0.000 16.6: val +0.000 k +0.000 r4 +0.000 r16 +0.000 16.7: val +0.000 k +0.000 r4 +0.001 r16 +0.000 16.8: val +0.001 k +0.000 r4 +0.000 r16 -0.000
layer 17: 17.0: val +0.003 k +0.002 r4 +0.001 r16 +0.000 17.1: val +0.001 k +0.001 r4 +0.001 r16 +0.001 17.2: val +0.003 k +0.005 r4 +0.002 r16 +0.001 17.3: val +0.001 k +0.001 r4 +0.000 r16 +0.000 17.4: val +0.001 k +0.001 r4 +0.001 r16 +0.000 17.5: val +0.000 k -0.000 r4 +0.001 r16 +0.000 17.6: val +0.003 k +0.002 r4 +0.003 r16 +0.001 17.7: val +0.000 k +0.000 r4 +0.000 r16 +0.000 17.8: val +0.001 k +0.001 r4 +0.000 r16 +0.000
X=0.5: joint cost +1.1924, recovery 0.702 of the all-mean-ablated 3.996; counts {'runmean': 1, 'kernel': 142, 'lowrank4': 5, 'lowrank16': 10, 'gate': 0, 'native': 4}; price 3.4M vs 95.6M
X=0.75: joint cost +0.8048, recovery 0.799 of the all-mean-ablated 3.996; counts {'runmean': 0, 'kernel': 133, 'lowrank4': 3, 'lowrank16': 12, 'gate': 0, 'native': 14}; price 9.4M vs 95.6M
X=0.9: joint cost +0.5065, recovery 0.873 of the all-mean-ablated 3.996; counts {'runmean': 0, 'kernel': 129, 'lowrank4': 0, 'lowrank16': 5, 'gate': 0, 'native': 28}; price 17.0M vs 95.6M
{
  "predictions": {
    "pred_a_native_replays": true,
    "pred_b_lowrank_rescues_valuable_heads": false,
    "pred_c_selection_keeps_few_native": true,
    "pred_d_joint_cost_bounded": false,
    "pred_e_joint_recovery": true
  },
  "forwards": 1692
}
