{
 "replay_max_abs": 2.384185791015625e-05,
 "text": {
  "pairs": 79,
  "unit": 701,
  "contrast_mean": 37.7872428894043,
  "sign_constancy": 0.607594907283783,
  "moved": {
   "V4": 0.48255184292793274,
   "11.3": 0.24874821305274963,
   "7.8": 0.13731448352336884,
   "13.1": 0.09829456359148026,
   "9.7": 0.019931070506572723
  }
 },
 "panel": {
  "skipped": "distant rows only",
  "distant_rows": 79
 }
}
{
  "predictions": {
    "pred_a_baseline_replays": true,
    "pred_b_11_3_alone_feeds_701": false,
    "pred_c_7_8_alone_feeds_701_little": false,
    "pred_d_singles_add_to_the_four": true,
    "pred_e_11_3_is_most_of_the_four": true
  },
  "forwards": 18
}
