{
 "native_margin": 2.048141226172447,
 "full_delta_change": -0.6553510278463364,
 "take_by_consumer": {
  "2": -0.15027574698130297,
  "3": -0.07584844529628754,
  "4": -0.09897044797738386,
  "5": -0.032640626033147324,
  "6": -0.006226986646652222,
  "7": -0.01678950587908412,
  "8": -0.004851728677749634,
  "9": -0.0014070471127829443,
  "10": -0.00016973912715911865,
  "11": -0.00591646631558751,
  "12": 0.004627595345179092,
  "13": -0.0006624708573021998,
  "14": -0.0005893657604851832,
  "15": 0.0009022454420724024,
  "16": 0.0038530429204306493,
  "17": -0.0033920705318450928,
  "direct": -0.0009453545014062037
 },
 "share_by_consumer": {
  "2": 0.22930573173151247,
  "3": 0.11573712723934589,
  "4": 0.15101898642415798,
  "5": 0.049806324620277766,
  "6": 0.009501757656680286,
  "7": 0.025619103603543667,
  "8": 0.007403251801853044,
  "9": 0.0021470129030038876,
  "10": 0.0002590048995832479,
  "11": 0.009027934746712223,
  "12": -0.00706124679530395,
  "13": 0.0010108641463175256,
  "14": 0.0008993130939643157,
  "15": -0.001376736136414448,
  "16": -0.005879357408033382,
  "17": 0.005175959734117407,
  "direct": 0.0014425162412774395
 },
 "sum_of_shares": 0.5940375485025954,
 "principal_block": "2",
 "principal_share": 0.22930573173151247,
 "direct_share": 0.0014425162412774395
}
{
  "predictions": {
    "pred_a_baseline_replays": true,
    "pred_b_full_delta_replays_v323": true,
    "pred_c_first_order_sum_within_2x": true,
    "pred_d_block2_or_3_is_principal": true,
    "pred_e_direct_path_small": true
  },
  "forwards": 60
}
