{
 "n": 60,
 "exact_change_mean": -1.7511,
 "linear_total_mean": -1.765,
 "remainder": 0.0138,
 "direct_mean": -1.6668,
 "direct_share_of_linear": 0.9444,
 "downstream_net_mean": -0.0982,
 "largest_downstream_responder": "mlp:17"
}
{'attn:09': -0.2944, 'mlp:09': -0.0044, 'attn:10': -0.4209, 'mlp:10': -0.0445, 'attn:11': -0.0059, 'mlp:11': -0.0921, 'attn:12': -0.6528, 'mlp:12': -0.1698, 'attn:13': -0.0166, 'mlp:13': -0.1797, 'attn:14': -0.0016, 'mlp:14': 0.025, 'attn:15': -0.2987, 'mlp:15': -0.0241, 'attn:16': 0.0013, 'mlp:16': 0.0373, 'attn:17': -0.0082, 'mlp:17': 0.3853}
{
  "predictions": {
    "pred_a_recurrence_closure": true,
    "pred_b_linearization_remainder_small": true,
    "pred_c_direct_terms_carry_most": true,
    "pred_d_downstream_net_is_small": true,
    "pred_e_largest_responder_is_an_mlp": true
  },
  "forwards": 4
}
