{
 "replay_max_abs": 2.384185791015625e-05,
 "text": {
  "pairs": 79,
  "gap_mean": {
   "verb": 3.139129638671875,
   "are_is": 1.641675353050232,
   "were_was": 1.497454285621643
  },
  "closed": {
   "h113": {
    "verb": 0.14725004136562347,
    "are_is": 0.14968296885490417
   },
   "V5": {
    "verb": 0.36833956837654114,
    "are_is": 0.36941781640052795
   },
   "P5": {
    "verb": 0.07184511423110962,
    "are_is": 0.06883664429187775
   },
   "ALL": {
    "verb": 1.0288329124450684,
    "are_is": 1.0292562246322632
   }
  }
 },
 "panel": {
  "skipped": "distant rows only",
  "distant_rows": 79
 }
}
price exceeded: 15 > 11
