{
 "split_closure": 7.2700397373102e-08,
 "per_unit_factor": {
  "mlp3.3465.L": {
   "mlp1_contrast_term": -9.851022720336914,
   "table_share": 0.6662201804416187,
   "remainder_share": 0.3337797469511245
  },
  "mlp3.3465.R": {
   "mlp1_contrast_term": 5.425541400909424,
   "table_share": 0.8179900397119576,
   "remainder_share": 0.18200998225991227
  },
  "mlp3.493.L": {
   "mlp1_contrast_term": 6.558934688568115,
   "table_share": 0.6907121534635596,
   "remainder_share": 0.30928791923683774
  },
  "mlp3.493.R": {
   "mlp1_contrast_term": 11.092256546020508,
   "table_share": 0.6587286780223391,
   "remainder_share": 0.3412713864600982
  },
  "mlp5.1036.L": {
   "mlp1_contrast_term": -5.427369594573975,
   "table_share": 0.7366507646841918,
   "remainder_share": 0.2633492572802769
  },
  "mlp5.1036.R": {
   "mlp1_contrast_term": -13.488155364990234,
   "table_share": 0.6407861047971924,
   "remainder_share": 0.3592138952028076
  },
  "mlp8.829.L": {
   "mlp1_contrast_term": -6.4186320304870605,
   "table_share": 0.5804078302056327,
   "remainder_share": 0.4195921697943673
  },
  "mlp8.829.R": {
   "mlp1_contrast_term": -7.4842753410339355,
   "table_share": 0.6562630708877988,
   "remainder_share": 0.3437369291122013
  }
 },
 "separation_at_cue_over_std": {
  "3465": -2.185283660888672,
  "493": 1.2651995420455933,
  "1036": 0.9815161228179932,
  "829": 1.647778034210205
 },
 "alpha_median_at_block3": 17.00031852722168
}
{
  "predictions": {
    "pred_a_rows_load": true,
    "pred_b_split_closure": true,
    "pred_c_table_part_dominates_on_text_for_3465": true,
    "pred_d_table_part_dominates_on_text_for_all_four": false,
    "pred_e_units_separate_on_text_nouns": false
  },
  "forwards": 3
}
