{
 "replay_max_abs": 1.239776611328125e-05,
 "text": {
  "pairs": 43,
  "unit": 701,
  "contrast_mean": 18.781227111816406,
  "sign_constancy": 0.6976743936538696,
  "moved": {
   "FOUR": 0.4355475902557373,
   "SEVEN": 0.6109960079193115,
   "ALL": 0.7575244903564453
  },
  "margin_closed": {
   "FOUR": 0.4115847945213318,
   "SEVEN": 0.549324095249176,
   "ALL": 0.9425185918807983
  }
 },
 "panel": {
  "skipped": "pronoun slot, natural pairs",
  "rows": 43
 }
}
person named set {'FOUR': 0.412, 'SEVEN': 0.549, 'ALL': 0.943} singles sum 0.545 kill bar 0.6
{
  "predictions": {
    "pred_a_baseline_replays": true,
    "pred_b_seven_heads_reach_the_bar": false,
    "pred_c_seven_heads_add": true,
    "pred_d_four_replay": true,
    "pred_e_seven_below_all": true
  },
  "forwards": 8
}
