{
  "predictions": {
    "pred_a_instrument": true,
    "pred_b_groups": false,
    "pred_c_controls": true
  },
  "summary": {
    "group0": {
      "relative_effect_discrepancy": 0.11062071364250692,
      "effect_energy_half0": 1244803.589297666,
      "effect_energy_half1": 1495715.7379992558,
      "sites": 3840
    },
    "group1": {
      "relative_effect_discrepancy": 0.06344145084028076,
      "effect_energy_half0": 644998.9153195178,
      "effect_energy_half1": 679216.4860470004,
      "sites": 3840
    },
    "group2": {
      "relative_effect_discrepancy": 0.014702913105510074,
      "effect_energy_half0": 16111799.737404943,
      "effect_energy_half1": 16124996.918589462,
      "sites": 3840
    },
    "group3": {
      "relative_effect_discrepancy": 0.015311715257019734,
      "effect_energy_half0": 440583.52911925863,
      "effect_energy_half1": 441389.0215301943,
      "sites": 3840
    },
    "group4": {
      "relative_effect_discrepancy": 0.06116159855247599,
      "effect_energy_half0": 2696736.8367137406,
      "effect_energy_half1": 2992369.333228977,
      "sites": 3840
    },
    "individual1": {
      "relative_effect_discrepancy": 1.031154609390063,
      "effect_energy_half0": 351801.8391407281,
      "effect_energy_half1": 1231462.4777531787,
      "sites": 3840
    },
    "individual4": {
      "relative_effect_discrepancy": 1.0911474459692412,
      "effect_energy_half0": 312310.67476549436,
      "effect_energy_half1": 1064450.7772284748,
      "sites": 3840
    }
  },
  "readout_replay": 3.4613520442628242e-15,
  "program_sha256": "3b961ed6d1f3f3fbaf501eb27e255648d1de151310dd1750f6b4ebd476f3b763",
  "token_sha256": "4c435b24ff8e05b7e1df9c03b78fda31e55b4021ba4fb674dd165fc616556448",
  "seconds": 2.8898610319010913,
  "scope": "Frozen five groups from conditional split stability. New documents for this decomposition study, no pretraining-overlap claim. Compare removal effects across two decompositions, not against a uniquely defined native group or semantic task. Remove each frozen centered-input subgraph from the original native final residual, with native final normalization and softcap. Individual extracted sums need not be mean-zero. No ground-truth native unit or selective behavioral claim."
}
