{
 "replay_max_abs": 1.52587890625e-05,
 "text": {
  "pairs": 63,
  "unit": 701,
  "contrast_mean": -2.3575332164764404,
  "sign_constancy": 0.5555555820465088,
  "moved": {
   "NOUN": 0.6937880516052246,
   "COPIERS_POST": 0.22805500030517578,
   "COPIERS_POST_AND_NOUN": 0.9163171052932739
  },
  "margin_closed": {
   "NOUN": 0.6349071264266968,
   "COPIERS_POST": 0.21545611321926117,
   "COPIERS_POST_AND_NOUN": 0.8912470936775208
  }
 },
 "panel": {
  "skipped": "pronoun slot, natural pairs",
  "rows": 63
 }
}
third-set: noun values 0.635 copiers post-noun 0.215 joint 0.891
{
  "predictions": {
    "pred_a_baseline_replays": true,
    "pred_b_composition_replays_on_third-set": true,
    "pred_c_copiers_post_noun_replay": true,
    "pred_d_noun_values_carry": true,
    "pred_e_joint_at_least_the_sum": true
  },
  "forwards": 8
}
