clause_comma fraction 0.429 pos 1.0 gates {'number_was_were': True, 'animacy_who_which': True, 'canonical_night_day': True} table retention 1.241
fronted fraction 0.525 pos 1.0 gates {'number_was_were': True, 'animacy_who_which': True, 'canonical_night_day': True} table retention 0.902
report fraction 0.542 pos 1.0 gates {'number_was_were': True, 'animacy_who_which': True, 'canonical_night_day': True} table retention 0.75
{
  "predictions": {
    "pred_a_instrument_replays_native": true,
    "pred_b_all_cells_capable": true,
    "pred_c_triple_fraction_within_015_of_frozen_constant": true,
    "pred_d_triple_positive_and_selective_everywhere": true,
    "pred_e_token_table_retains_half_everywhere": true
  },
  "capability": {
    "clause_comma/since": 1.0,
    "clause_comma/by": 1.0,
    "fronted/since": 1.0,
    "fronted/by": 1.0,
    "report/since": 0.9375,
    "report/by": 1.0
  },
  "forwards": 18
}
