{
 "replay_max_abs": 1.430511474609375e-05,
 "text": {
  "pairs": 61,
  "unit": 701,
  "contrast_mean": -0.29676592350006104,
  "sign_constancy": 0.5901639461517334,
  "moved": {
   "8.0": -0.0014452215982601047,
   "8.1": 1.1381523609161377,
   "8.2": -0.2575075924396515,
   "8.3": 0.12003657221794128,
   "8.4": 0.7065670490264893,
   "8.5": -0.13904032111167908,
   "8.6": -0.030325062572956085,
   "8.7": 0.04955020919442177,
   "8.8": -0.050197843462228775,
   "B7": 0.14095549285411835,
   "B8": 1.5509830713272095
  },
  "margin_closed": {
   "8.0": 6.553789717145264e-06,
   "8.1": 0.05627346411347389,
   "8.2": -0.000931495102122426,
   "8.3": 1.4375577848113608e-05,
   "8.4": -0.0006937801954336464,
   "8.5": 0.0009278982179239392,
   "8.6": 1.0739215213106945e-05,
   "8.7": -0.0011922047706320882,
   "8.8": 0.0026895685587078333,
   "B7": -0.003857105039060116,
   "B8": 0.05807905271649361
  }
 },
 "panel": {
  "skipped": "pronoun slot, natural pairs",
  "rows": 61
 }
}
block 8 into noun + 1 {'8.0': 0.0, '8.1': 0.056, '8.2': -0.001, '8.3': 0.0, '8.4': -0.001, '8.5': 0.001, '8.6': 0.0, '8.7': -0.001, '8.8': 0.003} sum 0.057 B7 -0.004 B8 0.058 top 8.1
{
  "predictions": {
    "pred_a_baseline_replays": true,
    "pred_b_blocks_7_and_8_replay": true,
    "pred_c_block_8_singles_add": true,
    "pred_d_a_named_head_carries": true,
    "pred_e_self_copy_8_1_is_not_the_planter": false
  },
  "forwards": 24
}
