{
 "trace_identity_check_max": 1.862645149230957e-09,
 "ov_top10": [
  [
   "11.6",
   0.0182
  ],
  [
   "10.4",
   0.0144
  ],
  [
   "13.0",
   0.0134
  ],
  [
   "5.5",
   0.0103
  ],
  [
   "5.3",
   0.0097
  ],
  [
   "6.3",
   0.0096
  ],
  [
   "12.4",
   0.0088
  ],
  [
   "8.3",
   0.0085
  ],
  [
   "12.8",
   0.0081
  ],
  [
   "4.5",
   0.0071
  ]
 ],
 "ov_bottom5": [
  [
   "6.7",
   -0.0138
  ],
  [
   "15.3",
   -0.0155
  ],
  [
   "7.3",
   -0.0159
  ],
  [
   "7.0",
   -0.0179
  ],
  [
   "10.3",
   -0.0183
  ]
 ],
 "qk_top10": [
  [
   "1.4",
   -0.034
  ],
  [
   "3.5",
   -0.0306
  ],
  [
   "2.5",
   -0.03
  ],
  [
   "3.8",
   0.0274
  ],
  [
   "7.0",
   -0.0236
  ],
  [
   "4.4",
   -0.0206
  ],
  [
   "7.4",
   0.0193
  ],
  [
   "10.4",
   -0.0188
  ],
  [
   "10.3",
   -0.0187
  ],
  [
   "4.2",
   0.0185
  ]
 ],
 "copier_ov_ranks": {
  "4.5": 10,
  "9.6": 31,
  "12.4": 7,
  "15.1": 137
 },
 "copier_ov_scores": {
  "4.5": 0.007122863645182549,
  "9.6": 0.004333348760223504,
  "12.4": 0.00876918744668198,
  "15.1": -0.005404331015863674
 },
 "ov_median_abs": 0.0027666243697640107,
 "both_top20": [
  "10.1",
  "10.4",
  "11.6",
  "12.4",
  "13.0"
 ]
}
{
  "predictions": {
    "pred_a_scores_bounded": true,
    "pred_b_copiers_score_high_on_ov_identity": false,
    "pred_c_ov_identity_is_head_selective": true,
    "pred_d_qk_identity_exists": false,
    "pred_e_ov_and_qk_identity_coincide_somewhere": true
  },
  "forwards": 0
}
