{
 "closure_max": 0.00023054559853284427,
 "top12": {
  "vc1": [
   [
    829,
    1970480.62
   ],
   [
    953,
    1692594.75
   ],
   [
    1484,
    507838.88
   ],
   [
    1738,
    -250320.22
   ],
   [
    1959,
    125199.09
   ],
   [
    3205,
    106223.66
   ],
   [
    2583,
    84895.44
   ],
   [
    1030,
    63304.91
   ],
   [
    3943,
    61013.12
   ],
   [
    4000,
    49858.61
   ],
   [
    684,
    49703.62
   ],
   [
    980,
    47600.62
   ]
  ],
  "u_via_96": [
   [
    829,
    20069074.0
   ],
   [
    953,
    8668820.0
   ],
   [
    1030,
    4815969.5
   ],
   [
    1484,
    2530480.25
   ],
   [
    3152,
    2336115.0
   ],
   [
    1738,
    -2014220.62
   ],
   [
    684,
    1113717.5
   ],
   [
    3205,
    1021272.62
   ],
   [
    2092,
    644858.12
   ],
   [
    1959,
    613638.75
   ],
   [
    4000,
    510450.38
   ],
   [
    1027,
    421570.47
   ]
  ]
 },
 "ranks": {
  "vc1": {
   "829": 1,
   "953": 2,
   "1030": 8,
   "3152": 27,
   "3943": 9
  },
  "u_via_96": {
   "829": 1,
   "953": 2,
   "1030": 3,
   "3152": 5,
   "3943": 85
  }
 },
 "top50_share": {
  "vc1": 0.863033652305603,
  "u_via_96": 0.8916366100311279
 },
 "top20_overlap": 15,
 "cos_r_vc1_r_u": 0.5419049859046936
}
{
  "predictions": {
    "pred_a_unit_closure": true,
    "pred_b_number_units_lead_on_vc1": true,
    "pred_c_gender_units_appear_on_vc1": true,
    "pred_d_top50_share_vc1": true,
    "pred_e_vc1_and_u_rankings_overlap": true
  },
  "forwards": 3
}
