{
 "separation_over_std": {
  "cue": {
   "3465": -2.185283660888672,
   "493": 1.2651995420455933,
   "1036": 0.9815161228179932,
   "829": 1.647778034210205,
   "953": -1.2042757272720337,
   "1030": 1.6692875623703003
  },
  "verb": {
   "3465": 0.023399189114570618,
   "493": 0.048186950385570526,
   "1036": 0.2868430018424988,
   "829": 0.30572861433029175,
   "953": -0.9736239314079285,
   "1030": 0.35179850459098816
  },
  "final": {
   "3465": -0.05517987534403801,
   "493": 0.033560629934072495,
   "1036": 0.12213767319917679,
   "829": 0.11005508899688721,
   "953": -0.10126341134309769,
   "1030": 0.05986492335796356
  }
 }
}
{
  "predictions": {
    "pred_a_rows_load": true,
    "pred_b_cue_separation_replays_v344": true,
    "pred_c_no_unit_separates_at_the_final": true,
    "pred_d_verb_position_weaker_than_cue": true,
    "pred_e_829_or_1036_carry_to_the_verb": false
  },
  "forwards": 2
}
