{
  "pred_a": true,
  "pred_b": true,
  "pred_c": true,
  "pred_d": true,
  "pred_e": true,
  "pred_f": true,
  "arms": {
    "full": {
      "target_rms": 0.4784756230295816,
      "target_over_full": 1.0,
      "control_over_target": [
        0.07655146647264048,
        0.06832928994509319,
        0.07949912168455639,
        0.07398663325775257
      ],
      "positive_fraction": 0.918918918918919,
      "mean_attenuation": 0.31373991969608583
    },
    "exact_norm": {
      "target_rms": 0.47847572840724506,
      "target_over_full": 1.000000220236222,
      "control_over_target": [
        0.07655076893446097,
        0.06832881362985171,
        0.07949951612588357,
        0.0739866755770222
      ],
      "positive_fraction": 0.918918918918919,
      "mean_attenuation": 0.31373895532020785
    },
    "approximate_norm": {
      "target_rms": 0.48362006496667226,
      "target_over_full": 1.0107517325637563,
      "control_over_target": [
        0.07694431711118081,
        0.06817657191043396,
        0.07972817032823322,
        0.07366814384115436
      ],
      "positive_fraction": 0.918918918918919,
      "mean_attenuation": 0.31674624636483184
    }
  },
  "target_error": 0.012429997246383582,
  "prediction_error_strata": {
    "untouched": 0.015351069084150367,
    "substituted": 0.012280953393143463
  },
  "capable_pairs": 111,
  "exact_norm_max_abs": 3.814697265625e-06,
  "exact_norm_relative": 5.564342835689122e-07,
  "exact_norm_effect_errors": [
    2.275673298399564e-06,
    2.9861076569262565e-05,
    3.08235373906564e-05,
    2.0027170879057926e-05,
    2.7895124752398258e-05
  ],
  "target_over_null_median": 34.61355226033988,
  "nulls_beaten": 16,
  "null_readout_rms": [
    [
      0.010302354384832563,
      0.004076873159229661,
      0.00579644666448791,
      0.003414823223899412,
      0.010509486174002335
    ],
    [
      0.014052622778098763,
      0.009541602597316798,
      0.006749309373728997,
      0.005875293649174396,
      0.011138315460959076
    ],
    [
      0.01676573250545653,
      0.00917172672593911,
      0.008359928638747006,
      0.003409199552649694,
      0.01034617034942594
    ],
    [
      0.010880592034086346,
      0.007773091381031947,
      0.004223784789877949,
      0.002974076020580787,
      0.010048342545473946
    ],
    [
      0.013891349070222792,
      0.010623706522008905,
      0.005395117516013785,
      0.004221194350078974,
      0.00953872893927434
    ],
    [
      0.018382851018054914,
      0.005559915889421078,
      0.008898453897912642,
      0.004012396158093802,
      0.0072699641269845195
    ],
    [
      0.0176875759826997,
      0.007200184542968787,
      0.00698040715679263,
      0.004133825242847388,
      0.01000586692671797
    ],
    [
      0.011551439577554733,
      0.007631661481763392,
      0.005972000678079099,
      0.0022967698879137167,
      0.008108258653579836
    ],
    [
      0.008611417729741793,
      0.006237187464739286,
      0.006670998103231673,
      0.0021835650378194417,
      0.013329350546495389
    ],
    [
      0.01192531778323037,
      0.008741003316645067,
      0.006156465096611455,
      0.00360595289905752,
      0.006450440783609676
    ],
    [
      0.01641985573196254,
      0.006498233746328288,
      0.007559905610538929,
      0.004807476233107926,
      0.01278093730186985
    ],
    [
      0.009406816417862448,
      0.007479347499785402,
      0.005949556407144218,
      0.0033888177255425784,
      0.0053022166063958955
    ],
    [
      0.012244434973753306,
      0.008316162613247377,
      0.008280981390494137,
      0.0054267230104663045,
      0.007091161715476932
    ],
    [
      0.021424747418897976,
      0.0076626761425709535,
      0.006476421994035941,
      0.004714153705945863,
      0.008627927406594129
    ],
    [
      0.015304348216985895,
      0.0059899119390666574,
      0.008040221520131846,
      0.004046669184947968,
      0.007059018713763875
    ],
    [
      0.014802542415890145,
      0.009024467849892515,
      0.006142889906011117,
      0.0037267532952570083,
      0.009160701933207489
    ]
  ],
  "replay_max_abs": 0.0,
  "replay_relative": 0.0,
  "max_outside": 0.0,
  "max_null_norm_error": 5.580974742103324e-09,
  "body_forwards": 800,
  "seconds": 9.324458179064095,
  "scope": "Opened generated-city-normalizer screen, native attention8 intervention and full native MLP8/suffix. Remaining upstream/query states external. No fresh or independent composition claim."
}
