head 0.3: cos(u_d,u_1)/cos(v_d,v_1)/sep: d1=1.00/1.00/0.94 d2=0.99/1.00/0.87 d3=0.93/0.95/0.53 d4=0.44/0.77/0.20 d6=0.90/0.93/0.47 d8=0.76/0.70/0.24 d12=0.91/0.92/0.55 d16=0.77/0.55/0.19 d24=0.81/0.44/0.32 d32=0.77/0.76/0.25
          grid residual of kappa A B^T: d1=0.057 d2=0.146 d3=0.602 d4=0.999 d6=0.663 d8=0.947 d12=0.614 d16=0.988 d24=0.984 d32=0.937 | kappa(1..8) [0.0025, 0.0013, 0.0003, 0.0, 0.0001, 0.0001, 0.0001, 0.0]
head 0.4: cos(u_d,u_1)/cos(v_d,v_1)/sep: d1=1.00/1.00/0.91 d2=0.99/0.99/0.91 d3=0.98/0.97/0.89 d4=0.96/0.94/0.87 d6=0.96/0.93/0.82 d8=0.96/0.95/0.82 d12=0.95/0.92/0.77 d16=0.94/0.92/0.75 d24=0.95/0.89/0.69 d32=0.93/0.89/0.67
          grid residual of kappa A B^T: d1=0.094 d2=0.120 d3=0.202 d4=0.299 d6=0.355 d8=0.311 d12=0.416 d16=0.449 d24=0.520 d32=0.543 | kappa(1..8) [0.0061, 0.006, 0.0049, 0.0035, 0.0027, 0.0024, 0.0024, 0.0024]
head 0.6: cos(u_d,u_1)/cos(v_d,v_1)/sep: d1=1.00/1.00/0.88 d2=0.99/0.99/0.80 d3=0.96/0.89/0.49 d4=0.56/0.21/0.18 d6=0.52/0.20/0.12 d8=0.91/0.51/0.10 d12=0.87/0.57/0.08 d16=0.91/0.59/0.07 d24=0.90/0.08/0.03 d32=0.89/0.56/0.07
          grid residual of kappa A B^T: d1=0.118 d2=0.233 d3=0.667 d4=1.000 d6=1.000 d8=0.987 d12=0.987 d16=0.986 d24=1.000 d32=0.992 | kappa(1..8) [0.007, 0.0046, 0.0017, -0.0, -0.0003, -0.0, 0.0002, 0.0002]
head 0.7: cos(u_d,u_1)/cos(v_d,v_1)/sep: d1=1.00/1.00/0.92 d2=1.00/0.99/0.93 d3=0.99/0.98/0.93 d4=0.97/0.96/0.92 d6=0.97/0.94/0.90 d8=0.97/0.94/0.89 d12=0.97/0.92/0.87 d16=0.97/0.92/0.85 d24=0.96/0.90/0.82 d32=0.95/0.88/0.78
          grid residual of kappa A B^T: d1=0.078 d2=0.089 d3=0.139 d4=0.198 d6=0.258 d8=0.251 d12=0.314 d16=0.335 d24=0.399 d32=0.462 | kappa(1..8) [0.0041, 0.0047, 0.0045, 0.0038, 0.003, 0.0025, 0.0023, 0.0023]
head 0.8: cos(u_d,u_1)/cos(v_d,v_1)/sep: d1=1.00/1.00/0.89 d2=1.00/0.99/0.87 d3=0.98/0.96/0.81 d4=0.96/0.90/0.70 d6=0.93/0.82/0.53 d8=0.94/0.82/0.48 d12=0.82/0.64/0.30 d16=0.66/0.39/0.24 d24=0.55/0.24/0.16 d32=0.59/0.26/0.17
          grid residual of kappa A B^T: d1=0.108 d2=0.154 d3=0.283 d4=0.482 d6=0.701 d8=0.709 d12=0.915 d16=0.979 d24=0.999 d32=0.997 | kappa(1..8) [0.0041, 0.0034, 0.0022, 0.0013, 0.0007, 0.0005, 0.0005, 0.0004]
native CE (patched attention, no override) 3.13241
CE added: {'head0.3': 0.0037, 'head0.4': 0.0003, 'head0.6': 0.0002, 'head0.7': 0.0009, 'head0.8': 0.0011, 'five': 0.0094, 'five_window32': 0.0123}
{
  "predictions": {
    "pred_a_factors_shared": false,
    "pred_b_program_fits_grid": true,
    "pred_c_head03_edit_cheap": true,
    "pred_d_five_heads_edit": true,
    "pred_e_window_free": true
  },
  "forwards": 61
}
