{
 "replay_max_abs": 1.33514404296875e-05,
 "text": {
  "pairs": 122,
  "unit": 701,
  "contrast_mean": 9.754912376403809,
  "sign_constancy": 0.6475409865379333,
  "moved": {
   "10.0": -0.003074316307902336,
   "10.1": 0.025937030091881752,
   "10.2": -0.000790842343121767,
   "10.3": 0.007113223429769278,
   "10.4": 0.006918276660144329,
   "10.5": 0.01627490669488907,
   "10.6": 0.0008357386104762554,
   "10.7": -0.003972581587731838,
   "10.8": -0.01896940916776657,
   "12.0": -0.0040719471871852875,
   "12.1": -0.004879462998360395,
   "12.2": -0.0024877414107322693,
   "12.3": -0.009327723644673824,
   "12.4": 0.014663728885352612,
   "12.5": -0.003664775053039193,
   "12.6": 0.0017460722010582685,
   "12.7": -0.005487903952598572,
   "12.8": 0.013803948648273945
  },
  "margin_closed": {
   "10.0": -0.00018198310863226652,
   "10.1": 0.060114189982414246,
   "10.2": 0.0012968718074262142,
   "10.3": 0.0006232786690816283,
   "10.4": -0.0009231088915839791,
   "10.5": 0.0844879150390625,
   "10.6": -0.0005167560302652419,
   "10.7": 0.0006502327159978449,
   "10.8": 0.0016276083188131452,
   "12.0": -4.239689951646142e-05,
   "12.1": -0.00016081141075119376,
   "12.2": -0.0022087087854743004,
   "12.3": -0.002408849075436592,
   "12.4": 0.2441246062517166,
   "12.5": -0.0013487795367836952,
   "12.6": -6.0167898482177407e-05,
   "12.7": -0.0016017992747947574,
   "12.8": 0.00027525884797796607
  }
 },
 "panel": {
  "skipped": "pronoun slot, natural pairs",
  "rows": 122
 }
}
{
  "predictions": {
    "pred_a_baseline_replays": true,
    "pred_b_12_4_leads_block_12": true,
    "pred_c_10_1_and_10_5_lead_block_10": true,
    "pred_d_named_heads_carry_most": true,
    "pred_e_singles_add_to_blocks": true
  },
  "forwards": 76
}
