{
  "predictions": {
    "pred_a_instrument": true,
    "pred_b_effect": false,
    "pred_c_replace": true
  },
  "summary": {
    "fineweb": {
      "constant": {
        "replacement": {
          "ce_added": 0.1384945965061585
        },
        "removal": {
          "centered_effect_relative_error": 1.0
        },
        "same_token": {
          "centered_effect_relative_error": 1.0
        }
      },
      "projected64": {
        "replacement": {
          "ce_added": 0.01601054665322105
        },
        "removal": {
          "centered_effect_relative_error": 0.2773868706156832
        },
        "same_token": {
          "centered_effect_relative_error": 0.36632136092029194
        }
      },
      "projected256": {
        "replacement": {
          "ce_added": 0.008367474683715652
        },
        "removal": {
          "centered_effect_relative_error": 0.20475459938531185
        },
        "same_token": {
          "centered_effect_relative_error": 0.27102273016078043
        }
      },
      "program64": {
        "replacement": {
          "ce_added": 0.015998091311970105
        },
        "removal": {
          "centered_effect_relative_error": 0.2929958529681799
        },
        "same_token": {
          "centered_effect_relative_error": 0.38272988905159383
        }
      },
      "program256": {
        "replacement": {
          "ce_added": 0.009580459375865758
        },
        "removal": {
          "centered_effect_relative_error": 0.23881471355587314
        },
        "same_token": {
          "centered_effect_relative_error": 0.31152026730621685
        }
      },
      "product_baseline": {
        "replacement": {
          "ce_added": 0.010984608011009792
        },
        "removal": {
          "centered_effect_relative_error": 0.23742235529576322
        },
        "same_token": {
          "centered_effect_relative_error": 0.3166038696807318
        },
        "source_only": {
          "centered_effect_relative_error": 0.2771642889794581
        },
        "context_only": {
          "centered_effect_relative_error": 0.5712371628729569
        }
      },
      "product_rank8": {
        "replacement": {
          "ce_added": 0.011458780511748045
        },
        "removal": {
          "centered_effect_relative_error": 0.23764640058165296
        },
        "same_token": {
          "centered_effect_relative_error": 0.3156966435110136
        },
        "source_only": {
          "centered_effect_relative_error": 0.27466635713918836
        },
        "context_only": {
          "centered_effect_relative_error": 0.5646223104494237
        }
      },
      "product_rank32": {
        "replacement": {
          "ce_added": 0.01126459144676725
        },
        "removal": {
          "centered_effect_relative_error": 0.23728432974512104
        },
        "same_token": {
          "centered_effect_relative_error": 0.3145448823509686
        },
        "source_only": {
          "centered_effect_relative_error": 0.27227973733430894
        },
        "context_only": {
          "centered_effect_relative_error": 0.5582036645543194
        }
      },
      "span_baseline": {
        "source_only": {
          "centered_effect_relative_error": 0.2122632815400757
        },
        "context_only": {
          "centered_effect_relative_error": 0.4271199553176999
        }
      },
      "span_rank8": {
        "source_only": {
          "centered_effect_relative_error": 0.20878053931900092
        },
        "context_only": {
          "centered_effect_relative_error": 0.4212737494121951
        }
      },
      "span_rank32": {
        "source_only": {
          "centered_effect_relative_error": 0.20002885850824356
        },
        "context_only": {
          "centered_effect_relative_error": 0.409159178562971
        }
      }
    },
    "code": {
      "constant": {
        "replacement": {
          "ce_added": 0.8776201009750366
        },
        "removal": {
          "centered_effect_relative_error": 1.0
        },
        "same_token": {
          "centered_effect_relative_error": 1.0
        }
      },
      "projected64": {
        "replacement": {
          "ce_added": 0.07187496423721314
        },
        "removal": {
          "centered_effect_relative_error": 0.18800527523328844
        },
        "same_token": {
          "centered_effect_relative_error": 0.308797899642438
        }
      },
      "projected256": {
        "replacement": {
          "ce_added": 0.0331935519973437
        },
        "removal": {
          "centered_effect_relative_error": 0.13537267715746104
        },
        "same_token": {
          "centered_effect_relative_error": 0.22907587858819356
        }
      },
      "program64": {
        "replacement": {
          "ce_added": 0.07612147592008114
        },
        "removal": {
          "centered_effect_relative_error": 0.20071065678477923
        },
        "same_token": {
          "centered_effect_relative_error": 0.3261322264345788
        }
      },
      "program256": {
        "replacement": {
          "ce_added": 0.042567304180314146
        },
        "removal": {
          "centered_effect_relative_error": 0.16098522252374228
        },
        "same_token": {
          "centered_effect_relative_error": 0.2671051749502399
        }
      },
      "product_baseline": {
        "replacement": {
          "ce_added": 0.027581228750447433
        },
        "removal": {
          "centered_effect_relative_error": 0.16137151843162725
        },
        "same_token": {
          "centered_effect_relative_error": 0.2756508932284551
        },
        "source_only": {
          "centered_effect_relative_error": 0.23575252596438412
        },
        "context_only": {
          "centered_effect_relative_error": 0.4212743696430089
        }
      },
      "product_rank8": {
        "replacement": {
          "ce_added": 0.030058514435465138
        },
        "removal": {
          "centered_effect_relative_error": 0.16104799493125246
        },
        "same_token": {
          "centered_effect_relative_error": 0.2730193176264021
        },
        "source_only": {
          "centered_effect_relative_error": 0.2315407391326137
        },
        "context_only": {
          "centered_effect_relative_error": 0.4114919948931205
        }
      },
      "product_rank32": {
        "replacement": {
          "ce_added": 0.028665616859992346
        },
        "removal": {
          "centered_effect_relative_error": 0.158832093833992
        },
        "same_token": {
          "centered_effect_relative_error": 0.2700238443987104
        },
        "source_only": {
          "centered_effect_relative_error": 0.2269183802172064
        },
        "context_only": {
          "centered_effect_relative_error": 0.4009943416858337
        }
      },
      "span_baseline": {
        "source_only": {
          "centered_effect_relative_error": 0.17456576474576949
        },
        "context_only": {
          "centered_effect_relative_error": 0.30100846762663563
        }
      },
      "span_rank8": {
        "source_only": {
          "centered_effect_relative_error": 0.17042659649898328
        },
        "context_only": {
          "centered_effect_relative_error": 0.29396913755356446
        }
      },
      "span_rank32": {
        "source_only": {
          "centered_effect_relative_error": 0.16239276702261046
        },
        "context_only": {
          "centered_effect_relative_error": 0.2829993492146982
        }
      }
    }
  },
  "instrument": 2.254617593932288e-15,
  "seconds": 9.810768237803131,
  "scope": "Full source-dependent midpoint contribution centered on calibration mean. Replacement retains that mean but approximates all varying output coordinates. Residual background and true source states fixed; no upstream ablation or whole-model speed claim. Reused panels, no fitting."
}
{"pred_a_instrument": true, "pred_b_omission": false, "pred_c_bound": true}
