{
 "closure_max": 2.2052279291528976e-07,
 "vc0_order": {
  "I": -2.2443289756774902,
  "we": -2.1335625648498535,
  "they": -1.9950907230377197,
  "she": -1.818745732307434,
  "he": -1.3101049661636353,
  "you": -0.8577647805213928,
  "it": -0.36336031556129456,
  "her": 1.189906120300293,
  "us": 2.195697546005249,
  "them": 2.7835662364959717,
  "him": 3.0483717918395996
 },
 "vc2_order": {
  "us": -2.397142171859741,
  "we": -1.320168137550354,
  "her": -0.9735184907913208,
  "she": -0.3805978000164032,
  "I": -0.25987839698791504,
  "you": -0.09766268730163574,
  "him": 0.7345440983772278,
  "he": 0.9831933975219727,
  "it": 1.1612581014633179,
  "them": 2.390291690826416,
  "they": 2.6449315547943115
 },
 "case_separated": true,
 "third_vs_first_separated": true,
 "energy": {
  "panel": {
   "vc0": 702.7765502929688,
   "vc2": 704843.5625,
   "u": 4824342.0
  },
  "text": {
   "vc0": 47719.52734375,
   "vc2": 266799.9375,
   "u": 9755258.0
  }
 },
 "panel_writers_vc2_top8": {
  "9.6": 294.7918701171875,
  "mlp15": -137.3071746826172,
  "12.4": 126.53591918945312,
  "15.1": 124.47203826904297,
  "10.5": 100.95843505859375,
  "mlp9": 96.84457397460938,
  "13.1": -86.5429916381836,
  "11.1": 57.96498489379883
 },
 "reader_share_vc2_panel": 0.37912104959523574
}
{
  "predictions": {
    "pred_a_closure": true,
    "pred_b_vc0_is_case": true,
    "pred_c_circuit_does_not_move_case": true,
    "pred_d_vc2_is_number": true,
    "pred_e_vc2_written_by_readers": true
  },
  "forwards": 5
}
