bare_frame fraction 0.79 pos 1.0 gates {'number_was_were': True, 'animacy_who_which': True, 'canonical_night_day': True}
report_frame fraction 0.825 pos 1.0 gates {'number_was_were': True, 'animacy_who_which': True, 'canonical_night_day': True}
comma_adverb fraction 0.808 pos 1.0 gates {'number_was_were': True, 'animacy_who_which': True, 'canonical_night_day': True}
{
  "predictions": {
    "pred_a_instrument_replays_native": true,
    "pred_b_all_cells_capable": true,
    "pred_c_set_fraction_within_015_of_frozen_constant": true,
    "pred_d_set_positive_and_selective_everywhere": true
  },
  "capability": {
    "bare_frame/tomorrow": 1.0,
    "bare_frame/earlier": 1.0,
    "report_frame/tomorrow": 1.0,
    "report_frame/earlier": 1.0,
    "comma_adverb/tomorrow": 1.0,
    "comma_adverb/earlier": 1.0
  },
  "forwards": 9
}
