/workspace/tensor_language/basis_aligned/bilinear_quotient/ops/run_shared_gradient_profile_v1.py:39: UserWarning: Converting a tensor with requires_grad=True to a scalar may lead to unexpected behavior.
Consider using tensor.detach() first. (Triggered internally at /pytorch/torch/csrc/autograd/generated/python_variable_methods.cpp:836.)
  expected=float((G*(C.T@C)).sum()-2*(C*X).sum());loss_replay=abs(value-expected)/(1+abs(expected));gn=(U.grad.square().sum()+V.grad.square().sum()).sqrt();pn=(U.square().sum()+V.square().sum()).sqrt();du=U.grad/gn*pn;dv=V.grad/gn*pn;analytic=float((U.grad*du).sum()+(V.grad*dv).sum());print(json.dumps(dict(gradient_seconds=gradient_seconds,peak=peak,loss_replay=loss_replay,gradient_norm=float(gn))),flush=True)
{"gradient_seconds": 34.780584895052016, "peak": 2610182656, "loss_replay": 4.486329763680205e-17, "gradient_norm": 0.10715208052657824}
{"epsilon": 0.0001, "finite_difference": 3.041420637801967, "analytic": 3.0415522215091357, "relative_error": 4.326202464596742e-05}
{"epsilon": 3e-05, "finite_difference": 3.0415403782388384, "analytic": 3.0415522215091357, "relative_error": 3.89382441425751e-06}
{
  "predictions": {
    "pred_a_integrity": true,
    "pred_b_gradient": true,
    "pred_c_resources": true
  },
  "seed": 1101,
  "ridge": 1e-06,
  "coefficient_weight": 34445.838833194066,
  "readout_replay": 2.569756093278427e-08,
  "normal_residual": 1.5106612658426781e-15,
  "loss_replay": 4.486329763680205e-17,
  "gradient_seconds": 34.780584895052016,
  "peak_gradient_bytes": 2610182656,
  "finite_differences": [
    {
      "epsilon": 0.0001,
      "finite_difference": 3.041420637801967,
      "analytic": 3.0415522215091357,
      "relative_error": 4.326202464596742e-05
    },
    {
      "epsilon": 3e-05,
      "finite_difference": 3.0415403782388384,
      "analytic": 3.0415522215091357,
      "relative_error": 3.89382441425751e-06
    }
  ],
  "seconds": 108.80365262832493,
  "scope": "Exact shared144x4/512gradient resource/correctness profile only. No parameter update, native effect/OOD test or adoption. Detached optimal readout includesridge; teacher constant omitted."
}
