{
 "replay_max_abs": 1.33514404296875e-05,
 "text": {
  "pairs": 122,
  "gap_mean": 1.8995414972305298,
  "closed": {
   "FIVE_N": 0.4826049506664276,
   "V4_N": 0.02628093957901001
  }
 },
 "panel": {
  "pairs": 48,
  "gap_mean": 4.0962815284729,
  "closed": {
   "FIVE_N": 0.33970513939857483,
   "V4_N": -0.006767447106540203
  }
 }
}
{
  "predictions": {
    "pred_a_baseline_replays": true,
    "pred_b_verb_readers_carry_little_pronoun_margin": true,
    "pred_c_pronoun_readers_replay": true,
    "pred_d_verb_readers_below_a_fifth_of_pronoun_readers": true,
    "pred_e_holds_on_panel": true
  },
  "forwards": 21
}
