{"family": "dense", "rank": 1152, "stored_values": 24235715, "fraction_of_dense": 1.0, "calibration_max_error": 0.06101269484772698, "validation_max_error": 0.05689693576160804}
{"family": "raw_input", "rank": 256, "stored_values": 16273091, "fraction_of_dense": 0.6714508319643139, "calibration_max_error": 2.7949977385883873, "validation_max_error": 3.02549987418794}
{"family": "raw_input", "rank": 512, "stored_values": 18927299, "fraction_of_dense": 0.7809672213095425, "calibration_max_error": 2.8136261915802954, "validation_max_error": 3.0055162441569134}
{"family": "raw_input", "rank": 768, "stored_values": 21581507, "fraction_of_dense": 0.8904836106547713, "calibration_max_error": 2.8000458850668064, "validation_max_error": 2.9441159776745267}
{"family": "raw_input", "rank": 1152, "stored_values": 25562819, "fraction_of_dense": 1.0547581946726143, "calibration_max_error": 0.0604852721630359, "validation_max_error": 0.05624291404754316}
{"family": "balanced_input", "rank": 256, "stored_values": 16273091, "fraction_of_dense": 0.6714508319643139, "calibration_max_error": 2.793418568726521, "validation_max_error": 3.023783868859319}
{"family": "balanced_input", "rank": 512, "stored_values": 18927299, "fraction_of_dense": 0.7809672213095425, "calibration_max_error": 2.810764579137814, "validation_max_error": 3.0030357887068355}
{"family": "balanced_input", "rank": 768, "stored_values": 21581507, "fraction_of_dense": 0.8904836106547713, "calibration_max_error": 2.797883079886547, "validation_max_error": 2.9408658558768956}
{"family": "balanced_input", "rank": 1152, "stored_values": 25562819, "fraction_of_dense": 1.0547581946726143, "calibration_max_error": 0.06049369350282055, "validation_max_error": 0.056252444855189085}
{"family": "joint_tensor_input", "rank": 256, "stored_values": 16273091, "fraction_of_dense": 0.6714508319643139, "calibration_max_error": 2.676010447502497, "validation_max_error": 2.828538437653174}
{"family": "joint_tensor_input", "rank": 512, "stored_values": 18927299, "fraction_of_dense": 0.7809672213095425, "calibration_max_error": 2.6652591564288315, "validation_max_error": 2.7898336593325825}
{"family": "joint_tensor_input", "rank": 768, "stored_values": 21581507, "fraction_of_dense": 0.8904836106547713, "calibration_max_error": 2.5818831766155643, "validation_max_error": 2.6728862005944745}
{"family": "joint_tensor_input", "rank": 1152, "stored_values": 25562819, "fraction_of_dense": 1.0547581946726143, "calibration_max_error": 0.0610130195636696, "validation_max_error": 0.056897340435490475}
{
  "family": "dense",
  "rank": 1152,
  "stored_values": 24235715,
  "fraction_of_dense": 1.0,
  "calibration_max_error": 0.06101269484772698,
  "validation_max_error": 0.05689693576160804
}
{'pred_a_factored_replay': False, 'pred_b_twenty_percent_saving': False, 'pred_c_frozen_validation': False}
