{
  "pred_a": true,
  "pred_b": true,
  "pred_c": true,
  "family_effect_errors": {
    "newsletter_header": [
      0.0,
      0.0,
      0.0,
      0.0,
      0.0
    ],
    "transcription_note": [
      0.0,
      0.0,
      0.0,
      0.0,
      0.0
    ],
    "unquoted_bulletin": [
      0.0,
      0.0,
      0.0,
      0.0,
      0.0
    ],
    "broken_line_heading": [
      0.0,
      0.0,
      0.0,
      0.0,
      0.0
    ],
    "reported_opening": [
      0.0,
      0.0,
      0.0,
      0.0,
      0.0
    ]
  },
  "anchor_max_abs": 0.0,
  "max_joint_input_error": 0.0,
  "max_outside": 0.0,
  "margin_max_abs": 0.0,
  "margin_relative": 0.0,
  "body_forwards": 120,
  "seconds": 2.316182211972773,
  "scope": "Opened fresh-panel precision replay. Native suffix external. Isolated replay gate scored separately; no composition/simplicity promotion."
}
