{
 "replay_max_abs": 1.239776611328125e-05,
 "text": {
  "pairs": 43,
  "unit": 701,
  "contrast_mean": 18.781227111816406,
  "sign_constancy": 0.6976743936538696,
  "moved": {
   "B0": 0.04478338733315468,
   "B1": 0.06763669103384018,
   "B2": 0.0641997829079628,
   "B3": 0.03814467042684555,
   "B4": 0.13417112827301025,
   "4.5": 0.030402112752199173
  },
  "margin_closed": {
   "B0": 0.00027416643570177257,
   "B1": 0.01639876328408718,
   "B2": 0.017675546929240227,
   "B3": 0.02387187071144581,
   "B4": 0.06903916597366333,
   "4.5": 0.017883481457829475
  }
 },
 "panel": {
  "skipped": "pronoun slot, natural pairs",
  "rows": 43
 }
}
person early copiers by block (post-cue writes) {'B0': 0.0, 'B1': 0.016, 'B2': 0.018, 'B3': 0.024, 'B4': 0.069, '4.5': 0.018} blocks sum 0.127
{
  "predictions": {
    "pred_a_baseline_replays": true,
    "pred_b_block_4_copies_most": true,
    "pred_c_4_5_copies": false,
    "pred_d_block_singles_near_the_group": true,
    "pred_e_no_block_above_0_12": true
  },
  "forwards": 14
}
