{
  "predictions": {
    "pred_a_instrument": true,
    "pred_b_effect": false,
    "pred_c_replace": true
  },
  "summary": {
    "fineweb": {
      "constant": {
        "replacement": {
          "ce_added": 0.1384945965061585
        },
        "removal": {
          "centered_effect_relative_error": 1.0
        },
        "same_token": {
          "centered_effect_relative_error": 1.0
        }
      },
      "projected64": {
        "replacement": {
          "ce_added": 0.01601054665322105
        },
        "removal": {
          "centered_effect_relative_error": 0.2773868706156832
        },
        "same_token": {
          "centered_effect_relative_error": 0.36632136092029194
        }
      },
      "projected256": {
        "replacement": {
          "ce_added": 0.008367474683715652
        },
        "removal": {
          "centered_effect_relative_error": 0.20475459938531185
        },
        "same_token": {
          "centered_effect_relative_error": 0.27102273016078043
        }
      },
      "program64": {
        "replacement": {
          "ce_added": 0.015998091311970105
        },
        "removal": {
          "centered_effect_relative_error": 0.2929958529681799
        },
        "same_token": {
          "centered_effect_relative_error": 0.38272988905159383
        }
      },
      "program256": {
        "replacement": {
          "ce_added": 0.009580459375865758
        },
        "removal": {
          "centered_effect_relative_error": 0.23881471355587314
        },
        "same_token": {
          "centered_effect_relative_error": 0.31152026730621685
        }
      },
      "product_exact_linear": {
        "replacement": {
          "ce_added": 0.005506170017179101
        },
        "removal": {
          "centered_effect_relative_error": 0.1790253165916819
        },
        "same_token": {
          "centered_effect_relative_error": 0.23293064665786287
        },
        "source_only": {
          "centered_effect_relative_error": 0.2567167647082645
        },
        "context_only": {
          "centered_effect_relative_error": 0.5536553679266077
        }
      },
      "product_paired256": {
        "replacement": {
          "ce_added": 0.009214405079061787
        },
        "removal": {
          "centered_effect_relative_error": 0.23035848693587155
        },
        "same_token": {
          "centered_effect_relative_error": 0.3009841744843311
        },
        "source_only": {
          "centered_effect_relative_error": 0.2699971088816798
        },
        "context_only": {
          "centered_effect_relative_error": 0.5536553679266077
        }
      },
      "product_separate128": {
        "replacement": {
          "ce_added": 0.011484194628428668
        },
        "removal": {
          "centered_effect_relative_error": 0.2602337670771603
        },
        "same_token": {
          "centered_effect_relative_error": 0.34078068510175524
        },
        "source_only": {
          "centered_effect_relative_error": 0.2648079635560508
        },
        "context_only": {
          "centered_effect_relative_error": 0.5536553679266077
        }
      },
      "product_separate256": {
        "replacement": {
          "ce_added": 0.009114340444405874
        },
        "removal": {
          "centered_effect_relative_error": 0.22977335357335268
        },
        "same_token": {
          "centered_effect_relative_error": 0.3006377852148438
        },
        "source_only": {
          "centered_effect_relative_error": 0.26126993082558014
        },
        "context_only": {
          "centered_effect_relative_error": 0.5536553679266077
        }
      },
      "product_source256": {
        "replacement": {
          "ce_added": 0.015413022344000637
        },
        "removal": {
          "centered_effect_relative_error": 0.27998479419202144
        },
        "same_token": {
          "centered_effect_relative_error": 0.3550850491944736
        },
        "source_only": {
          "centered_effect_relative_error": 0.25884584106829756
        },
        "context_only": {
          "centered_effect_relative_error": 0.5536553679266077
        }
      }
    },
    "code": {
      "constant": {
        "replacement": {
          "ce_added": 0.8776201009750366
        },
        "removal": {
          "centered_effect_relative_error": 1.0
        },
        "same_token": {
          "centered_effect_relative_error": 1.0
        }
      },
      "projected64": {
        "replacement": {
          "ce_added": 0.07187496423721314
        },
        "removal": {
          "centered_effect_relative_error": 0.18800527523328844
        },
        "same_token": {
          "centered_effect_relative_error": 0.308797899642438
        }
      },
      "projected256": {
        "replacement": {
          "ce_added": 0.0331935519973437
        },
        "removal": {
          "centered_effect_relative_error": 0.13537267715746104
        },
        "same_token": {
          "centered_effect_relative_error": 0.22907587858819356
        }
      },
      "program64": {
        "replacement": {
          "ce_added": 0.07612147592008114
        },
        "removal": {
          "centered_effect_relative_error": 0.20071065678477923
        },
        "same_token": {
          "centered_effect_relative_error": 0.3261322264345788
        }
      },
      "program256": {
        "replacement": {
          "ce_added": 0.042567304180314146
        },
        "removal": {
          "centered_effect_relative_error": 0.16098522252374228
        },
        "same_token": {
          "centered_effect_relative_error": 0.2671051749502399
        }
      },
      "product_exact_linear": {
        "replacement": {
          "ce_added": 0.02366641021023194
        },
        "removal": {
          "centered_effect_relative_error": 0.11399258591796319
        },
        "same_token": {
          "centered_effect_relative_error": 0.20082290398364436
        },
        "source_only": {
          "centered_effect_relative_error": 0.2069235411229398
        },
        "context_only": {
          "centered_effect_relative_error": 0.3954953384184284
        }
      },
      "product_paired256": {
        "replacement": {
          "ce_added": 0.04020917812983195
        },
        "removal": {
          "centered_effect_relative_error": 0.15005357119126397
        },
        "same_token": {
          "centered_effect_relative_error": 0.2549818842963601
        },
        "source_only": {
          "centered_effect_relative_error": 0.2219815403701197
        },
        "context_only": {
          "centered_effect_relative_error": 0.3954953384184284
        }
      },
      "product_separate128": {
        "replacement": {
          "ce_added": 0.05980275000135104
        },
        "removal": {
          "centered_effect_relative_error": 0.16999259982925172
        },
        "same_token": {
          "centered_effect_relative_error": 0.28333762291528897
        },
        "source_only": {
          "centered_effect_relative_error": 0.21795286010485312
        },
        "context_only": {
          "centered_effect_relative_error": 0.3954953384184284
        }
      },
      "product_separate256": {
        "replacement": {
          "ce_added": 0.04116263060520093
        },
        "removal": {
          "centered_effect_relative_error": 0.14979500229872286
        },
        "same_token": {
          "centered_effect_relative_error": 0.25448786294668096
        },
        "source_only": {
          "centered_effect_relative_error": 0.2135160255044919
        },
        "context_only": {
          "centered_effect_relative_error": 0.3954953384184284
        }
      },
      "product_source256": {
        "replacement": {
          "ce_added": 0.07720188200473785
        },
        "removal": {
          "centered_effect_relative_error": 0.18438222728295114
        },
        "same_token": {
          "centered_effect_relative_error": 0.2861394231176934
        },
        "source_only": {
          "centered_effect_relative_error": 0.20966012142828797
        },
        "context_only": {
          "centered_effect_relative_error": 0.3954953384184284
        }
      }
    }
  },
  "instrument": 2.254617593932288e-15,
  "seconds": 10.077628158964217,
  "scope": "Full source-dependent midpoint contribution centered on calibration mean. Replacement retains that mean but approximates all varying output coordinates. Residual background and true source states fixed; no upstream ablation or whole-model speed claim. Reused panels, no fitting."
}
{"pred_a_instrument": true, "pred_b_source": true, "pred_c_ce": true}
