{
 "alpha_native_median": 0.334722101688385,
 "alpha_all_self_only_median": 0.9990286827087402,
 "closure_median_abs": 0.43605005741119385,
 "context_read_filler": {
  "0.6": 0.95110684633255,
  "0.1": 0.946700930595398,
  "0.5": 0.9345947504043579,
  "0.2": 0.90505450963974,
  "1.5": 0.9012647271156311,
  "0.4": 0.8919237852096558,
  "1.8": 0.8861021399497986,
  "1.0": 0.883419394493103,
  "0.7": 0.8724747896194458,
  "0.8": 0.8639761209487915,
  "1.6": 0.857245683670044,
  "1.2": 0.8370460271835327,
  "1.7": 0.7796198129653931,
  "0.0": 0.7761075496673584,
  "0.3": 0.7741573452949524,
  "1.3": 0.7144355177879333,
  "1.1": 0.556045651435852,
  "1.4": 0.21632522344589233
 },
 "attribution_median": {
  "0.6": -0.007653743028640747,
  "0.1": -0.0071563720703125,
  "0.5": -0.029602527618408203,
  "0.2": -0.002094477415084839,
  "1.5": 0.0418722927570343,
  "0.4": -0.005908399820327759,
  "1.8": 0.1501666009426117,
  "1.0": 0.005281805992126465,
  "0.7": -0.018140673637390137,
  "0.8": 0.0022059082984924316,
  "1.6": 0.0005005300045013428,
  "1.2": 0.0035028159618377686,
  "1.7": 0.019381970167160034,
  "0.0": -0.004084497690200806,
  "0.3": -0.08226123452186584,
  "1.3": 0.0001722276210784912,
  "1.1": 0.1513538360595703,
  "1.4": 0.00028005242347717285
 },
 "top4_share_filler": 0.2569122625012076,
 "pearson_attr_vs_read": -0.1636098176240921,
 "block0_attribution_share": -0.710213832946397,
 "context_read_text": {
  "1.8": 0.9423111081123352,
  "0.1": 0.9278796315193176,
  "0.4": 0.9262492060661316,
  "0.2": 0.9234756827354431,
  "1.0": 0.9214245676994324,
  "0.5": 0.9157708287239075,
  "0.7": 0.9104519486427307,
  "0.6": 0.9062061905860901,
  "1.7": 0.8899882435798645,
  "0.8": 0.8848517537117004,
  "1.6": 0.8827167749404907,
  "1.2": 0.872349202632904,
  "0.0": 0.8450310826301575,
  "1.5": 0.8444088101387024,
  "1.3": 0.8150115013122559,
  "0.3": 0.7372434735298157,
  "1.1": 0.6126232147216797,
  "1.4": 0.5673463344573975
 },
 "top4_filler": [
  "0.6",
  "0.1",
  "0.5",
  "0.2"
 ],
 "top4_text": [
  "1.8",
  "0.1",
  "0.4",
  "0.2"
 ],
 "overlap": 2
}
{
  "predictions": {
    "pred_a_head_closure": false,
    "pred_b_self_share_is_head_concentrated": false,
    "pred_c_alpha_attribution_matches_share": false,
    "pred_d_block0_carries_most": false,
    "pred_e_same_heads_on_text": true
  },
  "forwards": 23
}
