{
 "native_margin": 2.048141226172447,
 "replay_gap": 4.1226172447395015e-05,
 "head45_write_contrast_native": 336783.1875,
 "head45_write_cut_by_mlp3_ten": 0.2666885928651055,
 "margin_change_rel_mlp3_ten": -0.046553607682384736,
 "unit829_contrast_native": 4823.689453125,
 "unit829_cut_by_lower_forty": 0.3687679397213216,
 "margin_change_rel_lower_forty": -0.17307503010589717
}
{
  "predictions": {
    "pred_a_baseline_replays": true,
    "pred_b_mlp3_population_cuts_head45_write": false,
    "pred_c_head45_cut_smaller_than_margin_cut": true,
    "pred_d_829_contrast_cut_by_lower_populations": false,
    "pred_e_lower_populations_alone_cut_margin": false
  },
  "forwards": 12
}
