{
 "closure_max": 0.0008274055435322225,
 "mlp8_contrast": -25.278953552246094,
 "shares": {
  "10": 0.7732496409237382,
  "20": 0.8103157577361731,
  "50": 0.8245352984264024,
  "100": 0.8641034803611919,
  "200": 0.9094981443325105
 },
 "top_units": [
  [
   3547,
   -5.310237407684326
  ],
  [
   1747,
   -4.998010635375977
  ],
  [
   3093,
   -3.8148717880249023
  ],
  [
   4448,
   -2.412236452102661
  ],
  [
   4458,
   -1.162834644317627
  ],
  [
   1901,
   -1.0242550373077393
  ],
  [
   2053,
   -0.9401798248291016
  ],
  [
   1809,
   -0.4635552763938904
  ],
  [
   1348,
   0.3042890727519989
  ],
  [
   4094,
   0.27494919300079346
  ],
  [
   2989,
   0.27310851216316223
  ],
  [
   2196,
   -0.26842188835144043
  ],
  [
   1111,
   0.2662939429283142
  ],
  [
   4405,
   0.26378822326660156
  ],
  [
   505,
   -0.2573900520801544
  ],
  [
   4314,
   -0.25599852204322815
  ],
  [
   3751,
   -0.2523719370365143
  ],
  [
   701,
   -0.24364697933197021
  ],
  [
   2332,
   -0.23125803470611572
  ],
  [
   594,
   -0.2310943603515625
  ],
  [
   1257,
   0.2105313241481781
  ],
  [
   1715,
   -0.20424923300743103
  ],
  [
   3510,
   0.18943119049072266
  ],
  [
   3252,
   0.17977677285671234
  ],
  [
   4294,
   0.17732256650924683
  ],
  [
   656,
   -0.17388390004634857
  ],
  [
   1587,
   -0.17195849120616913
  ],
  [
   1083,
   0.16535907983779907
  ],
  [
   3618,
   0.16532418131828308
  ],
  [
   528,
   -0.16106367111206055
  ]
 ],
 "ranks": {
  "829": 1125,
  "953": 2046,
  "1030": 2730,
  "3152": 528,
  "3943": 1853
 },
 "top20_overlap_with_v408": 0
}
{
  "predictions": {
    "pred_a_unit_closure": true,
    "pred_b_top_10_carry_half": true,
    "pred_c_detector_units_outside_top_10": true,
    "pred_d_pooled_contrast_negative": true,
    "pred_e_top_unit_is_a_number_unit": false
  },
  "forwards": 2
}
