{
 "closure_max": 2.2052279291528976e-07,
 "vp0_concentration": 0.7670260898113064,
 "energy_on_u": 4824342.0,
 "total_energy": 37245544.0,
 "cos_VP0_VS0": 0.17713946104049683,
 "cos_VP0_u": 0.04312199726700783,
 "writers_top8": {
  "VP0": {
   "mlp17": 512.301025390625,
   "11.3": 236.58795166015625,
   "mlp16": 204.1112060546875,
   "mlp13": 162.40289306640625,
   "mlp12": 127.25865936279297,
   "mlp15": 108.32313537597656,
   "mlp14": 89.22953033447266,
   "15.1": 80.62991333007812
  },
  "VP1": {
   "mlp17": -205.6208953857422,
   "mlp15": -57.87487030029297,
   "mlp16": -53.80889129638672,
   "mlp12": -46.9539794921875,
   "9.6": -37.111366271972656,
   "15.1": -31.298690795898438,
   "13.7": -28.22287940979004,
   "mlp13": 24.93933868408203
  },
  "VS0": {
   "mlp17": 169.45753479003906,
   "11.3": -145.39639282226562,
   "mlp16": 112.22107696533203,
   "mlp15": 70.66423797607422,
   "mlp12": -61.59306335449219,
   "15.1": -51.90922164916992,
   "mlp11": -44.470794677734375,
   "13.1": -40.778656005859375
  },
  "u": {
   "9.6": 654.3671875,
   "12.4": 593.9306030273438,
   "mlp17": -267.1632080078125,
   "15.1": 256.31121826171875,
   "10.5": 218.81820678710938,
   "mlp9": 164.00738525390625,
   "attn5": 144.96478271484375,
   "mlp15": -115.04328918457031
  }
 },
 "reader_share": {
  "VP0": 0.06298264756300097,
  "VP1": 0.10622514807896795,
  "VS0": 0.0821362433708517,
  "u": 0.4362516893961913
 }
}
eP top8 [5014012, 225254, 18747, 2164, 37759, 60145, 73629, 17] eS top8 [4602, 11625, 21018, 181723, 9523, 30483, 6683, 9721]
{
  "predictions": {
    "pred_a_closure": true,
    "pred_b_vp0_energy_concentrated": true,
    "pred_c_vp0_writers_are_the_readers": false,
    "pred_d_vp0_writer_ranking_differs_from_u": true,
    "pred_e_singular_class_top_direction_also_carries": false
  },
  "forwards": 3
}
