{
 "replay_max_abs": 1.239776611328125e-05,
 "text": {
  "pairs": 48,
  "unit": 701,
  "contrast_mean": 63.06951904296875,
  "sign_constancy": 0.7708333134651184,
  "moved": {
   "FIVE_W": 0.1590689718723297,
   "REST_W": 0.06601396203041077,
   "ALL_W": 0.9357974529266357
  },
  "margin_closed": {
   "FIVE_W": 0.8011592030525208,
   "REST_W": 0.04471120238304138,
   "ALL_W": 0.9654682874679565
  }
 },
 "panel": {
  "frame": "v76 panel pairs",
  "rows": 48
 }
}
{
  "predictions": {
    "pred_a_baseline_replays": true,
    "pred_b_five_writes_carry_most_on_the_panel": true,
    "pred_c_rest_of_their_blocks_small_on_the_panel": true,
    "pred_d_all_attention_carries_the_panel_margin": true,
    "pred_e_five_are_most_of_the_channel_on_the_panel": true
  },
  "forwards": 12
}
