{
  "pred_a": true,
  "pred_b": true,
  "pred_c": true,
  "pred_d": false,
  "pred_e": true,
  "pred_f": true,
  "variants": {
    "archive_card": {
      "capable_pairs": 24,
      "native_pairs": 24,
      "parent_rms_logits": 0.08986045830621418,
      "prediction_error": 0.19553619598348843,
      "attenuation_positive_fraction": 1.0,
      "attenuation_mean": 0.023955583743235562,
      "target_rms_logits": 0.03611665025194794,
      "target_over_null_median": 13.043310154074593,
      "nulls_beaten": 16,
      "null_readout_rms_logits": [
        [
          0.0025601057521308073,
          0.0004965760793890843,
          0.0004959275584935678,
          0.00010774221151816472,
          0.00060215334332991
        ],
        [
          0.0019320624329369858,
          0.0006997311231747289,
          0.000229577783569193,
          0.00019357053470413438,
          0.0005496037071911595
        ],
        [
          0.002998277802202037,
          0.00041299691479402563,
          0.00029183784164180885,
          0.00027698752601935825,
          0.0007538168331009571
        ],
        [
          0.003767060806996648,
          0.0004744496477192696,
          0.0004318045686575389,
          0.00025879528115468133,
          0.0007708104580178329
        ],
        [
          0.001789936013661994,
          0.00025174951548874013,
          0.0003583057208204029,
          0.00020731539429024514,
          0.0005087828160586917
        ],
        [
          0.003369636902388741,
          0.0008900070913229544,
          0.0003092696973899666,
          0.00010168438193654256,
          0.0007136678081141563
        ],
        [
          0.0026159950231662145,
          0.0009075176434293473,
          0.0002808544202778833,
          0.00012326590546140993,
          0.0004326821578896716
        ],
        [
          0.004280826165807054,
          0.0004117272974096546,
          0.0004084099234179463,
          0.0002728317130964962,
          0.0008077159743873636
        ],
        [
          0.004460955292670359,
          0.000674367230204389,
          0.0004977990844588915,
          0.00044952313351086297,
          0.0006414198630677562
        ],
        [
          0.002729127368857361,
          0.0005213137882593285,
          0.0002374741093652213,
          0.00014990008394216088,
          0.000812006013679997
        ],
        [
          0.002808830377346425,
          0.0004354431673459944,
          0.000333012915984335,
          0.00027043265335376907,
          0.0008398376632214542
        ],
        [
          0.0028257860885806596,
          0.0006416711893403142,
          0.0006100229732951357,
          0.00039839640288588175,
          0.0005047949529489732
        ],
        [
          0.001977507049627793,
          0.0007690867023406783,
          0.0005250456488437166,
          0.00020048831689059086,
          0.0004849406462836041
        ],
        [
          0.0025087328067359333,
          0.0008438557302143768,
          0.0004564082458766817,
          0.0003036103120598936,
          0.000303043162181073
        ],
        [
          0.004631414269516558,
          0.0007207271202314263,
          0.0005112622811497144,
          0.00048225339654199545,
          0.0012655328045256815
        ],
        [
          0.0024306358631736827,
          0.0008782867762311291,
          0.00022780463243537687,
          0.00021180018029420678,
          0.0004537172489748806
        ]
      ],
      "control_over_target_rms": [
        0.1179859305937275,
        0.06870246827540569,
        0.06958671851493772,
        0.17968299049825165
      ]
    },
    "instruction_first": {
      "capable_pairs": 24,
      "native_pairs": 24,
      "parent_rms_logits": 0.0833400593809242,
      "prediction_error": 0.17870114486286326,
      "attenuation_positive_fraction": 1.0,
      "attenuation_mean": 0.02638374439407536,
      "target_rms_logits": 0.03441944227074556,
      "target_over_null_median": 9.823490612001281,
      "nulls_beaten": 16,
      "null_readout_rms_logits": [
        [
          0.00283525148960194,
          0.0007400804759989676,
          0.0004320124793283337,
          0.0003055796032960275,
          0.0008448824395777214
        ],
        [
          0.004484555215699739,
          0.0007817602194457803,
          0.0003884083659711654,
          0.0004536418626090984,
          0.0010044928479156824
        ],
        [
          0.0035083423895708983,
          0.000533861238326525,
          0.0003652114431295946,
          0.00029833114556511914,
          0.0007180198553528889
        ],
        [
          0.006118182685071741,
          0.0013900341944451638,
          0.0005652039865927079,
          0.000343820765568256,
          0.0012402919776444816
        ],
        [
          0.003171568071313103,
          0.0006821267058495368,
          0.000671504977041638,
          0.00043205545494411155,
          0.0009785572637844421
        ],
        [
          0.0026917440529411266,
          0.0009103190905444015,
          0.0004091414626658723,
          0.00029035177322468746,
          0.0006421505485094567
        ],
        [
          0.004603455212162832,
          0.000818399911925999,
          0.0006316174992758501,
          0.0005593186097121702,
          0.0006121887387736035
        ],
        [
          0.00287886249462387,
          0.0006805184431008262,
          0.0005386391083279134,
          0.0002095273740616905,
          0.0008167382863051227
        ],
        [
          0.005202982187283533,
          0.0010227093448169594,
          0.0005359711287540164,
          0.0004275796576640866,
          0.00047283382111333274
        ],
        [
          0.004999501372653427,
          0.0009230305200500598,
          0.0004139940675765555,
          0.0004816127917412341,
          0.001267545882357245
        ],
        [
          0.0036030536461522785,
          0.0011106901948224202,
          0.0003214371035691541,
          0.00031571342201025635,
          0.000868345170100688
        ],
        [
          0.0024142029470074944,
          0.0009361836125063573,
          0.0003019814989949221,
          0.0001501415139813819,
          0.0008301102071587223
        ],
        [
          0.0023793957451193723,
          0.0012189483229967885,
          0.0006977839291089092,
          0.0001620715917699762,
          0.0002564028877071762
        ],
        [
          0.0037422285715041693,
          0.0007383585174435765,
          0.0003189451782255415,
          0.0002863975790170188,
          0.0012620796396319374
        ],
        [
          0.003499236409088633,
          0.0006567892090917777,
          0.0006347426279119364,
          0.0006163197606893206,
          0.0012406381428513675
        ],
        [
          0.0033468605571948164,
          0.000381595667151345,
          0.0005180698093744603,
          0.0004485954833377334,
          0.000665758412274388
        ]
      ],
      "control_over_target_rms": [
        0.10762424207669169,
        0.07391861499830163,
        0.07895424683035768,
        0.184584352142274
      ]
    },
    "unquoted_prose": {
      "capable_pairs": 24,
      "native_pairs": 24,
      "parent_rms_logits": 0.08703224498939932,
      "prediction_error": 0.20474978185089443,
      "attenuation_positive_fraction": 1.0,
      "attenuation_mean": 0.026491986475178874,
      "target_rms_logits": 0.034904129415818344,
      "target_over_null_median": 14.066101399406952,
      "nulls_beaten": 16,
      "null_readout_rms_logits": [
        [
          0.002218253072835183,
          0.0006220809278098128,
          0.0003618960149577957,
          0.0002385436648198927,
          0.000327604490223297
        ],
        [
          0.0025793834665531973,
          0.0007030185497590412,
          0.0003099746299394668,
          0.00014538936598191266,
          0.0007894748615016895
        ],
        [
          0.0043007167021823075,
          0.0007368084379822324,
          0.00042661210989882186,
          0.00022740898634692958,
          0.0008242625263838497
        ],
        [
          0.0014770886787636307,
          0.0006869762236000361,
          0.0002928943254477185,
          0.00012150744183081572,
          0.0004270199823875626
        ],
        [
          0.001561811178370469,
          0.000661074768571399,
          0.0006052757867131235,
          0.00011322802231798677,
          0.00045838268229712523
        ],
        [
          0.0014135479394111186,
          0.00033138008355102747,
          0.00030924468537384304,
          8.825410946191338e-05,
          0.0004373253822201321
        ],
        [
          0.0030001448174376334,
          0.000826996001905673,
          0.0002238090678677809,
          9.951155880239954e-05,
          0.0004388257899567875
        ],
        [
          0.002545914313898122,
          0.00042055466113290874,
          0.00015140535998371237,
          0.00019610263291135503,
          0.0005311136101754214
        ],
        [
          0.0017572913650643347,
          0.0009314701249541845,
          0.0004683203053126102,
          0.00014150632566686412,
          0.00035876708080647313
        ],
        [
          0.005017515049576492,
          0.0008850866726679155,
          0.00048363199037431483,
          0.0002863893064256074,
          0.0008493736019982126
        ],
        [
          0.002416957547282966,
          0.0005887544183011328,
          0.00013592906216044695,
          9.161762504693594e-05,
          0.0005873630006686248
        ],
        [
          0.002857451201281505,
          0.00036095473480300856,
          0.00025076337109180825,
          0.00016068642835563923,
          0.0006374851536529816
        ],
        [
          0.0011151949153174001,
          0.0007364937123311474,
          0.0003134217340348896,
          0.0001173016437272585,
          0.00022706280880601122
        ],
        [
          0.0025481620996995868,
          0.0004772746344275243,
          0.0001496341753538029,
          0.00017372177240284478,
          0.0005145434871277214
        ],
        [
          0.0015182181098965758,
          0.00042906029173744056,
          0.00030856582843334646,
          9.838071406864142e-05,
          0.00046972696700519186
        ],
        [
          0.003348184511244744,
          0.0010778493207346017,
          0.00028080532580848226,
          0.00013159337868384033,
          0.0005530552778221202
        ]
      ],
      "control_over_target_rms": [
        0.1101129129989654,
        0.043803051888617474,
        0.04508832321500064,
        0.16108925112035652
      ]
    },
    "line_break": {
      "capable_pairs": 24,
      "native_pairs": 24,
      "parent_rms_logits": 0.0827839422944834,
      "prediction_error": 0.17162006948056144,
      "attenuation_positive_fraction": 1.0,
      "attenuation_mean": 0.019110496272235655,
      "target_rms_logits": 0.03432136367404254,
      "target_over_null_median": 11.483416531619909,
      "nulls_beaten": 16,
      "null_readout_rms_logits": [
        [
          0.004521908336525353,
          0.0005056118430511796,
          0.0002024296548954297,
          0.0003315245579099253,
          0.0009753846488827631
        ],
        [
          0.004090076493996274,
          0.0009466188593274896,
          0.00031998965746605964,
          0.00029050423278379584,
          0.0007967343416638775
        ],
        [
          0.002468084753274632,
          0.0006937067934101654,
          0.0002970597009974211,
          0.00021503114658702132,
          0.00037741576117177766
        ],
        [
          0.0015562689305887777,
          0.0005085586843459038,
          0.0003625476269599108,
          0.0001861025738080971,
          0.00038949219633142244
        ],
        [
          0.0022556227409311477,
          0.0006472421143464233,
          0.00027662502797195094,
          0.000276082916693791,
          0.0004634326293462659
        ],
        [
          0.0027183652471698947,
          0.0004800879636656931,
          0.0004072557415849834,
          0.00026184091232807686,
          0.00035658777007933017
        ],
        [
          0.0028497472864539254,
          0.0008354921023261214,
          0.0003331749774943713,
          0.00012474642883448977,
          0.0004775620162771463
        ],
        [
          0.0039371485894797885,
          0.0006908307925926745,
          0.0002540158566546635,
          0.00027559022817512754,
          0.0009681880104852573
        ],
        [
          0.00353968791545079,
          0.0009104819595828262,
          0.00019859427306799654,
          0.0003533419020105662,
          0.000891085905965925
        ],
        [
          0.0027057489709630773,
          0.0006784607289488442,
          0.0002181482078398537,
          0.00019475159715141732,
          0.0005169128466318183
        ],
        [
          0.0031278054008561105,
          0.0009338975956240244,
          0.00032937480052451756,
          5.4943634621001954e-05,
          0.0006264563829595538
        ],
        [
          0.0023111038775255506,
          0.0007142493051598527,
          0.0002117336401245185,
          0.00019058758178064342,
          0.0006430932916206698
        ],
        [
          0.0022490951316032717,
          0.001093528047769458,
          0.00015042898691100233,
          0.0001545235988766632,
          0.0003619970319601859
        ],
        [
          0.0033068916771786206,
          0.0009058701206082401,
          0.00024125553370807346,
          0.00039081740130898236,
          0.0008246362542991646
        ],
        [
          0.003826502979181313,
          0.0008418845175176189,
          0.0002765105565090458,
          0.00041608457995736994,
          0.000825814388113523
        ],
        [
          0.005313955545589971,
          0.0011497226159216736,
          0.0003185640764990365,
          0.000431208307256524,
          0.0009506331285229937
        ]
      ],
      "control_over_target_rms": [
        0.1064280014346142,
        0.050147463216589944,
        0.07192820191230496,
        0.1710127660375899
      ]
    },
    "indirect_report": {
      "capable_pairs": 24,
      "native_pairs": 24,
      "parent_rms_logits": 0.06979134246801617,
      "prediction_error": 0.15732798819986074,
      "attenuation_positive_fraction": 1.0,
      "attenuation_mean": 0.04305139314470103,
      "target_rms_logits": 0.029858543909073446,
      "target_over_null_median": 12.078265132959437,
      "nulls_beaten": 16,
      "null_readout_rms_logits": [
        [
          0.0030648838616607788,
          0.00043770141580343105,
          0.0002604346021637343,
          9.371418820115844e-05,
          0.0009491393004199197
        ],
        [
          0.0024386354226871507,
          0.0003613588109016832,
          0.00025589268781899465,
          0.00011583098075455777,
          0.00031205882626594064
        ],
        [
          0.0022370121763912857,
          0.0003517066097226782,
          0.0002643550999918641,
          0.00019705819305006778,
          0.00012632635151950535
        ],
        [
          0.0026882020463875186,
          0.0003513572828703068,
          0.00022229616396423198,
          0.00021681165981935374,
          0.00047745686221607904
        ],
        [
          0.0030263800846141776,
          0.0005733532849501888,
          0.0001713376440581928,
          0.00021497246637119504,
          0.0005611809391873861
        ],
        [
          0.0029089713825706277,
          0.0003303654098031754,
          0.00011208896319271729,
          6.982118720641506e-05,
          0.00038639378246526994
        ],
        [
          0.002136902689047123,
          0.0003331436315234874,
          0.00029882277879955877,
          0.00019307168148603252,
          0.0001602305424419541
        ],
        [
          0.0007316984735208325,
          0.00019632868841645457,
          0.00011704733783065728,
          0.00013970457142806463,
          0.00013302662782125715
        ],
        [
          0.0016932725982237117,
          0.00035657442427942547,
          0.00014542024809741368,
          7.311623083603722e-05,
          0.00030283079225244396
        ],
        [
          0.002185395092858127,
          0.00021111080010035677,
          0.0002159037056413549,
          9.97252417172509e-05,
          0.0004254710909668125
        ],
        [
          0.0016385449617809396,
          0.0002805774046841012,
          0.0001331683153234576,
          4.0235541413021556e-05,
          0.00028963042693718415
        ],
        [
          0.0010860988436834508,
          0.0003908452949874697,
          0.0002739240965756633,
          5.3735231904891455e-05,
          9.246937520538862e-05
        ],
        [
          0.0025055421691086758,
          0.0006411893302762895,
          0.00047518159638896895,
          0.0002229194271288446,
          0.00027132537154001316
        ],
        [
          0.0026457884007392374,
          0.0005964775731637896,
          0.00013412688075194355,
          0.00013323698775181319,
          0.0005468442257260496
        ],
        [
          0.003360560648341698,
          0.000510464144346178,
          0.00038160435575181994,
          0.0002704780365432277,
          0.00027232108338540547
        ],
        [
          0.003986809325149791,
          0.00044147431438367016,
          0.00014691744544646223,
          0.0002506368544373235,
          0.0006198904019422631
        ]
      ],
      "control_over_target_rms": [
        0.1114958553944729,
        0.05233371287722791,
        0.05089227447118509,
        0.11683053232390536
      ]
    }
  },
  "endpoint_prediction_errors": {
    "0": 0.18458458686347717,
    "1": 0.18093862746233236,
    "2": 0.1860496692131185,
    "3": 0.18645912561180503,
    "4": 0.18235488277704942,
    "5": 0.19107154807616775
  },
  "max_null_norm_error": 2.0010702428407967e-07,
  "max_face_identity_error": 1.4174816948908716e-07,
  "body_forwards": 800,
  "seconds": 12.065979375038296,
  "scope": "Base templates opened; four structural variants fresh at freeze. Same cities/endpoints, native-state inputs and suffix. Short framing changes wording as well as position. No fitted predictor null, independent composition, complete OOD or token-only certification."
}
{
  "pred_g": true,
  "frozen_baseline_errors": {
    "archive_card": {
      "face": 0.19553619598348843,
      "cue_constant": 0.8395635334100877,
      "text_ols": 0.9231663838154941
    },
    "instruction_first": {
      "face": 0.17870114486286326,
      "cue_constant": 0.8434185992295202,
      "text_ols": 1.2122141882832804
    },
    "unquoted_prose": {
      "face": 0.20474978185089443,
      "cue_constant": 0.756038874547631,
      "text_ols": 0.8206750948816068
    },
    "line_break": {
      "face": 0.17162006948056144,
      "cue_constant": 0.8771967446333545,
      "text_ols": 0.9512724412304595
    },
    "indirect_report": {
      "face": 0.15732798819986074,
      "cue_constant": 1.2864755845218891,
      "text_ols": 1.2820015878233821
    }
  }
}
