{
 "native_margin": 2.3956499341875315,
 "change_ten": -0.2655868288129568,
 "null_changes": [
  -0.0023670904338359833,
  -2.7978792786598206e-05,
  -0.0015360042452812195,
  0.0012749843299388885,
  0.0022805295884609222,
  -0.005189834162592888,
  2.4082139134407043e-05,
  -0.0021866504102945328,
  0.0016591846942901611,
  0.010582488030195236,
  -0.00017850659787654877,
  -0.0021720509976148605
 ],
 "null_max_abs": 0.010582488030195236,
 "chain_rel": -0.11086211930334838,
 "labels": {
  "they": 64,
  "he": 64
 }
}
{
  "predictions": {
    "pred_a_native_margin_positive": true,
    "pred_b_ten_lower_the_margin_on_text": true,
    "pred_c_beats_random_sets_on_text": true,
    "pred_d_ten_exceed_six_on_text": true,
    "pred_e_within_2x_of_panel": true
  },
  "forwards": 28
}
