{"family": "code", "tokens": 56, "token_sha256": "e259b2e0c871c80fe2d21c1c680c6099020ef8a152b147144fcb17db1e47004e", "ce": {"native": 3.9196765422821045, "zero_head": 3.9110145568847656, "subtract_program": 4.014920711517334, "program_only": 3.963900327682495}, "zero_head_ce_added": -0.008661985397338867, "program_only_ce_added": 0.044223785400390625}
{"family": "code", "tokens": 56, "token_sha256": "45668c5f67f14010459b70930b4014f8db045bc1260433ea2a8e2d79cd728c7b", "ce": {"native": 3.977180004119873, "zero_head": 3.970163106918335, "subtract_program": 4.056018352508545, "program_only": 4.021519184112549}, "zero_head_ce_added": -0.007016897201538086, "program_only_ce_added": 0.04433917999267578}
{"family": "code", "tokens": 56, "token_sha256": "b1a80797d21ddffabc827dee5de2d9df58309e0e8747ddf6d9271ab190a7cb67", "ce": {"native": 3.988506317138672, "zero_head": 3.97955060005188, "subtract_program": 4.079429626464844, "program_only": 4.031716346740723}, "zero_head_ce_added": -0.008955717086791992, "program_only_ce_added": 0.04321002960205078}
{"family": "code", "tokens": 56, "token_sha256": "516e19c60784f003761a32582b3e5b3d969524b23b3f533eb891d13cd1355f78", "ce": {"native": 4.025780200958252, "zero_head": 4.0208234786987305, "subtract_program": 4.124314785003662, "program_only": 4.064602375030518}, "zero_head_ce_added": -0.004956722259521484, "program_only_ce_added": 0.038822174072265625}
{"family": "arithmetic", "tokens": 32, "token_sha256": "766d0c7c12a5a1df6a68854e6a3cc1be68bf522174aca867a536c393dc26288d", "ce": {"native": 3.7165002822875977, "zero_head": 3.715355396270752, "subtract_program": 3.999879837036133, "program_only": 3.7165145874023438}, "zero_head_ce_added": -0.0011448860168457031, "program_only_ce_added": 1.430511474609375e-05}
{"family": "arithmetic", "tokens": 32, "token_sha256": "93405b730481db7727c6d60d6fd79d9e9abf51d3c2e168f323f6647f5c12b498", "ce": {"native": 3.8557791709899902, "zero_head": 3.8576736450195312, "subtract_program": 4.124936580657959, "program_only": 3.8540730476379395}, "zero_head_ce_added": 0.0018944740295410156, "program_only_ce_added": -0.0017061233520507812}
{"family": "arithmetic", "tokens": 32, "token_sha256": "2fbac47b9d6863e830b6d0be39e0967b35392400a1bbc46f2033490615573dfa", "ce": {"native": 3.876410484313965, "zero_head": 3.8681654930114746, "subtract_program": 4.156866073608398, "program_only": 3.8798294067382812}, "zero_head_ce_added": -0.008244991302490234, "program_only_ce_added": 0.0034189224243164062}
{"family": "arithmetic", "tokens": 32, "token_sha256": "1ce1b99c40730d7c36f2a498dcdc1bb924024c1f10dfcaef2409e159abef79b2", "ce": {"native": 3.908511161804199, "zero_head": 3.8943352699279785, "subtract_program": 4.180980205535889, "program_only": 3.912972927093506}, "zero_head_ce_added": -0.014175891876220703, "program_only_ce_added": 0.004461765289306641}
{"family": "repetition", "tokens": 51, "token_sha256": "7920ff478b37fb35f009e5888a6d863dab0caef9fcc4ba5fed79a8b458d21ae4", "ce": {"native": 1.1490529775619507, "zero_head": 1.1524146795272827, "subtract_program": 1.2678744792938232, "program_only": 1.1327394247055054}, "zero_head_ce_added": 0.0033617019653320312, "program_only_ce_added": -0.016313552856445312}
{"family": "repetition", "tokens": 51, "token_sha256": "b3a3244b2ef67a5a2058cc582208e82425359bbc66af442f446d6a09d211e483", "ce": {"native": 1.247201919555664, "zero_head": 1.2485519647598267, "subtract_program": 1.2546744346618652, "program_only": 1.2695589065551758}, "zero_head_ce_added": 0.0013500452041625977, "program_only_ce_added": 0.02235698699951172}
{"family": "repetition", "tokens": 51, "token_sha256": "927c44cff7955a7c2f877232d8f1420dcb3bcfd8e2a35c02c7bd78c0e4eaa0c0", "ce": {"native": 1.0685077905654907, "zero_head": 1.0692764520645142, "subtract_program": 1.0790657997131348, "program_only": 1.0706428289413452}, "zero_head_ce_added": 0.0007686614990234375, "program_only_ce_added": 0.002135038375854492}
{"family": "repetition", "tokens": 50, "token_sha256": "2dfe151f5148ed3009ba09c62f81976f9f05c8ea5adc5fc28f3aa1bbf9a98a14", "ce": {"native": 1.0918828248977661, "zero_head": 1.1016428470611572, "subtract_program": 1.173446536064148, "program_only": 1.0357588529586792}, "zero_head_ce_added": 0.009760022163391113, "program_only_ce_added": -0.056123971939086914}
{"family": "opened_prose", "tokens": 128, "token_sha256": "389ab070dd4b2c54675c6b682f462ba0af9584d9ee73c7590ba1a51e11abccb8", "ce": {"native": 3.1903719902038574, "zero_head": 3.194417715072632, "subtract_program": 3.276508331298828, "program_only": 3.188865900039673}, "zero_head_ce_added": 0.004045724868774414, "program_only_ce_added": -0.0015060901641845703}
{"family": "opened_prose", "tokens": 128, "token_sha256": "440e1577ba55186b92f206321c71412847b97690d6312ce722ba76f11d9fd46c", "ce": {"native": 2.7869043350219727, "zero_head": 2.805455207824707, "subtract_program": 2.9872217178344727, "program_only": 2.7989039421081543}, "zero_head_ce_added": 0.018550872802734375, "program_only_ce_added": 0.01199960708618164}
{"family": "opened_prose", "tokens": 128, "token_sha256": "85ce6e09bcb3b1b53ae6db13a450f5d32b5c141997d8e934194f6df44239bd85", "ce": {"native": 3.195488452911377, "zero_head": 3.208812713623047, "subtract_program": 3.2018260955810547, "program_only": 3.1995790004730225}, "zero_head_ce_added": 0.013324260711669922, "program_only_ce_added": 0.004090547561645508}
{"family": "opened_prose", "tokens": 128, "token_sha256": "5ae4e3498e13a5eb1e57ee809d9b3e3477904c5ae5beb899f8d39a7e2dbf06d4", "ce": {"native": 3.5317397117614746, "zero_head": 3.498988389968872, "subtract_program": 3.536911725997925, "program_only": 3.5506277084350586}, "zero_head_ce_added": -0.03275132179260254, "program_only_ce_added": 0.018887996673583984}
{
  "code": {
    "error": 1613414.8282745595,
    "target": 148851.82266666775,
    "pred": 2284954.2241506563,
    "dot": 410195.60911255836,
    "nll_abs": 65.4112319946289,
    "tokens": 224,
    "sign_good": 156,
    "sign_total": 186,
    "relative_logit_effect_error": 3.2922737825880497,
    "effect_cosine": 0.7033559679112191,
    "nll_effect_mae": 0.29201442854745047,
    "nll_sign_agreement": 0.8387096774193549
  },
  "arithmetic": {
    "error": 1550746.166022142,
    "target": 69237.67153208604,
    "pred": 1678913.9742505788,
    "dot": 98702.74009732813,
    "nll_abs": 50.542226791381836,
    "tokens": 128,
    "sign_good": 64,
    "sign_total": 111,
    "relative_logit_effect_error": 4.732592716519428,
    "effect_cosine": 0.2894967951856983,
    "nll_effect_mae": 0.3948611468076706,
    "nll_sign_agreement": 0.5765765765765766
  },
  "repetition": {
    "error": 2614473.0293814307,
    "target": 80701.20001086517,
    "pred": 2487891.716818792,
    "dot": -22940.056495320554,
    "nll_abs": 25.13450026512146,
    "tokens": 203,
    "sign_good": 24,
    "sign_total": 54,
    "relative_logit_effect_error": 5.691832179963829,
    "effect_cosine": -0.05119632056316444,
    "nll_effect_mae": 0.12381527224197764,
    "nll_sign_agreement": 0.4444444444444444
  },
  "opened_prose": {
    "error": 3895902.7095008236,
    "target": 986499.4476407702,
    "pred": 5653594.1226661485,
    "dot": 1372095.430126184,
    "nll_abs": 116.86635780334473,
    "tokens": 512,
    "sign_good": 335,
    "sign_total": 440,
    "relative_logit_effect_error": 1.9872642884484457,
    "effect_cosine": 0.580996587105253,
    "nll_effect_mae": 0.22825460508465767,
    "nll_sign_agreement": 0.7613636363636364
  }
}
{'pred_a_instrument': True, 'pred_b_effect_prediction': False, 'pred_c_effect_direction': False, 'pred_d_loss_prediction': False}
