{
 "closure_max": 2.2209371763892705e-06,
 "per": {
  "native|1": {
   "alpha_median": 0.5549944639205933,
   "self_share_median": 0.5247279405593872,
   "gap_median": 0.05156850814819336,
   "reinjection_share_of_x1": 0.29303401708602905,
   "cos_table_median": 0.8623723983764648
  },
  "native|8": {
   "alpha_median": 0.334722101688385,
   "self_share_median": 0.21033993363380432,
   "gap_median": 0.12560158967971802,
   "reinjection_share_of_x1": 0.253116637468338,
   "cos_table_median": 0.7728161215782166
  },
  "native|64": {
   "alpha_median": 0.2913838326931,
   "self_share_median": 0.12544451653957367,
   "gap_median": 0.17235207557678223,
   "reinjection_share_of_x1": 0.2723071575164795,
   "cos_table_median": 0.6124638319015503
  },
  "no_reinjection|1": {
   "alpha_median": 0.9182072281837463,
   "self_share_median": 0.48034557700157166,
   "gap_median": 0.4323786199092865,
   "reinjection_share_of_x1": 0.0,
   "cos_table_median": 0.5942941904067993
  },
  "no_reinjection|8": {
   "alpha_median": 0.46956363320350647,
   "self_share_median": 0.18771088123321533,
   "gap_median": 0.279533326625824,
   "reinjection_share_of_x1": 0.0,
   "cos_table_median": 0.4523063898086548
  },
  "no_reinjection|64": {
   "alpha_median": 0.27035409212112427,
   "self_share_median": 0.11279115080833435,
   "gap_median": 0.15930716693401337,
   "reinjection_share_of_x1": 0.0,
   "cos_table_median": 0.24728348851203918
  }
 },
 "alpha_drop_at_64": 0.021029740571975708,
 "predicted_alpha_64": 0.36359223433113286,
 "reinjection_share_by_length": {
  "1": 0.29303401708602905,
  "8": 0.253116637468338,
  "64": 0.2723071575164795
 }
}
{
  "predictions": {
    "pred_a_pair_closure": true,
    "pred_b_floor_is_the_reinjection": false,
    "pred_c_share_law_exact_without_reinjection": false,
    "pred_d_reinjection_share_of_x1_grows": false,
    "pred_e_natural_alpha_floor_matches": true
  },
  "forwards": 8
}
