{
 "instrument_max_rel": 0.00010930395364994183,
 "readers": {
  "9.6": {
   "answer_share_min3": 0.14563271291606011,
   "answer_groups": 46,
   "answer_n_kept": 190,
   "answer_share_all": 0.2873217059323552,
   "noun_share_min3": 0.23253735447264298,
   "noun_groups": 122,
   "noun_n_kept": 118,
   "noun_share_all": 0.5376807901239459,
   "corr_qnorm": -0.08145693513808239,
   "minority_n": 39,
   "minority_top_answers": [
    [
     " said",
     12
    ],
    [
     " if",
     2
    ],
    [
     ",",
     2
    ]
   ],
   "flip_share": 0.3076923076923077,
   "answer_means_min3": {
    " knew": [
     0.008455833420157433,
     4
    ],
    " what": [
     0.0466425140039064,
     8
    ],
    " day": [
     0.05219632899388671,
     4
    ],
    " said": [
     0.06029219260542757,
     36
    ],
    " as": [
     0.06039633916225284,
     8
    ],
    " me": [
     0.07092853777188186,
     6
    ],
    " how": [
     0.07740679662674665,
     4
    ],
    " if": [
     0.08655454427935183,
     8
    ],
    " thought": [
     0.08776308906575044,
     6
    ],
    " unless": [
     0.09482895582914352,
     4
    ],
    " whether": [
     0.1005249594648679,
     6
    ],
    ";": [
     0.11080104112625122,
     4
    ],
    ",": [
     0.11797587259206921,
     18
    ],
    " told": [
     0.1271653319709003,
     4
    ],
    " but": [
     0.13899158189694086,
     6
    ],
    " when": [
     0.1421777278972933,
     26
    ],
    " that": [
     0.1424829144603931,
     26
    ],
    " after": [
     0.18498259037733078,
     4
    ],
    " and": [
     0.18650552351027727,
     8
    ]
   }
  },
  "12.4": {
   "answer_share_min3": 0.19153165536152095,
   "answer_groups": 46,
   "answer_n_kept": 190,
   "answer_share_all": 0.3331066032624656,
   "noun_share_min3": 0.2326193590038507,
   "noun_groups": 122,
   "noun_n_kept": 118,
   "noun_share_all": 0.5674851501260452,
   "corr_qnorm": 0.03974768081842917,
   "minority_n": 42,
   "minority_top_answers": [
    [
     " said",
     12
    ],
    [
     " that",
     8
    ],
    [
     " when",
     4
    ]
   ],
   "flip_share": 0.2857142857142857,
   "answer_means_min3": {
    " how": [
     -0.10944903129711747,
     4
    ],
    " what": [
     0.07536873000208288,
     8
    ],
    " day": [
     0.07825612183660269,
     4
    ],
    " said": [
     0.09249844509758987,
     36
    ],
    " whether": [
     0.10575476521626115,
     6
    ],
    " as": [
     0.11380477831698954,
     8
    ],
    ";": [
     0.13896650075912476,
     4
    ],
    " when": [
     0.1397396523075608,
     26
    ],
    " if": [
     0.1405906913569197,
     8
    ],
    " thought": [
     0.14337524337073168,
     6
    ],
    " that": [
     0.14380678206753844,
     26
    ],
    " me": [
     0.1538220539999505,
     6
    ],
    " told": [
     0.17070738808251917,
     4
    ],
    " unless": [
     0.18403498642146587,
     4
    ],
    ",": [
     0.18674145349197918,
     18
    ],
    " but": [
     0.19131563479701677,
     6
    ],
    " and": [
     0.2575385825475678,
     8
    ],
    " knew": [
     0.30297720059752464,
     4
    ],
    " after": [
     0.31497693806886673,
     4
    ]
   }
  },
  "15.1": {
   "answer_share_min3": 0.23925174862978352,
   "answer_groups": 46,
   "answer_n_kept": 190,
   "answer_share_all": 0.36884156596817236,
   "noun_share_min3": 0.17452557717518036,
   "noun_groups": 122,
   "noun_n_kept": 118,
   "noun_share_all": 0.4355872978358765,
   "corr_qnorm": 0.20928730432328357,
   "minority_n": 9,
   "minority_top_answers": [
    [
     " what",
     2
    ],
    [
     " whether",
     2
    ],
    [
     " said",
     2
    ]
   ],
   "flip_share": 0.2222222222222222,
   "answer_means_min3": {
    " after": [
     -0.4474974572658539,
     4
    ],
    " day": [
     -0.40381549298763275,
     4
    ],
    " knew": [
     -0.3930433541536331,
     4
    ],
    " thought": [
     -0.37492210666338605,
     6
    ],
    " me": [
     -0.37284845610459644,
     6
    ],
    " told": [
     -0.36446013022214174,
     4
    ],
    " said": [
     -0.28978488051022094,
     36
    ],
    " and": [
     -0.28758955653756857,
     8
    ],
    " that": [
     -0.28486558537070567,
     26
    ],
    " how": [
     -0.24572023749351501,
     4
    ],
    " as": [
     -0.24470003321766853,
     8
    ],
    " but": [
     -0.219930961728096,
     6
    ],
    " if": [
     -0.1981679459058796,
     8
    ],
    " when": [
     -0.18551851730220592,
     26
    ],
    " whether": [
     -0.18533906588951746,
     6
    ],
    ";": [
     -0.12921441346406937,
     4
    ],
    " unless": [
     -0.11595790460705757,
     4
    ],
    ",": [
     -0.10476702653492491,
     18
    ],
    " what": [
     -0.08234852110035717,
     8
    ]
   }
  }
 }
}
{
  "predictions": {
    "pred_a_instrument": true,
    "pred_b_answer_token_explains_half": false,
    "pred_c_noun_token_explains_little": true,
    "pred_d_query_norm_tracks_gain": true,
    "pred_e_sign_flips_are_answer_tokens": false
  },
  "forwards": 4
}
