layer 0: 0:other(32,-,r2 0.80,corr 0.95) 1:long(64,-,r2 0.82,corr 0.94) 2:other(12,+,r2 0.78,corr 0.90) 3:delta(1,+,r2 0.98,corr 1.00) 4:long(0.75,-,r2 0.91,corr 0.94) 5:other(6,+,r2 0.65,corr 0.98) 6:other(12,-,r2 0.50,corr 0.92) 7:long(12,-,r2 0.94,corr 0.99) 8:window(3,+,r2 0.90,corr 0.98)
layer 1: 0:window(8,+,r2 0.88,corr 0.98) 1:delta(1.5,-,r2 0.99,corr 1.00) 2:long(12,-,r2 0.82,corr 0.98) 3:delta(0.5,+,r2 0.98,corr 1.00) 4:long(16,+,r2 0.88,corr 0.96) 5:delta(3,+,r2 0.99,corr 0.99) 6:window(4,-,r2 0.82,corr 0.96) 7:delta(3,+,r2 0.98,corr 0.99) 8:long(48,-,r2 0.90,corr 0.97)
layer 2: 0:window(8,+,r2 0.94,corr 0.98) 1:other(128,+,r2 0.37,corr 0.97) 2:window(3,+,r2 0.98,corr 1.00) 3:window(3,+,r2 0.96,corr 0.99) 4:other(256,-,r2 0.39,corr 0.91) 5:long(64,-,r2 0.84,corr 0.96) 6:delta(1,+,r2 0.98,corr 1.00) 7:long(24,-,r2 0.90,corr 0.97) 8:delta(0.5,+,r2 0.96,corr 0.99)
layer 3: 0:long(12,-,r2 0.91,corr 0.98) 1:long(48,+,r2 0.82,corr 0.95) 2:window(4,+,r2 0.82,corr 0.97) 3:delta(0.5,+,r2 0.73,corr 0.87) 4:delta(3,+,r2 0.99,corr 0.99) 5:long(16,-,r2 0.90,corr 0.96) 6:delta(1,-,r2 0.99,corr 1.00) 7:delta(1,+,r2 0.99,corr 1.00) 8:other(0.25,-,r2 0.75,corr 0.92)
layer 4: 0:window(3,-,r2 0.99,corr 1.00) 1:delta(2,-,r2 0.99,corr 1.00) 2:other(0.5,+,r2 0.46,corr 0.99) 3:delta(1,-,r2 0.96,corr 1.00) 4:delta(3,-,r2 0.95,corr 0.99) 5:delta(1.5,+,r2 0.98,corr 0.99) 6:long(12,-,r2 0.81,corr 0.98) 7:delta(1.5,+,r2 1.00,corr 1.00) 8:other(32,+,r2 0.69,corr 0.98)
layer 5: 0:long(0.25,+,r2 0.84,corr 0.94) 1:other(256,-,r2 0.49,corr 0.94) 2:other(1.5,-,r2 0.10,corr 0.89) 3:delta(3,+,r2 0.98,corr 1.00) 4:other(64,-,r2 0.49,corr 0.96) 5:other(0.25,+,r2 0.79,corr 0.91) 6:delta(1.0,-,r2 0.97,corr 0.99) 7:other(8,+,r2 0.29,corr 0.96) 8:delta(2,+,r2 0.98,corr 1.00)
layer 6: 0:other(48,-,r2 0.57,corr 0.96) 1:long(32,+,r2 0.87,corr 0.96) 2:window(6,+,r2 0.89,corr 0.96) 3:delta(1.5,+,r2 0.99,corr 1.00) 4:delta(0.5,-,r2 0.98,corr 0.98) 5:other(24,-,r2 0.72,corr 0.91) 6:delta(1,-,r2 0.96,corr 0.98) 7:other(24,-,r2 0.80,corr 0.90) 8:delta(1,+,r2 0.93,corr 0.95)
layer 7: 0:long(12,-,r2 0.89,corr 0.95) 1:long(24,+,r2 0.87,corr 0.99) 2:long(12,-,r2 0.94,corr 0.98) 3:other(0.25,-,r2 0.65,corr 0.84) 4:other(64,-,r2 0.59,corr 0.96) 5:other(12,-,r2 0.61,corr 0.98) 6:window(8,+,r2 0.89,corr 0.96) 7:delta(3,+,r2 0.95,corr 0.96) 8:delta(1.5,+,r2 0.99,corr 1.00)
layer 8: 0:other(1,-,r2 0.06,corr 0.94) 1:delta(1.5,+,r2 0.97,corr 0.99) 2:other(256,-,r2 0.35,corr 0.92) 3:other(96,-,r2 0.37,corr 0.91) 4:other(96,+,r2 0.44,corr 0.86) 5:other(16,+,r2 0.69,corr 0.94) 6:long(0.5,+,r2 0.86,corr 0.95) 7:delta(1.0,+,r2 0.79,corr 0.96) 8:delta(0.5,+,r2 0.93,corr 0.98)
layer 9: 0:window(6,-,r2 0.90,corr 0.95) 1:window(4,+,r2 0.96,corr 0.98) 2:delta(2.0,+,r2 0.90,corr 0.98) 3:window(8,-,r2 0.97,corr 0.98) 4:window(8,+,r2 0.96,corr 0.99) 5:delta(1,+,r2 0.82,corr 0.99) 6:long(12,+,r2 0.88,corr 0.98) 7:delta(2,-,r2 0.99,corr 0.99) 8:long(48,+,r2 0.83,corr 0.96)
layer 10: 0:other(0.75,+,r2 0.78,corr 0.96) 1:long(0.75,+,r2 0.92,corr 0.97) 2:window(8,-,r2 0.95,corr 0.99) 3:other(96,-,r2 0.50,corr 0.91) 4:delta(1.0,+,r2 0.93,corr 0.96) 5:window(4,+,r2 0.97,corr 0.99) 6:other(64,+,r2 0.66,corr 0.88) 7:long(1.0,+,r2 0.93,corr 0.97) 8:other(2,+,r2 0.53,corr 0.87)
layer 11: 0:other(48,-,r2 0.64,corr 0.97) 1:window(8,-,r2 0.95,corr 0.98) 2:delta(1,+,r2 0.98,corr 1.00) 3:delta(3,-,r2 0.97,corr 0.98) 4:long(12,+,r2 0.91,corr 0.97) 5:other(0.75,-,r2 0.76,corr 0.98) 6:delta(1.0,+,r2 0.97,corr 0.97) 7:other(3,+,r2 0.76,corr 0.96) 8:long(0.75,+,r2 0.81,corr 0.95)
layer 12: 0:window(2,+,r2 0.82,corr 0.98) 1:window(4,-,r2 0.97,corr 0.99) 2:window(6,-,r2 0.92,corr 0.98) 3:other(6,-,r2 0.27,corr 0.85) 4:long(16,+,r2 0.92,corr 0.97) 5:other(64,+,r2 0.64,corr 0.94) 6:window(6,+,r2 0.89,corr 0.94) 7:long(12,-,r2 0.83,corr 0.94) 8:delta(3,+,r2 0.96,corr 0.97)
layer 13: 0:other(48,-,r2 0.71,corr 0.91) 1:delta(3,-,r2 0.98,corr 0.99) 2:other(4,+,r2 0.48,corr 0.85) 3:other(1.0,+,r2 0.75,corr 0.95) 4:other(6,+,r2 0.53,corr 0.91) 5:other(96,+,r2 0.47,corr 0.79) 6:delta(2,+,r2 0.94,corr 0.99) 7:other(1,-,r2 0.59,corr 0.95) 8:other(1.5,-,r2 0.75,corr 0.97)
layer 14: 0:other(64,+,r2 0.64,corr 0.88) 1:other(2,+,r2 0.39,corr 0.92) 2:other(1,+,r2 0.54,corr 0.96) 3:window(6,-,r2 0.85,corr 0.90) 4:other(2,-,r2 0.32,corr 0.89) 5:other(8,+,r2 0.79,corr 0.94) 6:other(128,-,r2 0.30,corr 0.88) 7:other(0.5,+,r2 0.36,corr 0.80) 8:other(32,+,r2 0.67,corr 0.92)
layer 15: 0:long(24,-,r2 0.92,corr 0.95) 1:window(4,-,r2 0.97,corr 0.97) 2:other(2,-,r2 0.61,corr 0.92) 3:other(0.5,-,r2 0.25,corr 0.81) 4:other(3,-,r2 0.25,corr 0.74) 5:other(1.5,-,r2 0.50,corr 0.90) 6:window(8,-,r2 0.88,corr 0.94) 7:long(0.75,-,r2 0.93,corr 0.96) 8:long(12,+,r2 0.90,corr 0.96)
layer 16: 0:other(96,-,r2 0.63,corr 0.89) 1:other(16,-,r2 0.08,corr 0.88) 2:other(16,+,r2 0.65,corr 0.95) 3:other(128,+,r2 0.34,corr 0.83) 4:other(96,+,r2 0.72,corr 0.87) 5:other(96,-,r2 0.41,corr 0.68) 6:other(128,+,r2 0.62,corr 0.89) 7:window(6,+,r2 0.93,corr 0.97) 8:window(3,-,r2 0.96,corr 0.99)
layer 17: 0:long(12,-,r2 0.93,corr 0.97) 1:window(8,+,r2 0.94,corr 0.99) 2:long(12,-,r2 0.95,corr 0.99) 3:other(24,+,r2 0.52,corr 0.97) 4:long(16,+,r2 0.82,corr 0.97) 5:long(24,+,r2 0.86,corr 0.98) 6:long(12,+,r2 0.89,corr 0.99) 7:other(32,-,r2 0.57,corr 0.95) 8:window(8,-,r2 0.95,corr 0.99)
families {'other': 62, 'long': 34, 'delta': 38, 'window': 28} | median corr with closed-form 0.965 (least: [('16.5', 0.68), ('15.4', 0.74), ('13.5', 0.79), ('14.7', 0.8), ('15.3', 0.81), ('16.3', 0.83), ('7.3', 0.84), ('13.2', 0.85)]) | delta in layers 0-2: 7 | window+long 0.38 | deep negative-mean 0.44 | fit well 100/162
{
  "predictions": {
    "pred_a_fitted_kernels_track_closed_form": true,
    "pred_b_early_delta_kernels": true,
    "pred_c_most_kernels_are_windows": false,
    "pred_d_deep_kernels_subtract": false,
    "pred_e_families_fit_well": false
  },
  "forwards": 0
}
