{
 "text_separation_over_std": {
  "cue": {
   "3465": -2.185283660888672,
   "493": 1.2651995420455933,
   "1036": 0.9815161228179932,
   "2483": -1.855940818786621,
   "1779": -0.7230810523033142,
   "829": 1.647778034210205
  },
  "final": {
   "3465": -0.05517987534403801,
   "493": 0.033560629934072495,
   "1036": 0.12213767319917679,
   "2483": -0.30248621106147766,
   "1779": -0.4504544138908386,
   "829": 0.11005508899688721
  }
 },
 "panel_noun_separation_over_std": {
  "3465": -7.301023483276367,
  "493": 3.2371819019317627,
  "1036": 4.034834384918213,
  "2483": -3.0231218338012695,
  "1779": -2.5841803550720215,
  "829": 2.9632935523986816
 }
}
{
  "predictions": {
    "pred_a_rows_load": true,
    "pred_b_all_chain_units_separate_at_the_cue": false,
    "pred_c_signs_match_panel": true,
    "pred_d_separation_grows_or_holds_up_the_chain": true,
    "pred_e_none_at_the_final": true
  },
  "forwards": 5
}
