{
 "native_margin": 2.3956499341875315,
 "per_k": {
  "1": {
   "change": -0.20332909189164639,
   "change_rel": -0.08487429193639849,
   "null_max_abs": 0.0018616002053022385
  },
  "5": {
   "change": -0.4236638331785798,
   "change_rel": -0.17684713744383632,
   "null_max_abs": 0.007094200700521469
  },
  "10": {
   "change": -0.4502972746267915,
   "change_rel": -0.18796455533871928,
   "null_max_abs": 0.007780984044075012
  },
  "20": {
   "change": -0.39718406554311514,
   "change_rel": -0.1657938665725038,
   "null_max_abs": 0.0046363938599824905
  }
 },
 "top_units": {
  "3": [
   3465,
   114,
   493,
   1638,
   2033
  ],
  "5": [
   1036,
   2403,
   4038,
   2538,
   1601
  ],
  "6": [
   2483,
   2826,
   1868,
   852,
   3671
  ],
  "7": [
   1779,
   4361,
   1845,
   3603,
   4415
  ],
  "8": [
   829,
   953,
   1030,
   1484,
   3152
  ]
 }
}
{
  "predictions": {
    "pred_a_native_margin_positive": true,
    "pred_b_k10_replays_v374": true,
    "pred_c_every_k_beats_null_on_text": true,
    "pred_d_saturates_on_text": true,
    "pred_e_leaders_carry_a_third_of_k10": true
  },
  "forwards": 37
}
