years_ago capable True fraction 0.747 pos 1.0 null_max 0.0242 gates {'number_was_were': True, 'animacy_who_which': True, 'canonical_night_day': True}
once_still capable True fraction 0.748 pos 1.0 null_max 0.0268 gates {'number_was_were': True, 'animacy_who_which': True, 'canonical_night_day': True}
back_then_now capable True fraction 0.691 pos 1.0 null_max 0.0226 gates {'number_was_were': True, 'animacy_who_which': True, 'canonical_night_day': True}
{
  "predictions": {
    "pred_a_instrument_replays_native": true,
    "pred_b_two_of_three_templates_capable": true,
    "pred_c_set_removal_transfers_to_every_capable_template": true,
    "pred_d_set_removal_selective_on_every_capable_template": true
  },
  "capability": {
    "years_ago/past": 1.0,
    "years_ago/present": 1.0,
    "once_still/past": 1.0,
    "once_still/present": 1.0,
    "back_then_now/past": 1.0,
    "back_then_now/present": 1.0
  },
  "forwards": 57
}
