[split] calibration 6.76e-07 | fresh 7.77e-07 | new 1.49e-07 | teacher vs stored targets 1.11e-06 | forwards 128
[typed_seed25001] step 60 val 0.4700 fit-at-end 0.0882 | fresh small value 0.4076 response 0.4443 | calibration weighted small 0.4389 | outputs 0-3 [0.0277, 0.0439, 0.0563, 0.1394] (parent [0.0611, 0.0601, 0.0838, 0.216]) | 70s
[typed_seed25002] step 60 val 0.4714 fit-at-end 0.0945 | fresh small value 0.4073 response 0.4421 | calibration weighted small 0.4433 | outputs 0-3 [0.0281, 0.0426, 0.0569, 0.1334] (parent [0.0611, 0.0601, 0.0838, 0.216]) | 70s
[untyped_seed25001] step 60 val 0.4570 fit-at-end 0.0740 | fresh small value 0.3976 response 0.4274 | calibration weighted small 0.4170 | outputs 0-3 [0.0279, 0.0414, 0.0551, 0.1334] (parent [0.0611, 0.0601, 0.0838, 0.216]) | 69s
[untyped_seed25002] step 60 val 0.4593 fit-at-end 0.0750 | fresh small value 0.3989 response 0.4338 | calibration weighted small 0.4185 | outputs 0-3 [0.0289, 0.0429, 0.0561, 0.1332] (parent [0.0611, 0.0601, 0.0838, 0.216]) | 69s
{
 "predictions": {
  "pred_a_integrity": true,
  "pred_b_typed_beats_untyped": false,
  "pred_c_data_relieves_overfitting": true,
  "pred_d_large_outputs_kept": true,
  "pred_e_cross_start_stability": false
 },
 "replay": {
  "calibration": 6.762442324370061e-07,
  "fresh": 7.771504414677858e-07,
  "new": 1.486380836494322e-07,
  "teacher": 1.1115582541851799e-06,
  "export": 1.1102230246251565e-16
 },
 "typed_over_untyped": {
  "25001": {
   "value": 1.025143728537876,
   "response": 1.0396060231455921
  },
  "25002": {
   "value": 1.0208593672081128,
   "response": 1.0192502672539543
  }
 },
 "forwards": 128
}
