{
 "closure_max": 3.4143991456403455e-07,
 "top200_overlap_1_vs_64": 109,
 "per_k": {
  "1": {
   "pooled_lookup_over_T": 8800.748046875,
   "pooled_cross_over_T": -4439.04833984375,
   "top_shares_of_cross": {
    "10": 0.34159427881240845,
    "50": 0.40480223298072815,
    "200": 0.5079581141471863,
    "500": 0.6244000792503357,
    "1000": 0.7438501119613647,
    "2000": 0.8795690536499023
   },
   "top200_share": 0.5079581141471863,
   "pearson_lookup_vs_cross_units": -0.9612240791320801,
   "ratio_iqr_median": 0.44602057337760925,
   "ratio_median_of_medians": -0.43841972947120667,
   "units_negative_fraction": 0.9053819179534912,
   "top12_units": [
    [
     3289,
     -153682.109375,
     176522.625
    ],
    [
     624,
     -135289.609375,
     136434.78125
    ],
    [
     3804,
     -10698.0458984375,
     23721.69921875
    ],
    [
     1715,
     -9588.12890625,
     58703.5625
    ],
    [
     778,
     -8481.330078125,
     17844.744140625
    ],
    [
     2976,
     -7826.02392578125,
     15457.953125
    ],
    [
     950,
     -3769.611083984375,
     2194.245849609375
    ],
    [
     1782,
     -3277.666748046875,
     37557.6015625
    ],
    [
     4331,
     -2789.6455078125,
     6768.498046875
    ],
    [
     963,
     -2744.668212890625,
     1535.200927734375
    ],
    [
     3213,
     -2697.34375,
     1421.6134033203125
    ],
    [
     3887,
     -2670.327392578125,
     7575.9560546875
    ]
   ]
  },
  "8": {
   "pooled_lookup_over_T": 8460.451171875,
   "pooled_cross_over_T": -7048.06005859375,
   "top_shares_of_cross": {
    "10": 0.3638947010040283,
    "50": 0.4229716360569,
    "200": 0.5220475792884827,
    "500": 0.6331974864006042,
    "1000": 0.7453053593635559,
    "2000": 0.8798657059669495
   },
   "top200_share": 0.5220475792884827,
   "pearson_lookup_vs_cross_units": -0.9865013957023621,
   "ratio_iqr_median": 0.5676590204238892,
   "ratio_median_of_medians": -0.7418057918548584,
   "units_negative_fraction": 0.9340277910232544,
   "top12_units": [
    [
     3289,
     -243722.0,
     168958.09375
    ],
    [
     624,
     -192353.171875,
     131576.90625
    ],
    [
     1715,
     -64863.94921875,
     56006.8671875
    ],
    [
     3804,
     -23215.12109375,
     22922.146484375
    ],
    [
     1782,
     -11330.470703125,
     36267.76953125
    ],
    [
     778,
     -10383.9248046875,
     17301.373046875
    ],
    [
     2976,
     -10254.267578125,
     14864.4716796875
    ],
    [
     3887,
     -5677.001953125,
     7302.21240234375
    ],
    [
     4331,
     -5664.4208984375,
     6540.03076171875
    ],
    [
     950,
     -4475.30126953125,
     2103.849365234375
    ],
    [
     2894,
     -4324.76953125,
     3758.70263671875
    ],
    [
     3229,
     -4165.79345703125,
     2558.5888671875
    ]
   ]
  },
  "64": {
   "pooled_lookup_over_T": 8074.0576171875,
   "pooled_cross_over_T": -7115.8134765625,
   "top_shares_of_cross": {
    "10": 0.3859054148197174,
    "50": 0.44775477051734924,
    "200": 0.5526061654090881,
    "500": 0.6668425798416138,
    "1000": 0.7798699140548706,
    "2000": 0.9014774560928345
   },
   "top200_share": 0.5526061654090881,
   "pearson_lookup_vs_cross_units": -0.99132239818573,
   "ratio_iqr_median": 0.7771600484848022,
   "ratio_median_of_medians": -0.7703326344490051,
   "units_negative_fraction": 0.8912760615348816,
   "top12_units": [
    [
     3289,
     -244317.015625,
     161351.90625
    ],
    [
     624,
     -197747.953125,
     125612.4140625
    ],
    [
     1715,
     -87285.1328125,
     53330.69140625
    ],
    [
     3804,
     -28792.626953125,
     21871.333984375
    ],
    [
     1782,
     -24364.658203125,
     34600.97265625
    ],
    [
     778,
     -10133.306640625,
     16494.853515625
    ],
    [
     2976,
     -9154.10546875,
     14211.607421875
    ],
    [
     4331,
     -8441.9150390625,
     6260.15087890625
    ],
    [
     3887,
     -6860.470703125,
     6973.77392578125
    ],
    [
     570,
     4732.361328125,
     -2051.469970703125
    ],
    [
     640,
     -3945.123046875,
     8426.7412109375
    ],
    [
     3229,
     -3763.66796875,
     2443.693359375
    ]
   ]
  }
 }
}
{
  "predictions": {
    "pred_a_unit_closure": true,
    "pred_b_cancellation_is_spread": false,
    "pred_c_lookup_units_are_the_cancelling_units": true,
    "pred_d_per_unit_ratio_is_uniform": false,
    "pred_e_same_units_across_lengths": true
  },
  "forwards": 4
}
