{
 "closure_max": 2.134086258820389e-07,
 "energy_vp0": 23835.236328125,
 "energy_u": 9755258.0,
 "vp0_concentration": 0.005641629648079777,
 "late_mlp_share_vp0": 0.29121968869269216,
 "reader_share_u": 0.3418166227631622,
 "writers_top8": {
  "VP0": {
   "mlp17": 181.28652954101562,
   "embedding": -156.6111297607422,
   "mlp16": -81.1768569946289,
   "mlp8": -57.69490051269531,
   "mlp14": -44.27602005004883,
   "11.3": 44.05052947998047,
   "mlp11": -39.43212127685547,
   "mlp10": -38.31990432739258
  },
  "u": {
   "9.6": 695.8720703125,
   "12.4": 501.9053649902344,
   "mlp12": 349.49749755859375,
   "mlp9": 277.91571044921875,
   "mlp13": 236.39816284179688,
   "mlp11": 230.79769897460938,
   "15.1": 185.607421875,
   "10.5": 173.58737182617188
  }
 }
}
{
  "predictions": {
    "pred_a_closure": true,
    "pred_b_vp0_carries_on_text": false,
    "pred_c_vp0_concentrated_on_text": false,
    "pred_d_late_mlps_write_vp0_on_text": false,
    "pred_e_readers_write_u_on_text": false
  },
  "forwards": 2
}
