{
 "positions": 2944,
 "closure_max": 9.036278925123042e-07,
 "alpha1_median": 0.26184162497520447,
 "alpha2_median": 0.20289134979248047,
 "cos2_median": 0.3493526875972748,
 "gamma2_median": 0.39780160784721375,
 "cross_proj_median": -0.42990559339523315,
 "cross_negative_fraction": 0.9942255616188049,
 "only_proj_median": 0.23376426100730896,
 "pearson_alpha2_alpha1": 0.7189808487892151,
 "decomposition_max_rel_err": 0.004142402671277523,
 "write2_over_table2_norm_median": 0.5848360061645508
}
{
  "predictions": {
    "pred_a_closure": true,
    "pred_b_mlp2_direction_kept": false,
    "pred_c_mlp2_gain_below_one": true,
    "pred_d_mlp2_cross_negative": true,
    "pred_e_mlp2_gain_tracks_mlp1_gain": true
  },
  "forwards": 8
}
