{
 "replay_max_abs": 1.430511474609375e-05,
 "text": {
  "pairs": 61,
  "unit": 701,
  "contrast_mean": -0.29676592350006104,
  "sign_constancy": 0.5901639461517334,
  "moved": {
   "B04": -2.3630926609039307,
   "B56": -0.9488899111747742,
   "B78": 1.7205778360366821
  },
  "margin_closed": {
   "B04": 0.018376821652054787,
   "B56": 0.02811042033135891,
   "B78": 0.056442517787218094
  }
 },
 "panel": {
  "skipped": "pronoun slot, natural pairs",
  "rows": 61
 }
}
block groups into noun + 1 {'B04': 0.018, 'B56': 0.028, 'B78': 0.056} sum 0.103
{
  "predictions": {
    "pred_a_baseline_replays": true,
    "pred_b_blocks_7_8_carry": true,
    "pred_c_blocks_5_6_carry": false,
    "pred_d_blocks_0_4_small": true,
    "pred_e_groups_add": true
  },
  "forwards": 8
}
