{
 "closure_max": 2.6566829681396484,
 "mlp8_contrast": 303289.4375,
 "shares": {
  "10": 0.7532262910573666,
  "20": 0.8216701414140082,
  "50": 0.8744582062802633,
  "100": 0.9097939859840981,
  "200": 0.9358640704393143
 },
 "top_units": [
  [
   829,
   114251.078125
  ],
  [
   953,
   51173.765625
  ],
  [
   1030,
   29962.685546875
  ],
  [
   1484,
   16039.3671875
  ],
  [
   3152,
   15440.375
  ],
  [
   1738,
   -14427.2158203125
  ],
  [
   2092,
   4167.498046875
  ],
  [
   3205,
   4018.9794921875
  ],
  [
   4000,
   3918.5966796875
  ],
  [
   684,
   3900.437744140625
  ],
  [
   1959,
   3852.1328125
  ],
  [
   2583,
   3229.885498046875
  ],
  [
   1027,
   3200.94482421875
  ],
  [
   2733,
   2583.205078125
  ],
  [
   4565,
   1645.4306640625
  ],
  [
   2863,
   1454.897705078125
  ],
  [
   368,
   1266.7271728515625
  ],
  [
   2271,
   1230.37744140625
  ],
  [
   1823,
   1209.1048583984375
  ],
  [
   980,
   1085.638671875
  ],
  [
   1101,
   1042.134521484375
  ],
  [
   2766,
   1033.5069580078125
  ],
  [
   4509,
   1011.155517578125
  ],
  [
   2225,
   988.9287719726562
  ],
  [
   306,
   -980.0025024414062
  ],
  [
   1038,
   978.476318359375
  ],
  [
   3039,
   -922.3982543945312
  ],
  [
   2597,
   873.8983764648438
  ],
  [
   1173,
   872.1156005859375
  ],
  [
   2596,
   758.3488159179688
  ]
 ],
 "ranks": {
  "829": 1,
  "953": 2,
  "1030": 3,
  "3152": 5,
  "3943": 62
 }
}
{
  "predictions": {
    "pred_a_unit_closure": false,
    "pred_b_829_first_on_text": true,
    "pred_c_953_in_top_3": true,
    "pred_d_top_50_carry_half": true,
    "pred_e_gender_units_outside_top_20": false
  },
  "forwards": 4
}
