0.3: value 0.0617 | kernel +0.0039 (0.94) | same best beta 0.02 +0.0129 gain -0.0090 | induction best beta 0.02 +0.0042 gain -0.0004
1.1: value 0.0248 | kernel +0.0008 (0.97) | same best beta 0.02 +0.0024 gain -0.0015 | induction best beta 0.02 +0.0012 gain -0.0004
1.3: value 0.0095 | kernel +0.0043 (0.55) | same best beta 0.02 +0.0043 gain -0.0000 | induction best beta 0.02 +0.0044 gain -0.0001
1.4: value 0.0124 | kernel +0.0051 (0.59) | same best beta 0.05 +0.0037 gain +0.0014 | induction best beta 0.05 +0.0047 gain +0.0004
1.5: value 0.0052 | kernel +0.0022 (0.59) | same best beta 0.02 +0.0024 gain -0.0003 | induction best beta 0.02 +0.0023 gain -0.0001
1.8: value 0.0071 | kernel +0.0031 (0.57) | same best beta 0.02 +0.0031 gain -0.0000 | induction best beta 0.02 +0.0032 gain -0.0001
2.2: value 0.0078 | kernel +0.0034 (0.57) | same best beta 0.02 +0.0037 gain -0.0003 | induction best beta 0.02 +0.0034 gain -0.0000
2.3: value 0.0112 | kernel +0.0090 (0.20) | same best beta 0.02 +0.0092 gain -0.0003 | induction best beta 0.02 +0.0089 gain +0.0001
2.5: value 0.0280 | kernel +0.0252 (0.10) | same best beta 0.02 +0.0281 gain -0.0028 | induction best beta 0.02 +0.0257 gain -0.0005
2.6: value 0.0104 | kernel +0.0015 (0.86) | same best beta 0.02 +0.0017 gain -0.0003 | induction best beta 0.02 +0.0017 gain -0.0002
2.7: value 0.0060 | kernel +0.0020 (0.66) | same best beta 0.02 +0.0021 gain -0.0001 | induction best beta 0.02 +0.0021 gain -0.0001
3.0: value 0.0058 | kernel +0.0047 (0.19) | same best beta 0.02 +0.0049 gain -0.0002 | induction best beta 0.02 +0.0049 gain -0.0002
3.4: value 0.0068 | kernel +0.0029 (0.57) | same best beta 0.02 +0.0030 gain -0.0001 | induction best beta 0.02 +0.0031 gain -0.0001
3.5: value 0.0104 | kernel +0.0059 (0.43) | same best beta 0.02 +0.0069 gain -0.0009 | induction best beta 0.02 +0.0062 gain -0.0003
3.6: value 0.0067 | kernel +0.0025 (0.63) | same best beta 0.02 +0.0026 gain -0.0002 | induction best beta 0.02 +0.0026 gain -0.0001
3.8: value 0.0123 | kernel +0.0112 (0.09) | same best beta 0.02 +0.0129 gain -0.0017 | induction best beta 0.02 +0.0117 gain -0.0006
4.0: value 0.0140 | kernel +0.0038 (0.73) | same best beta 0.02 +0.0040 gain -0.0002 | induction best beta 0.02 +0.0038 gain -0.0000
4.1: value 0.0137 | kernel +0.0051 (0.63) | same best beta 0.02 +0.0051 gain +0.0000 | induction best beta 0.02 +0.0051 gain -0.0000
4.5: value 0.0121 | kernel +0.0058 (0.52) | same best beta 0.02 +0.0058 gain +0.0000 | induction best beta 0.02 +0.0060 gain -0.0002
4.7: value 0.0092 | kernel +0.0022 (0.76) | same best beta 0.02 +0.0023 gain -0.0001 | induction best beta 0.02 +0.0023 gain -0.0001
5.0: value 0.0051 | kernel +0.0026 (0.50) | same best beta 0.02 +0.0026 gain +0.0000 | induction best beta 0.05 +0.0025 gain +0.0001
5.3: value 0.0096 | kernel +0.0066 (0.31) | same best beta 0.02 +0.0066 gain +0.0000 | induction best beta 0.02 +0.0067 gain -0.0001
5.5: value 0.0118 | kernel +0.0114 (0.03) | same best beta 0.02 +0.0112 gain +0.0002 | induction best beta 0.1 +0.0071 gain +0.0044
5.6: value 0.0085 | kernel +0.0028 (0.67) | same best beta 0.02 +0.0028 gain +0.0000 | induction best beta 0.02 +0.0028 gain +0.0000
5.7: value 0.0124 | kernel +0.0825 (-5.62) | same best beta 0.1 +0.0752 gain +0.0073 | induction best beta 0.1 +0.0744 gain +0.0081
5.8: value 0.0096 | kernel +0.0065 (0.32) | same best beta 0.02 +0.0066 gain -0.0002 | induction best beta 0.02 +0.0066 gain -0.0001
6.1: value 0.0107 | kernel +0.0034 (0.68) | same best beta 0.02 +0.0034 gain -0.0000 | induction best beta 0.02 +0.0034 gain +0.0000
6.3: value 0.0229 | kernel +0.0079 (0.65) | same best beta 0.02 +0.0083 gain -0.0003 | induction best beta 0.02 +0.0080 gain -0.0001
6.7: value 0.0078 | kernel +0.0064 (0.17) | same best beta 0.02 +0.0066 gain -0.0002 | induction best beta 0.02 +0.0069 gain -0.0004
7.0: value 0.0123 | kernel +0.0055 (0.55) | same best beta 0.02 +0.0056 gain -0.0001 | induction best beta 0.02 +0.0056 gain -0.0001
7.8: value 0.0201 | kernel +0.0043 (0.79) | same best beta 0.02 +0.0045 gain -0.0002 | induction best beta 0.02 +0.0044 gain -0.0001
8.1: value 0.0064 | kernel +0.0040 (0.38) | same best beta 0.02 +0.0040 gain -0.0000 | induction best beta 0.02 +0.0040 gain -0.0000
8.3: value 0.0086 | kernel +0.0087 (-0.02) | same best beta 0.02 +0.0107 gain -0.0020 | induction best beta 0.02 +0.0135 gain -0.0048
9.7: value 0.0205 | kernel +0.0037 (0.82) | same best beta 0.02 +0.0038 gain -0.0001 | induction best beta 0.02 +0.0038 gain -0.0001
11.2: value 0.0103 | kernel +0.0061 (0.41) | same best beta 0.02 +0.0062 gain -0.0001 | induction best beta 0.02 +0.0061 gain -0.0001
11.6: value 0.0082 | kernel +0.0028 (0.66) | same best beta 0.02 +0.0029 gain -0.0001 | induction best beta 0.02 +0.0029 gain -0.0001
13.0: value 0.0052 | kernel +0.0047 (0.11) | same best beta 0.02 +0.0048 gain -0.0002 | induction best beta 0.02 +0.0051 gain -0.0004
14.4: value 0.0077 | kernel +0.0074 (0.04) | same best beta 0.02 +0.0075 gain -0.0001 | induction best beta 0.02 +0.0082 gain -0.0009
native 3.13241 | same-token gainers (2): ['1.4', '5.7'] | induction gainers (2): ['5.5', '5.7'] | 5.5 induction recovery 0.40 | 0.3 gains -0.0090 / -0.0004
{
  "predictions": {
    "pred_a_native_replays": true,
    "pred_b_induction_indicator_55": false,
    "pred_c_same_token_heads": false,
    "pred_d_induction_heads": false,
    "pred_e_prev_token_head_gains_nothing": true
  },
  "forwards": 1602
}
