{
 "replay_max_abs": 1.239776611328125e-05,
 "text": {
  "pairs": 48,
  "unit": 701,
  "contrast_mean": 63.06951904296875,
  "sign_constancy": 0.7708333134651184,
  "moved": {
   "a0": -8.456979412585497e-05,
   "a1": -0.0029678386636078358,
   "a2": -0.0010857302695512772,
   "a3": 0.038245949894189835,
   "a4": -0.012038296088576317,
   "a5": 0.21401554346084595,
   "a6": 0.029210787266492844,
   "a7": 0.023465093225240707,
   "a8": -0.00634035374969244,
   "a9": 0.15175989270210266,
   "a10": 0.016773374751210213,
   "a11": 0.40272077918052673,
   "a12": 0.018298067152500153,
   "a13": 0.07816633582115173,
   "a14": 0.013757776468992233,
   "a15": 0.0379289835691452,
   "a16": 0.007907495833933353,
   "a17": 0.002831152407452464,
   "attn_all": 0.9357974529266357
  },
  "margin_closed": {
   "a0": 0.0002497373498044908,
   "a1": 4.055703539052047e-05,
   "a2": 0.0003304985584691167,
   "a3": 0.007798516657203436,
   "a4": -0.0010424117790535092,
   "a5": 0.09683145582675934,
   "a6": 0.021292923018336296,
   "a7": 0.02861902303993702,
   "a8": 0.009145085699856281,
   "a9": 0.36010468006134033,
   "a10": 0.13761946558952332,
   "a11": 0.043700121343135834,
   "a12": 0.26142066717147827,
   "a13": -0.030885815620422363,
   "a14": -0.0005257705925032496,
   "a15": 0.10893247276544571,
   "a16": -0.004588582552969456,
   "a17": -0.007466810289770365,
   "attn_all": 0.9654682874679565
  }
 },
 "panel": {
  "frame": "v76 panel pairs",
  "rows": 48
 }
}
{
  "predictions": {
    "pred_a_baseline_replays": true,
    "pred_b_reader_blocks_lead_on_the_panel": true,
    "pred_c_mid_blocks_larger_on_the_panel": true,
    "pred_d_early_blocks_small": true,
    "pred_e_singles_add": true
  },
  "forwards": 60
}
