[bqrunner2] started 18:44:25 (cpu-only, 4 threads, nice 10)
[bqrunner2] 18:44:40 running lane2_isolation_canary
[bqrunner2] 18:44:46 lane2_isolation_canary exit=0
[bqrunner2] 18:58:01 running audit_cached_value_weight_removal_rung579
[bqrunner2] 18:58:02 audit_cached_value_weight_removal_rung579 exit=0
[bqrunner2] 19:03:32 running early_mlp_radial_tangential_probe
[bqrunner2] 19:23:58 early_mlp_radial_tangential_probe exit=0
[bqrunner2] 19:23:58 running audit_induction_selector_payload_native_capability_rung581
[bqrunner2] 19:24:07 audit_induction_selector_payload_native_capability_rung581 exit=0
[bqrunner2] 19:24:07 running late_joint_installation_certificate_probe
[bqrunner2] 19:38:20 late_joint_installation_certificate_probe exit=0
[bqrunner2] 19:38:20 running radial_gauge_map_probe
[bqrunner2] 20:00:40 radial_gauge_map_probe exit=143
[bqrunner2] 20:00:55 running pairwise_fisher_subset_price_probe
[bqrunner2] 20:17:50 pairwise_fisher_subset_price_probe exit=0
[bqrunner2] 20:17:50 running execute_frozen_induction_audit_rung587
[bqrunner2] 20:18:00 execute_frozen_induction_audit_rung587 exit=0
[bqrunner2] 20:25:00 running pairwise_fisher_subset_price_probe_v2
[bqrunner2] 20:40:58 pairwise_fisher_subset_price_probe_v2 exit=0
[bqrunner2] 20:40:58 running audit_numbered_list_cached_value_downstream_use_rung588
[bqrunner2] 20:41:16 audit_numbered_list_cached_value_downstream_use_rung588 exit=0
[bqrunner2] 03:43:13 running audit_aspectual_anchor_transparent_path_program_release_v1
[bqrunner2] 03:43:13 audit_aspectual_anchor_transparent_path_program_release_v1 exit=0
[bqrunner2] 04:04:14 running audit_aspectual_anchor_transparent_path_program_release_v2
[bqrunner2] 04:04:14 audit_aspectual_anchor_transparent_path_program_release_v2 exit=0
[bqrunner2] 04:40:29 running audit_aspectual_anchor_attention11h3_15h5_source_compression_release_v1
[bqrunner2] 04:40:29 audit_aspectual_anchor_attention11h3_15h5_source_compression_release_v1 exit=0
[bqrunner2] 04:46:59 running audit_aspectual_anchor_transparent_path_program_release_v3
[bqrunner2] 04:46:59 audit_aspectual_anchor_transparent_path_program_release_v3 exit=0
[bqrunner2] 04:56:44 running audit_aspectual_anchor_transparent_path_program_release_v4
[bqrunner2] 04:56:44 audit_aspectual_anchor_transparent_path_program_release_v4 exit=0
[bqrunner2] 04:59:29 running audit_aspectual_anchor_mlp11_15_bilinear_compression_v1_design
[bqrunner2] 04:59:29 audit_aspectual_anchor_mlp11_15_bilinear_compression_v1_design exit=0
[bqrunner2] 05:01:29 running audit_aspectual_anchor_mlp11_15_bilinear_compression_v1_design_v2
[bqrunner2] 05:01:29 audit_aspectual_anchor_mlp11_15_bilinear_compression_v1_design_v2 exit=0
[bqrunner2] 05:09:29 running audit_aspectual_anchor_transparent_path_program_release_v5
[bqrunner2] 05:09:30 audit_aspectual_anchor_transparent_path_program_release_v5 exit=0
[bqrunner2] 06:15:45 running audit_aspectual_anchor_rank1_scalar_term_compression_v1_instrument
[bqrunner2] 06:15:45 audit_aspectual_anchor_rank1_scalar_term_compression_v1_instrument exit=0
[bqrunner2] 06:26:30 running audit_aspectual_anchor_transparent_path_program_release_v10
[bqrunner2] 06:26:31 audit_aspectual_anchor_transparent_path_program_release_v10 exit=1
[bqrunner2] 06:27:16 running audit_aspectual_anchor_transparent_path_program_release_v10
[bqrunner2] 06:27:17 audit_aspectual_anchor_transparent_path_program_release_v10 exit=0
[bqrunner2] 06:43:47 running audit_aspectual_anchor_program_v8_lexicon_derangement_pairing_v1
[bqrunner2] 06:43:48 audit_aspectual_anchor_program_v8_lexicon_derangement_pairing_v1 exit=0
