SCALING REPAIR, LOCALISED | all 18 bottom-up depths x raw/scaled, plus attn-only and mlp-only at (3, 4, 5, 6) | settled program (context-free tables + output-NN fallback + rank-64 map) | DISCOVERY ONLY

  per-site norm calibration (live mean / row mean), measured on the LIVE model:
    attn L0:  2.71 L1:  2.49 L2:  2.26 L3:  2.13 L4:  4.37 L5:  1.00 L6:  1.02 L7:  3.61 L8:  3.59 L9:  4.83 L10:  3.80 L11:  4.49 L12:  6.72 L13:  6.39 L14:  7.07 L15:  6.33 L16:  5.70 L17:  5.59
    mlp  L0:  0.88 L1:  0.42 L2:  0.61 L3:  0.49 L4:  0.10 L5:  0.39 L6:  0.52 L7:  1.66 L8:  2.04 L9:  1.32 L10:  2.33 L11:  1.05 L12:  1.91 L13:  1.26 L14:  1.66 L15:  1.19 L16:  1.13 L17:  1.21

  arms  (44s)
  all_substituted      skip7000 13.55%  skip11000 14.25%  skip1200 13.64%
  all_sub_scaled       skip7000 12.16%  skip11000 12.81%  skip1200 12.10%
  live_model           skip7000 39.32%  skip11000 42.35%  skip1200 38.88%
  L0_botup             skip7000 23.20%  skip11000 25.38%  skip1200 23.26%
  L0_botup_scaled      skip7000 22.92%  skip11000 25.27%  skip1200 23.11%
  L1_botup             skip7000 14.05%  skip11000 15.42%  skip1200 14.27%
  L1_botup_scaled      skip7000 10.96%  skip11000 12.27%  skip1200 12.38%
  L2_botup             skip7000  4.53%  skip11000  4.70%  skip1200  4.70%
  L2_botup_scaled      skip7000  2.78%  skip11000  2.80%  skip1200  2.44%
  L3_botup             skip7000  2.00%  skip11000  2.12%  skip1200  1.81%
  L3_botup_scaled      skip7000  1.97%  skip11000  2.16%  skip1200  1.78%
  L4_botup             skip7000  1.00%  skip11000  1.12%  skip1200  0.97%
  L4_botup_scaled      skip7000  1.50%  skip11000  1.53%  skip1200  1.38%
  L5_botup             skip7000  2.24%  skip11000  2.11%  skip1200  1.93%
  L5_botup_scaled      skip7000 18.41%  skip11000 19.22%  skip1200 18.25%
  L6_botup             skip7000 16.89%  skip11000 17.62%  skip1200 16.54%
  L6_botup_scaled      skip7000 18.32%  skip11000 19.23%  skip1200 18.43%
  L7_botup             skip7000 15.99%  skip11000 17.15%  skip1200 16.06%
  L7_botup_scaled      skip7000 16.55%  skip11000 17.46%  skip1200 16.74%
  L8_botup             skip7000 15.93%  skip11000 16.67%  skip1200 16.01%
  L8_botup_scaled      skip7000 15.88%  skip11000 16.68%  skip1200 15.86%
  L9_botup             skip7000 15.47%  skip11000 16.42%  skip1200 15.60%
  L9_botup_scaled      skip7000 15.39%  skip11000 16.13%  skip1200 15.56%
  L10_botup            skip7000 15.66%  skip11000 16.46%  skip1200 15.78%
  L10_botup_scaled     skip7000 14.66%  skip11000 15.59%  skip1200 14.86%
  L11_botup            skip7000 15.37%  skip11000 16.07%  skip1200 15.64%
  L11_botup_scaled     skip7000 14.31%  skip11000 15.06%  skip1200 14.51%
  L12_botup            skip7000 15.29%  skip11000 15.90%  skip1200 14.89%
  L12_botup_scaled     skip7000 14.39%  skip11000 14.80%  skip1200 14.38%
  L13_botup            skip7000 15.04%  skip11000 15.75%  skip1200 15.02%
  L13_botup_scaled     skip7000 13.98%  skip11000 14.77%  skip1200 14.15%
  L14_botup            skip7000 14.50%  skip11000 15.28%  skip1200 14.70%
  L14_botup_scaled     skip7000 13.62%  skip11000 14.39%  skip1200 13.58%
  L15_botup            skip7000 14.17%  skip11000 14.76%  skip1200 14.19%
  L15_botup_scaled     skip7000 13.30%  skip11000 13.91%  skip1200 13.22%
  L16_botup            skip7000 13.66%  skip11000 14.22%  skip1200 13.56%
  L16_botup_scaled     skip7000 12.80%  skip11000 13.54%  skip1200 12.83%
  L17_botup            skip7000 13.55%  skip11000 14.25%  skip1200 13.64%
  L17_botup_scaled     skip7000 12.16%  skip11000 12.81%  skip1200 12.10%
  L3_botup_attnonly    skip7000  1.56%  skip11000  1.71%  skip1200  1.50%
  L3_botup_mlponly     skip7000  4.33%  skip11000  4.45%  skip1200  4.30%
  L4_botup_attnonly    skip7000  1.00%  skip11000  1.12%  skip1200  0.97%
  L4_botup_mlponly     skip7000  1.08%  skip11000  1.18%  skip1200  1.03%
  L5_botup_attnonly    skip7000  2.24%  skip11000  2.11%  skip1200  1.93%
  L5_botup_mlponly     skip7000 18.52%  skip11000 19.55%  skip1200 18.57%
  L6_botup_attnonly    skip7000 16.72%  skip11000 17.52%  skip1200 16.53%
  L6_botup_mlponly     skip7000 18.52%  skip11000 19.24%  skip1200 18.66%

  mean ||live attn output|| vs ||substituted row||, in the compiled stream:
    L0  live      410.357  row   151.212  ratio    2.714
    L1  live     4863.873  row   662.058  ratio    7.347
    L2  live    31614.327  row  2833.251  ratio   11.158
    L3  live    45979.709  row  3212.556  ratio   14.313
    L4  live    60285.798  row  2339.302  ratio   25.771
    L5  live  1202366.288  row  7878.181  ratio  152.620
    L6  live   206335.324  row  2789.274  ratio   73.975
    L7  live     6604.041  row   537.703  ratio   12.282
    L8  live     3085.213  row   324.687  ratio    9.502
    L9  live     3442.169  row   632.839  ratio    5.439
    L10 live     5385.568  row   601.801  ratio    8.949
    L11 live     4052.647  row   587.006  ratio    6.904
    L12 live     3973.829  row   275.877  ratio   14.404
    L13 live     4800.807  row   354.158  ratio   13.556
    L14 live     3206.836  row   382.982  ratio    8.373
    L15 live     3426.645  row   357.494  ratio    9.585
    L16 live     6829.482  row   538.138  ratio   12.691
    L17 live     9854.947  row  1233.815  ratio    7.987

  gap recovered, bottom-up: RAW vs NORM-MATCHED, and the swing
    L0   skip7000 raw   37.4% scaled   36.4% swing   -1.1  skip11000 raw   39.6% scaled   39.2% swing   -0.4  skip1200 raw   38.1% scaled   37.5% swing   -0.6
    L1   skip7000 raw    1.9% scaled  -10.1% swing  -12.0  skip11000 raw    4.2% scaled   -7.1% swing  -11.2  skip1200 raw    2.5% scaled   -5.0% swing   -7.5
    L2   skip7000 raw  -35.0% scaled  -41.8% swing   -6.8  skip11000 raw  -34.0% scaled  -40.7% swing   -6.7  skip1200 raw  -35.4% scaled  -44.4% swing   -8.9
    L3   skip7000 raw  -44.8% scaled  -45.0% swing   -0.1  skip11000 raw  -43.2% scaled  -43.0% swing   +0.1  skip1200 raw  -46.9% scaled  -47.0% swing   -0.1
    L4   skip7000 raw  -48.7% scaled  -46.8% swing   +2.0  skip11000 raw  -46.7% scaled  -45.3% swing   +1.5  skip1200 raw  -50.2% scaled  -48.6% swing   +1.7
    L5   skip7000 raw  -43.9% scaled   18.9% swing  +62.8  skip11000 raw  -43.2% scaled   17.7% swing  +60.9  skip1200 raw  -46.4% scaled   18.3% swing  +64.7
    L6   skip7000 raw   13.0% scaled   18.5% swing   +5.5  skip11000 raw   12.0% scaled   17.7% swing   +5.7  skip1200 raw   11.5% scaled   19.0% swing   +7.5
    L7   skip7000 raw    9.4% scaled   11.6% swing   +2.2  skip11000 raw   10.3% scaled   11.4% swing   +1.1  skip1200 raw    9.6% scaled   12.3% swing   +2.7
    L8   skip7000 raw    9.2% scaled    9.0% swing   -0.2  skip11000 raw    8.6% scaled    8.6% swing   +0.0  skip1200 raw    9.4% scaled    8.8% swing   -0.6
    L9   skip7000 raw    7.5% scaled    7.1% swing   -0.3  skip11000 raw    7.7% scaled    6.7% swing   -1.0  skip1200 raw    7.7% scaled    7.6% swing   -0.2
    L10  skip7000 raw    8.2% scaled    4.3% swing   -3.9  skip11000 raw    7.8% scaled    4.8% swing   -3.1  skip1200 raw    8.4% scaled    4.8% swing   -3.6
    L11  skip7000 raw    7.1% scaled    2.9% swing   -4.1  skip11000 raw    6.5% scaled    2.9% swing   -3.6  skip1200 raw    7.9% scaled    3.4% swing   -4.5
    L12  skip7000 raw    6.8% scaled    3.3% swing   -3.5  skip11000 raw    5.9% scaled    2.0% swing   -3.9  skip1200 raw    4.9% scaled    2.9% swing   -2.0
    L13  skip7000 raw    5.8% scaled    1.7% swing   -4.1  skip11000 raw    5.3% scaled    1.9% swing   -3.5  skip1200 raw    5.5% scaled    2.0% swing   -3.4
    L14  skip7000 raw    3.7% scaled    0.3% swing   -3.4  skip11000 raw    3.7% scaled    0.5% swing   -3.2  skip1200 raw    4.2% scaled   -0.3% swing   -4.4
    L15  skip7000 raw    2.4% scaled   -1.0% swing   -3.4  skip11000 raw    1.8% scaled   -1.2% swing   -3.0  skip1200 raw    2.1% scaled   -1.7% swing   -3.8
    L16  skip7000 raw    0.4% scaled   -2.9% swing   -3.3  skip11000 raw   -0.1% scaled   -2.5% swing   -2.4  skip1200 raw   -0.3% scaled   -3.2% swing   -2.9
    L17  skip7000 raw    0.0% scaled   -5.4% swing   -5.4  skip11000 raw    0.0% scaled   -5.1% swing   -5.1  skip1200 raw    0.0% scaled   -6.1% swing   -6.1

  decomposition at the swing depths (change vs raw, points of gap):
    L3   skip7000 attn-only   -1.7 mlp-only   +9.0 both   -0.1  skip11000 attn-only   -1.5 mlp-only   +8.3 both   +0.1  skip1200 attn-only   -1.2 mlp-only   +9.8 both   -0.1
    L4   skip7000 attn-only   -0.0 mlp-only   +0.3 both   +2.0  skip11000 attn-only   +0.0 mlp-only   +0.2 both   +1.5  skip1200 attn-only   +0.0 mlp-only   +0.2 both   +1.7
    L5   skip7000 attn-only   +0.0 mlp-only  +63.2 both  +62.8  skip11000 attn-only   +0.0 mlp-only  +62.1 both  +60.9  skip1200 attn-only   +0.0 mlp-only  +66.0 both  +64.7
    L6   skip7000 attn-only   -0.7 mlp-only   +6.3 both   +5.5  skip11000 attn-only   -0.4 mlp-only   +5.8 both   +5.7  skip1200 attn-only   -0.1 mlp-only   +8.4 both   +7.5

  the repair is confined to <=3 depths -> True  skip7000 1 depths  skip11000 1 depths  skip1200 1 depths
  the MLP scaling carries it (>=40% of the L5 swing) -> True  skip7000 101%  skip11000 102%  skip1200 102%
  the attention scaling does not (<20%) -> True  skip7000 0%  skip11000 0%  skip1200 0%
  all-substituted and live reproduce §1789, coverage 5419 -> control True

pred_a True | pred_b True | pred_c True | pred_d True
wrote /workspace/tensor_language/basis_aligned/bilinear_quotient/ops/scaling_repair_localised_results.json (197.4s)
