Warning: You are sending unauthenticated requests to the HF Hub. Please set a HF_TOKEN to enable higher rate limits and faster downloads.
SECOND CLASS DOM | fit slice [192:288], full rank only | settled program (context-free tables + output-NN fallback + rank-64 map) | DISCOVERY ONLY

  per-site norm calibration (live mean / row mean), measured on the LIVE model:
    attn L0:  2.70 L1:  2.48 L2:  2.26 L3:  2.12 L4:  4.37 L5:  0.99 L6:  1.02 L7:  3.60 L8:  3.57 L9:  4.83 L10:  3.79 L11:  4.49 L12:  6.70 L13:  6.32 L14:  7.04 L15:  6.31 L16:  5.67 L17:  5.59
    mlp  L0:  0.88 L1:  0.42 L2:  0.61 L3:  0.49 L4:  0.10 L5:  0.39 L6:  0.52 L7:  1.66 L8:  2.03 L9:  1.32 L10:  2.32 L11:  1.04 L12:  1.91 L13:  1.26 L14:  1.65 L15:  1.19 L16:  1.13 L17:  1.21

  arms  (49s)
  all_substituted      skip7000 13.56%  skip11000 14.21%  skip1200 13.66%
  all_sub_scaled       skip7000 12.12%  skip11000 12.74%  skip1200 12.20%
  live_model           skip7000 39.32%  skip11000 42.35%  skip1200 38.88%

  arms  (113s)
  all_substituted        skip7000 13.56%  skip11000 14.21%  skip1200 13.66%
  live_model             skip7000 39.32%  skip11000 42.35%  skip1200 38.88%

  arms  (126s)
  B0_raw                 skip7000 23.52%  skip11000 25.95%  skip1200 23.74%
  B0_seq                 skip7000 30.27%  skip11000 32.99%  skip1200 29.24%

  coverage 6142 types (1.13x §1834); ceiling CE skip7000 6.03604  skip11000 5.96979  skip1200 5.94732 (147s)
    rank full  covered skip7000  6.03604 (+0.00000)  skip11000  5.96979 (+-0.00000)  skip1200  5.94732 (+-0.00000)   (151s)

  slice [192:288] -- 6142 covered types, full-rank cost 260.071M (§1852 r256@16110: 164.478M)
    skip7000   ceiling 6.03604  covered 6.03604  ALLPOS 5.99851  vs §1852 5.98851  delta +0.01000
    skip11000  ceiling 5.96979  covered 5.96979  ALLPOS 5.95722  vs §1852 5.94106  delta +0.01616
    skip1200   ceiling 5.94732  covered 5.94732  ALLPOS 5.98174  vs §1852 5.95781  delta +0.02393

  the DOMINATION survives this covered set -> True  cost 260.1M > 164.478M and CE worse on all roles True
  and the covered set is COMPARABLE (within 15% of 5419) -> True  6142 types
  and full-rank ATTAINMENT holds again -> True  skip7000 +0.000000  skip11000 -0.000000  skip1200 -0.000000
  ceiling above live on every role -> control True

wrote /workspace/tensor_language/basis_aligned/bilinear_quotient/ops/second_class_dom_192_288_results.json (150.7s)
