Warning: You are sending unauthenticated requests to the HF Hub. Please set a HF_TOKEN to enable higher rate limits and faster downloads.
whiteners built
attn maps built
context capture done
planks 0/1 context-fit
r4 fit
r5 fit
r6 fit
r7 fit
r8 fit
r9 fit
r10 fit
r11 fit
r12 fit
r13 fit
r14 fit
r15 fit
r16 fit
planks context-fit
{'clean': 2.9455, 'ship26': 3.9017}
{'clean': 2.9455, 'ship26': 3.9017, 'ship36': 5.5347}
{'clean': 2.9455, 'ship26': 3.9017, 'ship36': 5.5347, 'ship36_fresh2000': 5.532}
ship36 5.5347 delta 2.5892
pred_a False | pred_b False | pred_c True
wrote /workspace/tensor_language/basis_aligned/bilinear_quotient/ship_all36_results.json (145.8s)
