Warning: You are sending unauthenticated requests to the HF Hub. Please set a HF_TOKEN to enable higher rate limits and faster downloads.
SITE COST TABLE | all 34 single sites + a one-parameter pricing test | settled program (context-free tables + output-NN fallback + rank-64 map) | DISCOVERY ONLY

  per-site norm calibration (live mean / row mean), measured on the LIVE model:
    attn L0:  2.71 L1:  2.49 L2:  2.26 L3:  2.13 L4:  4.37 L5:  1.00 L6:  1.02 L7:  3.61 L8:  3.59 L9:  4.83 L10:  3.80 L11:  4.49 L12:  6.72 L13:  6.39 L14:  7.07 L15:  6.33 L16:  5.70 L17:  5.59
    mlp  L0:  0.88 L1:  0.42 L2:  0.61 L3:  0.49 L4:  0.10 L5:  0.39 L6:  0.52 L7:  1.66 L8:  2.04 L9:  1.32 L10:  2.33 L11:  1.05 L12:  1.91 L13:  1.26 L14:  1.66 L15:  1.19 L16:  1.13 L17:  1.21

  arms  (50s)
  all_substituted      skip7000 13.55%  skip11000 14.25%  skip1200 13.64%
  all_sub_scaled       skip7000 12.16%  skip11000 12.81%  skip1200 12.10%
  live_model           skip7000 39.32%  skip11000 42.35%  skip1200 38.88%

  arms  (129s)
  all_substituted        skip7000 13.55%  skip11000 14.25%  skip1200 13.64%
  live_model             skip7000 39.32%  skip11000 42.35%  skip1200 38.88%
    B0         live-attn gains L1-L3: L1 0.3401  L2 0.5641  L3 0.7734
  B0_raw                 skip7000 23.20%  skip11000 25.38%  skip1200 23.26%
  B0_seq                 skip7000 30.25%  skip11000 32.59%  skip1200 29.11%
    B1         live-attn gains L1-L3: L2 0.1984  L3 0.2826  L4 0.6619
  B1_raw                 skip7000 14.05%  skip11000 15.42%  skip1200 14.27%
  B1_seq                 skip7000 20.22%  skip11000 21.67%  skip1200 20.17%
    TOP13      live-attn gains L1-L3: L1 0.3401  L2 0.5641  L3 0.7734
  TOP13_raw              skip7000 19.19%  skip11000 20.69%  skip1200 19.43%
  TOP13_seq              skip7000 24.00%  skip11000 25.57%  skip1200 23.38%
    TOP9       live-attn gains L1-L3: L1 0.3401  L2 0.5641  L3 0.7734
  TOP9_raw               skip7000 17.17%  skip11000 18.29%  skip1200 17.48%
  TOP9_seq               skip7000 19.30%  skip11000 20.49%  skip1200 18.61%
    SCATTER_ODD live-attn gains L1-L3: L1 0.3401  L2 0.5641  L3 0.7734
  SCATTER_ODD_raw        skip7000 20.77%  skip11000 22.56%  skip1200 21.02%
  SCATTER_ODD_seq        skip7000 24.90%  skip11000 26.76%  skip1200 24.15%
    S_attn1    live-attn gains L1-L3: L2 0.2069  L3 0.2879  L4 0.6746
  S_attn1_raw            skip7000 14.53%  skip11000 15.94%  skip1200 14.89%
  S_attn1_seq            skip7000 20.61%  skip11000 22.06%  skip1200 20.69%
    S_mlp1     live-attn gains L1-L3: L1 0.3401  L2 0.2368  L3 0.3269
  S_mlp1_raw             skip7000 21.05%  skip11000 22.85%  skip1200 20.28%
  S_mlp1_seq             skip7000 20.27%  skip11000 21.76%  skip1200 20.16%
    S_attn2    live-attn gains L1-L3: L1 0.3401  L3 0.4026  L4 0.4275
  S_attn2_raw            skip7000 16.80%  skip11000 17.87%  skip1200 16.82%
  S_attn2_seq            skip7000 19.20%  skip11000 20.57%  skip1200 18.80%
    S_mlp2     live-attn gains L1-L3: L1 0.3401  L2 0.5641  L3 0.1884
  S_mlp2_raw             skip7000  3.54%  skip11000  3.20%  skip1200  3.15%
  S_mlp2_seq             skip7000 20.49%  skip11000 22.32%  skip1200 20.25%
    S_attn3    live-attn gains L1-L3: L1 0.3401  L2 0.5641  L4 0.6372
  S_attn3_raw            skip7000 17.17%  skip11000 18.89%  skip1200 17.65%
  S_attn3_seq            skip7000 25.12%  skip11000 27.38%  skip1200 24.45%
    S_mlp3     live-attn gains L1-L3: L1 0.3401  L2 0.5641  L3 0.7734
  S_mlp3_raw             skip7000  4.03%  skip11000  4.08%  skip1200  3.90%
  S_mlp3_seq             skip7000 17.74%  skip11000 18.88%  skip1200 17.97%
    S_attn4    live-attn gains L1-L3: L1 0.3401  L2 0.5641  L3 0.7734
  S_attn4_raw            skip7000 19.19%  skip11000 20.93%  skip1200 20.12%
  S_attn4_seq            skip7000 22.82%  skip11000 24.92%  skip1200 22.63%
    S_mlp4     live-attn gains L1-L3: L1 0.3401  L2 0.5641  L3 0.7734
  S_mlp4_raw             skip7000  1.00%  skip11000  1.11%  skip1200  0.97%
  S_mlp4_seq             skip7000 18.77%  skip11000 20.13%  skip1200 18.93%
    S_attn5    live-attn gains L1-L3: L1 0.3401  L2 0.5641  L3 0.7734
  S_attn5_raw            skip7000 20.61%  skip11000 22.55%  skip1200 21.00%
  S_attn5_seq            skip7000 25.90%  skip11000 27.96%  skip1200 25.20%
    S_mlp5     live-attn gains L1-L3: L1 0.3401  L2 0.5641  L3 0.7734
  S_mlp5_raw             skip7000 13.46%  skip11000 14.00%  skip1200 13.93%
  S_mlp5_seq             skip7000 14.47%  skip11000 14.57%  skip1200 14.61%
    S_attn6    live-attn gains L1-L3: L1 0.3401  L2 0.5641  L3 0.7734
  S_attn6_raw            skip7000 22.01%  skip11000 24.21%  skip1200 22.60%
  S_attn6_seq            skip7000 29.04%  skip11000 31.34%  skip1200 28.27%
    S_mlp6     live-attn gains L1-L3: L1 0.3401  L2 0.5641  L3 0.7734
  S_mlp6_raw             skip7000 23.17%  skip11000 25.39%  skip1200 23.34%
  S_mlp6_seq             skip7000 28.56%  skip11000 30.99%  skip1200 27.98%
    S_attn7    live-attn gains L1-L3: L1 0.3401  L2 0.5641  L3 0.7734
  S_attn7_raw            skip7000 22.45%  skip11000 24.51%  skip1200 22.78%
  S_attn7_seq            skip7000 28.34%  skip11000 30.73%  skip1200 27.78%
    S_mlp7     live-attn gains L1-L3: L1 0.3401  L2 0.5641  L3 0.7734
  S_mlp7_raw             skip7000 23.43%  skip11000 25.59%  skip1200 23.56%
  S_mlp7_seq             skip7000 28.93%  skip11000 31.40%  skip1200 28.29%
    S_attn8    live-attn gains L1-L3: L1 0.3401  L2 0.5641  L3 0.7734
  S_attn8_raw            skip7000 22.85%  skip11000 25.01%  skip1200 23.17%
  S_attn8_seq            skip7000 29.95%  skip11000 32.19%  skip1200 28.60%
    S_mlp8     live-attn gains L1-L3: L1 0.3401  L2 0.5641  L3 0.7734
  S_mlp8_raw             skip7000 23.17%  skip11000 25.46%  skip1200 23.25%
  S_mlp8_seq             skip7000 29.19%  skip11000 31.45%  skip1200 28.33%
    S_attn9    live-attn gains L1-L3: L1 0.3401  L2 0.5641  L3 0.7734
  S_attn9_raw            skip7000 23.17%  skip11000 25.27%  skip1200 23.22%
  S_attn9_seq            skip7000 30.07%  skip11000 32.42%  skip1200 28.97%
    S_mlp9     live-attn gains L1-L3: L1 0.3401  L2 0.5641  L3 0.7734
  S_mlp9_raw             skip7000 23.21%  skip11000 25.26%  skip1200 23.14%
  S_mlp9_seq             skip7000 29.20%  skip11000 31.59%  skip1200 28.30%
    S_attn10   live-attn gains L1-L3: L1 0.3401  L2 0.5641  L3 0.7734
  S_attn10_raw           skip7000 23.41%  skip11000 25.65%  skip1200 23.37%
  S_attn10_seq           skip7000 30.39%  skip11000 32.66%  skip1200 29.04%
    S_mlp10    live-attn gains L1-L3: L1 0.3401  L2 0.5641  L3 0.7734
  S_mlp10_raw            skip7000 23.09%  skip11000 25.28%  skip1200 22.94%
  S_mlp10_seq            skip7000 29.61%  skip11000 32.02%  skip1200 28.45%
    S_attn11   live-attn gains L1-L3: L1 0.3401  L2 0.5641  L3 0.7734
  S_attn11_raw           skip7000 23.03%  skip11000 25.17%  skip1200 23.25%
  S_attn11_seq           skip7000 29.66%  skip11000 32.15%  skip1200 28.47%
    S_mlp11    live-attn gains L1-L3: L1 0.3401  L2 0.5641  L3 0.7734
  S_mlp11_raw            skip7000 23.10%  skip11000 25.14%  skip1200 22.98%
  S_mlp11_seq            skip7000 29.49%  skip11000 31.85%  skip1200 28.54%
    S_attn12   live-attn gains L1-L3: L1 0.3401  L2 0.5641  L3 0.7734
  S_attn12_raw           skip7000 23.22%  skip11000 25.49%  skip1200 23.45%
  S_attn12_seq           skip7000 30.34%  skip11000 32.61%  skip1200 29.24%
    S_mlp12    live-attn gains L1-L3: L1 0.3401  L2 0.5641  L3 0.7734
  S_mlp12_raw            skip7000 23.04%  skip11000 25.10%  skip1200 23.00%
  S_mlp12_seq            skip7000 29.66%  skip11000 32.01%  skip1200 28.69%
    S_attn13   live-attn gains L1-L3: L1 0.3401  L2 0.5641  L3 0.7734
  S_attn13_raw           skip7000 23.16%  skip11000 25.50%  skip1200 23.17%
  S_attn13_seq           skip7000 30.10%  skip11000 32.40%  skip1200 28.84%
    S_mlp13    live-attn gains L1-L3: L1 0.3401  L2 0.5641  L3 0.7734
  S_mlp13_raw            skip7000 23.03%  skip11000 25.11%  skip1200 22.99%
  S_mlp13_seq            skip7000 29.70%  skip11000 32.02%  skip1200 28.83%
    S_attn14   live-attn gains L1-L3: L1 0.3401  L2 0.5641  L3 0.7734
  S_attn14_raw           skip7000 23.42%  skip11000 25.55%  skip1200 23.51%
  S_attn14_seq           skip7000 30.18%  skip11000 32.48%  skip1200 28.97%
    S_mlp14    live-attn gains L1-L3: L1 0.3401  L2 0.5641  L3 0.7734
  S_mlp14_raw            skip7000 22.87%  skip11000 24.98%  skip1200 22.81%
  S_mlp14_seq            skip7000 29.69%  skip11000 32.21%  skip1200 28.79%
    S_attn15   live-attn gains L1-L3: L1 0.3401  L2 0.5641  L3 0.7734
  S_attn15_raw           skip7000 23.31%  skip11000 25.66%  skip1200 23.49%
  S_attn15_seq           skip7000 30.53%  skip11000 32.72%  skip1200 29.23%
    S_mlp15    live-attn gains L1-L3: L1 0.3401  L2 0.5641  L3 0.7734
  S_mlp15_raw            skip7000 22.80%  skip11000 24.92%  skip1200 22.80%
  S_mlp15_seq            skip7000 29.80%  skip11000 32.07%  skip1200 28.78%
    S_attn16   live-attn gains L1-L3: L1 0.3401  L2 0.5641  L3 0.7734
  S_attn16_raw           skip7000 23.52%  skip11000 25.69%  skip1200 23.58%
  S_attn16_seq           skip7000 30.28%  skip11000 32.61%  skip1200 29.14%
    S_mlp16    live-attn gains L1-L3: L1 0.3401  L2 0.5641  L3 0.7734
  S_mlp16_raw            skip7000 22.52%  skip11000 24.74%  skip1200 22.70%
  S_mlp16_seq            skip7000 29.77%  skip11000 31.97%  skip1200 28.58%
    S_attn17   live-attn gains L1-L3: L1 0.3401  L2 0.5641  L3 0.7734
  S_attn17_raw           skip7000 23.04%  skip11000 25.38%  skip1200 23.38%
  S_attn17_seq           skip7000 30.37%  skip11000 32.66%  skip1200 29.06%
    S_mlp17    live-attn gains L1-L3: L1 0.3401  L2 0.5641  L3 0.7734
  S_mlp17_raw            skip7000 21.86%  skip11000 24.08%  skip1200 22.20%
  S_mlp17_seq            skip7000 29.21%  skip11000 31.54%  skip1200 28.15%
  allsub_gain5           skip7000 13.55%  skip11000 14.25%  skip1200 13.64%

  SINGLE-SITE COST TABLE (skip7000, pp of gap lost vs B0 = 64.8%):
    attn L1:+37.4% L2:+42.9% L3:+19.9% L4:+28.8% L5:+16.9% L6: +4.7% L7: +7.4% L8: +1.1% L9: +0.7% L10: -0.6% L11: +2.3% L12: -0.3% L13: +0.6% L14: +0.3% L15: -1.1% L16: -0.1% L17: -0.5%
    mlp  L1:+38.7% L2:+37.9% L3:+48.5% L4:+44.5% L5:+61.2% L6: +6.5% L7: +5.1% L8: +4.1% L9: +4.1% L10: +2.5% L11: +2.9% L12: +2.3% L13: +2.1% L14: +2.2% L15: +1.7% L16: +1.9% L17: +4.0%

  cheapest 12 sites: attn15 -1.1%  attn10 -0.6%  attn17 -0.5%  attn12 -0.3%  attn16 -0.1%  attn14 +0.3%  attn13 +0.6%  attn9 +0.7%  attn8 +1.1%  mlp15 +1.7%  mlp16 +1.9%  mlp13 +2.1%

  ONE-PARAMETER PRICING TEST  cost = alpha * sum(single-site costs)
    alpha 0.879   R^2 -1.2840   over 7 multi-site arms
      B1            in-run    sum   76.1%  predicted   66.9%  measured   38.9%  resid -28.0%
      TOP13         in-run    sum   11.0%  predicted    9.7%  measured   24.2%  resid +14.6%
      TOP9          in-run    sum   24.8%  predicted   21.8%  measured   42.5%  resid +20.7%
      SCATTER_ODD   in-run    sum   16.8%  predicted   14.8%  measured   20.7%  resid  +6.0%
      TOP11         published sum   18.1%  predicted   15.9%  measured   33.0%  resid +17.0%
      TOP7          published sum   42.5%  predicted   37.4%  measured   58.0%  resid +20.6%
      SCATTER_EVEN  published sum   13.2%  predicted   11.6%  measured   24.7%  resid +13.1%

  ONE MULTIPLIER suffices (R^2 >= 0.90) -> False  R^2 -1.2840
  and alpha is super-additive and moderate (1.2-3.0) -> False  alpha 0.879
  and the 12 cheapest sites are all at layer >=8 -> True  shallowest cheap site is attn8
  ten §1831 single sites + four §1829/§1832/§1833 multi-site arms reproduce -> control True
wrote /workspace/tensor_language/basis_aligned/bilinear_quotient/ops/site_cost_table_results.json (885.1s)
