Warning: You are sending unauthenticated requests to the HF Hub. Please set a HF_TOKEN to enable higher rate limits and faster downloads.
fit means done
source cut {'rise_class': 0.8124, 'rise_global': -0.0002}
mlp11 {'rise_class': 0.0816, 'rise_global': -0.0}
mlp12 {'rise_class': -0.0155, 'rise_global': 0.0001}
mlp13 {'rise_class': -0.0223, 'rise_global': 0.0001}
mlp14 {'rise_class': -0.0237, 'rise_global': 0.0}
mlp15 {'rise_class': -0.026, 'rise_global': 0.0001}
mlp16 {'rise_class': -0.0546, 'rise_global': 0.0001}
mlp17 {'rise_class': -0.3922, 'rise_global': 0.0011}
attn11 {'rise_class': 0.0119, 'rise_global': 0.0}
attn12 {'rise_class': 0.0219, 'rise_global': -0.0}
attn13 {'rise_class': 0.0018, 'rise_global': 0.0}
attn14 {'rise_class': -0.0012, 'rise_global': 0.0}
attn15 {'rise_class': -0.0566, 'rise_global': 0.0001}
attn16 {'rise_class': -0.0005, 'rise_global': 0.0}
attn17 {'rise_class': 0.0101, 'rise_global': 0.0}
joint {'rise_class': -0.205, 'rise_global': 0.0013, 'frac_of_source': -0.252}
pred_a False | pred_b False | pred_c True
wrote /workspace/tensor_language/basis_aligned/bilinear_quotient/slice_readers_results.json (130.5s)
