48 leaves, 18 pca keys
capture done (19s)
r.23 [cert] cos 1.0 conc 73354.59 PASS
r.3 [cert] cos 1.0 conc 78313.77 PASS
r.4 [cert] cos 1.0 conc 79680.69 PASS
r.12.0 [cert] cos 1.0 conc 1.34 FAIL
r.10.1 [cert] cos 1.0 conc 1.52 FAIL
r.12.3 [cert] cos 1.0 conc 1.24 FAIL
r.15.1 [cert] cos 1.0 conc 1.64 FAIL
r.22.1 [cert] cos 1.0 conc 2.04 FAIL
r.7.3 [cert] cos 1.0 conc 1.81 FAIL
r.7.0 [cert] cos 1.0 conc 1.25 FAIL
r.22.2 [cert] cos 1.0 conc 1.28 FAIL
r.6.0.3 [cert] cos 1.0 conc 2.07 FAIL
r.7.3.0 [cert] cos 1.0 conc 1.37 FAIL
r.7.0.2 [cert] cos 1.0 conc 1.44 FAIL
r.22.2.0 [cert] cos 1.0 conc 1.45 FAIL
r.7.3.1 [cert] cos 1.0 conc 2.57 FAIL
r.0 [cert] cos 0.999 conc 31040.55 PASS
r.12.1 [cert] cos 0.999 conc 1.16 FAIL
r.22.3 [cert] cos 0.999 conc 1.22 FAIL
r.22.0 [cert] cos 0.999 conc 1.23 FAIL
r.12.0.0 [cert] cos 0.999 conc 1.58 FAIL
r.22.3.2 [cert] cos 0.999 conc 1.64 FAIL
r.7.0.0 [cert] cos 0.999 conc 1.67 FAIL
r.12.1.1 [cert] cos 0.999 conc 1.37 FAIL
