a2-input probe acc 0.69
fit a2
fit a3
fit a4
fit a5
fit a6
fit a7
fit a8
fit a9
fit a10
fit a11
fit a12
fit a13
fit a14
fit a15
fit a16
fit a17
start (round-1 winner) +2.7794
r0 c4->mean +2.7889 (keep)
r0 c5->mean +2.7915 (keep)
r0 c6->mean +2.7894 (keep)
r0 c7->mean +2.7847 (keep)
r0 c8->mean +2.7486 (ADOPT)
r0 c9->mean +2.7475 (keep)
r0 a3->mean +2.8674 (keep)
r0 a4->mean +2.9013 (keep)
r0 a6->mean +2.9400 (keep)
r0 a7->mean +2.8255 (keep)
r0 a10->mean +2.7642 (keep)
r0 a11->mean +2.7751 (keep)
r0 a12->mean +2.8313 (keep)
r0 a13->mean +2.7785 (keep)
r0 a15->mean +2.7465 (keep)
r0 a17->mean +2.7542 (keep)
r0 a8->mean(rescue) +3.5668 (keep)
r1 c4->mean +2.7622 (keep)
r1 c5->mean +2.7740 (keep)
r1 c6->mean +2.7894 (keep)
r1 c7->mean +2.7791 (keep)
r1 c9->mean +2.7475 (keep)
r1 a3->mean +2.8674 (keep)
r1 a4->mean +2.9013 (keep)
r1 a6->mean +2.9400 (keep)
r1 a7->mean +2.8255 (keep)
r1 a10->mean +2.7642 (keep)
r1 a11->mean +2.7751 (keep)
r1 a12->mean +2.8313 (keep)
r1 a13->mean +2.7785 (keep)
r1 a15->mean +2.7465 (keep)
r1 a17->mean +2.7542 (keep)
r1 a8->mean(rescue) +3.5668 (keep)
final +2.7486 | deploy +2.9526 | new swaps ['c8']
(a) >=1 middle MLP mean: HELD
(b) final <= +2.70: FAILED
wrote /workspace/tensor_language/basis_aligned/bilinear_quotient/standin_select2_results.json (141s)
