a2-input probe acc 0.69
fit a2
fit a3
fit a4
fit a5
fit a6
fit a7
fit a8
fit a9
fit a10
fit a11
fit a12
fit a13
fit a14
fit a15
fit a16
fit a17
start (v9-best) +2.8679
a2->mean +2.8539 (ADOPT)
a3->mean +2.9223 (keep)
a4->mean +2.9004 (keep)
a5->mean +2.8330 (ADOPT)
a6->mean +2.9759 (keep)
a7->mean +2.8988 (keep)
a8->mean +3.7443 (keep)
a9->mean +2.8271 (ADOPT)
a10->mean +2.8290 (keep)
a11->mean +2.8360 (keep)
a12->mean +2.8852 (keep)
a13->mean +2.8655 (keep)
a14->mean +2.7871 (ADOPT)
a15->mean +2.7835 (keep)
a16->mean +2.7794 (ADOPT)
a17->mean +2.7887 (keep)
final +2.7794 | deploy +2.9807 | swaps ['a2', 'a5', 'a9', 'a14', 'a16']
(a) final <= +2.60: FAILED
(b) >=2 mean-swaps: HELD
(c) a8 rescued as mean: FAILED
wrote /workspace/tensor_language/basis_aligned/bilinear_quotient/standin_select_results.json (105s)
