Warning: You are sending unauthenticated requests to the HF Hub. Please set a HF_TOKEN to enable higher rate limits and faster downloads.
maps L0
maps L1
maps L2
maps L3
maps L4
maps L5
maps L6
maps L7
maps L8
maps L9
maps L10
maps L11
maps L12
maps L13
maps L14
maps L15
maps L16
maps L17
L0: acc 0.9572 drop +0.0000
L1: acc 0.9560 drop +0.0012
L2: acc 0.9564 drop +0.0008
L3: acc 0.9568 drop +0.0004
L4: acc 0.9572 drop +0.0000
L5: acc 0.9593 drop -0.0021
L6: acc 0.9564 drop +0.0008
L7: acc 0.9568 drop +0.0004
L8: acc 0.9572 drop +0.0000
L9: acc 0.9572 drop +0.0000
L10: acc 0.9560 drop +0.0012
L11: acc 0.9576 drop -0.0004
L12: acc 0.9568 drop +0.0004
L13: acc 0.9568 drop +0.0004
L14: acc 0.9572 drop +0.0000
L15: acc 0.9572 drop +0.0000
L16: acc 0.9568 drop +0.0004
L17: acc 0.9572 drop +0.0000
worst L1 (+0.0012)
pred_a False | pred_b True | pred_c True
wrote /workspace/tensor_language/basis_aligned/bilinear_quotient/state_localize_A_results.json (252.6s)
