ARM: rank-16 QK patterns at ALL replaced heads, blocks 2-17 (dicts retired)
a2-input probe acc 0.69
fit a2
fit a3
fit a4
fit a5
fit a6
fit a7
fit a8
fit a9
fit a10
fit a11
fit a12
fit a13
fit a14
fit a15
fit a16
fit a17
  cp_swap: front MLPs m0-m3 -> CP top-4608 in place (tailE remains table-front-fit)
  QK rank-64 factors built for all motif heads
  QK rank-128 factors built for tail blocks 10-17
  tail QK hooks registered (gated)
L1 (+38 heads): C +0.2245 | fresh +0.2328
  window 0 (7 docs): L2 fresh +0.0756
  window 1 (42 docs): L2 fresh +0.0833
  window 2 (17 docs): L2 fresh +0.0665
  window 3 (23 docs): L2 fresh +0.0788
  window 4 (43 docs): L2 fresh +0.1127
  window 5 (26 docs): L2 fresh +0.0907
  window 6 (35 docs): L2 fresh +0.0561
  window 7 (35 docs): L2 fresh +0.0696
L2 empirical: C +0.0364 | fresh +0.0756 | tail-attn increment -0.1572
(a) L2 <= +2.75 fresh: HELD
(b) increment in [0.30,0.55]: FAILED
  per-class dCE: digit:+0.057 bclose:+0.083 newline:+0.046 sentend:+0.033 comma:+0.046 name:+0.137 rep:-0.076 subword:+0.071 ind:+0.038 other:+0.107
  era Spearman vs rung-132: 0.3619 over 62
  median member/ref ratio 0.940; tau-curve {'0.5': 8, '1.0': 38, '1.5': 51, '2.0': 54, '3.0': 59}
L2 fresh +0.0756 (was +1.8765); census +0.0776 (was +1.9474); increment -0.1572; valid 8/62
(a) census +0.0776 <= 0.075: FAILED
(b) tail buys little - valid 8 <= 8; margin 0.940: HELD
(c) census in [0.01, 0.12]; era rho 0.3619: HELD
wrote /workspace/tensor_language/basis_aligned/bilinear_quotient/tail_exact_results.json (140s)
