THE CONVERGED BUILD END TO END | 5 arms x 2 coverage(s) | DISCOVERY ONLY

########## COVERAGE 5419 ##########
  [bqlib] coverage 5419 from fineweb_n96_skip80.pt: 36 tables, neighbour index and map solver built (4s)
  [bqlib] cache HIT  live     skip7000
  [bqlib] cache HIT  live     skip11000
  [bqlib] cache HIT  live     skip1200
  [bqlib] computed   map64    skip7000 (1.4s)
  [bqlib] computed   map64    skip11000 (1.3s)
  [bqlib] computed   map64    skip1200 (0.7s)
  [bqlib] cache HIT  mix30m640 skip7000
  [bqlib] cache HIT  mix30m640 skip11000
  [bqlib] cache HIT  mix30m640 skip1200
  [bqlib] cache HIT  mix30m256@mlp0,mlp1,mlp2,mlp3,mlp4,mlp5,mlp6,mlp7+mix30m640@mlp8,mlp9,mlp10,mlp11,mlp12,mlp13,mlp14,mlp15,mlp16,mlp17,attn0,attn1,attn2,attn3,attn4,attn5,attn6,attn7,attn8,attn9,attn10,attn11,attn12,attn13,attn14,attn15,attn16,attn17 skip7000
  [bqlib] cache HIT  mix30m256@mlp0,mlp1,mlp2,mlp3,mlp4,mlp5,mlp6,mlp7+mix30m640@mlp8,mlp9,mlp10,mlp11,mlp12,mlp13,mlp14,mlp15,mlp16,mlp17,attn0,attn1,attn2,attn3,attn4,attn5,attn6,attn7,attn8,attn9,attn10,attn11,attn12,attn13,attn14,attn15,attn16,attn17 skip11000
  [bqlib] cache HIT  mix30m256@mlp0,mlp1,mlp2,mlp3,mlp4,mlp5,mlp6,mlp7+mix30m640@mlp8,mlp9,mlp10,mlp11,mlp12,mlp13,mlp14,mlp15,mlp16,mlp17,attn0,attn1,attn2,attn3,attn4,attn5,attn6,attn7,attn8,attn9,attn10,attn11,attn12,attn13,attn14,attn15,attn16,attn17 skip1200
  [bqlib] cache HIT  map512   skip7000
  [bqlib] cache HIT  map512   skip11000
  [bqlib] cache HIT  map512   skip1200
  [bqlib] cache HIT  mix30m640 skip7000
  [bqlib] cache HIT  mix30m640 skip11000
  [bqlib] cache HIT  mix30m640 skip1200

########## COVERAGE 16110 ##########
  [bqlib] coverage 16110 from fineweb_n480_skip80.pt: 36 tables, neighbour index and map solver built (5s)
  [bqlib] cache HIT  live     skip7000
  [bqlib] cache HIT  live     skip11000
  [bqlib] cache HIT  live     skip1200
  [bqlib] computed   map64    skip7000 (1.4s)
  [bqlib] computed   map64    skip11000 (1.3s)
  [bqlib] computed   map64    skip1200 (0.7s)
  [bqlib] cache HIT  mix30m640 skip7000
  [bqlib] cache HIT  mix30m640 skip11000
  [bqlib] cache HIT  mix30m640 skip1200
  [bqlib] cache HIT  mix30m256@mlp0,mlp1,mlp2,mlp3,mlp4,mlp5,mlp6,mlp7+mix30m640@mlp8,mlp9,mlp10,mlp11,mlp12,mlp13,mlp14,mlp15,mlp16,mlp17,attn0,attn1,attn2,attn3,attn4,attn5,attn6,attn7,attn8,attn9,attn10,attn11,attn12,attn13,attn14,attn15,attn16,attn17 skip7000
  [bqlib] cache HIT  mix30m256@mlp0,mlp1,mlp2,mlp3,mlp4,mlp5,mlp6,mlp7+mix30m640@mlp8,mlp9,mlp10,mlp11,mlp12,mlp13,mlp14,mlp15,mlp16,mlp17,attn0,attn1,attn2,attn3,attn4,attn5,attn6,attn7,attn8,attn9,attn10,attn11,attn12,attn13,attn14,attn15,attn16,attn17 skip11000
  [bqlib] cache HIT  mix30m256@mlp0,mlp1,mlp2,mlp3,mlp4,mlp5,mlp6,mlp7+mix30m640@mlp8,mlp9,mlp10,mlp11,mlp12,mlp13,mlp14,mlp15,mlp16,mlp17,attn0,attn1,attn2,attn3,attn4,attn5,attn6,attn7,attn8,attn9,attn10,attn11,attn12,attn13,attn14,attn15,attn16,attn17 skip1200
  [bqlib] cache HIT  map512   skip7000
  [bqlib] cache HIT  map512   skip11000
  [bqlib] cache HIT  map512   skip1200
  [bqlib] cache HIT  mix30m640 skip7000
  [bqlib] cache HIT  mix30m640 skip11000
  [bqlib] cache HIT  mix30m640 skip1200

  §1970's 69.238 milli-nat margin rebuilds within 2 milli-nats at 5,419  -> True
  and the converged build beats §1789's deployed design at both coverages  -> True
  and it beats §1959's build at both coverages  -> True
  and its margin over §1959 is within 1 milli-nat of the 3.064 the increments recorded  -> True
  derived controls -> True   coverage_exact=True  inert_pairs_are_inert=True  some_differing_pair_moves=True  buckets_partition=True  live_identical=True  ref_build_1959=True
  reference deviations: build_1959 0.000000

pred_a True | pred_b True | pred_c True | pred_d True | pred_z True
wrote /workspace/tensor_language/basis_aligned/bilinear_quotient/ops/the_converged_build_end_to_end_results.json (91.2s)
