Warning: You are sending unauthenticated requests to the HF Hub. Please set a HF_TOKEN to enable higher rate limits and faster downloads.
TRACKING ON THE DEPLOYED BUILD | buckets ((0, 0), (1, 4), (5, 24), (25, 124), (125, 1000000000)) on the fit-row count of the TRUE target | full-rank settled program | DISCOVERY ONLY
  built the settled fallback and 36 tables (6s)

  === table rank full, map rank 64 ===
  skip7000: overall live 39.32% prog 13.93%
    target fit-count 0-0          n   3679  live 24.16%  prog  0.63%  kept   2.6%  agree 13.48% (null  1.94% =  6.96x)  prog-right-also-live  87.0%
    target fit-count 1-4          n   5258  live 24.80%  prog  0.99%  kept   4.0%  agree 13.64% (null  1.77% =  7.71x)  prog-right-also-live  88.5%
    target fit-count 5-24         n   6571  live 27.45%  prog  1.48%  kept   5.4%  agree 14.03% (null  1.72% =  8.16x)  prog-right-also-live  90.7%
    target fit-count 25-124       n   4999  live 29.55%  prog  2.54%  kept   8.6%  agree 18.06% (null  2.34% =  7.72x)  prog-right-also-live  78.7%
    target fit-count 125-1000000000 n  16357  live 55.15%  prog 29.57%  kept  53.6%  agree 35.63% (null  6.10% =  5.84x)  prog-right-also-live  81.9%
  skip11000: overall live 42.35% prog 14.71%
    target fit-count 0-0          n   3662  live 28.95%  prog  1.42%  kept   4.9%  agree 12.67% (null  1.85% =  6.86x)  prog-right-also-live  82.7%
    target fit-count 1-4          n   5467  live 30.67%  prog  2.30%  kept   7.5%  agree 12.75% (null  1.43% =  8.91x)  prog-right-also-live  95.2%
    target fit-count 5-24         n   6759  live 30.60%  prog  2.43%  kept   7.9%  agree 13.26% (null  1.58% =  8.40x)  prog-right-also-live  89.0%
    target fit-count 25-124       n   5030  live 32.39%  prog  2.33%  kept   7.2%  agree 16.78% (null  1.98% =  8.49x)  prog-right-also-live  76.9%
    target fit-count 125-1000000000 n  15946  live 57.55%  prog 31.13%  kept  54.1%  agree 35.63% (null  6.17% =  5.78x)  prog-right-also-live  83.0%
  skip1200: overall live 38.88% prog 14.01%
    target fit-count 0-0          n   1837  live 24.71%  prog  0.87%  kept   3.5%  agree 13.94% (null  2.05% =  6.78x)  prog-right-also-live  93.8%
    target fit-count 1-4          n   2557  live 25.30%  prog  1.17%  kept   4.6%  agree 15.17% (null  1.75% =  8.67x)  prog-right-also-live  90.0%
    target fit-count 5-24         n   3193  live 26.28%  prog  1.66%  kept   6.3%  agree 16.25% (null  1.90% =  8.56x)  prog-right-also-live  86.8%
    target fit-count 25-124       n   2664  live 28.42%  prog  2.74%  kept   9.6%  agree 19.29% (null  2.09% =  9.22x)  prog-right-also-live  69.9%
    target fit-count 125-1000000000 n   8181  live 54.64%  prog 29.47%  kept  53.9%  agree 35.34% (null  6.13% =  5.77x)  prog-right-also-live  80.8%

  THE PAIRING IS REAL (125+ enrichment >= 1.5x) -> True  skip7000 agree 35.63% null 6.10% = 5.84x  skip11000 agree 35.63% null 6.17% = 5.78x  skip1200 agree 35.34% null 6.13% = 5.77x
  and it MATCHES §1885 within 1.0x -> True  skip7000 5.84x vs §1885 5.36x  skip11000 5.78x vs §1885 5.57x  skip1200 5.77x vs §1885 5.42x
  and the RARE end still imitates MORE -> True  skip7000 rare 6.96x vs common 5.84x  skip11000 rare 6.86x vs common 5.78x  skip1200 rare 6.78x vs common 5.77x
  §1883 DEPLOYED kept-fractions reproduce, coverage 16110, partition True -> control True

pred_a True | pred_b True | pred_c True | pred_d True
wrote /workspace/tensor_language/basis_aligned/bilinear_quotient/ops/tracking_on_deployed_build_results.json (50.0s)
