L0 variance shares: tok 0.799 | cross 0.1304 | dev 0.0706
L1 variance shares: tok 0.6576 | cross 0.2218 | dev 0.1207
L3 variance shares: tok 0.4883 | cross 0.2432 | dev 0.2685
L4 variance shares: tok 0.3283 | cross 0.2067 | dev 0.465
L5 variance shares: tok 0.5398 | cross 0.1474 | dev 0.3128
L8 variance shares: tok 0.3255 | cross 0.2558 | dev 0.4187
L10 variance shares: tok 0.3153 | cross 0.2788 | dev 0.4059
L12 variance shares: tok 0.3882 | cross 0.2391 | dev 0.3727
L16 variance shares: tok 0.9062 | cross 0.0747 | dev 0.0191
L0 CE cost: full 0.0 | tok 0.044 (recov 0.944) | tok+cross 0.0065 (recov 0.992) | dev 1.2774 | mean-abl 0.7918
L1 CE cost: full 0.0 | tok 0.1269 (recov 0.981) | tok+cross 0.0111 (recov 0.998) | dev 0.5639 | mean-abl 6.5856
L3 CE cost: full -0.0 | tok 0.0835 (recov 0.858) | tok+cross 0.0368 (recov 0.938) | dev 0.0665 | mean-abl 0.5894
L4 CE cost: full 0.0 | tok 0.0974 (recov 0.054) | tok+cross 0.0802 (recov 0.221) | dev 0.0606 | mean-abl 0.103
L5 CE cost: full 0.0 | tok 0.0435 (recov 0.48) | tok+cross 0.0328 (recov 0.608) | dev 0.0349 | mean-abl 0.0837
L8 CE cost: full 0.0 | tok 0.0202 (recov 0.586) | tok+cross 0.0157 (recov 0.678) | dev 0.0171 | mean-abl 0.0488
L10 CE cost: full 0.0 | tok 0.0164 (recov 0.586) | tok+cross 0.0112 (recov 0.717) | dev 0.0163 | mean-abl 0.0396
L12 CE cost: full 0.0 | tok 0.0167 (recov 0.575) | tok+cross 0.0104 (recov 0.735) | dev 0.0177 | mean-abl 0.0393
L16 CE cost: full 0.0 | tok 0.0373 (recov 0.755) | tok+cross 0.0221 (recov 0.855) | dev 0.874 | mean-abl 0.1521
band cross-shares front 0.1761 | trans 0.1991 | deep 0.2579
pred_a binding False | pred_b gradient True | wrote /workspace/tensor_language/basis_aligned/bilinear_quotient/transition_terms_results.json (150.9s)
