ARM 1/4: base (capture y2, y3)
a2-input probe acc 0.69
fit a2
fit a3
fit a4
fit a5
fit a6
fit a7
fit a8
fit a9
fit a10
fit a11
fit a12
fit a13
fit a14
fit a15
fit a16
fit a17
L1 (+38 heads): C +1.7714 | fresh +2.1028
fit a10L
fit a11L
fit a12L
fit a13L
fit a14L
fit a15L
fit a16L
fit a17L
  window 0 (7 docs): L2 fresh +2.4411
  window 1 (42 docs): L2 fresh +2.6619
  window 2 (17 docs): L2 fresh +2.4264
  window 3 (23 docs): L2 fresh +2.4885
  window 4 (43 docs): L2 fresh +2.7082
  window 5 (26 docs): L2 fresh +2.5084
  window 6 (35 docs): L2 fresh +2.3802
  window 7 (35 docs): L2 fresh +2.4270
L2 empirical: C +2.1953 | fresh +2.4411 | tail-attn increment +0.3383
(a) L2 <= +2.75 fresh: HELD
(b) increment in [0.30,0.55]: HELD
ARM 2/4: mean2 (capture y3)
a2-input probe acc 0.69
fit a2
fit a3
fit a4
fit a5
fit a6
fit a7
fit a8
fit a9
fit a10
fit a11
fit a12
fit a13
fit a14
fit a15
fit a16
fit a17
twin mode mean2 active (bases excluded)
L1 (+38 heads): C +1.9583 | fresh +2.2436
fit a10L
fit a11L
fit a12L
fit a13L
fit a14L
fit a15L
fit a16L
fit a17L
  window 0 (7 docs): L2 fresh +2.4193
  window 1 (42 docs): L2 fresh +2.7398
  window 2 (17 docs): L2 fresh +2.4074
  window 3 (23 docs): L2 fresh +2.6043
  window 4 (43 docs): L2 fresh +2.6382
  window 5 (26 docs): L2 fresh +2.5852
  window 6 (35 docs): L2 fresh +2.3959
  window 7 (35 docs): L2 fresh +2.4313
L2 empirical: C +2.3402 | fresh +2.5705 | tail-attn increment +0.3269
(a) L2 <= +2.75 fresh: HELD
(b) increment in [0.30,0.55]: HELD
ARM 3/4: path_only
a2-input probe acc 0.69
fit a2
fit a3
fit a4
fit a5
fit a6
fit a7
fit a8
fit a9
fit a10
fit a11
fit a12
fit a13
fit a14
fit a15
fit a16
fit a17
twin mode path_only active (bases excluded)
L1 (+38 heads): C +9.3702 | fresh +8.0323
fit a10L
fit a11L
fit a12L
fit a13L
fit a14L
fit a15L
fit a16L
fit a17L
  window 0 (7 docs): L2 fresh +2.1069
  window 1 (42 docs): L2 fresh +1.5781
  window 2 (17 docs): L2 fresh +1.4796
  window 3 (23 docs): L2 fresh +1.4202
  window 4 (43 docs): L2 fresh +1.6364
  window 5 (26 docs): L2 fresh +1.6769
  window 6 (35 docs): L2 fresh +1.6047
  window 7 (35 docs): L2 fresh +1.6396
L2 empirical: C +9.3613 | fresh +8.1384 | tail-attn increment +0.1061
(a) L2 <= +2.75 fresh: FAILED
(b) increment in [0.30,0.55]: FAILED
ARM 4/4: direct_only
a2-input probe acc 0.69
fit a2
fit a3
fit a4
fit a5
fit a6
fit a7
fit a8
fit a9
fit a10
fit a11
fit a12
fit a13
fit a14
fit a15
fit a16
fit a17
twin mode direct_only active (bases excluded)
L1 (+38 heads): C +9.2174 | fresh +7.8501
fit a10L
fit a11L
fit a12L
fit a13L
fit a14L
fit a15L
fit a16L
fit a17L
  window 0 (7 docs): L2 fresh +1.9599
  window 1 (42 docs): L2 fresh +1.5614
  window 2 (17 docs): L2 fresh +1.6322
  window 3 (23 docs): L2 fresh +1.2689
  window 4 (43 docs): L2 fresh +1.2593
  window 5 (26 docs): L2 fresh +1.6214
  window 6 (35 docs): L2 fresh +1.9214
  window 7 (35 docs): L2 fresh +2.0035
L2 empirical: C +9.2741 | fresh +7.9527 | tail-attn increment +0.1026
(a) L2 <= +2.75 fresh: FAILED
(b) increment in [0.30,0.55]: FAILED
damage: mean2 +0.1294 | path_only +5.6973 | direct_only +5.5116  (zero2 ref +0.4837)
y3 under mean2: median rel change 0.617, compensation cos -0.087
twin direction cos: subword +0.224 vs elsewhere +0.225
(a) path_only +5.6973 <= 0.5 x mean2 +0.0647: FAILED
(b) rel change 0.617 >= 0.10: HELD
(c) base FR L2_F 2.4411 vs 2.4410 (tol 0.01): HELD
wrote /workspace/tensor_language/basis_aligned/bilinear_quotient/twin_anatomy_results.json (448s)
