ARM 1/4: base (capture y2, y3)
a2-input probe acc 0.69
fit a2
fit a3
fit a4
fit a5
fit a6
fit a7
fit a8
fit a9
fit a10
fit a11
fit a12
fit a13
fit a14
fit a15
fit a16
fit a17
L1 (+38 heads): C +1.7714 | fresh +2.1027
fit a10L
fit a11L
fit a12L
fit a13L
fit a14L
fit a15L
fit a16L
fit a17L
  window 0 (7 docs): L2 fresh +2.4411
  window 1 (42 docs): L2 fresh +2.6619
  window 2 (17 docs): L2 fresh +2.4264
  window 3 (23 docs): L2 fresh +2.4885
  window 4 (43 docs): L2 fresh +2.7082
  window 5 (26 docs): L2 fresh +2.5084
  window 6 (35 docs): L2 fresh +2.3802
  window 7 (35 docs): L2 fresh +2.4270
L2 empirical: C +2.1953 | fresh +2.4411 | tail-attn increment +0.3385
(a) L2 <= +2.75 fresh: HELD
(b) increment in [0.30,0.55]: HELD
ARM 2/4: mean2 (capture y3)
a2-input probe acc 0.69
fit a2
fit a3
fit a4
fit a5
fit a6
fit a7
fit a8
fit a9
fit a10
fit a11
fit a12
fit a13
fit a14
fit a15
fit a16
fit a17
twin mode mean2 active (bases excluded)
L1 (+38 heads): C +1.9584 | fresh +2.2436
fit a10L
fit a11L
fit a12L
fit a13L
fit a14L
fit a15L
fit a16L
fit a17L
  window 0 (7 docs): L2 fresh +2.4195
  window 1 (42 docs): L2 fresh +2.7396
  window 2 (17 docs): L2 fresh +2.4074
  window 3 (23 docs): L2 fresh +2.6046
  window 4 (43 docs): L2 fresh +2.6382
  window 5 (26 docs): L2 fresh +2.5853
  window 6 (35 docs): L2 fresh +2.3960
  window 7 (35 docs): L2 fresh +2.4313
L2 empirical: C +2.3403 | fresh +2.5706 | tail-attn increment +0.3271
(a) L2 <= +2.75 fresh: HELD
(b) increment in [0.30,0.55]: HELD
ARM 3/4: path_only
a2-input probe acc 0.69
fit a2
fit a3
fit a4
fit a5
fit a6
fit a7
fit a8
fit a9
fit a10
fit a11
fit a12
fit a13
fit a14
fit a15
fit a16
fit a17
twin mode path_only active (bases excluded)
L1 (+38 heads): C +1.8106 | fresh +2.1241
fit a10L
fit a11L
fit a12L
fit a13L
fit a14L
fit a15L
fit a16L
fit a17L
  window 0 (7 docs): L2 fresh +2.4046
  window 1 (42 docs): L2 fresh +2.6562
  window 2 (17 docs): L2 fresh +2.3736
  window 3 (23 docs): L2 fresh +2.4885
  window 4 (43 docs): L2 fresh +2.5886
  window 5 (26 docs): L2 fresh +2.4879
  window 6 (35 docs): L2 fresh +2.3924
  window 7 (35 docs): L2 fresh +2.3972
L2 empirical: C +2.2181 | fresh +2.4616 | tail-attn increment +0.3375
(a) L2 <= +2.75 fresh: HELD
(b) increment in [0.30,0.55]: HELD
ARM 4/4: direct_only
a2-input probe acc 0.69
fit a2
fit a3
fit a4
fit a5
fit a6
fit a7
fit a8
fit a9
fit a10
fit a11
fit a12
fit a13
fit a14
fit a15
fit a16
fit a17
twin mode direct_only active (bases excluded)
L1 (+38 heads): C +1.8832 | fresh +2.2141
fit a10L
fit a11L
fit a12L
fit a13L
fit a14L
fit a15L
fit a16L
fit a17L
  window 0 (7 docs): L2 fresh +2.5269
  window 1 (42 docs): L2 fresh +2.7824
  window 2 (17 docs): L2 fresh +2.5232
  window 3 (23 docs): L2 fresh +2.6558
  window 4 (43 docs): L2 fresh +2.7730
  window 5 (26 docs): L2 fresh +2.6229
  window 6 (35 docs): L2 fresh +2.4466
  window 7 (35 docs): L2 fresh +2.5201
L2 empirical: C +2.3012 | fresh +2.5374 | tail-attn increment +0.3233
(a) L2 <= +2.75 fresh: HELD
(b) increment in [0.30,0.55]: HELD
damage: mean2 +0.1295 | path_only +0.0205 | direct_only +0.0963
(a) path_only +0.0205 <= 0.5 x mean2 +0.0648: HELD
(b) direct_only +0.0963 >= path_only +0.0205: HELD
(c) base FR L2_F 2.4411 vs 2.4410 (tol 0.01): HELD
wrote /workspace/tensor_language/basis_aligned/bilinear_quotient/twin_anatomy2_results.json (447s)
