WHERE THE THRESHOLD GAP LIVES | 5 arms x 1 coverage(s) | DISCOVERY ONLY

########## COVERAGE 5419 ##########
  [bqlib] coverage 5419 from fineweb_n96_skip80.pt: 36 tables, neighbour index and map solver built (4s)
  [bqlib] cache HIT  live     skip7000
  [bqlib] cache HIT  live     skip11000
  [bqlib] cache HIT  live     skip1200
  [bqlib] cache HIT  mix30m640 skip7000
  [bqlib] cache HIT  mix30m640 skip11000
  [bqlib] cache HIT  mix30m640 skip1200
  [bqlib] cache HIT  mix30m640 skip7000
  [bqlib] cache HIT  mix30m640 skip11000
  [bqlib] cache HIT  mix30m640 skip1200
  [bqlib] cache HIT  mix30m640 skip7000
  [bqlib] cache HIT  mix30m640 skip11000
  [bqlib] cache HIT  mix30m640 skip1200
  [bqlib] cache HIT  mix30m640 skip7000
  [bqlib] cache HIT  mix30m640 skip11000
  [bqlib] cache HIT  mix30m640 skip1200
  [bqlib] cache HIT  map512   skip7000
  [bqlib] cache HIT  map512   skip11000
  [bqlib] cache HIT  map512   skip1200

  the gap at covered inputs is at least half the pooled gap (>=2 roles)  -> True
  and the most frequent bucket carries at least a quarter of the unseen bucket's gap  -> True
  and the gap is strictly positive in all five frequency buckets (>=2 roles)  -> True
  derived controls -> True   coverage_exact=True  inert_pairs_are_inert=True  some_differing_pair_moves=True  buckets_partition=True  live_identical=True  ref_mlp2_a56=True  ref_mlp2_a5=True  ref_mlp4_a56=True
  reference deviations: mlp2_a56 0.000000  mlp2_a5 0.000000  mlp4_a56 0.000000

pred_a True | pred_b True | pred_c True | pred_z True
wrote /workspace/tensor_language/basis_aligned/bilinear_quotient/ops/where_the_threshold_gap_lives_results.json (4.4s)
