WHICH MLP BELOW SIX | 9 arms x 1 coverage(s) | DISCOVERY ONLY

########## COVERAGE 5419 ##########
  [bqlib] coverage 5419 from fineweb_n96_skip80.pt: 36 tables, neighbour index and map solver built (4s)
  [bqlib] cache HIT  live     skip7000
  [bqlib] cache HIT  live     skip11000
  [bqlib] cache HIT  live     skip1200
  [bqlib] computed   mix30m640 skip7000 (1.4s)
  [bqlib] computed   mix30m640 skip11000 (1.3s)
  [bqlib] computed   mix30m640 skip1200 (0.6s)
  [bqlib] computed   mix30m640 skip7000 (3.8s)
  [bqlib] computed   mix30m640 skip11000 (1.3s)
  [bqlib] computed   mix30m640 skip1200 (0.6s)
  [bqlib] computed   mix30m640 skip7000 (3.8s)
  [bqlib] computed   mix30m640 skip11000 (1.3s)
  [bqlib] computed   mix30m640 skip1200 (0.6s)
  [bqlib] computed   mix30m640 skip7000 (3.8s)
  [bqlib] computed   mix30m640 skip11000 (1.3s)
  [bqlib] computed   mix30m640 skip1200 (0.6s)
  [bqlib] computed   mix30m640 skip7000 (3.8s)
  [bqlib] computed   mix30m640 skip11000 (1.3s)
  [bqlib] computed   mix30m640 skip1200 (0.6s)
  [bqlib] computed   mix30m640 skip7000 (3.8s)
  [bqlib] computed   mix30m640 skip11000 (1.3s)
  [bqlib] computed   mix30m640 skip1200 (0.6s)
  [bqlib] cache HIT  mix30m640 skip7000
  [bqlib] cache HIT  mix30m640 skip11000
  [bqlib] cache HIT  mix30m640 skip1200
  [bqlib] cache HIT  mix30m640 skip7000
  [bqlib] cache HIT  mix30m640 skip11000
  [bqlib] cache HIT  mix30m640 skip1200
  [bqlib] cache HIT  map512   skip7000
  [bqlib] cache HIT  map512   skip11000
  [bqlib] cache HIT  map512   skip1200
  [bqlib] note: 1 differing-spec pair(s) flip no covered-input top-1 -- legal for a site-subset difference, e.g. ('mlp4', 'all_six')

  a single compiled MLP below layer 6 costs more than half of all six  -> True
  and the costliest single is mlp0, the earliest  -> False
  and the six together cost more than the sum of the singles  -> False
  derived controls -> True   coverage_exact=True  inert_pairs_are_inert=True  some_differing_pair_moves=True  buckets_partition=True  live_identical=True  ref_full_program=True
  reference deviations: full_program 0.000000

pred_a True | pred_b False | pred_c False | pred_z True
wrote /workspace/tensor_language/basis_aligned/bilinear_quotient/ops/which_mlp_below_six_results.json (121.9s)
