layer 0: dCE -0.0417
layer 1: dCE +0.0138
layer 2: dCE +0.0210
layer 3: dCE +0.0388
layer 4: dCE -0.0622
layer 5: dCE +1.1121
layer 6: dCE +0.0183
layer 7: dCE +0.0063
layer 8: dCE +0.0378
layer 9: dCE -0.0018
layer 10: dCE -0.0178
layer 11: dCE +0.0219
layer 12: dCE +0.0856
layer 13: dCE +0.0271
layer 14: dCE +0.0066
layer 15: dCE +0.0030
layer 16: dCE +0.0121
layer 17: dCE +0.0081
worst layer 5 at +1.1121
(a) layers 0-2 local (<=0.05): HELD
(b) some layer costs >=0.30: HELD
(c) the worst layer is in 5-8 (induction): HELD
wrote /workspace/tensor_language/basis_aligned/bilinear_quotient/window_by_depth_results.json (3s)
