  block  0: sparing all +0.2320  space_word +0.3947
  block  1: sparing all +0.3696  space_word +0.6327
  block  2: sparing all +0.2874  space_word +0.5050
  block  3: sparing all +0.1433  space_word +0.2770
  block  4: sparing all +0.1207  space_word +0.1993
  block  5: sparing all +0.1729  space_word +0.2587
  block  6: sparing all +0.0375  space_word +0.0462
  block  7: sparing all +0.0741  space_word +0.1291
  block  8: sparing all +0.1832  space_word +0.2866
  block  9: sparing all +0.0578  space_word +0.1116
  block 10: sparing all +0.0292  space_word +0.0402
  block 11: sparing all +0.1162  space_word +0.1905
  block 12: sparing all +0.0413  space_word +0.0630
  block 13: sparing all +0.0193  space_word +0.0223
  block 14: sparing all +0.0386  space_word +0.0685
  block 15: sparing all +0.0547  space_word +0.0726
  block 16: sparing all +0.0457  space_word +0.0803
  block 17: sparing all -0.1316  space_word -0.1809

(0) block17 overall sparing small: True (-0.1316)
(a) middle space_word sparing 0.1010 > front 0.5108: False
(b) top space_word-refining block: 1 (0.6327)

wrote /workspace/tensor_language/basis_aligned/bilinear_quotient/within_class_depth_profile_results.json (75s)
